2025-11-03 15:52:05,839 | ======================================================================
2025-11-03 15:52:05,839 | T6-B2: L² Scaling Law Verification (GPU) - SNR ∝ L²
2025-11-03 15:52:05,839 | ======================================================================
2025-11-03 15:52:05,839 | Log: ../Data/T6B2_gpu_20251103_155205.log
2025-11-03 15:52:05,839 | GPU: Compute Capability 121
2025-11-03 15:52:05,839 | Starting GPU-accelerated √L scaling experiment...
2025-11-03 15:52:05,839 | 
2025-11-03 15:52:05,839 | Configuration:
2025-11-03 15:52:05,839 |   N: 2003
2025-11-03 15:52:05,839 |   r_target: 182
2025-11-03 15:52:05,839 |   L values: [2048, 4096, 8192, 16384, 32768]
2025-11-03 15:52:05,839 |   M: 16 (fixed), trials: 40
2025-11-03 15:52:05,839 |   Noise σ: 0.03
2025-11-03 15:52:05,839 | 
2025-11-03 15:52:05,839 | Finding 16 bases with order 182...
2025-11-03 15:52:05,840 |   Found 16 bases
2025-11-03 15:52:05,840 | 
============================================================
2025-11-03 15:52:05,840 | Testing L = 2048
2025-11-03 15:52:05,840 | ============================================================
2025-11-03 15:52:06,151 |   [10/200] Trial 10/40 | SNR=18.75 dB | Elapsed: 0.0m | ETA: 0.1m
2025-11-03 15:52:06,451 |   [20/200] Trial 20/40 | SNR=18.74 dB | Elapsed: 0.0m | ETA: 0.1m
2025-11-03 15:52:06,763 |   [30/200] Trial 30/40 | SNR=18.74 dB | Elapsed: 0.0m | ETA: 0.1m
2025-11-03 15:52:07,060 |   [40/200] Trial 40/40 | SNR=18.74 dB | Elapsed: 0.0m | ETA: 0.1m
2025-11-03 15:52:07,060 | 
  L=2048 → SNR = 18.74 ± 0.08 dB
2025-11-03 15:52:07,060 |   Theoretical L² gain vs L=2048: 0.00 dB
2025-11-03 15:52:07,060 | 
============================================================
2025-11-03 15:52:07,060 | Testing L = 4096
2025-11-03 15:52:07,060 | ============================================================
2025-11-03 15:52:07,667 |   [50/200] Trial 10/40 | SNR=25.09 dB | Elapsed: 0.0m | ETA: 0.1m
2025-11-03 15:52:08,270 |   [60/200] Trial 20/40 | SNR=25.07 dB | Elapsed: 0.0m | ETA: 0.1m
2025-11-03 15:52:08,868 |   [70/200] Trial 30/40 | SNR=25.07 dB | Elapsed: 0.0m | ETA: 0.1m
2025-11-03 15:52:09,469 |   [80/200] Trial 40/40 | SNR=25.07 dB | Elapsed: 0.1m | ETA: 0.1m
2025-11-03 15:52:09,469 | 
  L=4096 → SNR = 25.07 ± 0.05 dB
2025-11-03 15:52:09,469 |   Theoretical L² gain vs L=2048: 6.02 dB
2025-11-03 15:52:09,470 | 
============================================================
2025-11-03 15:52:09,470 | Testing L = 8192
2025-11-03 15:52:09,470 | ============================================================
2025-11-03 15:52:10,593 |   [90/200] Trial 10/40 | SNR=33.92 dB | Elapsed: 0.1m | ETA: 0.1m
2025-11-03 15:52:11,724 |   [100/200] Trial 20/40 | SNR=33.93 dB | Elapsed: 0.1m | ETA: 0.1m
2025-11-03 15:52:12,862 |   [110/200] Trial 30/40 | SNR=33.93 dB | Elapsed: 0.1m | ETA: 0.1m
2025-11-03 15:52:14,002 |   [120/200] Trial 40/40 | SNR=33.94 dB | Elapsed: 0.1m | ETA: 0.1m
2025-11-03 15:52:14,002 | 
  L=8192 → SNR = 33.94 ± 0.05 dB
2025-11-03 15:52:14,002 |   Theoretical L² gain vs L=2048: 12.04 dB
2025-11-03 15:52:14,002 | 
============================================================
2025-11-03 15:52:14,002 | Testing L = 16384
2025-11-03 15:52:14,002 | ============================================================
2025-11-03 15:52:16,219 |   [130/200] Trial 10/40 | SNR=39.81 dB | Elapsed: 0.2m | ETA: 0.1m
2025-11-03 15:52:18,401 |   [140/200] Trial 20/40 | SNR=39.83 dB | Elapsed: 0.2m | ETA: 0.1m
2025-11-03 15:52:20,580 |   [150/200] Trial 30/40 | SNR=39.84 dB | Elapsed: 0.2m | ETA: 0.1m
2025-11-03 15:52:22,776 |   [160/200] Trial 40/40 | SNR=39.84 dB | Elapsed: 0.3m | ETA: 0.1m
2025-11-03 15:52:22,776 | 
  L=16384 → SNR = 39.84 ± 0.05 dB
2025-11-03 15:52:22,776 |   Theoretical L² gain vs L=2048: 18.06 dB
2025-11-03 15:52:22,776 | 
============================================================
2025-11-03 15:52:22,776 | Testing L = 32768
2025-11-03 15:52:22,776 | ============================================================
2025-11-03 15:52:27,152 |   [170/200] Trial 10/40 | SNR=44.99 dB | Elapsed: 0.3m | ETA: 0.1m
2025-11-03 15:52:31,494 |   [180/200] Trial 20/40 | SNR=44.99 dB | Elapsed: 0.4m | ETA: 0.0m
2025-11-03 15:52:35,813 |   [190/200] Trial 30/40 | SNR=45.00 dB | Elapsed: 0.5m | ETA: 0.0m
2025-11-03 15:52:40,151 |   [200/200] Trial 40/40 | SNR=45.00 dB | Elapsed: 0.6m | ETA: 0.0m
2025-11-03 15:52:40,151 | 
  L=32768 → SNR = 45.00 ± 0.04 dB
2025-11-03 15:52:40,151 |   Theoretical L² gain vs L=2048: 24.08 dB
2025-11-03 15:52:40,152 | 
Elapsed: 34.3s (0.6m)
2025-11-03 15:52:40,152 | Data: ../Data/T6B2_sqrt_L_gpu_results.json
2025-11-03 15:52:40,724 | 
Figure: ../Figures/T6B2_sqrt_L_gpu_summary.png
2025-11-03 15:52:40,724 | 
2025-11-03 15:52:40,724 | ======================================================================
2025-11-03 15:52:40,724 | T6-B2 GPU COMPLETE!
2025-11-03 15:52:40,724 | ======================================================================
2025-11-03 15:52:40,724 | L² Scaling R²: 0.9776
2025-11-03 15:52:40,724 | Verdict: PASS
2025-11-03 15:52:40,724 | ======================================================================
