2025-11-03 16:39:34,626 | ======================================================================
2025-11-03 16:39:34,626 | T6-B2: L² Scaling Law Verification (GPU) - SNR ∝ L²
2025-11-03 16:39:34,626 | ======================================================================
2025-11-03 16:39:34,626 | Log: ../Data/T6B2_gpu_20251103_163934.log
2025-11-03 16:39:34,626 | GPU: Compute Capability 121
2025-11-03 16:39:34,626 | Starting GPU-accelerated √L scaling experiment...
2025-11-03 16:39:34,626 | 
2025-11-03 16:39:34,626 | Configuration:
2025-11-03 16:39:34,626 |   N: 2003
2025-11-03 16:39:34,626 |   r_target: 182
2025-11-03 16:39:34,627 |   L values: [2048, 4096, 8192, 16384, 32768]
2025-11-03 16:39:34,627 |   M: 16 (fixed), trials: 40
2025-11-03 16:39:34,627 |   Noise σ: 0.03
2025-11-03 16:39:34,627 | 
2025-11-03 16:39:34,627 | Finding 16 bases with order 182...
2025-11-03 16:39:34,628 |   Found 16 bases
2025-11-03 16:39:34,628 | 
============================================================
2025-11-03 16:39:34,628 | Testing L = 2048
2025-11-03 16:39:34,628 | ============================================================
2025-11-03 16:39:34,933 |   [10/200] Trial 10/40 | SNR=16.92 dB | Elapsed: 0.0m | ETA: 0.1m
2025-11-03 16:39:35,228 |   [20/200] Trial 20/40 | SNR=16.90 dB | Elapsed: 0.0m | ETA: 0.1m
2025-11-03 16:39:35,533 |   [30/200] Trial 30/40 | SNR=16.91 dB | Elapsed: 0.0m | ETA: 0.1m
2025-11-03 16:39:35,828 |   [40/200] Trial 40/40 | SNR=16.92 dB | Elapsed: 0.0m | ETA: 0.1m
2025-11-03 16:39:35,828 | 
  L=2048 → SNR = 16.92 ± 0.10 dB
2025-11-03 16:39:35,828 |   Theoretical L² gain vs L=2048: 0.00 dB
2025-11-03 16:39:35,828 | 
============================================================
2025-11-03 16:39:35,828 | Testing L = 4096
2025-11-03 16:39:35,828 | ============================================================
2025-11-03 16:39:36,418 |   [50/200] Trial 10/40 | SNR=24.82 dB | Elapsed: 0.0m | ETA: 0.1m
2025-11-03 16:39:37,008 |   [60/200] Trial 20/40 | SNR=24.83 dB | Elapsed: 0.0m | ETA: 0.1m
2025-11-03 16:39:37,605 |   [70/200] Trial 30/40 | SNR=24.83 dB | Elapsed: 0.0m | ETA: 0.1m
2025-11-03 16:39:38,195 |   [80/200] Trial 40/40 | SNR=24.83 dB | Elapsed: 0.1m | ETA: 0.1m
2025-11-03 16:39:38,195 | 
  L=4096 → SNR = 24.83 ± 0.07 dB
2025-11-03 16:39:38,195 |   Theoretical L² gain vs L=2048: 6.02 dB
2025-11-03 16:39:38,195 | 
============================================================
2025-11-03 16:39:38,195 | Testing L = 8192
2025-11-03 16:39:38,195 | ============================================================
2025-11-03 16:39:39,333 |   [90/200] Trial 10/40 | SNR=34.39 dB | Elapsed: 0.1m | ETA: 0.1m
2025-11-03 16:39:40,449 |   [100/200] Trial 20/40 | SNR=34.39 dB | Elapsed: 0.1m | ETA: 0.1m
2025-11-03 16:39:41,586 |   [110/200] Trial 30/40 | SNR=34.38 dB | Elapsed: 0.1m | ETA: 0.1m
2025-11-03 16:39:42,726 |   [120/200] Trial 40/40 | SNR=34.37 dB | Elapsed: 0.1m | ETA: 0.1m
2025-11-03 16:39:42,726 | 
  L=8192 → SNR = 34.37 ± 0.08 dB
2025-11-03 16:39:42,726 |   Theoretical L² gain vs L=2048: 12.04 dB
2025-11-03 16:39:42,726 | 
============================================================
2025-11-03 16:39:42,726 | Testing L = 16384
2025-11-03 16:39:42,726 | ============================================================
2025-11-03 16:39:44,939 |   [130/200] Trial 10/40 | SNR=39.66 dB | Elapsed: 0.2m | ETA: 0.1m
2025-11-03 16:39:47,153 |   [140/200] Trial 20/40 | SNR=39.68 dB | Elapsed: 0.2m | ETA: 0.1m
2025-11-03 16:39:49,364 |   [150/200] Trial 30/40 | SNR=39.69 dB | Elapsed: 0.2m | ETA: 0.1m
2025-11-03 16:39:51,588 |   [160/200] Trial 40/40 | SNR=39.69 dB | Elapsed: 0.3m | ETA: 0.1m
2025-11-03 16:39:51,588 | 
  L=16384 → SNR = 39.69 ± 0.05 dB
2025-11-03 16:39:51,588 |   Theoretical L² gain vs L=2048: 18.06 dB
2025-11-03 16:39:51,588 | 
============================================================
2025-11-03 16:39:51,588 | Testing L = 32768
2025-11-03 16:39:51,588 | ============================================================
2025-11-03 16:39:55,971 |   [170/200] Trial 10/40 | SNR=45.02 dB | Elapsed: 0.3m | ETA: 0.1m
2025-11-03 16:40:00,335 |   [180/200] Trial 20/40 | SNR=45.03 dB | Elapsed: 0.4m | ETA: 0.0m
2025-11-03 16:40:04,699 |   [190/200] Trial 30/40 | SNR=45.03 dB | Elapsed: 0.5m | ETA: 0.0m
2025-11-03 16:40:09,055 |   [200/200] Trial 40/40 | SNR=45.03 dB | Elapsed: 0.6m | ETA: 0.0m
2025-11-03 16:40:09,055 | 
  L=32768 → SNR = 45.03 ± 0.04 dB
2025-11-03 16:40:09,055 |   Theoretical L² gain vs L=2048: 24.08 dB
2025-11-03 16:40:09,056 | 
Elapsed: 34.4s (0.6m)
2025-11-03 16:40:09,057 | Data: ../Data/T6B2_sqrt_L_gpu_results.json
2025-11-03 16:40:09,622 | 
Figure: ../Figures/T6B2_sqrt_L_gpu_summary.png
2025-11-03 16:40:09,622 | 
2025-11-03 16:40:09,623 | ======================================================================
2025-11-03 16:40:09,623 | T6-B2 GPU COMPLETE!
2025-11-03 16:40:09,623 | ======================================================================
2025-11-03 16:40:09,623 | L² Scaling R²: 0.9541
2025-11-03 16:40:09,623 | Verdict: PASS
2025-11-03 16:40:09,623 | ======================================================================
