2025-11-03 16:51:52,496 | ======================================================================
2025-11-03 16:51:52,496 | T6-D1: Exoplanet Biosignature Seasonality Detector (FIXED)
2025-11-03 16:51:52,496 | ======================================================================
2025-11-03 16:51:52,496 | Log file: ../Data/T6D1_log_20251103_165152.log
2025-11-03 16:51:52,496 | 
2025-11-03 16:51:52,496 | Configuration:
2025-11-03 16:51:52,496 |   Component counts K: [1, 2, 3, 5]
2025-11-03 16:51:52,496 |   SNR levels: [0.5, 1.0, 2.0, 3.0]
2025-11-03 16:51:52,496 |   Sequence lengths L: [1024, 4096, 16384, 65536]
2025-11-03 16:51:52,496 |   Noise σ: 1.0
2025-11-03 16:51:52,496 |   FPR target: 0.01
2025-11-03 16:51:52,496 |   Trials per config: 200
2025-11-03 16:51:52,496 | 
2025-11-03 16:51:52,496 | 
Calibrating detector for L=1024...
2025-11-03 16:51:52,496 | Calibrating CFAR detector with 1000 null samples...
2025-11-03 16:51:52,557 |   Threshold: 0.1728
2025-11-03 16:51:52,557 |   Target FPR: 0.0100
2025-11-03 16:51:52,557 |   Actual FPR: 0.0100
2025-11-03 16:51:52,557 | Estimating theoretical constant c...
2025-11-03 16:51:52,564 |   K=1, SNR=1.5: P_det=0.720, c=0.000553
2025-11-03 16:51:52,575 |   K=1, SNR=2.0: P_det=0.880, c=0.000518
2025-11-03 16:51:52,583 |   K=2, SNR=1.5: P_det=0.860, c=0.000427
2025-11-03 16:51:52,591 |   Final estimated c = 0.000518
2025-11-03 16:51:52,591 | 
Calibrating detector for L=4096...
2025-11-03 16:51:52,591 | Calibrating CFAR detector with 1000 null samples...
2025-11-03 16:51:52,750 |   Threshold: 0.0543
2025-11-03 16:51:52,750 |   Target FPR: 0.0100
2025-11-03 16:51:52,750 |   Actual FPR: 0.0100
2025-11-03 16:51:52,750 | Estimating theoretical constant c...
2025-11-03 16:51:52,830 |   Final estimated c = 0.000050
2025-11-03 16:51:52,830 | 
Calibrating detector for L=16384...
2025-11-03 16:51:52,830 | Calibrating CFAR detector with 1000 null samples...
2025-11-03 16:51:53,426 |   Threshold: 0.0161
2025-11-03 16:51:53,426 |   Target FPR: 0.0100
2025-11-03 16:51:53,426 |   Actual FPR: 0.0100
2025-11-03 16:51:53,426 | Estimating theoretical constant c...
2025-11-03 16:51:53,720 |   Final estimated c = 0.000025
2025-11-03 16:51:53,720 | 
Calibrating detector for L=65536...
2025-11-03 16:51:53,720 | Calibrating CFAR detector with 1000 null samples...
2025-11-03 16:51:56,602 |   Threshold: 0.0047
2025-11-03 16:51:56,602 |   Target FPR: 0.0100
2025-11-03 16:51:56,602 |   Actual FPR: 0.0100
2025-11-03 16:51:56,602 | Estimating theoretical constant c...
2025-11-03 16:51:58,035 |   Final estimated c = 0.000013
2025-11-03 16:51:58,036 | 
Running detection experiments...
2025-11-03 16:51:58,036 | [1/64] K=1, A/σ=0.5, L=1024 | Elapsed: 0.1m | ETA: 5.8m
2025-11-03 16:51:58,050 |     P_det: empirical = 0.000, theory = 0.124
2025-11-03 16:51:58,050 | [2/64] K=1, A/σ=0.5, L=4096 | Elapsed: 0.1m | ETA: 2.9m
2025-11-03 16:51:58,087 |     P_det: empirical = 0.190, theory = 0.050
2025-11-03 16:51:58,087 | [3/64] K=1, A/σ=0.5, L=16384 | Elapsed: 0.1m | ETA: 1.9m
2025-11-03 16:51:58,224 |     P_det: empirical = 1.000, theory = 0.097
2025-11-03 16:51:58,224 | [4/64] K=1, A/σ=0.5, L=65536 | Elapsed: 0.1m | ETA: 1.4m
2025-11-03 16:51:58,862 |     P_det: empirical = 1.000, theory = 0.185
2025-11-03 16:51:58,862 | [5/64] K=1, A/σ=1.0, L=1024 | Elapsed: 0.1m | ETA: 1.3m
2025-11-03 16:51:58,876 |     P_det: empirical = 0.095, theory = 0.411
2025-11-03 16:51:58,876 | [6/64] K=1, A/σ=1.0, L=4096 | Elapsed: 0.1m | ETA: 1.0m
2025-11-03 16:51:58,913 |     P_det: empirical = 1.000, theory = 0.185
2025-11-03 16:51:58,913 | [7/64] K=1, A/σ=1.0, L=16384 | Elapsed: 0.1m | ETA: 0.9m
2025-11-03 16:51:59,051 |     P_det: empirical = 1.000, theory = 0.336
2025-11-03 16:51:59,051 | [8/64] K=1, A/σ=1.0, L=65536 | Elapsed: 0.1m | ETA: 0.8m
2025-11-03 16:51:59,707 |     P_det: empirical = 1.000, theory = 0.559
2025-11-03 16:51:59,707 | [9/64] K=1, A/σ=2.0, L=1024 | Elapsed: 0.1m | ETA: 0.7m
2025-11-03 16:51:59,721 |     P_det: empirical = 0.935, theory = 0.880
2025-11-03 16:51:59,721 | [10/64] K=1, A/σ=2.0, L=4096 | Elapsed: 0.1m | ETA: 0.7m
2025-11-03 16:51:59,758 |     P_det: empirical = 1.000, theory = 0.559
2025-11-03 16:51:59,758 | [11/64] K=1, A/σ=2.0, L=16384 | Elapsed: 0.1m | ETA: 0.6m
2025-11-03 16:51:59,896 |     P_det: empirical = 1.000, theory = 0.806
2025-11-03 16:51:59,896 | [12/64] K=1, A/σ=2.0, L=65536 | Elapsed: 0.1m | ETA: 0.5m
2025-11-03 16:52:00,535 |     P_det: empirical = 1.000, theory = 0.962
2025-11-03 16:52:00,536 | [13/64] K=1, A/σ=3.0, L=1024 | Elapsed: 0.1m | ETA: 0.5m
2025-11-03 16:52:00,550 |     P_det: empirical = 1.000, theory = 0.992
2025-11-03 16:52:00,550 | [14/64] K=1, A/σ=3.0, L=4096 | Elapsed: 0.1m | ETA: 0.5m
2025-11-03 16:52:00,587 |     P_det: empirical = 1.000, theory = 0.842
2025-11-03 16:52:00,587 | [15/64] K=1, A/σ=3.0, L=16384 | Elapsed: 0.1m | ETA: 0.4m
2025-11-03 16:52:00,724 |     P_det: empirical = 1.000, theory = 0.975
2025-11-03 16:52:00,724 | [16/64] K=1, A/σ=3.0, L=65536 | Elapsed: 0.1m | ETA: 0.4m
2025-11-03 16:52:01,362 |     P_det: empirical = 1.000, theory = 0.999
2025-11-03 16:52:01,362 | [17/64] K=2, A/σ=0.5, L=1024 | Elapsed: 0.1m | ETA: 0.4m
2025-11-03 16:52:01,378 |     P_det: empirical = 0.005, theory = 0.233
2025-11-03 16:52:01,378 | [18/64] K=2, A/σ=0.5, L=4096 | Elapsed: 0.1m | ETA: 0.4m
2025-11-03 16:52:01,420 |     P_det: empirical = 0.865, theory = 0.097
2025-11-03 16:52:01,420 | [19/64] K=2, A/σ=0.5, L=16384 | Elapsed: 0.1m | ETA: 0.4m
2025-11-03 16:52:01,576 |     P_det: empirical = 0.985, theory = 0.185
2025-11-03 16:52:01,576 | [20/64] K=2, A/σ=0.5, L=65536 | Elapsed: 0.2m | ETA: 0.3m
2025-11-03 16:52:02,283 |     P_det: empirical = 0.970, theory = 0.336
2025-11-03 16:52:02,283 | [21/64] K=2, A/σ=1.0, L=1024 | Elapsed: 0.2m | ETA: 0.3m
2025-11-03 16:52:02,299 |     P_det: empirical = 0.715, theory = 0.654
2025-11-03 16:52:02,299 | [22/64] K=2, A/σ=1.0, L=4096 | Elapsed: 0.2m | ETA: 0.3m
2025-11-03 16:52:02,341 |     P_det: empirical = 0.995, theory = 0.336
2025-11-03 16:52:02,341 | [23/64] K=2, A/σ=1.0, L=16384 | Elapsed: 0.2m | ETA: 0.3m
2025-11-03 16:52:02,496 |     P_det: empirical = 1.000, theory = 0.559
2025-11-03 16:52:02,496 | [24/64] K=2, A/σ=1.0, L=65536 | Elapsed: 0.2m | ETA: 0.3m
2025-11-03 16:52:03,201 |     P_det: empirical = 0.990, theory = 0.806
2025-11-03 16:52:03,201 | [25/64] K=2, A/σ=2.0, L=1024 | Elapsed: 0.2m | ETA: 0.3m
2025-11-03 16:52:03,217 |     P_det: empirical = 0.945, theory = 0.986
2025-11-03 16:52:03,217 | [26/64] K=2, A/σ=2.0, L=4096 | Elapsed: 0.2m | ETA: 0.3m
2025-11-03 16:52:03,259 |     P_det: empirical = 1.000, theory = 0.806
2025-11-03 16:52:03,259 | [27/64] K=2, A/σ=2.0, L=16384 | Elapsed: 0.2m | ETA: 0.2m
2025-11-03 16:52:03,415 |     P_det: empirical = 1.000, theory = 0.962
2025-11-03 16:52:03,415 | [28/64] K=2, A/σ=2.0, L=65536 | Elapsed: 0.2m | ETA: 0.2m
2025-11-03 16:52:04,120 |     P_det: empirical = 0.995, theory = 0.999
2025-11-03 16:52:04,121 | [29/64] K=2, A/σ=3.0, L=1024 | Elapsed: 0.2m | ETA: 0.2m
2025-11-03 16:52:04,137 |     P_det: empirical = 0.980, theory = 1.000
2025-11-03 16:52:04,137 | [30/64] K=2, A/σ=3.0, L=4096 | Elapsed: 0.2m | ETA: 0.2m
2025-11-03 16:52:04,179 |     P_det: empirical = 0.995, theory = 0.975
2025-11-03 16:52:04,179 | [31/64] K=2, A/σ=3.0, L=16384 | Elapsed: 0.2m | ETA: 0.2m
2025-11-03 16:52:04,333 |     P_det: empirical = 1.000, theory = 0.999
2025-11-03 16:52:04,333 | [32/64] K=2, A/σ=3.0, L=65536 | Elapsed: 0.2m | ETA: 0.2m
2025-11-03 16:52:05,041 |     P_det: empirical = 1.000, theory = 1.000
2025-11-03 16:52:05,041 | [33/64] K=3, A/σ=0.5, L=1024 | Elapsed: 0.2m | ETA: 0.2m
2025-11-03 16:52:05,059 |     P_det: empirical = 0.210, theory = 0.328
2025-11-03 16:52:05,059 | [34/64] K=3, A/σ=0.5, L=4096 | Elapsed: 0.2m | ETA: 0.2m
2025-11-03 16:52:05,106 |     P_det: empirical = 0.970, theory = 0.142
2025-11-03 16:52:05,107 | [35/64] K=3, A/σ=0.5, L=16384 | Elapsed: 0.2m | ETA: 0.2m
2025-11-03 16:52:05,280 |     P_det: empirical = 1.000, theory = 0.264
2025-11-03 16:52:05,280 | [36/64] K=3, A/σ=0.5, L=65536 | Elapsed: 0.2m | ETA: 0.2m
2025-11-03 16:52:06,054 |     P_det: empirical = 1.000, theory = 0.459
2025-11-03 16:52:06,054 | [37/64] K=3, A/σ=1.0, L=1024 | Elapsed: 0.2m | ETA: 0.2m
2025-11-03 16:52:06,072 |     P_det: empirical = 0.810, theory = 0.796
2025-11-03 16:52:06,072 | [38/64] K=3, A/σ=1.0, L=4096 | Elapsed: 0.2m | ETA: 0.2m
2025-11-03 16:52:06,120 |     P_det: empirical = 1.000, theory = 0.459
2025-11-03 16:52:06,120 | [39/64] K=3, A/σ=1.0, L=16384 | Elapsed: 0.2m | ETA: 0.1m
2025-11-03 16:52:06,293 |     P_det: empirical = 1.000, theory = 0.707
2025-11-03 16:52:06,293 | [40/64] K=3, A/σ=1.0, L=65536 | Elapsed: 0.2m | ETA: 0.1m
2025-11-03 16:52:07,068 |     P_det: empirical = 1.000, theory = 0.914
2025-11-03 16:52:07,068 | [41/64] K=3, A/σ=2.0, L=1024 | Elapsed: 0.2m | ETA: 0.1m
2025-11-03 16:52:07,086 |     P_det: empirical = 0.960, theory = 0.998
2025-11-03 16:52:07,086 | [42/64] K=3, A/σ=2.0, L=4096 | Elapsed: 0.2m | ETA: 0.1m
2025-11-03 16:52:07,134 |     P_det: empirical = 1.000, theory = 0.914
2025-11-03 16:52:07,134 | [43/64] K=3, A/σ=2.0, L=16384 | Elapsed: 0.2m | ETA: 0.1m
2025-11-03 16:52:07,307 |     P_det: empirical = 1.000, theory = 0.993
2025-11-03 16:52:07,307 | [44/64] K=3, A/σ=2.0, L=65536 | Elapsed: 0.2m | ETA: 0.1m
2025-11-03 16:52:08,081 |     P_det: empirical = 1.000, theory = 1.000
2025-11-03 16:52:08,081 | [45/64] K=3, A/σ=3.0, L=1024 | Elapsed: 0.3m | ETA: 0.1m
2025-11-03 16:52:08,099 |     P_det: empirical = 0.980, theory = 1.000
2025-11-03 16:52:08,099 | [46/64] K=3, A/σ=3.0, L=4096 | Elapsed: 0.3m | ETA: 0.1m
2025-11-03 16:52:08,147 |     P_det: empirical = 1.000, theory = 0.996
2025-11-03 16:52:08,147 | [47/64] K=3, A/σ=3.0, L=16384 | Elapsed: 0.3m | ETA: 0.1m
2025-11-03 16:52:08,319 |     P_det: empirical = 1.000, theory = 1.000
2025-11-03 16:52:08,319 | [48/64] K=3, A/σ=3.0, L=65536 | Elapsed: 0.3m | ETA: 0.1m
2025-11-03 16:52:09,093 |     P_det: empirical = 1.000, theory = 1.000
2025-11-03 16:52:09,093 | [49/64] K=5, A/σ=0.5, L=1024 | Elapsed: 0.3m | ETA: 0.1m
2025-11-03 16:52:09,115 |     P_det: empirical = 0.620, theory = 0.484
2025-11-03 16:52:09,115 | [50/64] K=5, A/σ=0.5, L=4096 | Elapsed: 0.3m | ETA: 0.1m
2025-11-03 16:52:09,173 |     P_det: empirical = 1.000, theory = 0.226
2025-11-03 16:52:09,173 | [51/64] K=5, A/σ=0.5, L=16384 | Elapsed: 0.3m | ETA: 0.1m
2025-11-03 16:52:09,382 |     P_det: empirical = 1.000, theory = 0.401
2025-11-03 16:52:09,382 | [52/64] K=5, A/σ=0.5, L=65536 | Elapsed: 0.3m | ETA: 0.1m
2025-11-03 16:52:10,293 |     P_det: empirical = 1.000, theory = 0.641
2025-11-03 16:52:10,293 | [53/64] K=5, A/σ=1.0, L=1024 | Elapsed: 0.3m | ETA: 0.1m
2025-11-03 16:52:10,315 |     P_det: empirical = 0.965, theory = 0.929
2025-11-03 16:52:10,315 | [54/64] K=5, A/σ=1.0, L=4096 | Elapsed: 0.3m | ETA: 0.1m
2025-11-03 16:52:10,373 |     P_det: empirical = 1.000, theory = 0.641
2025-11-03 16:52:10,373 | [55/64] K=5, A/σ=1.0, L=16384 | Elapsed: 0.3m | ETA: 0.0m
2025-11-03 16:52:10,581 |     P_det: empirical = 1.000, theory = 0.871
2025-11-03 16:52:10,581 | [56/64] K=5, A/σ=1.0, L=65536 | Elapsed: 0.3m | ETA: 0.0m
2025-11-03 16:52:11,492 |     P_det: empirical = 1.000, theory = 0.983
2025-11-03 16:52:11,492 | [57/64] K=5, A/σ=2.0, L=1024 | Elapsed: 0.3m | ETA: 0.0m
2025-11-03 16:52:11,514 |     P_det: empirical = 0.990, theory = 1.000
2025-11-03 16:52:11,514 | [58/64] K=5, A/σ=2.0, L=4096 | Elapsed: 0.3m | ETA: 0.0m
2025-11-03 16:52:11,572 |     P_det: empirical = 1.000, theory = 0.983
2025-11-03 16:52:11,572 | [59/64] K=5, A/σ=2.0, L=16384 | Elapsed: 0.3m | ETA: 0.0m
2025-11-03 16:52:11,781 |     P_det: empirical = 1.000, theory = 1.000
2025-11-03 16:52:11,781 | [60/64] K=5, A/σ=2.0, L=65536 | Elapsed: 0.3m | ETA: 0.0m
2025-11-03 16:52:12,690 |     P_det: empirical = 1.000, theory = 1.000
2025-11-03 16:52:12,690 | [61/64] K=5, A/σ=3.0, L=1024 | Elapsed: 0.3m | ETA: 0.0m
2025-11-03 16:52:12,713 |     P_det: empirical = 0.990, theory = 1.000
2025-11-03 16:52:12,713 | [62/64] K=5, A/σ=3.0, L=4096 | Elapsed: 0.3m | ETA: 0.0m
2025-11-03 16:52:12,770 |     P_det: empirical = 1.000, theory = 1.000
2025-11-03 16:52:12,770 | [63/64] K=5, A/σ=3.0, L=16384 | Elapsed: 0.3m | ETA: 0.0m
2025-11-03 16:52:12,979 |     P_det: empirical = 1.000, theory = 1.000
2025-11-03 16:52:12,979 | [64/64] K=5, A/σ=3.0, L=65536 | Elapsed: 0.3m | ETA: 0.0m
2025-11-03 16:52:13,888 |     P_det: empirical = 1.000, theory = 1.000
2025-11-03 16:52:13,888 | 
Verifying false positive rates...
2025-11-03 16:52:13,917 |   L=1024: FPR = 0.0140 (target: 0.0100)
2025-11-03 16:52:13,996 |   L=4096: FPR = 0.0100 (target: 0.0100)
2025-11-03 16:52:14,295 |   L=16384: FPR = 0.0140 (target: 0.0100)
2025-11-03 16:52:15,717 |   L=65536: FPR = 0.0140 (target: 0.0100)
2025-11-03 16:52:15,717 | 
======================================================================
2025-11-03 16:52:15,717 | VERDICT
2025-11-03 16:52:15,717 | ======================================================================
2025-11-03 16:52:15,717 |   Violation: K=1, SNR=0.5, L=1024 - Emp=0.000 < Theory=0.124
2025-11-03 16:52:15,717 |   Violation: K=1, SNR=1.0, L=1024 - Emp=0.095 < Theory=0.411
2025-11-03 16:52:15,717 |   Violation: K=2, SNR=0.5, L=1024 - Emp=0.005 < Theory=0.233
2025-11-03 16:52:15,717 |   Violation: K=3, SNR=0.5, L=1024 - Emp=0.210 < Theory=0.328
2025-11-03 16:52:15,717 | ✓ PASS: Empirical detection rates match or exceed theoretical bound
2025-11-03 16:52:15,717 |   Violation rate: 6.2% (acceptable)
2025-11-03 16:52:15,717 | ======================================================================
2025-11-03 16:52:15,717 | 
Elapsed time: 23.2 seconds (0.4 minutes)
2025-11-03 16:52:15,718 | Results saved: ../Data/T6D1_results_fixed.json
2025-11-03 16:52:16,490 | 
Figure saved: ../Figures/T6D1_exoplanet_summary_fixed.png
2025-11-03 16:52:16,491 | 
======================================================================
2025-11-03 16:52:16,491 | Experiment T6-D1 (FIXED) complete!
2025-11-03 16:52:16,491 | ======================================================================
