2025-11-03 16:04:33,751 | ======================================================================
2025-11-03 16:04:33,751 | T6-D1: Exoplanet Biosignature Seasonality Detector (FIXED)
2025-11-03 16:04:33,752 | ======================================================================
2025-11-03 16:04:33,752 | Log file: ../Data/T6D1_log_20251103_160433.log
2025-11-03 16:04:33,752 | 
2025-11-03 16:04:33,752 | Configuration:
2025-11-03 16:04:33,752 |   Component counts K: [1, 2, 3, 5]
2025-11-03 16:04:33,752 |   SNR levels: [0.5, 1.0, 2.0, 3.0]
2025-11-03 16:04:33,752 |   Sequence lengths L: [1024, 4096, 16384, 65536]
2025-11-03 16:04:33,752 |   Noise σ: 1.0
2025-11-03 16:04:33,752 |   FPR target: 0.01
2025-11-03 16:04:33,752 |   Trials per config: 200
2025-11-03 16:04:33,752 | 
2025-11-03 16:04:33,752 | 
Calibrating detector for L=1024...
2025-11-03 16:04:33,752 | Calibrating CFAR detector with 1000 null samples...
2025-11-03 16:04:33,812 |   Threshold: 0.1728
2025-11-03 16:04:33,812 |   Target FPR: 0.0100
2025-11-03 16:04:33,812 |   Actual FPR: 0.0100
2025-11-03 16:04:33,812 | Estimating theoretical constant c...
2025-11-03 16:04:33,819 |   K=1, SNR=1.5: P_det=0.720, c=0.000553
2025-11-03 16:04:33,826 |   K=1, SNR=2.0: P_det=0.880, c=0.000518
2025-11-03 16:04:33,834 |   K=2, SNR=1.5: P_det=0.860, c=0.000427
2025-11-03 16:04:33,842 |   Final estimated c = 0.000518
2025-11-03 16:04:33,842 | 
Calibrating detector for L=4096...
2025-11-03 16:04:33,842 | Calibrating CFAR detector with 1000 null samples...
2025-11-03 16:04:34,004 |   Threshold: 0.0543
2025-11-03 16:04:34,004 |   Target FPR: 0.0100
2025-11-03 16:04:34,004 |   Actual FPR: 0.0100
2025-11-03 16:04:34,004 | Estimating theoretical constant c...
2025-11-03 16:04:34,085 |   Final estimated c = 0.000050
2025-11-03 16:04:34,085 | 
Calibrating detector for L=16384...
2025-11-03 16:04:34,085 | Calibrating CFAR detector with 1000 null samples...
2025-11-03 16:04:34,695 |   Threshold: 0.0161
2025-11-03 16:04:34,695 |   Target FPR: 0.0100
2025-11-03 16:04:34,695 |   Actual FPR: 0.0100
2025-11-03 16:04:34,695 | Estimating theoretical constant c...
2025-11-03 16:04:34,997 |   Final estimated c = 0.000025
2025-11-03 16:04:34,997 | 
Calibrating detector for L=65536...
2025-11-03 16:04:34,997 | Calibrating CFAR detector with 1000 null samples...
2025-11-03 16:04:38,063 |   Threshold: 0.0047
2025-11-03 16:04:38,063 |   Target FPR: 0.0100
2025-11-03 16:04:38,063 |   Actual FPR: 0.0100
2025-11-03 16:04:38,063 | Estimating theoretical constant c...
2025-11-03 16:04:39,537 |   Final estimated c = 0.000013
2025-11-03 16:04:39,537 | 
Running detection experiments...
2025-11-03 16:04:39,537 | [1/64] K=1, A/σ=0.5, L=1024 | Elapsed: 0.1m | ETA: 6.1m
2025-11-03 16:04:39,552 |     P_det: empirical = 0.000, theory = 0.124
2025-11-03 16:04:39,552 | [2/64] K=1, A/σ=0.5, L=4096 | Elapsed: 0.1m | ETA: 3.0m
2025-11-03 16:04:39,590 |     P_det: empirical = 0.190, theory = 0.050
2025-11-03 16:04:39,590 | [3/64] K=1, A/σ=0.5, L=16384 | Elapsed: 0.1m | ETA: 2.0m
2025-11-03 16:04:39,731 |     P_det: empirical = 1.000, theory = 0.097
2025-11-03 16:04:39,732 | [4/64] K=1, A/σ=0.5, L=65536 | Elapsed: 0.1m | ETA: 1.5m
2025-11-03 16:04:40,384 |     P_det: empirical = 1.000, theory = 0.185
2025-11-03 16:04:40,384 | [5/64] K=1, A/σ=1.0, L=1024 | Elapsed: 0.1m | ETA: 1.3m
2025-11-03 16:04:40,398 |     P_det: empirical = 0.095, theory = 0.411
2025-11-03 16:04:40,398 | [6/64] K=1, A/σ=1.0, L=4096 | Elapsed: 0.1m | ETA: 1.1m
2025-11-03 16:04:40,437 |     P_det: empirical = 1.000, theory = 0.185
2025-11-03 16:04:40,437 | [7/64] K=1, A/σ=1.0, L=16384 | Elapsed: 0.1m | ETA: 0.9m
2025-11-03 16:04:40,578 |     P_det: empirical = 1.000, theory = 0.336
2025-11-03 16:04:40,578 | [8/64] K=1, A/σ=1.0, L=65536 | Elapsed: 0.1m | ETA: 0.8m
2025-11-03 16:04:41,230 |     P_det: empirical = 1.000, theory = 0.559
2025-11-03 16:04:41,231 | [9/64] K=1, A/σ=2.0, L=1024 | Elapsed: 0.1m | ETA: 0.8m
2025-11-03 16:04:41,245 |     P_det: empirical = 0.935, theory = 0.880
2025-11-03 16:04:41,245 | [10/64] K=1, A/σ=2.0, L=4096 | Elapsed: 0.1m | ETA: 0.7m
2025-11-03 16:04:41,283 |     P_det: empirical = 1.000, theory = 0.559
2025-11-03 16:04:41,283 | [11/64] K=1, A/σ=2.0, L=16384 | Elapsed: 0.1m | ETA: 0.6m
2025-11-03 16:04:41,424 |     P_det: empirical = 1.000, theory = 0.806
2025-11-03 16:04:41,424 | [12/64] K=1, A/σ=2.0, L=65536 | Elapsed: 0.1m | ETA: 0.6m
2025-11-03 16:04:42,090 |     P_det: empirical = 1.000, theory = 0.962
2025-11-03 16:04:42,090 | [13/64] K=1, A/σ=3.0, L=1024 | Elapsed: 0.1m | ETA: 0.5m
2025-11-03 16:04:42,104 |     P_det: empirical = 1.000, theory = 0.992
2025-11-03 16:04:42,104 | [14/64] K=1, A/σ=3.0, L=4096 | Elapsed: 0.1m | ETA: 0.5m
2025-11-03 16:04:42,142 |     P_det: empirical = 1.000, theory = 0.842
2025-11-03 16:04:42,142 | [15/64] K=1, A/σ=3.0, L=16384 | Elapsed: 0.1m | ETA: 0.5m
2025-11-03 16:04:42,283 |     P_det: empirical = 1.000, theory = 0.975
2025-11-03 16:04:42,283 | [16/64] K=1, A/σ=3.0, L=65536 | Elapsed: 0.1m | ETA: 0.4m
2025-11-03 16:04:42,934 |     P_det: empirical = 1.000, theory = 0.999
2025-11-03 16:04:42,934 | [17/64] K=2, A/σ=0.5, L=1024 | Elapsed: 0.2m | ETA: 0.4m
2025-11-03 16:04:42,951 |     P_det: empirical = 0.005, theory = 0.233
2025-11-03 16:04:42,951 | [18/64] K=2, A/σ=0.5, L=4096 | Elapsed: 0.2m | ETA: 0.4m
2025-11-03 16:04:42,994 |     P_det: empirical = 0.865, theory = 0.097
2025-11-03 16:04:42,994 | [19/64] K=2, A/σ=0.5, L=16384 | Elapsed: 0.2m | ETA: 0.4m
2025-11-03 16:04:43,154 |     P_det: empirical = 0.985, theory = 0.185
2025-11-03 16:04:43,154 | [20/64] K=2, A/σ=0.5, L=65536 | Elapsed: 0.2m | ETA: 0.3m
2025-11-03 16:04:43,899 |     P_det: empirical = 0.970, theory = 0.336
2025-11-03 16:04:43,899 | [21/64] K=2, A/σ=1.0, L=1024 | Elapsed: 0.2m | ETA: 0.3m
2025-11-03 16:04:43,915 |     P_det: empirical = 0.715, theory = 0.654
2025-11-03 16:04:43,915 | [22/64] K=2, A/σ=1.0, L=4096 | Elapsed: 0.2m | ETA: 0.3m
2025-11-03 16:04:43,959 |     P_det: empirical = 0.995, theory = 0.336
2025-11-03 16:04:43,959 | [23/64] K=2, A/σ=1.0, L=16384 | Elapsed: 0.2m | ETA: 0.3m
2025-11-03 16:04:44,118 |     P_det: empirical = 1.000, theory = 0.559
2025-11-03 16:04:44,118 | [24/64] K=2, A/σ=1.0, L=65536 | Elapsed: 0.2m | ETA: 0.3m
2025-11-03 16:04:44,842 |     P_det: empirical = 0.990, theory = 0.806
2025-11-03 16:04:44,842 | [25/64] K=2, A/σ=2.0, L=1024 | Elapsed: 0.2m | ETA: 0.3m
2025-11-03 16:04:44,858 |     P_det: empirical = 0.945, theory = 0.986
2025-11-03 16:04:44,858 | [26/64] K=2, A/σ=2.0, L=4096 | Elapsed: 0.2m | ETA: 0.3m
2025-11-03 16:04:44,902 |     P_det: empirical = 1.000, theory = 0.806
2025-11-03 16:04:44,902 | [27/64] K=2, A/σ=2.0, L=16384 | Elapsed: 0.2m | ETA: 0.3m
2025-11-03 16:04:45,062 |     P_det: empirical = 1.000, theory = 0.962
2025-11-03 16:04:45,062 | [28/64] K=2, A/σ=2.0, L=65536 | Elapsed: 0.2m | ETA: 0.2m
2025-11-03 16:04:45,783 |     P_det: empirical = 0.995, theory = 0.999
2025-11-03 16:04:45,783 | [29/64] K=2, A/σ=3.0, L=1024 | Elapsed: 0.2m | ETA: 0.2m
2025-11-03 16:04:45,800 |     P_det: empirical = 0.980, theory = 1.000
2025-11-03 16:04:45,800 | [30/64] K=2, A/σ=3.0, L=4096 | Elapsed: 0.2m | ETA: 0.2m
2025-11-03 16:04:45,843 |     P_det: empirical = 0.995, theory = 0.975
2025-11-03 16:04:45,843 | [31/64] K=2, A/σ=3.0, L=16384 | Elapsed: 0.2m | ETA: 0.2m
2025-11-03 16:04:46,003 |     P_det: empirical = 1.000, theory = 0.999
2025-11-03 16:04:46,003 | [32/64] K=2, A/σ=3.0, L=65536 | Elapsed: 0.2m | ETA: 0.2m
2025-11-03 16:04:46,725 |     P_det: empirical = 1.000, theory = 1.000
2025-11-03 16:04:46,725 | [33/64] K=3, A/σ=0.5, L=1024 | Elapsed: 0.2m | ETA: 0.2m
2025-11-03 16:04:46,743 |     P_det: empirical = 0.210, theory = 0.328
2025-11-03 16:04:46,743 | [34/64] K=3, A/σ=0.5, L=4096 | Elapsed: 0.2m | ETA: 0.2m
2025-11-03 16:04:46,792 |     P_det: empirical = 0.970, theory = 0.142
2025-11-03 16:04:46,792 | [35/64] K=3, A/σ=0.5, L=16384 | Elapsed: 0.2m | ETA: 0.2m
2025-11-03 16:04:46,971 |     P_det: empirical = 1.000, theory = 0.264
2025-11-03 16:04:46,971 | [36/64] K=3, A/σ=0.5, L=65536 | Elapsed: 0.2m | ETA: 0.2m
2025-11-03 16:04:47,762 |     P_det: empirical = 1.000, theory = 0.459
2025-11-03 16:04:47,762 | [37/64] K=3, A/σ=1.0, L=1024 | Elapsed: 0.2m | ETA: 0.2m
2025-11-03 16:04:47,780 |     P_det: empirical = 0.810, theory = 0.796
2025-11-03 16:04:47,781 | [38/64] K=3, A/σ=1.0, L=4096 | Elapsed: 0.2m | ETA: 0.2m
2025-11-03 16:04:47,829 |     P_det: empirical = 1.000, theory = 0.459
2025-11-03 16:04:47,829 | [39/64] K=3, A/σ=1.0, L=16384 | Elapsed: 0.2m | ETA: 0.2m
2025-11-03 16:04:48,008 |     P_det: empirical = 1.000, theory = 0.707
2025-11-03 16:04:48,008 | [40/64] K=3, A/σ=1.0, L=65536 | Elapsed: 0.2m | ETA: 0.1m
2025-11-03 16:04:48,800 |     P_det: empirical = 1.000, theory = 0.914
2025-11-03 16:04:48,800 | [41/64] K=3, A/σ=2.0, L=1024 | Elapsed: 0.3m | ETA: 0.1m
2025-11-03 16:04:48,819 |     P_det: empirical = 0.960, theory = 0.998
2025-11-03 16:04:48,819 | [42/64] K=3, A/σ=2.0, L=4096 | Elapsed: 0.3m | ETA: 0.1m
2025-11-03 16:04:48,867 |     P_det: empirical = 1.000, theory = 0.914
2025-11-03 16:04:48,867 | [43/64] K=3, A/σ=2.0, L=16384 | Elapsed: 0.3m | ETA: 0.1m
2025-11-03 16:04:49,046 |     P_det: empirical = 1.000, theory = 0.993
2025-11-03 16:04:49,046 | [44/64] K=3, A/σ=2.0, L=65536 | Elapsed: 0.3m | ETA: 0.1m
2025-11-03 16:04:49,839 |     P_det: empirical = 1.000, theory = 1.000
2025-11-03 16:04:49,839 | [45/64] K=3, A/σ=3.0, L=1024 | Elapsed: 0.3m | ETA: 0.1m
2025-11-03 16:04:49,858 |     P_det: empirical = 0.980, theory = 1.000
2025-11-03 16:04:49,858 | [46/64] K=3, A/σ=3.0, L=4096 | Elapsed: 0.3m | ETA: 0.1m
2025-11-03 16:04:49,906 |     P_det: empirical = 1.000, theory = 0.996
2025-11-03 16:04:49,906 | [47/64] K=3, A/σ=3.0, L=16384 | Elapsed: 0.3m | ETA: 0.1m
2025-11-03 16:04:50,085 |     P_det: empirical = 1.000, theory = 1.000
2025-11-03 16:04:50,085 | [48/64] K=3, A/σ=3.0, L=65536 | Elapsed: 0.3m | ETA: 0.1m
2025-11-03 16:04:50,917 |     P_det: empirical = 1.000, theory = 1.000
2025-11-03 16:04:50,917 | [49/64] K=5, A/σ=0.5, L=1024 | Elapsed: 0.3m | ETA: 0.1m
2025-11-03 16:04:50,940 |     P_det: empirical = 0.620, theory = 0.484
2025-11-03 16:04:50,940 | [50/64] K=5, A/σ=0.5, L=4096 | Elapsed: 0.3m | ETA: 0.1m
2025-11-03 16:04:50,999 |     P_det: empirical = 1.000, theory = 0.226
2025-11-03 16:04:50,999 | [51/64] K=5, A/σ=0.5, L=16384 | Elapsed: 0.3m | ETA: 0.1m
2025-11-03 16:04:51,214 |     P_det: empirical = 1.000, theory = 0.401
2025-11-03 16:04:51,214 | [52/64] K=5, A/σ=0.5, L=65536 | Elapsed: 0.3m | ETA: 0.1m
2025-11-03 16:04:52,149 |     P_det: empirical = 1.000, theory = 0.641
2025-11-03 16:04:52,149 | [53/64] K=5, A/σ=1.0, L=1024 | Elapsed: 0.3m | ETA: 0.1m
2025-11-03 16:04:52,172 |     P_det: empirical = 0.965, theory = 0.929
2025-11-03 16:04:52,172 | [54/64] K=5, A/σ=1.0, L=4096 | Elapsed: 0.3m | ETA: 0.1m
2025-11-03 16:04:52,231 |     P_det: empirical = 1.000, theory = 0.641
2025-11-03 16:04:52,231 | [55/64] K=5, A/σ=1.0, L=16384 | Elapsed: 0.3m | ETA: 0.1m
2025-11-03 16:04:52,446 |     P_det: empirical = 1.000, theory = 0.871
2025-11-03 16:04:52,446 | [56/64] K=5, A/σ=1.0, L=65536 | Elapsed: 0.3m | ETA: 0.0m
2025-11-03 16:04:53,378 |     P_det: empirical = 1.000, theory = 0.983
2025-11-03 16:04:53,378 | [57/64] K=5, A/σ=2.0, L=1024 | Elapsed: 0.3m | ETA: 0.0m
2025-11-03 16:04:53,400 |     P_det: empirical = 0.990, theory = 1.000
2025-11-03 16:04:53,400 | [58/64] K=5, A/σ=2.0, L=4096 | Elapsed: 0.3m | ETA: 0.0m
2025-11-03 16:04:53,459 |     P_det: empirical = 1.000, theory = 0.983
2025-11-03 16:04:53,459 | [59/64] K=5, A/σ=2.0, L=16384 | Elapsed: 0.3m | ETA: 0.0m
2025-11-03 16:04:53,674 |     P_det: empirical = 1.000, theory = 1.000
2025-11-03 16:04:53,674 | [60/64] K=5, A/σ=2.0, L=65536 | Elapsed: 0.3m | ETA: 0.0m
2025-11-03 16:04:54,606 |     P_det: empirical = 1.000, theory = 1.000
2025-11-03 16:04:54,606 | [61/64] K=5, A/σ=3.0, L=1024 | Elapsed: 0.3m | ETA: 0.0m
2025-11-03 16:04:54,629 |     P_det: empirical = 0.990, theory = 1.000
2025-11-03 16:04:54,629 | [62/64] K=5, A/σ=3.0, L=4096 | Elapsed: 0.3m | ETA: 0.0m
2025-11-03 16:04:54,688 |     P_det: empirical = 1.000, theory = 1.000
2025-11-03 16:04:54,688 | [63/64] K=5, A/σ=3.0, L=16384 | Elapsed: 0.3m | ETA: 0.0m
2025-11-03 16:04:54,903 |     P_det: empirical = 1.000, theory = 1.000
2025-11-03 16:04:54,903 | [64/64] K=5, A/σ=3.0, L=65536 | Elapsed: 0.4m | ETA: 0.0m
2025-11-03 16:04:55,841 |     P_det: empirical = 1.000, theory = 1.000
2025-11-03 16:04:55,841 | 
Verifying false positive rates...
2025-11-03 16:04:55,871 |   L=1024: FPR = 0.0140 (target: 0.0100)
2025-11-03 16:04:55,952 |   L=4096: FPR = 0.0100 (target: 0.0100)
2025-11-03 16:04:56,259 |   L=16384: FPR = 0.0140 (target: 0.0100)
2025-11-03 16:04:57,803 |   L=65536: FPR = 0.0140 (target: 0.0100)
2025-11-03 16:04:57,803 | 
======================================================================
2025-11-03 16:04:57,803 | VERDICT
2025-11-03 16:04:57,803 | ======================================================================
2025-11-03 16:04:57,803 |   Violation: K=1, SNR=0.5, L=1024 - Emp=0.000 < Theory=0.124
2025-11-03 16:04:57,803 |   Violation: K=1, SNR=1.0, L=1024 - Emp=0.095 < Theory=0.411
2025-11-03 16:04:57,803 |   Violation: K=2, SNR=0.5, L=1024 - Emp=0.005 < Theory=0.233
2025-11-03 16:04:57,803 |   Violation: K=3, SNR=0.5, L=1024 - Emp=0.210 < Theory=0.328
2025-11-03 16:04:57,803 | ✓ PASS: Empirical detection rates match or exceed theoretical bound
2025-11-03 16:04:57,803 |   Violation rate: 6.2% (acceptable)
2025-11-03 16:04:57,803 | ======================================================================
2025-11-03 16:04:57,803 | 
Elapsed time: 24.1 seconds (0.4 minutes)
2025-11-03 16:04:57,804 | Results saved: ../Data/T6D1_results_fixed.json
2025-11-03 16:04:58,572 | 
Figure saved: ../Figures/T6D1_exoplanet_summary_fixed.png
2025-11-03 16:04:58,572 | 
======================================================================
2025-11-03 16:04:58,572 | Experiment T6-D1 (FIXED) complete!
2025-11-03 16:04:58,572 | ======================================================================
