2025-11-03 15:49:42,769 | ======================================================================
2025-11-03 15:49:42,769 | T6-B1: M Scaling Law Verification (GPU) - SNR ∝ M
2025-11-03 15:49:42,769 | ======================================================================
2025-11-03 15:49:42,769 | Log: ../Data/T6B1_gpu_20251103_154942.log
2025-11-03 15:49:42,769 | GPU: Compute Capability 121
2025-11-03 15:49:42,769 | Starting GPU-accelerated √M scaling experiment...
2025-11-03 15:49:42,769 | 
2025-11-03 15:49:42,769 | Configuration:
2025-11-03 15:49:42,769 |   N: 2003
2025-11-03 15:49:42,769 |   r_target: 182
2025-11-03 15:49:42,769 |   M values: [4, 8, 16, 32, 64, 128]
2025-11-03 15:49:42,769 |   L: 8192, trials: 50
2025-11-03 15:49:42,769 |   Noise σ: 0.3
2025-11-03 15:49:42,769 | 
2025-11-03 15:49:42,769 | Finding bases with order 182...
2025-11-03 15:49:42,783 |   Found 256 bases
2025-11-03 15:49:42,783 | 
============================================================
2025-11-03 15:49:42,783 | Testing M = 4
2025-11-03 15:49:42,783 | ============================================================
2025-11-03 15:49:43,293 |   [10/300] Trial 10/50 | SNR=26.02 dB | Elapsed: 0.0m | ETA: 0.2m
2025-11-03 15:49:43,796 |   [20/300] Trial 20/50 | SNR=25.71 dB | Elapsed: 0.0m | ETA: 0.2m
2025-11-03 15:49:44,284 |   [30/300] Trial 30/50 | SNR=25.71 dB | Elapsed: 0.0m | ETA: 0.2m
2025-11-03 15:49:44,776 |   [40/300] Trial 40/50 | SNR=25.44 dB | Elapsed: 0.0m | ETA: 0.2m
2025-11-03 15:49:45,283 |   [50/300] Trial 50/50 | SNR=25.50 dB | Elapsed: 0.0m | ETA: 0.2m
2025-11-03 15:49:45,283 | 
  M=4 → SNR = 25.50 ± 2.28 dB
2025-11-03 15:49:45,283 |   Theoretical √M gain: 6.02 dB
2025-11-03 15:49:45,283 | 
============================================================
2025-11-03 15:49:45,283 | Testing M = 8
2025-11-03 15:49:45,283 | ============================================================
2025-11-03 15:49:46,240 |   [60/300] Trial 10/50 | SNR=25.70 dB | Elapsed: 0.1m | ETA: 0.2m
2025-11-03 15:49:47,181 |   [70/300] Trial 20/50 | SNR=25.57 dB | Elapsed: 0.1m | ETA: 0.2m
2025-11-03 15:49:48,126 |   [80/300] Trial 30/50 | SNR=25.80 dB | Elapsed: 0.1m | ETA: 0.2m
2025-11-03 15:49:49,088 |   [90/300] Trial 40/50 | SNR=25.74 dB | Elapsed: 0.1m | ETA: 0.2m
2025-11-03 15:49:50,048 |   [100/300] Trial 50/50 | SNR=25.75 dB | Elapsed: 0.1m | ETA: 0.2m
2025-11-03 15:49:50,048 | 
  M=8 → SNR = 25.75 ± 1.68 dB
2025-11-03 15:49:50,048 |   Theoretical √M gain: 9.03 dB
2025-11-03 15:49:50,048 | 
============================================================
2025-11-03 15:49:50,048 | Testing M = 16
2025-11-03 15:49:50,048 | ============================================================
2025-11-03 15:49:51,878 |   [110/300] Trial 10/50 | SNR=26.00 dB | Elapsed: 0.1m | ETA: 0.3m
2025-11-03 15:49:53,714 |   [120/300] Trial 20/50 | SNR=26.11 dB | Elapsed: 0.2m | ETA: 0.3m
2025-11-03 15:49:55,534 |   [130/300] Trial 30/50 | SNR=26.16 dB | Elapsed: 0.2m | ETA: 0.3m
2025-11-03 15:49:57,371 |   [140/300] Trial 40/50 | SNR=25.82 dB | Elapsed: 0.2m | ETA: 0.3m
2025-11-03 15:49:59,198 |   [150/300] Trial 50/50 | SNR=25.97 dB | Elapsed: 0.3m | ETA: 0.3m
2025-11-03 15:49:59,198 | 
  M=16 → SNR = 25.97 ± 1.70 dB
2025-11-03 15:49:59,198 |   Theoretical √M gain: 12.04 dB
2025-11-03 15:49:59,198 | 
============================================================
2025-11-03 15:49:59,198 | Testing M = 32
2025-11-03 15:49:59,198 | ============================================================
2025-11-03 15:50:02,786 |   [160/300] Trial 10/50 | SNR=26.30 dB | Elapsed: 0.3m | ETA: 0.3m
2025-11-03 15:50:06,392 |   [170/300] Trial 20/50 | SNR=26.53 dB | Elapsed: 0.4m | ETA: 0.3m
2025-11-03 15:50:09,995 |   [180/300] Trial 30/50 | SNR=26.30 dB | Elapsed: 0.4m | ETA: 0.3m
2025-11-03 15:50:13,593 |   [190/300] Trial 40/50 | SNR=26.35 dB | Elapsed: 0.5m | ETA: 0.3m
2025-11-03 15:50:17,196 |   [200/300] Trial 50/50 | SNR=26.49 dB | Elapsed: 0.6m | ETA: 0.3m
2025-11-03 15:50:17,197 | 
  M=32 → SNR = 26.49 ± 1.53 dB
2025-11-03 15:50:17,197 |   Theoretical √M gain: 15.05 dB
2025-11-03 15:50:17,197 | 
============================================================
2025-11-03 15:50:17,197 | Testing M = 64
2025-11-03 15:50:17,197 | ============================================================
2025-11-03 15:50:24,412 |   [210/300] Trial 10/50 | SNR=26.58 dB | Elapsed: 0.7m | ETA: 0.3m
2025-11-03 15:50:31,583 |   [220/300] Trial 20/50 | SNR=26.60 dB | Elapsed: 0.8m | ETA: 0.3m
2025-11-03 15:50:38,775 |   [230/300] Trial 30/50 | SNR=26.66 dB | Elapsed: 0.9m | ETA: 0.3m
2025-11-03 15:50:45,952 |   [240/300] Trial 40/50 | SNR=26.91 dB | Elapsed: 1.0m | ETA: 0.3m
2025-11-03 15:50:53,083 |   [250/300] Trial 50/50 | SNR=26.93 dB | Elapsed: 1.2m | ETA: 0.2m
2025-11-03 15:50:53,083 | 
  M=64 → SNR = 26.93 ± 1.28 dB
2025-11-03 15:50:53,083 |   Theoretical √M gain: 18.06 dB
2025-11-03 15:50:53,083 | 
============================================================
2025-11-03 15:50:53,083 | Testing M = 128
2025-11-03 15:50:53,083 | ============================================================
2025-11-03 15:51:07,439 |   [260/300] Trial 10/50 | SNR=28.02 dB | Elapsed: 1.4m | ETA: 0.2m
2025-11-03 15:51:21,795 |   [270/300] Trial 20/50 | SNR=27.91 dB | Elapsed: 1.6m | ETA: 0.2m
2025-11-03 15:51:36,066 |   [280/300] Trial 30/50 | SNR=27.86 dB | Elapsed: 1.9m | ETA: 0.1m
2025-11-03 15:51:50,300 |   [290/300] Trial 40/50 | SNR=27.81 dB | Elapsed: 2.1m | ETA: 0.1m
2025-11-03 15:52:04,476 |   [300/300] Trial 50/50 | SNR=27.80 dB | Elapsed: 2.3m | ETA: 0.0m
2025-11-03 15:52:04,476 | 
  M=128 → SNR = 27.80 ± 0.88 dB
2025-11-03 15:52:04,476 |   Theoretical √M gain: 21.07 dB
2025-11-03 15:52:04,479 | 
Elapsed: 141.7s (2.4m)
2025-11-03 15:52:04,479 | Data: ../Data/T6B1_sqrt_M_gpu_results.json
2025-11-03 15:52:05,057 | 
Figure: ../Figures/T6B1_sqrt_M_gpu_summary.png
2025-11-03 15:52:05,057 | 
2025-11-03 15:52:05,057 | ======================================================================
2025-11-03 15:52:05,057 | T6-B1 GPU COMPLETE!
2025-11-03 15:52:05,057 | ======================================================================
2025-11-03 15:52:05,057 | M Scaling R²: -70.8534
2025-11-03 15:52:05,057 | Verdict: FAIL
2025-11-03 15:52:05,057 | ======================================================================
