2025-11-03 16:37:11,235 | ======================================================================
2025-11-03 16:37:11,235 | T6-B1: M Scaling Law Verification (GPU) - SNR ∝ M
2025-11-03 16:37:11,235 | ======================================================================
2025-11-03 16:37:11,235 | Log: ../Data/T6B1_gpu_20251103_163711.log
2025-11-03 16:37:11,235 | GPU: Compute Capability 121
2025-11-03 16:37:11,235 | Starting GPU-accelerated √M scaling experiment...
2025-11-03 16:37:11,235 | 
2025-11-03 16:37:11,235 | Configuration:
2025-11-03 16:37:11,235 |   N: 2003
2025-11-03 16:37:11,235 |   r_target: 182
2025-11-03 16:37:11,235 |   M values: [4, 8, 16, 32, 64, 128]
2025-11-03 16:37:11,235 |   L: 8192, trials: 50
2025-11-03 16:37:11,235 |   Noise σ: 0.3
2025-11-03 16:37:11,235 | 
2025-11-03 16:37:11,235 | Finding bases with order 182...
2025-11-03 16:37:11,248 |   Found 256 bases
2025-11-03 16:37:11,248 | 
============================================================
2025-11-03 16:37:11,248 | Testing M = 4
2025-11-03 16:37:11,248 | ============================================================
2025-11-03 16:37:11,753 |   [10/300] Trial 10/50 | SNR=25.93 dB | Elapsed: 0.0m | ETA: 0.2m
2025-11-03 16:37:12,238 |   [20/300] Trial 20/50 | SNR=25.66 dB | Elapsed: 0.0m | ETA: 0.2m
2025-11-03 16:37:12,743 |   [30/300] Trial 30/50 | SNR=25.83 dB | Elapsed: 0.0m | ETA: 0.2m
2025-11-03 16:37:13,234 |   [40/300] Trial 40/50 | SNR=25.88 dB | Elapsed: 0.0m | ETA: 0.2m
2025-11-03 16:37:13,733 |   [50/300] Trial 50/50 | SNR=25.95 dB | Elapsed: 0.0m | ETA: 0.2m
2025-11-03 16:37:13,733 | 
  M=4 → SNR = 25.95 ± 1.47 dB
2025-11-03 16:37:13,733 |   Theoretical √M gain: 6.02 dB
2025-11-03 16:37:13,733 | 
============================================================
2025-11-03 16:37:13,733 | Testing M = 8
2025-11-03 16:37:13,733 | ============================================================
2025-11-03 16:37:14,692 |   [60/300] Trial 10/50 | SNR=25.89 dB | Elapsed: 0.1m | ETA: 0.2m
2025-11-03 16:37:15,644 |   [70/300] Trial 20/50 | SNR=25.64 dB | Elapsed: 0.1m | ETA: 0.2m
2025-11-03 16:37:16,613 |   [80/300] Trial 30/50 | SNR=25.63 dB | Elapsed: 0.1m | ETA: 0.2m
2025-11-03 16:37:17,573 |   [90/300] Trial 40/50 | SNR=25.61 dB | Elapsed: 0.1m | ETA: 0.2m
2025-11-03 16:37:18,531 |   [100/300] Trial 50/50 | SNR=25.83 dB | Elapsed: 0.1m | ETA: 0.2m
2025-11-03 16:37:18,531 | 
  M=8 → SNR = 25.83 ± 1.59 dB
2025-11-03 16:37:18,531 |   Theoretical √M gain: 9.03 dB
2025-11-03 16:37:18,531 | 
============================================================
2025-11-03 16:37:18,531 | Testing M = 16
2025-11-03 16:37:18,531 | ============================================================
2025-11-03 16:37:20,378 |   [110/300] Trial 10/50 | SNR=26.06 dB | Elapsed: 0.1m | ETA: 0.3m
2025-11-03 16:37:22,239 |   [120/300] Trial 20/50 | SNR=26.36 dB | Elapsed: 0.2m | ETA: 0.3m
2025-11-03 16:37:24,088 |   [130/300] Trial 30/50 | SNR=26.09 dB | Elapsed: 0.2m | ETA: 0.3m
2025-11-03 16:37:25,938 |   [140/300] Trial 40/50 | SNR=25.92 dB | Elapsed: 0.2m | ETA: 0.3m
2025-11-03 16:37:27,783 |   [150/300] Trial 50/50 | SNR=25.82 dB | Elapsed: 0.3m | ETA: 0.3m
2025-11-03 16:37:27,783 | 
  M=16 → SNR = 25.82 ± 1.52 dB
2025-11-03 16:37:27,783 |   Theoretical √M gain: 12.04 dB
2025-11-03 16:37:27,783 | 
============================================================
2025-11-03 16:37:27,783 | Testing M = 32
2025-11-03 16:37:27,783 | ============================================================
2025-11-03 16:37:31,418 |   [160/300] Trial 10/50 | SNR=25.96 dB | Elapsed: 0.3m | ETA: 0.3m
2025-11-03 16:37:35,056 |   [170/300] Trial 20/50 | SNR=25.66 dB | Elapsed: 0.4m | ETA: 0.3m
2025-11-03 16:37:38,692 |   [180/300] Trial 30/50 | SNR=25.90 dB | Elapsed: 0.5m | ETA: 0.3m
2025-11-03 16:37:42,318 |   [190/300] Trial 40/50 | SNR=25.70 dB | Elapsed: 0.5m | ETA: 0.3m
2025-11-03 16:37:45,961 |   [200/300] Trial 50/50 | SNR=25.63 dB | Elapsed: 0.6m | ETA: 0.3m
2025-11-03 16:37:45,962 | 
  M=32 → SNR = 25.63 ± 1.60 dB
2025-11-03 16:37:45,962 |   Theoretical √M gain: 15.05 dB
2025-11-03 16:37:45,962 | 
============================================================
2025-11-03 16:37:45,962 | Testing M = 64
2025-11-03 16:37:45,962 | ============================================================
2025-11-03 16:37:53,160 |   [210/300] Trial 10/50 | SNR=25.79 dB | Elapsed: 0.7m | ETA: 0.3m
2025-11-03 16:38:00,291 |   [220/300] Trial 20/50 | SNR=25.44 dB | Elapsed: 0.8m | ETA: 0.3m
2025-11-03 16:38:07,444 |   [230/300] Trial 30/50 | SNR=25.48 dB | Elapsed: 0.9m | ETA: 0.3m
2025-11-03 16:38:14,613 |   [240/300] Trial 40/50 | SNR=25.58 dB | Elapsed: 1.0m | ETA: 0.3m
2025-11-03 16:38:21,822 |   [250/300] Trial 50/50 | SNR=25.65 dB | Elapsed: 1.2m | ETA: 0.2m
2025-11-03 16:38:21,822 | 
  M=64 → SNR = 25.65 ± 1.28 dB
2025-11-03 16:38:21,822 |   Theoretical √M gain: 18.06 dB
2025-11-03 16:38:21,822 | 
============================================================
2025-11-03 16:38:21,822 | Testing M = 128
2025-11-03 16:38:21,822 | ============================================================
2025-11-03 16:38:36,173 |   [260/300] Trial 10/50 | SNR=25.73 dB | Elapsed: 1.4m | ETA: 0.2m
2025-11-03 16:38:50,461 |   [270/300] Trial 20/50 | SNR=25.68 dB | Elapsed: 1.6m | ETA: 0.2m
2025-11-03 16:39:04,700 |   [280/300] Trial 30/50 | SNR=25.53 dB | Elapsed: 1.9m | ETA: 0.1m
2025-11-03 16:39:18,944 |   [290/300] Trial 40/50 | SNR=25.57 dB | Elapsed: 2.1m | ETA: 0.1m
2025-11-03 16:39:33,178 |   [300/300] Trial 50/50 | SNR=25.50 dB | Elapsed: 2.3m | ETA: 0.0m
2025-11-03 16:39:33,179 | 
  M=128 → SNR = 25.50 ± 1.17 dB
2025-11-03 16:39:33,179 |   Theoretical √M gain: 21.07 dB
2025-11-03 16:39:33,181 | 
Elapsed: 141.9s (2.4m)
2025-11-03 16:39:33,181 | Data: ../Data/T6B1_sqrt_M_gpu_results.json
2025-11-03 16:39:33,762 | 
Figure: ../Figures/T6B1_sqrt_M_gpu_summary.png
2025-11-03 16:39:33,762 | 
2025-11-03 16:39:33,762 | ======================================================================
2025-11-03 16:39:33,762 | T6-B1 GPU COMPLETE!
2025-11-03 16:39:33,762 | ======================================================================
2025-11-03 16:39:33,762 | M Scaling R²: -2757.9167
2025-11-03 16:39:33,762 | Verdict: FAIL
2025-11-03 16:39:33,762 | ======================================================================
