2025-11-03 17:22:25,944 | ======================================================================
2025-11-03 17:22:25,944 | T6-D2 v3: Phonon Mode Separation - Super-Resolution Bound
2025-11-03 17:22:25,944 | ======================================================================
2025-11-03 17:22:25,944 | Log file: ../Data/T6D2_v3_log_20251103_172225.log
2025-11-03 17:22:25,944 | 
2025-11-03 17:22:25,944 | Starting budgeted resolution scaling experiment...
2025-11-03 17:22:25,944 | Total shots budget: S_total = 8,400,000
2025-11-03 17:22:25,944 | Δω values: [0.0001 0.0002 0.0005 0.001  0.002  0.005  0.01   0.02   0.05  ]
2025-11-03 17:22:25,945 | L values: [1024, 4096, 16384, 65536]
2025-11-03 17:22:25,945 | Trials: 30
2025-11-03 17:22:25,945 | 
2025-11-03 17:22:25,945 | VRA parameters: N=2003, r=286 (ρ=0.1428)
2025-11-03 17:22:25,945 | 
2025-11-03 17:22:25,945 | 
============================================================
2025-11-03 17:22:25,945 | Testing L = 1024
2025-11-03 17:22:25,945 |   Shots/sample = 512
2025-11-03 17:22:25,945 |   Expected σ_phase = 0.0442
2025-11-03 17:22:25,945 | ============================================================
2025-11-03 17:22:25,978 |   Δω=1.0000e-04 | ΔAIC=-119.5 | Resolved: True
2025-11-03 17:22:26,928 |   Δω=1.0000e-04: P(resolve) = 100.00%, <ΔAIC> = -120.8 | ETA: 0.6m
2025-11-03 17:22:26,961 |   Δω=2.0000e-04 | ΔAIC=-1365.4 | Resolved: True
2025-11-03 17:22:27,912 |   Δω=2.0000e-04: P(resolve) = 100.00%, <ΔAIC> = -1336.8 | ETA: 0.5m
2025-11-03 17:22:27,945 |   Δω=5.0000e-04 | ΔAIC=-20150.7 | Resolved: True
2025-11-03 17:22:28,894 |   Δω=5.0000e-04: P(resolve) = 100.00%, <ΔAIC> = -19956.5 | ETA: 0.5m
2025-11-03 17:22:28,927 |   Δω=1.0000e-03 | ΔAIC=-42123.7 | Resolved: True
2025-11-03 17:22:29,877 |   Δω=1.0000e-03: P(resolve) = 100.00%, <ΔAIC> = -41839.2 | ETA: 0.5m
2025-11-03 17:22:29,910 |   Δω=2.0000e-03 | ΔAIC=-42117.6 | Resolved: True
2025-11-03 17:22:30,857 |   Δω=2.0000e-03: P(resolve) = 100.00%, <ΔAIC> = -41841.5 | ETA: 0.5m
2025-11-03 17:22:30,890 |   Δω=5.0000e-03 | ΔAIC=-42178.4 | Resolved: True
2025-11-03 17:22:31,840 |   Δω=5.0000e-03: P(resolve) = 100.00%, <ΔAIC> = -41808.1 | ETA: 0.5m
2025-11-03 17:22:31,873 |   Δω=1.0000e-02 | ΔAIC=-42019.0 | Resolved: True
2025-11-03 17:22:32,824 |   Δω=1.0000e-02: P(resolve) = 100.00%, <ΔAIC> = -41736.2 | ETA: 0.5m
2025-11-03 17:22:32,857 |   Δω=2.0000e-02 | ΔAIC=-41834.9 | Resolved: True
2025-11-03 17:22:33,803 |   Δω=2.0000e-02: P(resolve) = 100.00%, <ΔAIC> = -41546.7 | ETA: 0.5m
2025-11-03 17:22:33,836 |   Δω=5.0000e-02 | ΔAIC=-41848.2 | Resolved: True
2025-11-03 17:22:34,785 |   Δω=5.0000e-02: P(resolve) = 100.00%, <ΔAIC> = -41554.2 | ETA: 0.4m
2025-11-03 17:22:34,785 | 
============================================================
2025-11-03 17:22:34,785 | Testing L = 4096
2025-11-03 17:22:34,785 |   Shots/sample = 128
2025-11-03 17:22:34,785 |   Expected σ_phase = 0.0884
2025-11-03 17:22:34,785 | ============================================================
2025-11-03 17:22:34,917 |   Δω=1.0000e-04 | ΔAIC=-16364.1 | Resolved: True
2025-11-03 17:22:38,704 |   Δω=1.0000e-04: P(resolve) = 100.00%, <ΔAIC> = -15980.8 | ETA: 0.5m
2025-11-03 17:22:38,834 |   Δω=2.0000e-04 | ΔAIC=-75243.0 | Resolved: True
2025-11-03 17:22:42,611 |   Δω=2.0000e-04: P(resolve) = 100.00%, <ΔAIC> = -74487.9 | ETA: 0.6m
2025-11-03 17:22:42,741 |   Δω=5.0000e-04 | ΔAIC=-90548.5 | Resolved: True
2025-11-03 17:22:46,521 |   Δω=5.0000e-04: P(resolve) = 100.00%, <ΔAIC> = -89905.5 | ETA: 0.7m
2025-11-03 17:22:46,652 |   Δω=1.0000e-03 | ΔAIC=-90409.6 | Resolved: True
2025-11-03 17:22:50,443 |   Δω=1.0000e-03: P(resolve) = 100.00%, <ΔAIC> = -89902.2 | ETA: 0.7m
2025-11-03 17:22:50,574 |   Δω=2.0000e-03 | ΔAIC=-90249.8 | Resolved: True
2025-11-03 17:22:54,360 |   Δω=2.0000e-03: P(resolve) = 100.00%, <ΔAIC> = -89712.6 | ETA: 0.7m
2025-11-03 17:22:54,491 |   Δω=5.0000e-03 | ΔAIC=-89549.0 | Resolved: True
2025-11-03 17:22:58,281 |   Δω=5.0000e-03: P(resolve) = 100.00%, <ΔAIC> = -88925.1 | ETA: 0.8m
2025-11-03 17:22:58,413 |   Δω=1.0000e-02 | ΔAIC=-88963.6 | Resolved: True
2025-11-03 17:23:02,201 |   Δω=1.0000e-02: P(resolve) = 100.00%, <ΔAIC> = -88751.3 | ETA: 0.8m
2025-11-03 17:23:02,332 |   Δω=2.0000e-02 | ΔAIC=-89320.4 | Resolved: True
2025-11-03 17:23:06,121 |   Δω=2.0000e-02: P(resolve) = 100.00%, <ΔAIC> = -88790.2 | ETA: 0.7m
2025-11-03 17:23:06,252 |   Δω=5.0000e-02 | ΔAIC=-89397.4 | Resolved: True
2025-11-03 17:23:10,044 |   Δω=5.0000e-02: P(resolve) = 100.00%, <ΔAIC> = -88817.9 | ETA: 0.7m
2025-11-03 17:23:10,044 | 
============================================================
2025-11-03 17:23:10,044 | Testing L = 16384
2025-11-03 17:23:10,044 |   Shots/sample = 32
2025-11-03 17:23:10,044 |   Expected σ_phase = 0.1768
2025-11-03 17:23:10,044 | ============================================================
2025-11-03 17:23:10,576 |   Δω=1.0000e-04 | ΔAIC=-126439.0 | Resolved: True
2025-11-03 17:23:26,015 |   Δω=1.0000e-04: P(resolve) = 100.00%, <ΔAIC> = -126772.9 | ETA: 0.9m
2025-11-03 17:23:26,546 |   Δω=2.0000e-04 | ΔAIC=-146111.7 | Resolved: True
2025-11-03 17:23:41,883 |   Δω=2.0000e-04: P(resolve) = 100.00%, <ΔAIC> = -146301.8 | ETA: 1.0m
2025-11-03 17:23:42,411 |   Δω=5.0000e-04 | ΔAIC=-144083.5 | Resolved: True
2025-11-03 17:23:57,756 |   Δω=5.0000e-04: P(resolve) = 100.00%, <ΔAIC> = -143992.4 | ETA: 1.1m
2025-11-03 17:23:58,284 |   Δω=1.0000e-03 | ΔAIC=-141979.7 | Resolved: True
2025-11-03 17:24:13,646 |   Δω=1.0000e-03: P(resolve) = 100.00%, <ΔAIC> = -142929.8 | ETA: 1.1m
2025-11-03 17:24:14,176 |   Δω=2.0000e-03 | ΔAIC=-141637.9 | Resolved: True
2025-11-03 17:24:29,515 |   Δω=2.0000e-03: P(resolve) = 100.00%, <ΔAIC> = -141614.3 | ETA: 1.2m
2025-11-03 17:24:30,042 |   Δω=5.0000e-03 | ΔAIC=-141855.6 | Resolved: True
2025-11-03 17:24:45,488 |   Δω=5.0000e-03: P(resolve) = 100.00%, <ΔAIC> = -142061.2 | ETA: 1.2m
2025-11-03 17:24:46,018 |   Δω=1.0000e-02 | ΔAIC=-141548.5 | Resolved: True
2025-11-03 17:25:01,398 |   Δω=1.0000e-02: P(resolve) = 100.00%, <ΔAIC> = -142060.2 | ETA: 1.1m
2025-11-03 17:25:01,925 |   Δω=2.0000e-02 | ΔAIC=-141850.6 | Resolved: True
2025-11-03 17:25:17,285 |   Δω=2.0000e-02: P(resolve) = 100.00%, <ΔAIC> = -142084.6 | ETA: 1.1m
2025-11-03 17:25:17,819 |   Δω=5.0000e-02 | ΔAIC=-141679.4 | Resolved: True
2025-11-03 17:25:33,077 |   Δω=5.0000e-02: P(resolve) = 100.00%, <ΔAIC> = -142288.1 | ETA: 1.0m
2025-11-03 17:25:33,077 | 
============================================================
2025-11-03 17:25:33,077 | Testing L = 65536
2025-11-03 17:25:33,077 |   Shots/sample = 8
2025-11-03 17:25:33,077 |   Expected σ_phase = 0.3536
2025-11-03 17:25:33,077 | ============================================================
2025-11-03 17:25:35,159 |   Δω=1.0000e-04 | ΔAIC=-171773.4 | Resolved: True
2025-11-03 17:26:35,465 |   Δω=1.0000e-04: P(resolve) = 100.00%, <ΔAIC> = -171756.2 | ETA: 1.2m
2025-11-03 17:26:37,535 |   Δω=2.0000e-04 | ΔAIC=-174786.5 | Resolved: True
2025-11-03 17:27:37,787 |   Δω=2.0000e-04: P(resolve) = 100.00%, <ΔAIC> = -174879.6 | ETA: 1.2m
2025-11-03 17:27:39,877 |   Δω=5.0000e-04 | ΔAIC=-173808.1 | Resolved: True
2025-11-03 17:28:40,108 |   Δω=5.0000e-04: P(resolve) = 100.00%, <ΔAIC> = -172968.3 | ETA: 1.2m
2025-11-03 17:28:42,175 |   Δω=1.0000e-03 | ΔAIC=-173979.0 | Resolved: True
2025-11-03 17:29:45,317 |   Δω=1.0000e-03: P(resolve) = 100.00%, <ΔAIC> = -173641.6 | ETA: 1.2m
2025-11-03 17:29:47,376 |   Δω=2.0000e-03 | ΔAIC=-174410.6 | Resolved: True
2025-11-03 17:30:47,111 |   Δω=2.0000e-03: P(resolve) = 100.00%, <ΔAIC> = -173716.1 | ETA: 1.0m
2025-11-03 17:30:49,175 |   Δω=5.0000e-03 | ΔAIC=-174010.7 | Resolved: True
2025-11-03 17:31:49,047 |   Δω=5.0000e-03: P(resolve) = 100.00%, <ΔAIC> = -173642.0 | ETA: 0.9m
2025-11-03 17:31:51,107 |   Δω=1.0000e-02 | ΔAIC=-174075.9 | Resolved: True
