2025-11-03 16:52:16,920 | ======================================================================
2025-11-03 16:52:16,920 | T6-D2: Phonon Mode Separation - Super-Resolution Bound
2025-11-03 16:52:16,920 | ======================================================================
2025-11-03 16:52:16,920 | Log file: ../Data/T6D2_log_20251103_165216.log
2025-11-03 16:52:16,920 | 
2025-11-03 16:52:16,920 | Starting resolution scaling experiment...
2025-11-03 16:52:16,920 | Δω values: [0.005 0.01  0.02  0.05  0.1   0.2  ]
2025-11-03 16:52:16,920 | L values: [1024, 4096, 16384, 65536]
2025-11-03 16:52:16,920 | Trials: 30
2025-11-03 16:52:16,920 | 
2025-11-03 16:52:16,920 | VRA parameters: N=2003, r=286 (ρ=0.1428)
2025-11-03 16:52:16,920 | 
============================================================
2025-11-03 16:52:16,920 | Testing L = 1024
2025-11-03 16:52:16,920 | ============================================================
2025-11-03 16:52:16,953 |   Δω=0.0050 | Peaks detected: 2 | Resolved: True
2025-11-03 16:52:17,916 |   Δω=0.0050: Success rate = 100.00% | ETA: 0.4m
2025-11-03 16:52:17,949 |   Δω=0.0100 | Peaks detected: 2 | Resolved: True
2025-11-03 16:52:18,909 |   Δω=0.0100: Success rate = 100.00% | ETA: 0.4m
2025-11-03 16:52:18,942 |   Δω=0.0200 | Peaks detected: 2 | Resolved: True
2025-11-03 16:52:19,906 |   Δω=0.0200: Success rate = 100.00% | ETA: 0.3m
2025-11-03 16:52:19,939 |   Δω=0.0500 | Peaks detected: 2 | Resolved: True
2025-11-03 16:52:20,899 |   Δω=0.0500: Success rate = 100.00% | ETA: 0.3m
2025-11-03 16:52:20,932 |   Δω=0.1000 | Peaks detected: 2 | Resolved: True
2025-11-03 16:52:21,895 |   Δω=0.1000: Success rate = 100.00% | ETA: 0.3m
2025-11-03 16:52:21,928 |   Δω=0.2000 | Peaks detected: 2 | Resolved: True
2025-11-03 16:52:22,885 |   Δω=0.2000: Success rate = 100.00% | ETA: 0.3m
2025-11-03 16:52:22,885 | 
============================================================
2025-11-03 16:52:22,885 | Testing L = 4096
2025-11-03 16:52:22,885 | ============================================================
2025-11-03 16:52:23,019 |   Δω=0.0050 | Peaks detected: 2 | Resolved: True
2025-11-03 16:52:26,847 |   Δω=0.0050: Success rate = 100.00% | ETA: 0.4m
2025-11-03 16:52:26,979 |   Δω=0.0100 | Peaks detected: 2 | Resolved: True
2025-11-03 16:52:30,812 |   Δω=0.0100: Success rate = 100.00% | ETA: 0.5m
2025-11-03 16:52:30,945 |   Δω=0.0200 | Peaks detected: 2 | Resolved: True
2025-11-03 16:52:34,767 |   Δω=0.0200: Success rate = 100.00% | ETA: 0.5m
2025-11-03 16:52:34,898 |   Δω=0.0500 | Peaks detected: 2 | Resolved: True
2025-11-03 16:52:38,726 |   Δω=0.0500: Success rate = 100.00% | ETA: 0.5m
2025-11-03 16:52:38,859 |   Δω=0.1000 | Peaks detected: 2 | Resolved: True
2025-11-03 16:52:42,687 |   Δω=0.1000: Success rate = 100.00% | ETA: 0.5m
2025-11-03 16:52:42,819 |   Δω=0.2000 | Peaks detected: 2 | Resolved: True
2025-11-03 16:52:46,645 |   Δω=0.2000: Success rate = 100.00% | ETA: 0.5m
2025-11-03 16:52:46,645 | 
============================================================
2025-11-03 16:52:46,645 | Testing L = 16384
2025-11-03 16:52:46,645 | ============================================================
2025-11-03 16:52:47,179 |   Δω=0.0050 | Peaks detected: 2 | Resolved: True
2025-11-03 16:53:02,456 |   Δω=0.0050: Success rate = 100.00% | ETA: 0.6m
2025-11-03 16:53:02,978 |   Δω=0.0100 | Peaks detected: 2 | Resolved: True
2025-11-03 16:53:18,008 |   Δω=0.0100: Success rate = 100.00% | ETA: 0.7m
2025-11-03 16:53:18,526 |   Δω=0.0200 | Peaks detected: 2 | Resolved: True
2025-11-03 16:53:33,537 |   Δω=0.0200: Success rate = 100.00% | ETA: 0.8m
2025-11-03 16:53:34,056 |   Δω=0.0500 | Peaks detected: 2 | Resolved: True
2025-11-03 16:53:49,054 |   Δω=0.0500: Success rate = 100.00% | ETA: 0.8m
2025-11-03 16:53:49,581 |   Δω=0.1000 | Peaks detected: 2 | Resolved: True
2025-11-03 16:54:04,610 |   Δω=0.1000: Success rate = 100.00% | ETA: 0.7m
2025-11-03 16:54:05,128 |   Δω=0.2000 | Peaks detected: 2 | Resolved: True
2025-11-03 16:54:20,147 |   Δω=0.2000: Success rate = 100.00% | ETA: 0.7m
2025-11-03 16:54:20,147 | 
============================================================
2025-11-03 16:54:20,147 | Testing L = 65536
2025-11-03 16:54:20,147 | ============================================================
2025-11-03 16:54:22,210 |   Δω=0.0050 | Peaks detected: 2 | Resolved: True
2025-11-03 16:55:21,824 |   Δω=0.0050: Success rate = 100.00% | ETA: 0.8m
2025-11-03 16:55:23,881 |   Δω=0.0100 | Peaks detected: 2 | Resolved: True
2025-11-03 16:56:23,607 |   Δω=0.0100: Success rate = 100.00% | ETA: 0.8m
2025-11-03 16:56:25,677 |   Δω=0.0200 | Peaks detected: 2 | Resolved: True
2025-11-03 16:57:25,515 |   Δω=0.0200: Success rate = 100.00% | ETA: 0.7m
2025-11-03 16:57:27,569 |   Δω=0.0500 | Peaks detected: 2 | Resolved: True
2025-11-03 16:58:27,233 |   Δω=0.0500: Success rate = 100.00% | ETA: 0.6m
2025-11-03 16:58:29,290 |   Δω=0.1000 | Peaks detected: 2 | Resolved: True
2025-11-03 16:59:29,037 |   Δω=0.1000: Success rate = 100.00% | ETA: 0.3m
2025-11-03 16:59:31,101 |   Δω=0.2000 | Peaks detected: 2 | Resolved: True
2025-11-03 17:00:30,960 |   Δω=0.2000: Success rate = 100.00% | ETA: 0.0m
2025-11-03 17:00:30,960 | 
Experiment complete: 494.0s (8.2m)
2025-11-03 17:00:30,962 | 
Data saved: ../Data/T6D2_results.json
2025-11-03 17:00:30,962 | 
2025-11-03 17:00:30,962 | ======================================================================
2025-11-03 17:00:30,962 | SCALING LAW ANALYSIS: L ≳ c / √(Δω)
2025-11-03 17:00:30,962 | ======================================================================
2025-11-03 17:00:30,962 | L=1024: No clear threshold found (success rates: [1. 1. 1. 1. 1. 1.])
2025-11-03 17:00:30,962 | L=4096: No clear threshold found (success rates: [1. 1. 1. 1. 1. 1.])
2025-11-03 17:00:30,962 | L=16384: No clear threshold found (success rates: [1. 1. 1. 1. 1. 1.])
2025-11-03 17:00:30,962 | L=65536: No clear threshold found (success rates: [1. 1. 1. 1. 1. 1.])
2025-11-03 17:00:30,962 | 
VERDICT: INCONCLUSIVE — Insufficient threshold data
2025-11-03 17:00:30,962 | 
2025-11-03 17:00:30,962 | Generating figures...
2025-11-03 17:00:31,232 | Figure saved: ../Figures/T6D2_phonon_resolution.png
2025-11-03 17:00:31,232 | 
2025-11-03 17:00:31,232 | ======================================================================
2025-11-03 17:00:31,232 | T6-D2 COMPLETE
2025-11-03 17:00:31,232 | ======================================================================
2025-11-03 17:00:31,232 | Total runtime: 494.0s (8.2m)
2025-11-03 17:00:31,232 | Configurations tested: 24
2025-11-03 17:00:31,232 | Hypothesis: L ≳ c/√(Δω) (super-resolution)
2025-11-03 17:00:31,232 | VERDICT: INCONCLUSIVE
2025-11-03 17:00:31,232 | ======================================================================
