2025-11-03 16:04:59,032 | ======================================================================
2025-11-03 16:04:59,032 | T6-D2: Phonon Mode Separation - Super-Resolution Bound
2025-11-03 16:04:59,032 | ======================================================================
2025-11-03 16:04:59,032 | Log file: ../Data/T6D2_log_20251103_160459.log
2025-11-03 16:04:59,032 | 
2025-11-03 16:04:59,032 | Starting resolution scaling experiment...
2025-11-03 16:04:59,032 | Δω values: [0.005 0.01  0.02  0.05  0.1   0.2  ]
2025-11-03 16:04:59,032 | L values: [1024, 4096, 16384, 65536]
2025-11-03 16:04:59,032 | Trials: 30
2025-11-03 16:04:59,032 | 
2025-11-03 16:04:59,032 | VRA parameters: N=2003, r=286 (ρ=0.1428)
2025-11-03 16:04:59,032 | 
============================================================
2025-11-03 16:04:59,032 | Testing L = 1024
2025-11-03 16:04:59,032 | ============================================================
2025-11-03 16:04:59,065 |   Δω=0.0050 | Peaks detected: 2 | Resolved: True
2025-11-03 16:05:00,021 |   Δω=0.0050: Success rate = 100.00% | ETA: 0.4m
2025-11-03 16:05:00,054 |   Δω=0.0100 | Peaks detected: 2 | Resolved: True
2025-11-03 16:05:01,009 |   Δω=0.0100: Success rate = 100.00% | ETA: 0.4m
2025-11-03 16:05:01,043 |   Δω=0.0200 | Peaks detected: 2 | Resolved: True
2025-11-03 16:05:01,997 |   Δω=0.0200: Success rate = 100.00% | ETA: 0.3m
2025-11-03 16:05:02,030 |   Δω=0.0500 | Peaks detected: 2 | Resolved: True
2025-11-03 16:05:02,986 |   Δω=0.0500: Success rate = 100.00% | ETA: 0.3m
2025-11-03 16:05:03,019 |   Δω=0.1000 | Peaks detected: 2 | Resolved: True
2025-11-03 16:05:03,976 |   Δω=0.1000: Success rate = 100.00% | ETA: 0.3m
2025-11-03 16:05:04,009 |   Δω=0.2000 | Peaks detected: 2 | Resolved: True
2025-11-03 16:05:04,964 |   Δω=0.2000: Success rate = 100.00% | ETA: 0.3m
2025-11-03 16:05:04,964 | 
============================================================
2025-11-03 16:05:04,964 | Testing L = 4096
2025-11-03 16:05:04,964 | ============================================================
2025-11-03 16:05:05,096 |   Δω=0.0050 | Peaks detected: 2 | Resolved: True
2025-11-03 16:05:08,908 |   Δω=0.0050: Success rate = 100.00% | ETA: 0.4m
2025-11-03 16:05:09,039 |   Δω=0.0100 | Peaks detected: 2 | Resolved: True
2025-11-03 16:05:12,847 |   Δω=0.0100: Success rate = 100.00% | ETA: 0.5m
2025-11-03 16:05:12,978 |   Δω=0.0200 | Peaks detected: 2 | Resolved: True
2025-11-03 16:05:16,780 |   Δω=0.0200: Success rate = 100.00% | ETA: 0.5m
2025-11-03 16:05:16,911 |   Δω=0.0500 | Peaks detected: 2 | Resolved: True
2025-11-03 16:05:20,718 |   Δω=0.0500: Success rate = 100.00% | ETA: 0.5m
2025-11-03 16:05:20,850 |   Δω=0.1000 | Peaks detected: 2 | Resolved: True
2025-11-03 16:05:24,663 |   Δω=0.1000: Success rate = 100.00% | ETA: 0.5m
2025-11-03 16:05:24,795 |   Δω=0.2000 | Peaks detected: 2 | Resolved: True
2025-11-03 16:05:28,611 |   Δω=0.2000: Success rate = 100.00% | ETA: 0.5m
2025-11-03 16:05:28,611 | 
============================================================
2025-11-03 16:05:28,611 | Testing L = 16384
2025-11-03 16:05:28,611 | ============================================================
2025-11-03 16:05:29,142 |   Δω=0.0050 | Peaks detected: 2 | Resolved: True
2025-11-03 16:05:44,357 |   Δω=0.0050: Success rate = 100.00% | ETA: 0.6m
2025-11-03 16:05:44,885 |   Δω=0.0100 | Peaks detected: 2 | Resolved: True
2025-11-03 16:06:00,135 |   Δω=0.0100: Success rate = 100.00% | ETA: 0.7m
2025-11-03 16:06:00,664 |   Δω=0.0200 | Peaks detected: 2 | Resolved: True
2025-11-03 16:06:15,883 |   Δω=0.0200: Success rate = 100.00% | ETA: 0.8m
2025-11-03 16:06:16,408 |   Δω=0.0500 | Peaks detected: 2 | Resolved: True
2025-11-03 16:06:31,632 |   Δω=0.0500: Success rate = 100.00% | ETA: 0.8m
2025-11-03 16:06:32,167 |   Δω=0.1000 | Peaks detected: 2 | Resolved: True
2025-11-03 16:06:47,400 |   Δω=0.1000: Success rate = 100.00% | ETA: 0.7m
2025-11-03 16:06:47,924 |   Δω=0.2000 | Peaks detected: 2 | Resolved: True
2025-11-03 16:07:03,141 |   Δω=0.2000: Success rate = 100.00% | ETA: 0.7m
2025-11-03 16:07:03,141 | 
============================================================
2025-11-03 16:07:03,141 | Testing L = 65536
2025-11-03 16:07:03,141 | ============================================================
2025-11-03 16:07:05,226 |   Δω=0.0050 | Peaks detected: 2 | Resolved: True
2025-11-03 16:08:05,726 |   Δω=0.0050: Success rate = 100.00% | ETA: 0.8m
2025-11-03 16:08:07,822 |   Δω=0.0100 | Peaks detected: 2 | Resolved: True
2025-11-03 16:09:08,560 |   Δω=0.0100: Success rate = 100.00% | ETA: 0.8m
2025-11-03 16:09:10,665 |   Δω=0.0200 | Peaks detected: 2 | Resolved: True
2025-11-03 16:10:11,580 |   Δω=0.0200: Success rate = 100.00% | ETA: 0.7m
2025-11-03 16:10:13,668 |   Δω=0.0500 | Peaks detected: 2 | Resolved: True
2025-11-03 16:11:14,520 |   Δω=0.0500: Success rate = 100.00% | ETA: 0.6m
2025-11-03 16:11:16,618 |   Δω=0.1000 | Peaks detected: 2 | Resolved: True
2025-11-03 16:12:17,377 |   Δω=0.1000: Success rate = 100.00% | ETA: 0.3m
2025-11-03 16:12:19,470 |   Δω=0.2000 | Peaks detected: 2 | Resolved: True
2025-11-03 16:13:20,394 |   Δω=0.2000: Success rate = 100.00% | ETA: 0.0m
2025-11-03 16:13:20,394 | 
Experiment complete: 501.4s (8.4m)
2025-11-03 16:13:20,395 | 
Data saved: ../Data/T6D2_results.json
2025-11-03 16:13:20,395 | 
2025-11-03 16:13:20,396 | ======================================================================
2025-11-03 16:13:20,396 | SCALING LAW ANALYSIS: L ≳ c / √(Δω)
2025-11-03 16:13:20,396 | ======================================================================
2025-11-03 16:13:20,396 | L=1024: No clear threshold found (success rates: [1. 1. 1. 1. 1. 1.])
2025-11-03 16:13:20,396 | L=4096: No clear threshold found (success rates: [1. 1. 1. 1. 1. 1.])
2025-11-03 16:13:20,396 | L=16384: No clear threshold found (success rates: [1. 1. 1. 1. 1. 1.])
2025-11-03 16:13:20,396 | L=65536: No clear threshold found (success rates: [1. 1. 1. 1. 1. 1.])
2025-11-03 16:13:20,396 | 
VERDICT: INCONCLUSIVE — Insufficient threshold data
2025-11-03 16:13:20,396 | 
2025-11-03 16:13:20,396 | Generating figures...
2025-11-03 16:13:20,677 | Figure saved: ../Figures/T6D2_phonon_resolution.png
2025-11-03 16:13:20,677 | 
2025-11-03 16:13:20,677 | ======================================================================
2025-11-03 16:13:20,677 | T6-D2 COMPLETE
2025-11-03 16:13:20,677 | ======================================================================
2025-11-03 16:13:20,677 | Total runtime: 501.4s (8.4m)
2025-11-03 16:13:20,677 | Configurations tested: 24
2025-11-03 16:13:20,677 | Hypothesis: L ≳ c/√(Δω) (super-resolution)
2025-11-03 16:13:20,677 | VERDICT: INCONCLUSIVE
2025-11-03 16:13:20,677 | ======================================================================
