2025-11-01 13:11:07,057 | ======================================================================
2025-11-01 13:11:07,057 | T6-C2: Differentiable VRA Layer - Generalization Bound
2025-11-01 13:11:07,057 | ======================================================================
2025-11-01 13:11:07,057 | Log file: ../../Data/Experiments/Tier6/T6C2/T6C2_log_20251101_131107.log
2025-11-01 13:11:07,057 | 
2025-11-01 13:11:07,057 | Starting margin preservation experiment...
2025-11-01 13:11:07,057 | ε values: [0.   0.01 0.02 0.05 0.1  0.2  0.5 ]
2025-11-01 13:11:07,057 | Trials: 30
2025-11-01 13:11:07,057 | Samples: train=1000, test=500
2025-11-01 13:11:07,057 | 
2025-11-01 13:11:07,057 | VRA layer: N=257, r=64 (ρ=0.2490)
2025-11-01 13:11:07,057 | 
============================================================
2025-11-01 13:11:07,057 | Testing ε = 0.000
2025-11-01 13:11:07,057 | ============================================================
2025-11-01 13:11:07,474 |   Trial 1/30 | Margin: base=8.6269, vra=0.2683 | Acc: base=1.000, vra=0.642 | ETA: 0.0m
2025-11-01 13:11:11,853 |   Trial 11/30 | Margin: base=8.6170, vra=0.1779 | Acc: base=1.000, vra=0.614 | ETA: 1.3m
2025-11-01 13:11:16,488 |   Trial 21/30 | Margin: base=8.6232, vra=0.4909 | Acc: base=1.000, vra=0.694 | ETA: 1.3m
2025-11-01 13:11:20,387 |   Trial 30/30 | Margin: base=8.6092, vra=0.2368 | Acc: base=1.000, vra=0.626 | ETA: 1.3m
2025-11-01 13:11:20,387 | 
ε=0.000 Summary:
2025-11-01 13:11:20,387 |   Margin_baseline: 8.6212 ± 0.0056
2025-11-01 13:11:20,387 |   Margin_VRA:      0.9272 ± 1.1987
2025-11-01 13:11:20,387 |   Degradation:     +7.6940
2025-11-01 13:11:20,387 |   Acc_baseline:    1.000
2025-11-01 13:11:20,387 |   Acc_VRA:         0.696
2025-11-01 13:11:20,387 | 
============================================================
2025-11-01 13:11:20,387 | Testing ε = 0.010
2025-11-01 13:11:20,388 | ============================================================
2025-11-01 13:11:20,812 |   Trial 1/30 | Margin: base=8.6269, vra=0.2683 | Acc: base=1.000, vra=0.642 | ETA: 1.3m
2025-11-01 13:11:26,457 |   Trial 11/30 | Margin: base=8.6170, vra=0.1779 | Acc: base=1.000, vra=0.614 | ETA: 1.3m
2025-11-01 13:11:33,204 |   Trial 21/30 | Margin: base=8.6232, vra=0.4909 | Acc: base=1.000, vra=0.694 | ETA: 1.3m
2025-11-01 13:11:39,585 |   Trial 30/30 | Margin: base=8.6092, vra=0.2368 | Acc: base=1.000, vra=0.626 | ETA: 1.3m
2025-11-01 13:11:39,585 | 
ε=0.010 Summary:
2025-11-01 13:11:39,585 |   Margin_baseline: 8.6212 ± 0.0056
2025-11-01 13:11:39,585 |   Margin_VRA:      0.9272 ± 1.1987
2025-11-01 13:11:39,585 |   Degradation:     +7.6940
2025-11-01 13:11:39,585 |   Acc_baseline:    1.000
2025-11-01 13:11:39,585 |   Acc_VRA:         0.696
2025-11-01 13:11:39,585 | 
============================================================
2025-11-01 13:11:39,585 | Testing ε = 0.020
2025-11-01 13:11:39,585 | ============================================================
2025-11-01 13:11:40,327 |   Trial 1/30 | Margin: base=-0.0269, vra=0.1533 | Acc: base=0.422, vra=0.618 | ETA: 1.3m
2025-11-01 13:11:47,562 |   Trial 11/30 | Margin: base=-0.0048, vra=0.0206 | Acc: base=0.610, vra=0.514 | ETA: 1.3m
2025-11-01 13:11:57,684 |   Trial 21/30 | Margin: base=0.0748, vra=0.5540 | Acc: base=0.566, vra=0.672 | ETA: 1.3m
2025-11-01 13:12:08,300 |   Trial 30/30 | Margin: base=-0.0417, vra=0.1068 | Acc: base=0.404, vra=0.528 | ETA: 1.3m
2025-11-01 13:12:08,300 | 
ε=0.020 Summary:
2025-11-01 13:12:08,301 |   Margin_baseline: -0.0025 ± 0.1000
2025-11-01 13:12:08,301 |   Margin_VRA:      0.9968 ± 1.4441
2025-11-01 13:12:08,301 |   Degradation:     -0.9992
2025-11-01 13:12:08,301 |   Acc_baseline:    0.480
2025-11-01 13:12:08,301 |   Acc_VRA:         0.646
2025-11-01 13:12:08,301 | 
============================================================
2025-11-01 13:12:08,301 | Testing ε = 0.050
2025-11-01 13:12:08,301 | ============================================================
2025-11-01 13:12:09,507 |   Trial 1/30 | Margin: base=0.0035, vra=0.2945 | Acc: base=0.520, vra=0.644 | ETA: 1.3m
2025-11-01 13:12:20,356 |   Trial 11/30 | Margin: base=-0.0088, vra=0.0431 | Acc: base=0.454, vra=0.506 | ETA: 1.3m
2025-11-01 13:12:29,452 |   Trial 21/30 | Margin: base=0.0009, vra=0.2521 | Acc: base=0.526, vra=0.632 | ETA: 1.2m
2025-11-01 13:12:39,804 |   Trial 30/30 | Margin: base=-0.0017, vra=-0.0463 | Acc: base=0.496, vra=0.476 | ETA: 1.1m
2025-11-01 13:12:39,804 | 
ε=0.050 Summary:
2025-11-01 13:12:39,805 |   Margin_baseline: -0.0013 ± 0.0058
2025-11-01 13:12:39,805 |   Margin_VRA:      0.7954 ± 1.1590
2025-11-01 13:12:39,805 |   Degradation:     -0.7967
2025-11-01 13:12:39,805 |   Acc_baseline:    0.492
2025-11-01 13:12:39,805 |   Acc_VRA:         0.633
2025-11-01 13:12:39,805 | 
============================================================
2025-11-01 13:12:39,805 | Testing ε = 0.100
2025-11-01 13:12:39,805 | ============================================================
2025-11-01 13:12:41,030 |   Trial 1/30 | Margin: base=0.0171, vra=-0.0436 | Acc: base=0.554, vra=0.486 | ETA: 1.1m
2025-11-01 13:12:49,244 |   Trial 11/30 | Margin: base=0.0100, vra=0.0856 | Acc: base=0.534, vra=0.574 | ETA: 1.0m
2025-11-01 13:12:56,336 |   Trial 21/30 | Margin: base=-0.0033, vra=0.6659 | Acc: base=0.484, vra=0.642 | ETA: 0.9m
2025-11-01 13:13:03,321 |   Trial 30/30 | Margin: base=-0.0015, vra=-0.1821 | Acc: base=0.516, vra=0.390 | ETA: 0.8m
2025-11-01 13:13:03,321 | 
ε=0.100 Summary:
2025-11-01 13:13:03,321 |   Margin_baseline: 0.0043 ± 0.0099
2025-11-01 13:13:03,321 |   Margin_VRA:      0.2481 ± 0.4726
2025-11-01 13:13:03,321 |   Degradation:     -0.2437
2025-11-01 13:13:03,321 |   Acc_baseline:    0.510
2025-11-01 13:13:03,321 |   Acc_VRA:         0.500
2025-11-01 13:13:03,321 | 
============================================================
2025-11-01 13:13:03,321 | Testing ε = 0.200
2025-11-01 13:13:03,321 | ============================================================
2025-11-01 13:13:03,962 |   Trial 1/30 | Margin: base=0.0080, vra=0.0704 | Acc: base=0.544, vra=0.552 | ETA: 0.8m
2025-11-01 13:13:13,632 |   Trial 11/30 | Margin: base=0.0002, vra=-0.0366 | Acc: base=0.496, vra=0.494 | ETA: 0.6m
2025-11-01 13:13:21,222 |   Trial 21/30 | Margin: base=0.0022, vra=0.3584 | Acc: base=0.492, vra=0.656 | ETA: 0.5m
2025-11-01 13:13:26,941 |   Trial 30/30 | Margin: base=0.0071, vra=-0.0123 | Acc: base=0.522, vra=0.438 | ETA: 0.4m
2025-11-01 13:13:26,941 | 
ε=0.200 Summary:
2025-11-01 13:13:26,941 |   Margin_baseline: 0.0006 ± 0.0043
2025-11-01 13:13:26,941 |   Margin_VRA:      0.2468 ± 0.4214
2025-11-01 13:13:26,941 |   Degradation:     -0.2462
2025-11-01 13:13:26,941 |   Acc_baseline:    0.503
2025-11-01 13:13:26,941 |   Acc_VRA:         0.543
2025-11-01 13:13:26,941 | 
============================================================
2025-11-01 13:13:26,941 | Testing ε = 0.500
2025-11-01 13:13:26,941 | ============================================================
2025-11-01 13:13:27,485 |   Trial 1/30 | Margin: base=0.0031, vra=0.0404 | Acc: base=0.526, vra=0.508 | ETA: 0.4m
2025-11-01 13:13:34,338 |   Trial 11/30 | Margin: base=-0.0010, vra=0.0377 | Acc: base=0.474, vra=0.576 | ETA: 0.2m
2025-11-01 13:13:42,433 |   Trial 21/30 | Margin: base=-0.0013, vra=0.2291 | Acc: base=0.502, vra=0.580 | ETA: 0.1m
2025-11-01 13:13:49,141 |   Trial 30/30 | Margin: base=0.0042, vra=0.0723 | Acc: base=0.512, vra=0.540 | ETA: 0.0m
2025-11-01 13:13:49,141 | 
ε=0.500 Summary:
2025-11-01 13:13:49,141 |   Margin_baseline: 0.0010 ± 0.0065
2025-11-01 13:13:49,141 |   Margin_VRA:      -0.0190 ± 0.1792
2025-11-01 13:13:49,141 |   Degradation:     +0.0199
2025-11-01 13:13:49,141 |   Acc_baseline:    0.501
2025-11-01 13:13:49,141 |   Acc_VRA:         0.507
2025-11-01 13:13:49,141 | 
Experiment complete: 162.1s (2.7m)
2025-11-01 13:13:49,145 | 
Data saved: ../../Data/Experiments/Tier6/T6C2/T6C2_results.json
2025-11-01 13:13:49,145 | 
2025-11-01 13:13:49,145 | ======================================================================
2025-11-01 13:13:49,145 | MARGIN BOUND ANALYSIS: Margin_VRA ≥ Margin_baseline - C·ε
2025-11-01 13:13:49,145 | ======================================================================
2025-11-01 13:13:49,145 | 
Linear fit: Δmargin = -8.8171·ε + 2.9830
2025-11-01 13:13:49,145 |   R² = 0.1565, p = 3.80e-01
2025-11-01 13:13:49,145 |   Degradation constant C ≈ -8.8171
2025-11-01 13:13:49,145 | 
VERDICT: FAIL — No consistent degradation pattern
2025-11-01 13:13:49,145 | 
2025-11-01 13:13:49,145 | Generating figures...
2025-11-01 13:13:49,524 | Figure saved: ../../Figures/experiments/Tier6/T6C2/T6C2_margin_preservation.png
2025-11-01 13:13:49,524 | 
2025-11-01 13:13:49,524 | ======================================================================
2025-11-01 13:13:49,524 | T6-C2 COMPLETE
2025-11-01 13:13:49,524 | ======================================================================
2025-11-01 13:13:49,524 | Total runtime: 162.1s (2.7m)
2025-11-01 13:13:49,524 | Configurations tested: 7
2025-11-01 13:13:49,524 | Hypothesis: Margin_VRA ≥ Margin_baseline - C·ε
2025-11-01 13:13:49,524 | Degradation constant: C ≈ -8.8171
2025-11-01 13:13:49,524 | Fit quality: R² = 0.1565
2025-11-01 13:13:49,524 | VERDICT: FAIL — No consistent bound
2025-11-01 13:13:49,524 | ======================================================================
