2025-11-03 17:00:31,680 | ======================================================================
2025-11-03 17:00:31,680 | T6-D3: MHD Stability Metric - Critical Scaling
2025-11-03 17:00:31,680 | ======================================================================
2025-11-03 17:00:31,680 | Log file: ../Data/T6D3_log_20251103_170031.log
2025-11-03 17:00:31,680 | 
2025-11-03 17:00:31,680 | Starting MHD critical scaling experiment...
2025-11-03 17:00:31,680 | β values: [0.1   0.2   0.3   0.35  0.4   0.42  0.44  0.46  0.48  0.49  0.495 0.497
 0.499]
2025-11-03 17:00:31,680 | β_critical: 0.5
2025-11-03 17:00:31,680 | Trials: 40
2025-11-03 17:00:31,680 | 
2025-11-03 17:00:31,680 | Using r=286 (valid divisor of N-1=2002)
2025-11-03 17:00:31,680 | VRA parameters: N=2003, r=286 (ρ=0.1428)
2025-11-03 17:00:31,680 | Sequence: L=16384, M=20
2025-11-03 17:00:31,681 | 
Testing β = 0.100 (Δβ = 0.400)...
2025-11-03 17:00:50,458 |   β=0.100: Ψ = 0.9173 ± 0.0002 | ETA: 0.0m
2025-11-03 17:00:50,458 | 
Testing β = 0.200 (Δβ = 0.300)...
2025-11-03 17:01:09,480 |   β=0.200: Ψ = 0.8927 ± 0.0002 | ETA: 81.1m
2025-11-03 17:01:09,481 | 
Testing β = 0.300 (Δβ = 0.200)...
2025-11-03 17:01:28,469 |   β=0.300: Ψ = 0.8456 ± 0.0003 | ETA: 108.6m
2025-11-03 17:01:28,469 | 
Testing β = 0.350 (Δβ = 0.150)...
2025-11-03 17:01:47,492 |   β=0.350: Ψ = 0.8013 ± 0.0004 | ETA: 122.1m
2025-11-03 17:01:47,492 | 
Testing β = 0.400 (Δβ = 0.100)...
2025-11-03 17:02:06,556 |   β=0.400: Ψ = 0.7199 ± 0.0005 | ETA: 130.1m
2025-11-03 17:02:06,556 | 
Testing β = 0.420 (Δβ = 0.080)...
2025-11-03 17:02:25,658 |   β=0.420: Ψ = 0.6645 ± 0.0006 | ETA: 135.5m
2025-11-03 17:02:25,658 | 
Testing β = 0.440 (Δβ = 0.060)...
2025-11-03 17:02:44,749 |   β=0.440: Ψ = 0.5818 ± 0.0007 | ETA: 139.2m
2025-11-03 17:02:44,750 | 
Testing β = 0.460 (Δβ = 0.040)...
2025-11-03 17:03:03,822 |   β=0.460: Ψ = 0.4463 ± 0.0009 | ETA: 141.9m
2025-11-03 17:03:03,822 | 
Testing β = 0.480 (Δβ = 0.020)...
2025-11-03 17:03:22,966 |   β=0.480: Ψ = 0.3246 ± 0.0011 | ETA: 144.0m
2025-11-03 17:03:22,966 | 
Testing β = 0.490 (Δβ = 0.010)...
2025-11-03 17:03:42,111 |   β=0.490: Ψ = 0.3246 ± 0.0011 | ETA: 145.6m
2025-11-03 17:03:42,111 | 
Testing β = 0.495 (Δβ = 0.005)...
2025-11-03 17:04:01,198 |   β=0.495: Ψ = 0.3246 ± 0.0011 | ETA: 146.9m
2025-11-03 17:04:01,198 | 
Testing β = 0.497 (Δβ = 0.003)...
2025-11-03 17:04:20,332 |   β=0.497: Ψ = 0.3246 ± 0.0011 | ETA: 147.8m
2025-11-03 17:04:20,332 | 
Testing β = 0.499 (Δβ = 0.001)...
2025-11-03 17:04:39,393 |   β=0.499: Ψ = 0.3246 ± 0.0011 | ETA: 148.6m
2025-11-03 17:04:39,393 | 
Experiment complete: 247.7s (4.1m)
2025-11-03 17:04:39,395 | 
Data saved: ../Data/T6D3_results.json
2025-11-03 17:04:39,395 | 
2025-11-03 17:04:39,395 | ======================================================================
2025-11-03 17:04:39,395 | CRITICAL SCALING ANALYSIS: Ψ(β) ∝ (β_c - β)^γ
2025-11-03 17:04:39,395 | ======================================================================
2025-11-03 17:04:39,395 | 
Power-law fit: Φ = 1-Ψ = 0.0598 · (β_c - β)^-0.614
2025-11-03 17:04:39,395 |   Critical exponent (Φ) γ = -0.614
2025-11-03 17:04:39,395 |   R² = 0.9207, p = 1.12e-05
2025-11-03 17:04:39,395 |   Expected γ ≈ -0.5 for Φ (since Ψ ∝ (Δβ)^+0.5)
2025-11-03 17:04:39,395 | 
VERDICT: PASS — Critical scaling confirmed
2025-11-03 17:04:39,395 | 
2025-11-03 17:04:39,395 | Generating figures...
2025-11-03 17:04:39,731 | Figure saved: ../Figures/T6D3_mhd_stability.png
2025-11-03 17:04:39,731 | 
2025-11-03 17:04:39,731 | ======================================================================
2025-11-03 17:04:39,731 | T6-D3 COMPLETE
2025-11-03 17:04:39,731 | ======================================================================
2025-11-03 17:04:39,731 | Total runtime: 247.7s (4.1m)
2025-11-03 17:04:39,731 | Configurations tested: 13
2025-11-03 17:04:39,731 | Hypothesis: Ψ(β) ∝ (β_c - β)^γ with γ ≈ 0.5
2025-11-03 17:04:39,731 | Observed exponent (Φ): γ = -0.614
2025-11-03 17:04:39,731 | Fit quality: R² = 0.9207
2025-11-03 17:04:39,731 | VERDICT: PASS — Critical scaling confirmed
2025-11-03 17:04:39,731 | ======================================================================
