2025-11-03 17:55:43,940 | ======================================================================
2025-11-03 17:55:43,940 | T6-B3: Matter/Antimatter CP-Phase Toy Model
2025-11-03 17:55:43,940 | ======================================================================
2025-11-03 17:55:43,940 | Log file: ../Data/T6B3_log_20251103_175543.log
2025-11-03 17:55:43,940 | 
2025-11-03 17:55:43,940 | Starting CP-phase scan...
2025-11-03 17:55:43,940 | φ values: [0.    0.001 0.002 0.005 0.01  0.02  0.05  0.1   0.2  ]
2025-11-03 17:55:43,940 | N primes: [997]
2025-11-03 17:55:43,940 | L values: [4096]
2025-11-03 17:55:43,940 | M bases: 16, trials: 20
2025-11-03 17:55:43,940 | 
2025-11-03 17:55:43,940 | 
Testing N=997, r=166 (ρ=0.1665)
2025-11-03 17:55:43,940 |   L=4096...
2025-11-03 17:55:49,958 |     [5/9] φ=0.0100: S=0.102799±0.671391 | ETA: 0.1m
2025-11-03 17:55:54,757 |     [9/9] φ=0.2000: S=0.091925±0.691282 | ETA: 0.0m
2025-11-03 17:55:54,757 | 
Scan complete: 10.8s (0.2m)
2025-11-03 17:55:54,758 | 
Data saved: ../Data/T6B3_results.json
2025-11-03 17:55:54,758 | 
2025-11-03 17:55:54,758 | ======================================================================
2025-11-03 17:55:54,758 | LINEARITY ANALYSIS: S(φ) = c·φ + b
2025-11-03 17:55:54,758 | ======================================================================
2025-11-03 17:55:54,759 | N=997, L=4096: S(φ) = -0.0530·φ + 0.103418
2025-11-03 17:55:54,759 |   R² = 0.961881, p = 3.19e-06
2025-11-03 17:55:54,759 |   Sensitivity c = -0.0530 (should be > 0 and consistent)
2025-11-03 17:55:54,759 | 
2025-11-03 17:55:54,759 | VERDICT: FAIL — No consistent linear relationship
2025-11-03 17:55:54,759 | 
2025-11-03 17:55:54,759 | Generating figures...
2025-11-03 17:55:54,872 | Figure saved: ../Figures/T6B3_cp_phase_summary.png
2025-11-03 17:55:54,873 | 
2025-11-03 17:55:54,873 | ======================================================================
2025-11-03 17:55:54,873 | T6-B3 COMPLETE
2025-11-03 17:55:54,873 | ======================================================================
2025-11-03 17:55:54,873 | Total runtime: 10.8s (0.2m)
2025-11-03 17:55:54,873 | Configurations tested: 9
2025-11-03 17:55:54,873 | Hypothesis: S(φ) = c·φ (linear, odd)
2025-11-03 17:55:54,873 | Mean R²: 0.9619
2025-11-03 17:55:54,873 | All slopes positive: False
2025-11-03 17:55:54,873 | VERDICT: FAIL
2025-11-03 17:55:54,873 | ======================================================================
