2025-11-03 15:52:41,344 | ======================================================================
2025-11-03 15:52:41,345 | T6-B3: Matter/Antimatter CP-Phase Toy Model
2025-11-03 15:52:41,345 | ======================================================================
2025-11-03 15:52:41,345 | Log file: ../Data/T6B3_log_20251103_155241.log
2025-11-03 15:52:41,345 | 
2025-11-03 15:52:41,345 | Starting CP-phase scan...
2025-11-03 15:52:41,345 | φ values: [0.    0.001 0.002 0.005 0.01  0.02  0.05  0.1   0.2  ]
2025-11-03 15:52:41,345 | N primes: [997, 2003, 5003]
2025-11-03 15:52:41,345 | L values: [4096, 16384, 65536]
2025-11-03 15:52:41,345 | M bases: 16, trials: 50
2025-11-03 15:52:41,345 | 
2025-11-03 15:52:41,345 | 
Testing N=997, r=166 (ρ=0.1665)
2025-11-03 15:52:41,345 |   L=4096...
2025-11-03 15:52:56,355 |     [5/81] φ=0.0100: S=0.075978±0.676421 | ETA: 3.0m
2025-11-03 15:53:08,412 |     [9/81] φ=0.2000: S=0.019464±0.698872 | ETA: 3.2m
2025-11-03 15:53:08,413 |   L=16384...
2025-11-03 15:53:20,507 |     [10/81] φ=0.0000: S=0.100718±0.660297 | ETA: 3.2m
2025-11-03 15:54:20,934 |     [15/81] φ=0.0200: S=0.094737±0.662806 | ETA: 6.4m
2025-11-03 15:54:57,197 |     [18/81] φ=0.2000: S=0.035305±0.692083 | ETA: 7.2m
2025-11-03 15:54:57,198 |   L=65536...
2025-11-03 15:56:33,843 |     [20/81] φ=0.0010: S=0.113569±0.657642 | ETA: 9.4m
2025-11-03 16:00:34,818 |     [25/81] φ=0.0500: S=0.097375±0.662744 | ETA: 15.9m
2025-11-03 16:02:11,524 |     [27/81] φ=0.2000: S=0.042703±0.684341 | ETA: 17.4m
2025-11-03 16:02:11,524 | 
Testing N=2003, r=286 (ρ=0.1428)
2025-11-03 16:02:11,524 |   L=4096...
2025-11-03 16:02:20,568 |     [30/81] φ=0.0020: S=0.226414±0.691026 | ETA: 16.3m
2025-11-03 16:02:35,657 |     [35/81] φ=0.1000: S=0.221949±0.675883 | ETA: 13.0m
2025-11-03 16:02:38,672 |     [36/81] φ=0.2000: S=0.208634±0.662165 | ETA: 12.4m
2025-11-03 16:02:38,672 |   L=16384...
