2025-11-03 16:40:10,151 | ======================================================================
2025-11-03 16:40:10,151 | T6-B3: Matter/Antimatter CP-Phase Toy Model
2025-11-03 16:40:10,151 | ======================================================================
2025-11-03 16:40:10,151 | Log file: ../Data/T6B3_log_20251103_164010.log
2025-11-03 16:40:10,151 | 
2025-11-03 16:40:10,151 | Starting CP-phase scan...
2025-11-03 16:40:10,151 | φ values: [0.    0.001 0.002 0.005 0.01  0.02  0.05  0.1   0.2  ]
2025-11-03 16:40:10,151 | N primes: [997, 2003, 5003]
2025-11-03 16:40:10,151 | L values: [4096, 16384, 65536]
2025-11-03 16:40:10,151 | M bases: 16, trials: 50
2025-11-03 16:40:10,151 | 
2025-11-03 16:40:10,151 | 
Testing N=997, r=166 (ρ=0.1665)
2025-11-03 16:40:10,151 |   L=4096...
2025-11-03 16:40:25,056 |     [5/81] φ=0.0100: S=0.075978±0.676421 | ETA: 3.0m
2025-11-03 16:40:37,012 |     [9/81] φ=0.2000: S=0.019464±0.698872 | ETA: 3.2m
2025-11-03 16:40:37,012 |   L=16384...
2025-11-03 16:40:48,962 |     [10/81] φ=0.0000: S=0.100718±0.660297 | ETA: 3.2m
2025-11-03 16:41:48,830 |     [15/81] φ=0.0200: S=0.094737±0.662806 | ETA: 6.4m
2025-11-03 16:42:24,763 |     [18/81] φ=0.2000: S=0.035305±0.692083 | ETA: 7.2m
2025-11-03 16:42:24,764 |   L=65536...
2025-11-03 16:44:00,598 |     [20/81] φ=0.0010: S=0.113569±0.657642 | ETA: 9.3m
2025-11-03 16:48:00,438 |     [25/81] φ=0.0500: S=0.097375±0.662744 | ETA: 15.8m
2025-11-03 16:49:36,213 |     [27/81] φ=0.2000: S=0.042703±0.684341 | ETA: 17.3m
2025-11-03 16:49:36,213 | 
Testing N=2003, r=286 (ρ=0.1428)
2025-11-03 16:49:36,213 |   L=4096...
2025-11-03 16:49:45,166 |     [30/81] φ=0.0020: S=0.226414±0.691026 | ETA: 16.2m
2025-11-03 16:50:00,076 |     [35/81] φ=0.1000: S=0.221949±0.675883 | ETA: 12.9m
2025-11-03 16:50:03,059 |     [36/81] φ=0.2000: S=0.208634±0.662165 | ETA: 12.3m
2025-11-03 16:50:03,060 |   L=16384...
