2025-11-03 16:50:10,155 | ======================================================================
2025-11-03 16:50:10,155 | T6-C1: VQE Term Grouping via VRA (PROPERLY FIXED)
2025-11-03 16:50:10,155 | ======================================================================
2025-11-03 16:50:10,155 | 
2025-11-03 16:50:10,155 | Configuration:
2025-11-03 16:50:10,155 |   Hamiltonian terms: 20
2025-11-03 16:50:10,155 |   Total shot budget: 10000
2025-11-03 16:50:10,155 |   Correlation structures: ['positive', 'mixed', 'blocks']
2025-11-03 16:50:10,155 |   Trials per structure: 100
2025-11-03 16:50:10,155 | 
2025-11-03 16:50:10,155 | 
Testing positive correlation structure...
2025-11-03 16:50:10,711 |   Trial 20/100
2025-11-03 16:50:11,291 |   Trial 40/100
2025-11-03 16:50:11,872 |   Trial 60/100
2025-11-03 16:50:12,452 |   Trial 80/100
2025-11-03 16:50:13,033 |   Trial 100/100
2025-11-03 16:50:13,063 | 
Testing mixed correlation structure...
2025-11-03 16:50:13,612 |   Trial 20/100
2025-11-03 16:50:14,193 |   Trial 40/100
2025-11-03 16:50:14,776 |   Trial 60/100
2025-11-03 16:50:15,358 |   Trial 80/100
2025-11-03 16:50:15,936 |   Trial 100/100
2025-11-03 16:50:15,966 | 
Testing blocks correlation structure...
2025-11-03 16:50:16,515 |   Trial 20/100
2025-11-03 16:50:17,092 |   Trial 40/100
2025-11-03 16:50:17,669 |   Trial 60/100
2025-11-03 16:50:18,248 |   Trial 80/100
2025-11-03 16:50:18,824 |   Trial 100/100
2025-11-03 16:50:18,852 | 
======================================================================
2025-11-03 16:50:18,852 | RESULTS
2025-11-03 16:50:18,853 | ======================================================================
2025-11-03 16:50:18,853 | 
POSITIVE Correlation Structure:
2025-11-03 16:50:18,853 |   Variance reduction from naive (%):
2025-11-03 16:50:18,853 |     Random:  98.8 ± 5.7
2025-11-03 16:50:18,853 |     VRA:     99.8 ± 0.2
2025-11-03 16:50:18,853 |     Optimal: 99.9 ± 0.1
2025-11-03 16:50:18,853 | 
MIXED Correlation Structure:
2025-11-03 16:50:18,853 |   Variance reduction from naive (%):
2025-11-03 16:50:18,853 |     Random:  98.7 ± 5.7
2025-11-03 16:50:18,853 |     VRA:     99.8 ± 0.2
2025-11-03 16:50:18,853 |     Optimal: 99.9 ± 0.1
2025-11-03 16:50:18,853 | 
BLOCKS Correlation Structure:
2025-11-03 16:50:18,853 |   Variance reduction from naive (%):
2025-11-03 16:50:18,853 |     Random:  98.9 ± 5.7
2025-11-03 16:50:18,853 |     VRA:     99.9 ± 0.1
2025-11-03 16:50:18,854 |     Optimal: 100.0 ± 0.0
2025-11-03 16:50:18,854 | 
======================================================================
2025-11-03 16:50:18,854 | VERDICT
2025-11-03 16:50:18,854 | ======================================================================
2025-11-03 16:50:18,854 | ✓ PASS: VRA grouping significantly reduces variance or is more consistent
2025-11-03 16:50:18,854 |   VRA std: 0.0058, Random std: 2.2118
2025-11-03 16:50:18,854 |   Mean improvement of VRA over random: 1.02%
2025-11-03 16:50:18,854 |   t-statistic: 3.10
2025-11-03 16:50:18,854 |   p-value: 0.0021
2025-11-03 16:50:18,854 | ======================================================================
2025-11-03 16:50:18,854 | 
Elapsed time: 8.7 seconds
2025-11-03 16:50:18,856 | Results saved: ../Data/T6C1_results_properly_fixed.json
2025-11-03 16:50:19,487 | 
Figure saved: ../Figures/T6C1_vqe_grouping_properly_fixed.png
2025-11-03 16:50:19,487 | 
======================================================================
2025-11-03 16:50:19,487 | Experiment T6-C1 (PROPERLY FIXED) complete!
2025-11-03 16:50:19,487 | ======================================================================
