2025-11-03 16:02:41,351 | ======================================================================
2025-11-03 16:02:41,351 | T6-C1: VQE Term Grouping via VRA (PROPERLY FIXED)
2025-11-03 16:02:41,351 | ======================================================================
2025-11-03 16:02:41,351 | 
2025-11-03 16:02:41,351 | Configuration:
2025-11-03 16:02:41,351 |   Hamiltonian terms: 20
2025-11-03 16:02:41,351 |   Total shot budget: 10000
2025-11-03 16:02:41,351 |   Correlation structures: ['positive', 'mixed', 'blocks']
2025-11-03 16:02:41,351 |   Trials per structure: 100
2025-11-03 16:02:41,351 | 
2025-11-03 16:02:41,351 | 
Testing positive correlation structure...
2025-11-03 16:02:41,910 |   Trial 20/100
2025-11-03 16:02:42,494 |   Trial 40/100
2025-11-03 16:02:43,106 |   Trial 60/100
2025-11-03 16:02:43,767 |   Trial 80/100
2025-11-03 16:02:44,458 |   Trial 100/100
2025-11-03 16:02:44,491 | 
Testing mixed correlation structure...
2025-11-03 16:02:45,144 |   Trial 20/100
2025-11-03 16:02:45,790 |   Trial 40/100
2025-11-03 16:02:46,503 |   Trial 60/100
2025-11-03 16:02:47,188 |   Trial 80/100
2025-11-03 16:02:47,887 |   Trial 100/100
2025-11-03 16:02:47,923 | 
Testing blocks correlation structure...
2025-11-03 16:02:48,569 |   Trial 20/100
2025-11-03 16:02:49,271 |   Trial 40/100
2025-11-03 16:02:49,880 |   Trial 60/100
2025-11-03 16:02:50,480 |   Trial 80/100
2025-11-03 16:02:51,080 |   Trial 100/100
2025-11-03 16:02:51,111 | 
======================================================================
2025-11-03 16:02:51,112 | RESULTS
2025-11-03 16:02:51,112 | ======================================================================
2025-11-03 16:02:51,112 | 
POSITIVE Correlation Structure:
2025-11-03 16:02:51,112 |   Variance reduction from naive (%):
2025-11-03 16:02:51,112 |     Random:  98.8 ± 5.7
2025-11-03 16:02:51,112 |     VRA:     99.8 ± 0.2
2025-11-03 16:02:51,112 |     Optimal: 99.9 ± 0.1
2025-11-03 16:02:51,112 | 
MIXED Correlation Structure:
2025-11-03 16:02:51,112 |   Variance reduction from naive (%):
2025-11-03 16:02:51,112 |     Random:  98.7 ± 5.7
2025-11-03 16:02:51,112 |     VRA:     99.8 ± 0.2
2025-11-03 16:02:51,112 |     Optimal: 99.9 ± 0.1
2025-11-03 16:02:51,112 | 
BLOCKS Correlation Structure:
2025-11-03 16:02:51,113 |   Variance reduction from naive (%):
2025-11-03 16:02:51,113 |     Random:  98.9 ± 5.7
2025-11-03 16:02:51,113 |     VRA:     99.9 ± 0.1
2025-11-03 16:02:51,113 |     Optimal: 100.0 ± 0.0
2025-11-03 16:02:51,113 | 
======================================================================
2025-11-03 16:02:51,113 | VERDICT
2025-11-03 16:02:51,113 | ======================================================================
2025-11-03 16:02:51,113 | ✓ PASS: VRA grouping significantly reduces variance or is more consistent
2025-11-03 16:02:51,113 |   VRA std: 0.0058, Random std: 2.2118
2025-11-03 16:02:51,113 |   Mean improvement of VRA over random: 1.02%
2025-11-03 16:02:51,113 |   t-statistic: 3.10
2025-11-03 16:02:51,113 |   p-value: 0.0021
2025-11-03 16:02:51,113 | ======================================================================
2025-11-03 16:02:51,114 | 
Elapsed time: 9.8 seconds
2025-11-03 16:02:51,116 | Results saved: ../Data/T6C1_results_properly_fixed.json
2025-11-03 16:02:51,741 | 
Figure saved: ../Figures/T6C1_vqe_grouping_properly_fixed.png
2025-11-03 16:02:51,741 | 
======================================================================
2025-11-03 16:02:51,741 | Experiment T6-C1 (PROPERLY FIXED) complete!
2025-11-03 16:02:51,741 | ======================================================================
