2025-10-31 12:42:20,533 | ======================================================================
2025-10-31 12:42:20,533 | T6-A1: Coherence-Incoherence Transition (GPU)
2025-10-31 12:42:20,533 | ======================================================================
2025-10-31 12:42:20,533 | Log: ../../Data/Experiments/Tier6/T6A1/T6A1_gpu_20251031_124220.log
2025-10-31 12:42:20,533 | GPU: Compute Capability 121
2025-10-31 12:42:20,533 | Starting GPU-accelerated experiment...
2025-10-31 12:42:20,533 | 
2025-10-31 12:42:20,533 | Configuration:
2025-10-31 12:42:20,533 |   N: [997, 2003, 4999]
2025-10-31 12:42:20,533 |   ρ targets: [0.1, 0.15, 0.2, 0.25, 0.3]
2025-10-31 12:42:20,533 |   M values: [16, 32, 64]
2025-10-31 12:42:20,533 |   L: 4096, samples: 20
2025-10-31 12:42:20,533 |   Total configs: 45
2025-10-31 12:42:20,533 | 
2025-10-31 12:42:20,533 | Finding orders for N=997...
2025-10-31 12:42:23,477 |   Found orders: [2, 3, 4, 6, 12, 83, 166, 249, 332, 498]...
2025-10-31 12:42:23,477 | [1/45] N=997, ρ=0.083 (r=83), M=16 | Elapsed: 0.0m | ETA: 2.2m
2025-10-31 12:42:39,735 |   Sample 5/20: R̄=0.2799
2025-10-31 12:42:54,688 |   Sample 10/20: R̄=0.2648
2025-10-31 12:43:09,611 |   Sample 15/20: R̄=0.2743
2025-10-31 12:43:24,433 |   Sample 20/20: R̄=0.2768
2025-10-31 12:43:24,433 |   → R̄ = 0.2768 ± 0.0861
2025-10-31 12:43:24,433 | [2/45] N=997, ρ=0.083 (r=83), M=32 | Elapsed: 1.1m | ETA: 22.9m
2025-10-31 12:43:39,453 |   Sample 5/20: R̄=0.1476
2025-10-31 12:43:54,513 |   Sample 10/20: R̄=0.1782
2025-10-31 12:44:09,463 |   Sample 15/20: R̄=0.1874
2025-10-31 12:44:24,607 |   Sample 20/20: R̄=0.1864
2025-10-31 12:44:24,607 |   → R̄ = 0.1864 ± 0.0827
2025-10-31 12:44:24,607 | [3/45] N=997, ρ=0.083 (r=83), M=64 | Elapsed: 2.1m | ETA: 29.0m
2025-10-31 12:44:40,067 |   Sample 5/20: R̄=0.2047
2025-10-31 12:44:55,340 |   Sample 10/20: R̄=0.1944
2025-10-31 12:45:10,551 |   Sample 15/20: R̄=0.1675
2025-10-31 12:45:25,773 |   Sample 20/20: R̄=0.1628
2025-10-31 12:45:25,773 |   → R̄ = 0.1628 ± 0.0645
2025-10-31 12:45:25,773 | [4/45] N=997, ρ=0.166 (r=166), M=16 | Elapsed: 3.1m | ETA: 31.6m
2025-10-31 12:45:40,737 |   Sample 5/20: R̄=0.2807
2025-10-31 12:45:55,627 |   Sample 10/20: R̄=0.2629
2025-10-31 12:46:10,495 |   Sample 15/20: R̄=0.2671
2025-10-31 12:46:25,311 |   Sample 20/20: R̄=0.2452
2025-10-31 12:46:25,311 |   → R̄ = 0.2452 ± 0.0854
2025-10-31 12:46:25,311 | [5/45] N=997, ρ=0.166 (r=166), M=32 | Elapsed: 4.1m | ETA: 32.6m
2025-10-31 12:46:40,276 |   Sample 5/20: R̄=0.1660
2025-10-31 12:46:55,262 |   Sample 10/20: R̄=0.1473
2025-10-31 12:47:10,316 |   Sample 15/20: R̄=0.1519
2025-10-31 12:47:25,415 |   Sample 20/20: R̄=0.1585
2025-10-31 12:47:25,415 |   → R̄ = 0.1585 ± 0.0577
2025-10-31 12:47:25,415 | [6/45] N=997, ρ=0.166 (r=166), M=64 | Elapsed: 5.1m | ETA: 33.0m
2025-10-31 12:47:40,712 |   Sample 5/20: R̄=0.1477
2025-10-31 12:47:56,016 |   Sample 10/20: R̄=0.1267
2025-10-31 12:48:11,302 |   Sample 15/20: R̄=0.1434
2025-10-31 12:48:26,566 |   Sample 20/20: R̄=0.1384
2025-10-31 12:48:26,566 |   → R̄ = 0.1384 ± 0.0459
2025-10-31 12:48:26,566 | [7/45] N=997, ρ=0.166 (r=166), M=16 | Elapsed: 6.1m | ETA: 33.1m
2025-10-31 12:48:41,527 |   Sample 5/20: R̄=0.2551
2025-10-31 12:48:56,495 |   Sample 10/20: R̄=0.2829
2025-10-31 12:49:11,414 |   Sample 15/20: R̄=0.2796
2025-10-31 12:49:26,371 |   Sample 20/20: R̄=0.2618
2025-10-31 12:49:26,371 |   → R̄ = 0.2618 ± 0.0927
2025-10-31 12:49:26,372 | [8/45] N=997, ρ=0.166 (r=166), M=32 | Elapsed: 7.1m | ETA: 32.8m
2025-10-31 12:49:41,415 |   Sample 5/20: R̄=0.1751
2025-10-31 12:49:56,316 |   Sample 10/20: R̄=0.1666
2025-10-31 12:50:11,309 |   Sample 15/20: R̄=0.1625
2025-10-31 12:50:26,274 |   Sample 20/20: R̄=0.1690
2025-10-31 12:50:26,274 |   → R̄ = 0.1690 ± 0.0537
2025-10-31 12:50:26,274 | [9/45] N=997, ρ=0.166 (r=166), M=64 | Elapsed: 8.1m | ETA: 32.4m
2025-10-31 12:50:41,492 |   Sample 5/20: R̄=0.1193
2025-10-31 12:50:57,084 |   Sample 10/20: R̄=0.1381
2025-10-31 12:51:12,539 |   Sample 15/20: R̄=0.1274
2025-10-31 12:51:28,202 |   Sample 20/20: R̄=0.1306
2025-10-31 12:51:28,203 |   → R̄ = 0.1306 ± 0.0601
2025-10-31 12:51:28,203 | [10/45] N=997, ρ=0.250 (r=249), M=16 | Elapsed: 9.1m | ETA: 31.9m
2025-10-31 12:51:43,322 |   Sample 5/20: R̄=0.2062
2025-10-31 12:51:58,399 |   Sample 10/20: R̄=0.2106
2025-10-31 12:52:13,663 |   Sample 15/20: R̄=0.2047
2025-10-31 12:52:28,866 |   Sample 20/20: R̄=0.2145
2025-10-31 12:52:28,867 |   → R̄ = 0.2145 ± 0.0634
2025-10-31 12:52:28,867 | [11/45] N=997, ρ=0.250 (r=249), M=32 | Elapsed: 10.1m | ETA: 31.3m
2025-10-31 12:52:44,083 |   Sample 5/20: R̄=0.1777
2025-10-31 12:52:59,360 |   Sample 10/20: R̄=0.1823
2025-10-31 12:53:14,557 |   Sample 15/20: R̄=0.1771
2025-10-31 12:53:29,559 |   Sample 20/20: R̄=0.1791
2025-10-31 12:53:29,559 |   → R̄ = 0.1791 ± 0.0478
2025-10-31 12:53:29,559 | [12/45] N=997, ρ=0.250 (r=249), M=64 | Elapsed: 11.2m | ETA: 30.7m
2025-10-31 12:53:44,935 |   Sample 5/20: R̄=0.1087
2025-10-31 12:54:00,425 |   Sample 10/20: R̄=0.1159
2025-10-31 12:54:15,648 |   Sample 15/20: R̄=0.1138
2025-10-31 12:54:30,953 |   Sample 20/20: R̄=0.1173
2025-10-31 12:54:30,953 |   → R̄ = 0.1173 ± 0.0301
2025-10-31 12:54:30,953 | [13/45] N=997, ρ=0.333 (r=332), M=16 | Elapsed: 12.2m | ETA: 30.0m
2025-10-31 12:54:45,832 |   Sample 5/20: R̄=0.2058
2025-10-31 12:55:00,837 |   Sample 10/20: R̄=0.2449
2025-10-31 12:55:15,902 |   Sample 15/20: R̄=0.2493
2025-10-31 12:55:30,831 |   Sample 20/20: R̄=0.2414
2025-10-31 12:55:30,831 |   → R̄ = 0.2414 ± 0.0680
2025-10-31 12:55:30,831 | [14/45] N=997, ρ=0.333 (r=332), M=32 | Elapsed: 13.2m | ETA: 29.2m
2025-10-31 12:55:45,836 |   Sample 5/20: R̄=0.1688
2025-10-31 12:56:00,818 |   Sample 10/20: R̄=0.1699
2025-10-31 12:56:15,895 |   Sample 15/20: R̄=0.1678
2025-10-31 12:56:31,076 |   Sample 20/20: R̄=0.1664
2025-10-31 12:56:31,076 |   → R̄ = 0.1664 ± 0.0455
2025-10-31 12:56:31,076 | [15/45] N=997, ρ=0.333 (r=332), M=64 | Elapsed: 14.2m | ETA: 28.4m
2025-10-31 12:56:46,362 |   Sample 5/20: R̄=0.1544
2025-10-31 12:57:01,514 |   Sample 10/20: R̄=0.1454
2025-10-31 12:57:16,891 |   Sample 15/20: R̄=0.1403
2025-10-31 12:57:32,159 |   Sample 20/20: R̄=0.1390
2025-10-31 12:57:32,159 |   → R̄ = 0.1390 ± 0.0335
2025-10-31 12:57:32,159 | Finding orders for N=2003...
2025-10-31 12:57:46,330 |   Found orders: [2, 7, 11, 13, 14, 22, 26, 77, 91, 143]...
2025-10-31 12:57:46,331 | [16/45] N=2003, ρ=0.091 (r=182), M=16 | Elapsed: 15.4m | ETA: 28.0m
2025-10-31 12:58:56,755 |   Sample 5/20: R̄=0.2216
2025-10-31 13:00:06,895 |   Sample 10/20: R̄=0.2230
2025-10-31 13:01:17,483 |   Sample 15/20: R̄=0.2230
2025-10-31 13:02:27,986 |   Sample 20/20: R̄=0.2211
2025-10-31 13:02:27,987 |   → R̄ = 0.2211 ± 0.0811
2025-10-31 13:02:27,987 | [17/45] N=2003, ρ=0.091 (r=182), M=32 | Elapsed: 20.1m | ETA: 33.1m
2025-10-31 13:03:38,228 |   Sample 5/20: R̄=0.1370
2025-10-31 13:04:48,649 |   Sample 10/20: R̄=0.1497
2025-10-31 13:05:59,481 |   Sample 15/20: R̄=0.1502
2025-10-31 13:07:10,074 |   Sample 20/20: R̄=0.1451
2025-10-31 13:07:10,074 |   → R̄ = 0.1451 ± 0.0460
2025-10-31 13:07:10,074 | [18/45] N=2003, ρ=0.091 (r=182), M=64 | Elapsed: 24.8m | ETA: 37.2m
2025-10-31 13:08:21,117 |   Sample 5/20: R̄=0.1275
2025-10-31 13:09:32,213 |   Sample 10/20: R̄=0.1227
2025-10-31 13:10:43,511 |   Sample 15/20: R̄=0.1236
2025-10-31 13:11:54,519 |   Sample 20/20: R̄=0.1226
2025-10-31 13:11:54,519 |   → R̄ = 0.1226 ± 0.0411
2025-10-31 13:11:54,519 | [19/45] N=2003, ρ=0.143 (r=286), M=16 | Elapsed: 29.6m | ETA: 40.5m
2025-10-31 13:13:04,864 |   Sample 5/20: R̄=0.2480
2025-10-31 13:14:15,322 |   Sample 10/20: R̄=0.2607
2025-10-31 13:15:25,361 |   Sample 15/20: R̄=0.2430
2025-10-31 13:16:36,053 |   Sample 20/20: R̄=0.2485
2025-10-31 13:16:36,054 |   → R̄ = 0.2485 ± 0.0689
2025-10-31 13:16:36,054 | [20/45] N=2003, ρ=0.143 (r=286), M=32 | Elapsed: 34.3m | ETA: 42.8m
2025-10-31 13:17:46,505 |   Sample 5/20: R̄=0.1549
2025-10-31 13:18:56,837 |   Sample 10/20: R̄=0.1621
2025-10-31 13:20:07,197 |   Sample 15/20: R̄=0.1560
2025-10-31 13:21:17,238 |   Sample 20/20: R̄=0.1607
2025-10-31 13:21:17,238 |   → R̄ = 0.1607 ± 0.0362
2025-10-31 13:21:17,238 | [21/45] N=2003, ρ=0.143 (r=286), M=64 | Elapsed: 38.9m | ETA: 44.5m
2025-10-31 13:22:27,796 |   Sample 5/20: R̄=0.1327
2025-10-31 13:23:38,440 |   Sample 10/20: R̄=0.1286
2025-10-31 13:24:49,305 |   Sample 15/20: R̄=0.1262
2025-10-31 13:26:00,368 |   Sample 20/20: R̄=0.1241
2025-10-31 13:26:00,369 |   → R̄ = 0.1241 ± 0.0246
2025-10-31 13:26:00,369 | [22/45] N=2003, ρ=0.143 (r=286), M=16 | Elapsed: 43.7m | ETA: 45.6m
2025-10-31 13:27:10,899 |   Sample 5/20: R̄=0.2126
2025-10-31 13:28:21,355 |   Sample 10/20: R̄=0.2153
2025-10-31 13:29:31,627 |   Sample 15/20: R̄=0.2003
2025-10-31 13:30:41,658 |   Sample 20/20: R̄=0.1981
2025-10-31 13:30:41,658 |   → R̄ = 0.1981 ± 0.0547
2025-10-31 13:30:41,658 | [23/45] N=2003, ρ=0.143 (r=286), M=32 | Elapsed: 48.4m | ETA: 46.2m
2025-10-31 13:31:52,086 |   Sample 5/20: R̄=0.1476
2025-10-31 13:33:02,803 |   Sample 10/20: R̄=0.1481
2025-10-31 13:34:14,059 |   Sample 15/20: R̄=0.1478
2025-10-31 13:35:24,466 |   Sample 20/20: R̄=0.1624
2025-10-31 13:35:24,466 |   → R̄ = 0.1624 ± 0.0487
2025-10-31 13:35:24,466 | [24/45] N=2003, ρ=0.143 (r=286), M=64 | Elapsed: 53.1m | ETA: 46.4m
2025-10-31 13:36:36,277 |   Sample 5/20: R̄=0.1168
2025-10-31 13:37:48,481 |   Sample 10/20: R̄=0.1272
2025-10-31 13:38:59,554 |   Sample 15/20: R̄=0.1291
2025-10-31 13:40:10,054 |   Sample 20/20: R̄=0.1331
2025-10-31 13:40:10,054 |   → R̄ = 0.1331 ± 0.0385
2025-10-31 13:40:10,055 | [25/45] N=2003, ρ=0.143 (r=286), M=16 | Elapsed: 57.8m | ETA: 46.3m
2025-10-31 13:41:21,179 |   Sample 5/20: R̄=0.2177
2025-10-31 13:42:31,432 |   Sample 10/20: R̄=0.2159
2025-10-31 13:43:41,472 |   Sample 15/20: R̄=0.2552
2025-10-31 13:44:51,973 |   Sample 20/20: R̄=0.2455
2025-10-31 13:44:51,973 |   → R̄ = 0.2455 ± 0.0891
2025-10-31 13:44:51,973 | [26/45] N=2003, ρ=0.143 (r=286), M=32 | Elapsed: 62.5m | ETA: 45.7m
2025-10-31 13:46:02,467 |   Sample 5/20: R̄=0.1488
2025-10-31 13:47:12,670 |   Sample 10/20: R̄=0.1569
2025-10-31 13:48:23,089 |   Sample 15/20: R̄=0.1730
2025-10-31 13:49:33,609 |   Sample 20/20: R̄=0.1750
2025-10-31 13:49:33,609 |   → R̄ = 0.1750 ± 0.0515
2025-10-31 13:49:33,609 | [27/45] N=2003, ρ=0.143 (r=286), M=64 | Elapsed: 67.2m | ETA: 44.8m
2025-10-31 13:50:43,867 |   Sample 5/20: R̄=0.1379
2025-10-31 13:51:54,435 |   Sample 10/20: R̄=0.1218
2025-10-31 13:53:04,737 |   Sample 15/20: R̄=0.1271
2025-10-31 13:54:15,237 |   Sample 20/20: R̄=0.1315
2025-10-31 13:54:15,237 |   → R̄ = 0.1315 ± 0.0343
2025-10-31 13:54:15,237 | Skipping ρ=0.30 for N=2003 (no close order)
2025-10-31 13:54:15,237 | Finding orders for N=4999...
2025-10-31 13:54:18,921 |   Found orders: [2, 3, 7, 14, 17, 21, 34, 42, 49, 51]...
2025-10-31 13:54:18,921 | [28/45] N=4999, ρ=0.071 (r=357), M=16 | Elapsed: 72.0m | ETA: 43.7m
2025-10-31 13:54:32,658 |   Sample 5/20: R̄=0.2671
2025-10-31 13:54:45,407 |   Sample 10/20: R̄=0.2528
2025-10-31 13:54:56,918 |   Sample 15/20: R̄=0.2609
2025-10-31 13:55:04,807 |   Sample 20/20: R̄=0.2483
2025-10-31 13:55:04,807 |   → R̄ = 0.2483 ± 0.0567
2025-10-31 13:55:04,807 | [29/45] N=4999, ρ=0.071 (r=357), M=32 | Elapsed: 72.7m | ETA: 40.1m
2025-10-31 13:55:17,141 |   Sample 5/20: R̄=0.1777
2025-10-31 13:55:33,129 |   Sample 10/20: R̄=0.2006
2025-10-31 13:55:46,470 |   Sample 15/20: R̄=0.2001
2025-10-31 13:56:00,149 |   Sample 20/20: R̄=0.1992
2025-10-31 13:56:00,149 |   → R̄ = 0.1992 ± 0.0564
2025-10-31 13:56:00,149 | [30/45] N=4999, ρ=0.071 (r=357), M=64 | Elapsed: 73.7m | ETA: 36.8m
2025-10-31 13:56:12,478 |   Sample 5/20: R̄=0.1318
2025-10-31 13:56:23,848 |   Sample 10/20: R̄=0.1544
2025-10-31 13:56:36,876 |   Sample 15/20: R̄=0.1518
2025-10-31 13:56:56,177 |   Sample 20/20: R̄=0.1565
2025-10-31 13:56:56,177 |   → R̄ = 0.1565 ± 0.0365
2025-10-31 13:56:56,177 | [31/45] N=4999, ρ=0.143 (r=714), M=16 | Elapsed: 74.6m | ETA: 33.7m
2025-10-31 13:57:04,353 |   Sample 5/20: R̄=0.2253
2025-10-31 13:57:15,855 |   Sample 10/20: R̄=0.2515
2025-10-31 13:57:24,232 |   Sample 15/20: R̄=0.2496
2025-10-31 13:57:40,070 |   Sample 20/20: R̄=0.2542
2025-10-31 13:57:40,070 |   → R̄ = 0.2542 ± 0.0460
2025-10-31 13:57:40,071 | [32/45] N=4999, ρ=0.143 (r=714), M=32 | Elapsed: 75.3m | ETA: 30.6m
2025-10-31 13:57:59,166 |   Sample 5/20: R̄=0.1782
2025-10-31 13:58:17,115 |   Sample 10/20: R̄=0.1770
2025-10-31 13:58:28,863 |   Sample 15/20: R̄=0.1833
2025-10-31 13:58:40,122 |   Sample 20/20: R̄=0.1889
2025-10-31 13:58:40,122 |   → R̄ = 0.1889 ± 0.0227
2025-10-31 13:58:40,122 | [33/45] N=4999, ρ=0.143 (r=714), M=64 | Elapsed: 76.3m | ETA: 27.8m
2025-10-31 13:58:53,428 |   Sample 5/20: R̄=0.1441
2025-10-31 13:59:09,890 |   Sample 10/20: R̄=0.1466
2025-10-31 13:59:23,237 |   Sample 15/20: R̄=0.1586
2025-10-31 13:59:37,641 |   Sample 20/20: R̄=0.1561
2025-10-31 13:59:37,641 |   → R̄ = 0.1561 ± 0.0278
2025-10-31 13:59:37,641 | [34/45] N=4999, ρ=0.167 (r=833), M=16 | Elapsed: 77.3m | ETA: 25.0m
2025-10-31 13:59:49,549 |   Sample 5/20: R̄=0.2299
2025-10-31 13:59:59,131 |   Sample 10/20: R̄=0.2266
2025-10-31 14:00:12,582 |   Sample 15/20: R̄=0.2210
2025-10-31 14:00:22,330 |   Sample 20/20: R̄=0.2301
2025-10-31 14:00:22,330 |   → R̄ = 0.2301 ± 0.0345
2025-10-31 14:00:22,330 | [35/45] N=4999, ρ=0.167 (r=833), M=32 | Elapsed: 78.0m | ETA: 22.3m
2025-10-31 14:00:34,199 |   Sample 5/20: R̄=0.1685
2025-10-31 14:00:46,576 |   Sample 10/20: R̄=0.1554
2025-10-31 14:00:57,703 |   Sample 15/20: R̄=0.1552
2025-10-31 14:01:06,217 |   Sample 20/20: R̄=0.1612
2025-10-31 14:01:06,217 |   → R̄ = 0.1612 ± 0.0238
2025-10-31 14:01:06,217 | [36/45] N=4999, ρ=0.167 (r=833), M=64 | Elapsed: 78.8m | ETA: 19.7m
2025-10-31 14:01:22,229 |   Sample 5/20: R̄=0.1210
2025-10-31 14:01:49,363 |   Sample 10/20: R̄=0.1133
2025-10-31 14:01:59,277 |   Sample 15/20: R̄=0.1153
2025-10-31 14:02:17,593 |   Sample 20/20: R̄=0.1181
2025-10-31 14:02:17,593 |   → R̄ = 0.1181 ± 0.0210
2025-10-31 14:02:17,593 | [37/45] N=4999, ρ=0.167 (r=833), M=16 | Elapsed: 80.0m | ETA: 17.3m
2025-10-31 14:02:26,572 |   Sample 5/20: R̄=0.2284
2025-10-31 14:02:36,475 |   Sample 10/20: R̄=0.2325
2025-10-31 14:02:46,773 |   Sample 15/20: R̄=0.2269
2025-10-31 14:02:58,881 |   Sample 20/20: R̄=0.2257
2025-10-31 14:02:58,882 |   → R̄ = 0.2257 ± 0.0285
2025-10-31 14:02:58,882 | [38/45] N=4999, ρ=0.167 (r=833), M=32 | Elapsed: 80.6m | ETA: 14.9m
2025-10-31 14:03:14,030 |   Sample 5/20: R̄=0.1556
2025-10-31 14:03:25,800 |   Sample 10/20: R̄=0.1614
2025-10-31 14:03:41,916 |   Sample 15/20: R̄=0.1632
2025-10-31 14:03:57,327 |   Sample 20/20: R̄=0.1619
2025-10-31 14:03:57,327 |   → R̄ = 0.1619 ± 0.0250
2025-10-31 14:03:57,327 | [39/45] N=4999, ρ=0.167 (r=833), M=64 | Elapsed: 81.6m | ETA: 12.6m
2025-10-31 14:04:10,401 |   Sample 5/20: R̄=0.1190
2025-10-31 14:04:23,588 |   Sample 10/20: R̄=0.1232
2025-10-31 14:04:38,635 |   Sample 15/20: R̄=0.1197
2025-10-31 14:04:55,823 |   Sample 20/20: R̄=0.1200
2025-10-31 14:04:55,823 |   → R̄ = 0.1200 ± 0.0139
2025-10-31 14:04:55,823 | [40/45] N=4999, ρ=0.333 (r=1666), M=16 | Elapsed: 82.6m | ETA: 10.3m
2025-10-31 14:05:12,710 |   Sample 5/20: R̄=0.2150
2025-10-31 14:05:26,016 |   Sample 10/20: R̄=0.2210
2025-10-31 14:05:38,146 |   Sample 15/20: R̄=0.2189
2025-10-31 14:05:51,149 |   Sample 20/20: R̄=0.2209
2025-10-31 14:05:51,149 |   → R̄ = 0.2209 ± 0.0261
2025-10-31 14:05:51,149 | [41/45] N=4999, ρ=0.333 (r=1666), M=32 | Elapsed: 83.5m | ETA: 8.1m
2025-10-31 14:05:59,386 |   Sample 5/20: R̄=0.1519
2025-10-31 14:06:11,649 |   Sample 10/20: R̄=0.1560
2025-10-31 14:06:27,176 |   Sample 15/20: R̄=0.1621
2025-10-31 14:06:36,965 |   Sample 20/20: R̄=0.1607
2025-10-31 14:06:36,965 |   → R̄ = 0.1607 ± 0.0193
2025-10-31 14:06:36,965 | [42/45] N=4999, ρ=0.333 (r=1666), M=64 | Elapsed: 84.3m | ETA: 6.0m
2025-10-31 14:06:49,980 |   Sample 5/20: R̄=0.1155
2025-10-31 14:06:58,861 |   Sample 10/20: R̄=0.1164
2025-10-31 14:07:12,636 |   Sample 15/20: R̄=0.1169
2025-10-31 14:07:24,706 |   Sample 20/20: R̄=0.1167
2025-10-31 14:07:24,706 |   → R̄ = 0.1167 ± 0.0122
2025-10-31 14:07:24,706 | 
Elapsed: 5104.2s (85.1m)
2025-10-31 14:07:24,707 | Data: ../../Data/Experiments/Tier6/T6A1/T6A1_gpu_results.json
2025-10-31 14:07:25,186 | Figure: ../../Figures/experiments/Tier6/T6A1/T6A1_gpu_summary.png
2025-10-31 14:07:25,186 | 
2025-10-31 14:07:25,186 | ======================================================================
2025-10-31 14:07:25,186 | T6-A1 GPU COMPLETE!
2025-10-31 14:07:25,186 | ======================================================================
2025-10-31 14:07:25,186 | Overall R̄: 0.1805 ± 0.0699
2025-10-31 14:07:25,186 | Target: 0.137
2025-10-31 14:07:25,186 | Deviation: 0.0435
2025-10-31 14:07:25,186 | Verdict: PASS
2025-10-31 14:07:25,186 | ======================================================================
