2025-10-31 16:48:50,079 | ======================================================================
2025-10-31 16:48:50,079 | T6-A1b: exp(-2) Convergence Validation (GPU)
2025-10-31 16:48:50,079 | ======================================================================
2025-10-31 16:48:50,079 | Log: ../../Data/Experiments/Tier6/T6A1b/T6A1b_gpu_20251031_164850.log
2025-10-31 16:48:50,082 | GPU: NVIDIA GB10 (CC 121)
2025-10-31 16:48:50,082 | Starting exp(-2) convergence validation...
2025-10-31 16:48:50,082 | System: N=12289, r=3072, ρ=0.249980
2025-10-31 16:48:50,082 | Aggregator: topk, topk=32, p=2.0, perc=None
2025-10-31 16:48:50,082 | 
2025-10-31 16:48:50,082 | OBJECTIVE: Validate R̄ → exp(-2) = 0.1353352832... as M → ∞
2025-10-31 16:48:50,082 | 
2025-10-31 16:48:50,082 | Configuration:
2025-10-31 16:48:50,082 |   N: 12289
2025-10-31 16:48:50,082 |   r_target: 3072
2025-10-31 16:48:50,082 |   ρ: 0.2500
2025-10-31 16:48:50,082 |   M values: [128, 256, 512]
2025-10-31 16:48:50,082 |   L: 24576 (L/r = 8), trials: 30
2025-10-31 16:48:50,082 |   Noise σ: 0.0
2025-10-31 16:48:50,082 |   Aggregator: topk, topk=32, p=2.0
2025-10-31 16:48:50,082 |   Target: exp(-2) = 0.1353352832
2025-10-31 16:48:50,082 | 
2025-10-31 16:48:50,082 | Finding 1024 bases with order 3072...
2025-10-31 16:48:50,082 |   Primitive root g=11, h=(N-1)/r=4
2025-10-31 16:48:50,082 |   Using deterministic primitive root construction...
2025-10-31 16:48:50,084 |   Found 1024 bases
2025-10-31 16:48:50,084 |   First 10 bases: [9207, 2888, 8504, 4672, 2250, 2802, 754, 10122, 3311, 4622]
2025-10-31 16:48:50,084 |   Verification: These should be of form g^(h*t) mod N where gcd(t,r)=1
2025-10-31 16:48:50,084 | 
============================================================
2025-10-31 16:48:50,084 | Testing M = 128
2025-10-31 16:48:50,084 | ============================================================
2025-10-31 16:48:53,237 |     R̄: Ungated=0.095090 | Top-32=0.087225 | Weighted(p=2.0)=0.094827 | RETURNING=Top-32=0.087225
2025-10-31 16:48:56,309 |     R̄: Ungated=0.096457 | Top-32=0.103558 | Weighted(p=2.0)=0.098904 | RETURNING=Top-32=0.103558
2025-10-31 16:48:59,355 |     R̄: Ungated=0.090612 | Top-32=0.103178 | Weighted(p=2.0)=0.094406 | RETURNING=Top-32=0.103178
2025-10-31 16:49:02,410 |     R̄: Ungated=0.096494 | Top-32=0.100110 | Weighted(p=2.0)=0.098284 | RETURNING=Top-32=0.100110
2025-10-31 16:49:05,410 |     R̄: Ungated=0.105387 | Top-32=0.118976 | Weighted(p=2.0)=0.108155 | RETURNING=Top-32=0.118976
2025-10-31 16:49:05,436 |   [5/90] Trial 5/30 | R̄=0.102609 (error: 24.18%) | Elapsed: 0.2m | ETA: 3.5m
2025-10-31 16:49:08,437 |     R̄: Ungated=0.094322 | Top-32=0.095497 | Weighted(p=2.0)=0.097013 | RETURNING=Top-32=0.095497
2025-10-31 16:49:11,502 |     R̄: Ungated=0.101226 | Top-32=0.098573 | Weighted(p=2.0)=0.101831 | RETURNING=Top-32=0.098573
2025-10-31 16:49:14,556 |     R̄: Ungated=0.093630 | Top-32=0.098607 | Weighted(p=2.0)=0.096546 | RETURNING=Top-32=0.098607
2025-10-31 16:49:17,579 |     R̄: Ungated=0.090121 | Top-32=0.095689 | Weighted(p=2.0)=0.091234 | RETURNING=Top-32=0.095689
2025-10-31 16:49:20,613 |     R̄: Ungated=0.093288 | Top-32=0.097320 | Weighted(p=2.0)=0.093747 | RETURNING=Top-32=0.097320
2025-10-31 16:49:20,639 |   [10/90] Trial 10/30 | R̄=0.099873 (error: 26.20%) | Elapsed: 0.5m | ETA: 3.7m
2025-10-31 16:49:23,668 |     R̄: Ungated=0.101023 | Top-32=0.097761 | Weighted(p=2.0)=0.103087 | RETURNING=Top-32=0.097761
2025-10-31 16:49:26,718 |     R̄: Ungated=0.099751 | Top-32=0.099865 | Weighted(p=2.0)=0.101104 | RETURNING=Top-32=0.099865
2025-10-31 16:49:29,759 |     R̄: Ungated=0.088851 | Top-32=0.091016 | Weighted(p=2.0)=0.090215 | RETURNING=Top-32=0.091016
2025-10-31 16:49:32,803 |     R̄: Ungated=0.099712 | Top-32=0.102133 | Weighted(p=2.0)=0.101973 | RETURNING=Top-32=0.102133
2025-10-31 16:49:35,843 |     R̄: Ungated=0.084088 | Top-32=0.089108 | Weighted(p=2.0)=0.085613 | RETURNING=Top-32=0.089108
2025-10-31 16:49:35,868 |   [15/90] Trial 15/30 | R̄=0.098574 (error: 27.16%) | Elapsed: 0.7m | ETA: 3.6m
2025-10-31 16:49:38,870 |     R̄: Ungated=0.085274 | Top-32=0.085932 | Weighted(p=2.0)=0.085947 | RETURNING=Top-32=0.085932
2025-10-31 16:49:41,907 |     R̄: Ungated=0.107569 | Top-32=0.111246 | Weighted(p=2.0)=0.108960 | RETURNING=Top-32=0.111246
2025-10-31 16:49:44,935 |     R̄: Ungated=0.096872 | Top-32=0.095177 | Weighted(p=2.0)=0.097911 | RETURNING=Top-32=0.095177
2025-10-31 16:49:47,978 |     R̄: Ungated=0.096461 | Top-32=0.097280 | Weighted(p=2.0)=0.097245 | RETURNING=Top-32=0.097280
2025-10-31 16:49:51,017 |     R̄: Ungated=0.100972 | Top-32=0.094110 | Weighted(p=2.0)=0.102090 | RETURNING=Top-32=0.094110
2025-10-31 16:49:51,040 |   [20/90] Trial 20/30 | R̄=0.098118 (error: 27.50%) | Elapsed: 1.0m | ETA: 3.4m
2025-10-31 16:49:54,033 |     R̄: Ungated=0.083596 | Top-32=0.085621 | Weighted(p=2.0)=0.084343 | RETURNING=Top-32=0.085621
2025-10-31 16:49:57,048 |     R̄: Ungated=0.094361 | Top-32=0.103620 | Weighted(p=2.0)=0.095703 | RETURNING=Top-32=0.103620
2025-10-31 16:50:00,072 |     R̄: Ungated=0.109329 | Top-32=0.121467 | Weighted(p=2.0)=0.110943 | RETURNING=Top-32=0.121467
2025-10-31 16:50:03,094 |     R̄: Ungated=0.093235 | Top-32=0.095768 | Weighted(p=2.0)=0.094067 | RETURNING=Top-32=0.095768
2025-10-31 16:50:06,181 |     R̄: Ungated=0.103774 | Top-32=0.107190 | Weighted(p=2.0)=0.104463 | RETURNING=Top-32=0.107190
2025-10-31 16:50:06,205 |   [25/90] Trial 25/30 | R̄=0.099041 (error: 26.82%) | Elapsed: 1.2m | ETA: 3.2m
2025-10-31 16:50:09,180 |     R̄: Ungated=0.102686 | Top-32=0.105710 | Weighted(p=2.0)=0.104184 | RETURNING=Top-32=0.105710
2025-10-31 16:50:12,211 |     R̄: Ungated=0.093914 | Top-32=0.101971 | Weighted(p=2.0)=0.096350 | RETURNING=Top-32=0.101971
2025-10-31 16:50:15,240 |     R̄: Ungated=0.089714 | Top-32=0.097739 | Weighted(p=2.0)=0.091589 | RETURNING=Top-32=0.097739
