2025-10-31 16:52:22,112 | ======================================================================
2025-10-31 16:52:22,112 | T6-A1b: exp(-2) Convergence Validation (GPU)
2025-10-31 16:52:22,112 | ======================================================================
2025-10-31 16:52:22,112 | Log: ../../Data/Experiments/Tier6/T6A1b/T6A1b_gpu_20251031_165222.log
2025-10-31 16:52:22,115 | GPU: NVIDIA GB10 (CC 121)
2025-10-31 16:52:22,115 | Starting exp(-2) convergence validation...
2025-10-31 16:52:22,115 | System: N=12289, r=3072, ρ=0.249980
2025-10-31 16:52:22,115 | Aggregator: topk, topk=32, p=2.0, perc=None
2025-10-31 16:52:22,115 | 
2025-10-31 16:52:22,115 | OBJECTIVE: Validate R̄ → exp(-2) = 0.1353352832... as M → ∞
2025-10-31 16:52:22,115 | 
2025-10-31 16:52:22,115 | Configuration:
2025-10-31 16:52:22,115 |   N: 12289
2025-10-31 16:52:22,115 |   r_target: 3072
2025-10-31 16:52:22,115 |   ρ: 0.2500
2025-10-31 16:52:22,115 |   M values: [128, 256, 512]
2025-10-31 16:52:22,115 |   L: 24576 (L/r = 8), trials: 30
2025-10-31 16:52:22,115 |   Noise σ: 0.0
2025-10-31 16:52:22,115 |   Aggregator: topk, topk=32, p=2.0
2025-10-31 16:52:22,115 |   Target: exp(-2) = 0.1353352832
2025-10-31 16:52:22,115 | 
2025-10-31 16:52:22,115 | Finding 1024 bases with order 3072...
2025-10-31 16:52:22,115 |   Primitive root g=11, h=(N-1)/r=4
2025-10-31 16:52:22,115 |   Using deterministic primitive root construction...
2025-10-31 16:52:22,117 |   Found 1024 bases
2025-10-31 16:52:22,117 |   First 10 bases: [9207, 2888, 8504, 4672, 2250, 2802, 754, 10122, 3311, 4622]
2025-10-31 16:52:22,117 |   Verification: These should be of form g^(h*t) mod N where gcd(t,r)=1
2025-10-31 16:52:22,117 | 
============================================================
2025-10-31 16:52:22,117 | Testing M = 128
2025-10-31 16:52:22,117 | ============================================================
2025-10-31 16:52:25,188 |     R̄: Ungated=0.095090 | Top-32=0.087225 | Weighted(p=2.0)=0.094827 | RETURNING=Top-32=0.087225
2025-10-31 16:52:28,126 |     R̄: Ungated=0.096457 | Top-32=0.103558 | Weighted(p=2.0)=0.098904 | RETURNING=Top-32=0.103558
2025-10-31 16:52:31,066 |     R̄: Ungated=0.090612 | Top-32=0.103178 | Weighted(p=2.0)=0.094406 | RETURNING=Top-32=0.103178
2025-10-31 16:52:34,010 |     R̄: Ungated=0.096494 | Top-32=0.100110 | Weighted(p=2.0)=0.098284 | RETURNING=Top-32=0.100110
2025-10-31 16:52:36,946 |     R̄: Ungated=0.105387 | Top-32=0.118976 | Weighted(p=2.0)=0.108155 | RETURNING=Top-32=0.118976
2025-10-31 16:52:36,971 |   [5/90] Trial 5/30 | R̄=0.102609 (error: 24.18%) | Elapsed: 0.2m | ETA: 3.4m
2025-10-31 16:52:39,881 |     R̄: Ungated=0.094322 | Top-32=0.095497 | Weighted(p=2.0)=0.097013 | RETURNING=Top-32=0.095497
2025-10-31 16:52:42,826 |     R̄: Ungated=0.101226 | Top-32=0.098573 | Weighted(p=2.0)=0.101831 | RETURNING=Top-32=0.098573
2025-10-31 16:52:45,739 |     R̄: Ungated=0.093630 | Top-32=0.098607 | Weighted(p=2.0)=0.096546 | RETURNING=Top-32=0.098607
2025-10-31 16:52:48,683 |     R̄: Ungated=0.090121 | Top-32=0.095689 | Weighted(p=2.0)=0.091234 | RETURNING=Top-32=0.095689
2025-10-31 16:52:51,591 |     R̄: Ungated=0.093288 | Top-32=0.097320 | Weighted(p=2.0)=0.093747 | RETURNING=Top-32=0.097320
2025-10-31 16:52:51,616 |   [10/90] Trial 10/30 | R̄=0.099873 (error: 26.20%) | Elapsed: 0.4m | ETA: 3.5m
2025-10-31 16:52:54,545 |     R̄: Ungated=0.101023 | Top-32=0.097761 | Weighted(p=2.0)=0.103087 | RETURNING=Top-32=0.097761
2025-10-31 16:52:57,486 |     R̄: Ungated=0.099751 | Top-32=0.099865 | Weighted(p=2.0)=0.101104 | RETURNING=Top-32=0.099865
2025-10-31 16:53:00,450 |     R̄: Ungated=0.088851 | Top-32=0.091016 | Weighted(p=2.0)=0.090215 | RETURNING=Top-32=0.091016
2025-10-31 16:53:03,424 |     R̄: Ungated=0.099712 | Top-32=0.102133 | Weighted(p=2.0)=0.101973 | RETURNING=Top-32=0.102133
2025-10-31 16:53:06,418 |     R̄: Ungated=0.084088 | Top-32=0.089108 | Weighted(p=2.0)=0.085613 | RETURNING=Top-32=0.089108
2025-10-31 16:53:06,443 |   [15/90] Trial 15/30 | R̄=0.098574 (error: 27.16%) | Elapsed: 0.7m | ETA: 3.4m
2025-10-31 16:53:09,418 |     R̄: Ungated=0.085274 | Top-32=0.085932 | Weighted(p=2.0)=0.085947 | RETURNING=Top-32=0.085932
2025-10-31 16:53:12,338 |     R̄: Ungated=0.107569 | Top-32=0.111246 | Weighted(p=2.0)=0.108960 | RETURNING=Top-32=0.111246
2025-10-31 16:53:15,265 |     R̄: Ungated=0.096872 | Top-32=0.095177 | Weighted(p=2.0)=0.097911 | RETURNING=Top-32=0.095177
2025-10-31 16:53:18,230 |     R̄: Ungated=0.096461 | Top-32=0.097280 | Weighted(p=2.0)=0.097245 | RETURNING=Top-32=0.097280
2025-10-31 16:53:21,159 |     R̄: Ungated=0.100972 | Top-32=0.094110 | Weighted(p=2.0)=0.102090 | RETURNING=Top-32=0.094110
2025-10-31 16:53:21,184 |   [20/90] Trial 20/30 | R̄=0.098118 (error: 27.50%) | Elapsed: 0.9m | ETA: 3.3m
2025-10-31 16:53:24,157 |     R̄: Ungated=0.083596 | Top-32=0.085621 | Weighted(p=2.0)=0.084343 | RETURNING=Top-32=0.085621
2025-10-31 16:53:27,106 |     R̄: Ungated=0.094361 | Top-32=0.103620 | Weighted(p=2.0)=0.095703 | RETURNING=Top-32=0.103620
2025-10-31 16:53:30,138 |     R̄: Ungated=0.109329 | Top-32=0.121467 | Weighted(p=2.0)=0.110943 | RETURNING=Top-32=0.121467
2025-10-31 16:53:33,101 |     R̄: Ungated=0.093235 | Top-32=0.095768 | Weighted(p=2.0)=0.094067 | RETURNING=Top-32=0.095768
2025-10-31 16:53:36,060 |     R̄: Ungated=0.103774 | Top-32=0.107190 | Weighted(p=2.0)=0.104463 | RETURNING=Top-32=0.107190
2025-10-31 16:53:36,084 |   [25/90] Trial 25/30 | R̄=0.099041 (error: 26.82%) | Elapsed: 1.2m | ETA: 3.1m
2025-10-31 16:53:38,989 |     R̄: Ungated=0.102686 | Top-32=0.105710 | Weighted(p=2.0)=0.104184 | RETURNING=Top-32=0.105710
2025-10-31 16:53:41,954 |     R̄: Ungated=0.093914 | Top-32=0.101971 | Weighted(p=2.0)=0.096350 | RETURNING=Top-32=0.101971
2025-10-31 16:53:44,917 |     R̄: Ungated=0.089714 | Top-32=0.097739 | Weighted(p=2.0)=0.091589 | RETURNING=Top-32=0.097739
2025-10-31 16:53:47,875 |     R̄: Ungated=0.100133 | Top-32=0.109871 | Weighted(p=2.0)=0.102375 | RETURNING=Top-32=0.109871
2025-10-31 16:53:50,816 |     R̄: Ungated=0.100084 | Top-32=0.102566 | Weighted(p=2.0)=0.102463 | RETURNING=Top-32=0.102566
2025-10-31 16:53:50,839 |   [30/90] Trial 30/30 | R̄=0.099796 (error: 26.26%) | Elapsed: 1.4m | ETA: 2.9m
2025-10-31 16:53:50,839 | 
  M=128 → R̄ = 0.099796 ± 0.008346
2025-10-31 16:53:50,839 |   Δ from exp(-2): -0.035539 (+26.26%)
2025-10-31 16:53:50,839 | 
============================================================
2025-10-31 16:53:50,839 | Testing M = 256
2025-10-31 16:53:50,839 | ============================================================
2025-10-31 16:53:56,709 |     R̄: Ungated=0.076917 | Top-32=0.073084 | Weighted(p=2.0)=0.078645 | RETURNING=Top-32=0.073084
2025-10-31 16:54:02,747 |     R̄: Ungated=0.074386 | Top-32=0.086205 | Weighted(p=2.0)=0.076249 | RETURNING=Top-32=0.086205
2025-10-31 16:54:08,843 |     R̄: Ungated=0.076001 | Top-32=0.074232 | Weighted(p=2.0)=0.077416 | RETURNING=Top-32=0.074232
2025-10-31 16:54:14,770 |     R̄: Ungated=0.069900 | Top-32=0.073854 | Weighted(p=2.0)=0.071039 | RETURNING=Top-32=0.073854
2025-10-31 16:54:20,692 |     R̄: Ungated=0.075484 | Top-32=0.076339 | Weighted(p=2.0)=0.077047 | RETURNING=Top-32=0.076339
2025-10-31 16:54:20,740 |   [35/90] Trial 5/30 | R̄=0.076743 (error: 43.29%) | Elapsed: 1.9m | ETA: 3.0m
2025-10-31 16:54:26,618 |     R̄: Ungated=0.074386 | Top-32=0.075923 | Weighted(p=2.0)=0.076124 | RETURNING=Top-32=0.075923
2025-10-31 16:54:32,546 |     R̄: Ungated=0.072496 | Top-32=0.076857 | Weighted(p=2.0)=0.075059 | RETURNING=Top-32=0.076857
2025-10-31 16:54:38,460 |     R̄: Ungated=0.082302 | Top-32=0.086985 | Weighted(p=2.0)=0.084315 | RETURNING=Top-32=0.086985
2025-10-31 16:54:44,408 |     R̄: Ungated=0.072501 | Top-32=0.075762 | Weighted(p=2.0)=0.075065 | RETURNING=Top-32=0.075762
