2025-10-31 16:36:59,290 | ======================================================================
2025-10-31 16:36:59,290 | T6-A1b: exp(-2) Convergence Validation (GPU)
2025-10-31 16:36:59,290 | ======================================================================
2025-10-31 16:36:59,290 | Log: ../../Data/Experiments/Tier6/T6A1b/T6A1b_gpu_20251031_163659.log
2025-10-31 16:36:59,293 | GPU: NVIDIA GB10 (CC 121)
2025-10-31 16:36:59,293 | Starting exp(-2) convergence validation...
2025-10-31 16:36:59,293 | 
2025-10-31 16:36:59,293 | OBJECTIVE: Validate R̄ → exp(-2) = 0.1353352832... as M → ∞
2025-10-31 16:36:59,293 | 
2025-10-31 16:36:59,293 | Configuration:
2025-10-31 16:36:59,293 |   N: 12289
2025-10-31 16:36:59,293 |   r_target: 1536
2025-10-31 16:36:59,293 |   ρ: 0.1250
2025-10-31 16:36:59,293 |   M values: [128, 256, 512]
2025-10-31 16:36:59,293 |   L: 24576, trials: 30
2025-10-31 16:36:59,293 |   Noise σ: 0.0
2025-10-31 16:36:59,293 |   Target: exp(-2) = 0.1353352832
2025-10-31 16:36:59,293 | 
2025-10-31 16:36:59,293 | Finding 1024 bases with order 1536...
2025-10-31 16:36:59,296 |   Found 50/1024 bases...
2025-10-31 16:36:59,296 |   Found 50/1024 bases...
2025-10-31 16:36:59,296 |   Found 50/1024 bases...
2025-10-31 16:36:59,296 |   Found 50/1024 bases...
2025-10-31 16:36:59,296 |   Found 50/1024 bases...
2025-10-31 16:36:59,296 |   Found 50/1024 bases...
2025-10-31 16:36:59,296 |   Found 50/1024 bases...
2025-10-31 16:36:59,296 |   Found 50/1024 bases...
2025-10-31 16:36:59,296 |   Found 50/1024 bases...
2025-10-31 16:36:59,296 |   Found 50/1024 bases...
2025-10-31 16:36:59,299 |   Found 100/1024 bases...
2025-10-31 16:36:59,299 |   Found 100/1024 bases...
2025-10-31 16:36:59,299 |   Found 100/1024 bases...
2025-10-31 16:36:59,299 |   Found 100/1024 bases...
2025-10-31 16:36:59,299 |   Found 100/1024 bases...
2025-10-31 16:36:59,302 |   Found 150/1024 bases...
2025-10-31 16:36:59,302 |   Found 150/1024 bases...
2025-10-31 16:36:59,306 |   Found 200/1024 bases...
2025-10-31 16:36:59,306 |   Found 200/1024 bases...
2025-10-31 16:36:59,306 |   Found 200/1024 bases...
2025-10-31 16:36:59,308 |   Found 250/1024 bases...
2025-10-31 16:36:59,308 |   Found 250/1024 bases...
2025-10-31 16:36:59,311 |   Found 300/1024 bases...
2025-10-31 16:36:59,313 |   Found 350/1024 bases...
2025-10-31 16:36:59,313 |   Found 350/1024 bases...
2025-10-31 16:36:59,313 |   Found 350/1024 bases...
2025-10-31 16:36:59,316 |   Found 400/1024 bases...
2025-10-31 16:36:59,316 |   Found 400/1024 bases...
2025-10-31 16:36:59,316 |   Found 400/1024 bases...
2025-10-31 16:36:59,318 |   Found 450/1024 bases...
2025-10-31 16:36:59,318 |   Found 450/1024 bases...
2025-10-31 16:36:59,318 |   Found 450/1024 bases...
2025-10-31 16:36:59,318 |   Found 450/1024 bases...
2025-10-31 16:36:59,321 |   Found 500/1024 bases...
2025-10-31 16:36:59,325 |   Found 550/1024 bases...
2025-10-31 16:36:59,328 |   Found 600/1024 bases...
2025-10-31 16:36:59,328 |   Found 600/1024 bases...
2025-10-31 16:36:59,330 |   Found 650/1024 bases...
2025-10-31 16:36:59,333 |   Found 700/1024 bases...
2025-10-31 16:36:59,333 |   Found 700/1024 bases...
2025-10-31 16:36:59,333 |   Found 700/1024 bases...
2025-10-31 16:36:59,335 |   Found 750/1024 bases...
2025-10-31 16:36:59,338 |   Found 800/1024 bases...
2025-10-31 16:36:59,338 |   Found 800/1024 bases...
2025-10-31 16:36:59,341 |   Found 850/1024 bases...
2025-10-31 16:36:59,341 |   Found 850/1024 bases...
2025-10-31 16:36:59,341 |   Found 850/1024 bases...
2025-10-31 16:36:59,341 |   Found 850/1024 bases...
2025-10-31 16:36:59,343 |   Found 900/1024 bases...
2025-10-31 16:36:59,347 |   Found 950/1024 bases...
2025-10-31 16:36:59,350 |   Found 1000/1024 bases...
2025-10-31 16:36:59,350 |   Found 1000/1024 bases...
2025-10-31 16:36:59,350 |   Found 1000/1024 bases...
2025-10-31 16:36:59,350 |   Found 1000/1024 bases...
2025-10-31 16:36:59,350 |   Found 1000/1024 bases...
2025-10-31 16:36:59,350 |   Found 1000/1024 bases...
2025-10-31 16:36:59,351 |   Found 1024 bases
2025-10-31 16:36:59,351 | 
============================================================
2025-10-31 16:36:59,351 | Testing M = 128
2025-10-31 16:36:59,351 | ============================================================
2025-10-31 16:37:02,458 |     R̄: Ungated=0.108217 | Top-24=0.101540 | Weighted(p=2.0)=0.109460
2025-10-31 16:37:05,477 |     R̄: Ungated=0.107412 | Top-24=0.108257 | Weighted(p=2.0)=0.109070
2025-10-31 16:37:08,457 |     R̄: Ungated=0.123707 | Top-24=0.123240 | Weighted(p=2.0)=0.124655
2025-10-31 16:37:11,455 |     R̄: Ungated=0.115159 | Top-24=0.116172 | Weighted(p=2.0)=0.117806
2025-10-31 16:37:14,453 |     R̄: Ungated=0.104775 | Top-24=0.100925 | Weighted(p=2.0)=0.106874
2025-10-31 16:37:14,481 |   [5/90] Trial 5/30 | R̄=0.113573 (error: 16.08%) | Elapsed: 0.2m | ETA: 3.4m
2025-10-31 16:37:17,461 |     R̄: Ungated=0.101833 | Top-24=0.107303 | Weighted(p=2.0)=0.102815
2025-10-31 16:37:20,486 |     R̄: Ungated=0.115427 | Top-24=0.109475 | Weighted(p=2.0)=0.116021
2025-10-31 16:37:23,467 |     R̄: Ungated=0.121513 | Top-24=0.106356 | Weighted(p=2.0)=0.120967
2025-10-31 16:37:26,477 |     R̄: Ungated=0.100536 | Top-24=0.100857 | Weighted(p=2.0)=0.102393
2025-10-31 16:37:29,471 |     R̄: Ungated=0.117187 | Top-24=0.128746 | Weighted(p=2.0)=0.120587
2025-10-31 16:37:29,495 |   [10/90] Trial 10/30 | R̄=0.113065 (error: 16.46%) | Elapsed: 0.5m | ETA: 3.6m
2025-10-31 16:37:32,476 |     R̄: Ungated=0.118903 | Top-24=0.123116 | Weighted(p=2.0)=0.120435
2025-10-31 16:37:35,486 |     R̄: Ungated=0.128477 | Top-24=0.132364 | Weighted(p=2.0)=0.129691
2025-10-31 16:37:38,466 |     R̄: Ungated=0.112912 | Top-24=0.096137 | Weighted(p=2.0)=0.113059
2025-10-31 16:37:41,472 |     R̄: Ungated=0.108477 | Top-24=0.103485 | Weighted(p=2.0)=0.109025
2025-10-31 16:37:44,464 |     R̄: Ungated=0.110678 | Top-24=0.104954 | Weighted(p=2.0)=0.111835
2025-10-31 16:37:44,491 |   [15/90] Trial 15/30 | R̄=0.114313 (error: 15.53%) | Elapsed: 0.7m | ETA: 3.5m
2025-10-31 16:37:47,487 |     R̄: Ungated=0.105126 | Top-24=0.095053 | Weighted(p=2.0)=0.106482
2025-10-31 16:37:50,631 |     R̄: Ungated=0.110731 | Top-24=0.108464 | Weighted(p=2.0)=0.112035
2025-10-31 16:37:53,640 |     R̄: Ungated=0.121072 | Top-24=0.104080 | Weighted(p=2.0)=0.122044
2025-10-31 16:37:56,644 |     R̄: Ungated=0.107989 | Top-24=0.102673 | Weighted(p=2.0)=0.109392
2025-10-31 16:37:59,647 |     R̄: Ungated=0.112270 | Top-24=0.097937 | Weighted(p=2.0)=0.113089
2025-10-31 16:37:59,672 |   [20/90] Trial 20/30 | R̄=0.113887 (error: 15.85%) | Elapsed: 1.0m | ETA: 3.3m
2025-10-31 16:38:02,678 |     R̄: Ungated=0.124449 | Top-24=0.120282 | Weighted(p=2.0)=0.126018
2025-10-31 16:38:05,687 |     R̄: Ungated=0.116353 | Top-24=0.111075 | Weighted(p=2.0)=0.117909
2025-10-31 16:38:08,683 |     R̄: Ungated=0.104438 | Top-24=0.101477 | Weighted(p=2.0)=0.106379
2025-10-31 16:38:11,748 |     R̄: Ungated=0.113485 | Top-24=0.114228 | Weighted(p=2.0)=0.115529
2025-10-31 16:38:14,727 |     R̄: Ungated=0.120114 | Top-24=0.113560 | Weighted(p=2.0)=0.121506
2025-10-31 16:38:14,750 |   [25/90] Trial 25/30 | R̄=0.114603 (error: 15.32%) | Elapsed: 1.2m | ETA: 3.1m
2025-10-31 16:38:17,723 |     R̄: Ungated=0.101386 | Top-24=0.098036 | Weighted(p=2.0)=0.103265
2025-10-31 16:38:20,718 |     R̄: Ungated=0.108191 | Top-24=0.098189 | Weighted(p=2.0)=0.108781
2025-10-31 16:38:23,713 |     R̄: Ungated=0.122224 | Top-24=0.113100 | Weighted(p=2.0)=0.124076
2025-10-31 16:38:26,702 |     R̄: Ungated=0.110544 | Top-24=0.111617 | Weighted(p=2.0)=0.111910
2025-10-31 16:38:29,683 |     R̄: Ungated=0.119466 | Top-24=0.109975 | Weighted(p=2.0)=0.121231
2025-10-31 16:38:29,706 |   [30/90] Trial 30/30 | R̄=0.114478 (error: 15.41%) | Elapsed: 1.5m | ETA: 2.9m
2025-10-31 16:38:29,706 | 
  M=128 → R̄ = 0.114478 ± 0.007337
2025-10-31 16:38:29,706 |   Δ from exp(-2): -0.020857 (+15.41%)
2025-10-31 16:38:29,706 | 
============================================================
2025-10-31 16:38:29,706 | Testing M = 256
2025-10-31 16:38:29,706 | ============================================================
2025-10-31 16:38:35,788 |     R̄: Ungated=0.101761 | Top-24=0.091856 | Weighted(p=2.0)=0.103864
2025-10-31 16:38:41,868 |     R̄: Ungated=0.087857 | Top-24=0.084114 | Weighted(p=2.0)=0.089266
2025-10-31 16:38:47,943 |     R̄: Ungated=0.098372 | Top-24=0.082403 | Weighted(p=2.0)=0.099604
2025-10-31 16:38:54,011 |     R̄: Ungated=0.102663 | Top-24=0.105666 | Weighted(p=2.0)=0.105054
2025-10-31 16:39:00,098 |     R̄: Ungated=0.101286 | Top-24=0.092455 | Weighted(p=2.0)=0.102216
2025-10-31 16:39:00,147 |   [35/90] Trial 5/30 | R̄=0.100001 (error: 26.11%) | Elapsed: 1.9m | ETA: 3.0m
2025-10-31 16:39:06,148 |     R̄: Ungated=0.099388 | Top-24=0.097121 | Weighted(p=2.0)=0.101433
2025-10-31 16:39:12,204 |     R̄: Ungated=0.099061 | Top-24=0.080425 | Weighted(p=2.0)=0.099818
2025-10-31 16:39:18,285 |     R̄: Ungated=0.098838 | Top-24=0.085881 | Weighted(p=2.0)=0.100354
2025-10-31 16:39:24,373 |     R̄: Ungated=0.099428 | Top-24=0.099809 | Weighted(p=2.0)=0.101376
2025-10-31 16:39:30,475 |     R̄: Ungated=0.099208 | Top-24=0.082962 | Weighted(p=2.0)=0.100144
2025-10-31 16:39:30,524 |   [40/90] Trial 10/30 | R̄=0.100313 (error: 25.88%) | Elapsed: 2.4m | ETA: 3.0m
2025-10-31 16:39:36,536 |     R̄: Ungated=0.094671 | Top-24=0.082612 | Weighted(p=2.0)=0.096035
2025-10-31 16:39:42,563 |     R̄: Ungated=0.104993 | Top-24=0.086033 | Weighted(p=2.0)=0.105304
2025-10-31 16:39:49,601 |     R̄: Ungated=0.100388 | Top-24=0.099630 | Weighted(p=2.0)=0.103370
2025-10-31 16:39:56,352 |     R̄: Ungated=0.097152 | Top-24=0.078202 | Weighted(p=2.0)=0.097656
2025-10-31 16:40:03,022 |     R̄: Ungated=0.098449 | Top-24=0.076568 | Weighted(p=2.0)=0.098905
2025-10-31 16:40:03,072 |   [45/90] Trial 15/30 | R̄=0.100293 (error: 25.89%) | Elapsed: 3.0m | ETA: 3.0m
2025-10-31 16:40:09,084 |     R̄: Ungated=0.093848 | Top-24=0.078944 | Weighted(p=2.0)=0.095290
2025-10-31 16:40:15,143 |     R̄: Ungated=0.104459 | Top-24=0.091865 | Weighted(p=2.0)=0.105304
2025-10-31 16:40:21,200 |     R̄: Ungated=0.107507 | Top-24=0.108612 | Weighted(p=2.0)=0.108686
2025-10-31 16:40:27,309 |     R̄: Ungated=0.103850 | Top-24=0.081524 | Weighted(p=2.0)=0.104882
2025-10-31 16:40:33,373 |     R̄: Ungated=0.102984 | Top-24=0.103817 | Weighted(p=2.0)=0.104266
2025-10-31 16:40:33,416 |   [50/90] Trial 20/30 | R̄=0.101141 (error: 25.27%) | Elapsed: 3.5m | ETA: 2.8m
2025-10-31 16:40:39,424 |     R̄: Ungated=0.099387 | Top-24=0.090828 | Weighted(p=2.0)=0.101190
2025-10-31 16:40:45,514 |     R̄: Ungated=0.104580 | Top-24=0.094490 | Weighted(p=2.0)=0.106071
2025-10-31 16:40:51,579 |     R̄: Ungated=0.091871 | Top-24=0.091349 | Weighted(p=2.0)=0.092900
2025-10-31 16:40:57,625 |     R̄: Ungated=0.101521 | Top-24=0.091218 | Weighted(p=2.0)=0.102039
2025-10-31 16:41:03,686 |     R̄: Ungated=0.095588 | Top-24=0.080220 | Weighted(p=2.0)=0.096022
2025-10-31 16:41:03,732 |   [55/90] Trial 25/30 | R̄=0.100842 (error: 25.49%) | Elapsed: 4.0m | ETA: 2.5m
2025-10-31 16:41:09,735 |     R̄: Ungated=0.107513 | Top-24=0.089279 | Weighted(p=2.0)=0.107713
2025-10-31 16:41:15,789 |     R̄: Ungated=0.094167 | Top-24=0.080342 | Weighted(p=2.0)=0.095316
2025-10-31 16:41:21,801 |     R̄: Ungated=0.100885 | Top-24=0.086188 | Weighted(p=2.0)=0.101689
2025-10-31 16:41:27,863 |     R̄: Ungated=0.098689 | Top-24=0.083489 | Weighted(p=2.0)=0.098959
