2025-10-31 14:38:53,811 | ======================================================================
2025-10-31 14:38:53,811 | T6-A1b: exp(-2) Convergence Validation (GPU)
2025-10-31 14:38:53,811 | ======================================================================
2025-10-31 14:38:53,811 | Log: ../../Data/Experiments/Tier6/T6A1b/T6A1b_gpu_20251031_143853.log
2025-10-31 14:38:53,811 | GPU: Compute Capability 121
2025-10-31 14:38:53,811 | Starting exp(-2) convergence validation...
2025-10-31 14:38:53,811 | 
2025-10-31 14:38:53,811 | OBJECTIVE: Validate R̄ → exp(-2) = 0.1353352832... as M → ∞
2025-10-31 14:38:53,811 | 
2025-10-31 14:38:53,811 | Configuration:
2025-10-31 14:38:53,811 |   N: 10007
2025-10-31 14:38:53,811 |   r_target: 1501
2025-10-31 14:38:53,811 |   ρ: 0.1500
2025-10-31 14:38:53,811 |   M values: [128, 256, 512]
2025-10-31 14:38:53,811 |   L: 16384, trials: 30
2025-10-31 14:38:53,811 |   Noise σ: 0.01
2025-10-31 14:38:53,811 |   Target: exp(-2) = 0.1353352832
2025-10-31 14:38:53,811 | 
2025-10-31 14:38:53,811 | Finding 1024 bases with order 1501...
2025-10-31 14:38:54,946 |   Found 0 bases
2025-10-31 14:38:54,946 | Insufficient bases found (0 < 512)
2025-10-31 14:38:54,946 | No results collected. Exiting.
