2025-10-31 12:18:23,121 | ======================================================================
2025-10-31 12:18:23,121 | T6-A1: Coherence-Incoherence Transition (STANDALONE)
2025-10-31 12:18:23,121 | ======================================================================
2025-10-31 12:18:23,121 | Log: ../../Data/Experiments/Tier6/T6A1/T6A1_standalone_20251031_121823.log
2025-10-31 12:18:23,121 | Starting...
2025-10-31 12:18:23,121 | 
2025-10-31 12:18:23,121 | Configuration:
2025-10-31 12:18:23,121 |   N: [997, 2003]
2025-10-31 12:18:23,121 |   ρ targets: [0.1, 0.2, 0.3]
2025-10-31 12:18:23,121 |   M values: [8, 16]
2025-10-31 12:18:23,121 |   L: 2048, samples: 5
2025-10-31 12:18:23,121 |   Total configs: 12
2025-10-31 12:18:23,121 |   Estimated: 10-15 minutes
2025-10-31 12:18:23,121 | 
2025-10-31 12:18:23,341 | [1/12] N=997, ρ=0.083 (r=83), M=8 | Elapsed: 0.0m | ETA: 0.0m
2025-10-31 12:18:23,487 |   → R̄ = 0.3827 ± 0.0828
2025-10-31 12:18:23,487 | [2/12] N=997, ρ=0.083 (r=83), M=16 | Elapsed: 0.0m | ETA: 0.0m
2025-10-31 12:18:23,836 |   → R̄ = 0.2378 ± 0.0367
2025-10-31 12:18:24,719 | Could not find order near ρ=0.20 for N=997
2025-10-31 12:18:25,601 | Could not find order near ρ=0.30 for N=997
2025-10-31 12:18:25,872 | [3/12] N=2003, ρ=0.091 (r=182), M=8 | Elapsed: 0.0m | ETA: 0.1m
2025-10-31 12:18:26,460 |   → R̄ = 0.3661 ± 0.1111
2025-10-31 12:18:26,460 | [4/12] N=2003, ρ=0.091 (r=182), M=16 | Elapsed: 0.1m | ETA: 0.1m
2025-10-31 12:18:27,512 |   → R̄ = 0.2561 ± 0.0546
2025-10-31 12:18:28,859 | Could not find order near ρ=0.20 for N=2003
2025-10-31 12:18:30,222 | Could not find order near ρ=0.30 for N=2003
2025-10-31 12:18:30,222 | 
Elapsed: 7.1s (0.1m)
2025-10-31 12:18:30,222 | Data: ../../Data/Experiments/Tier6/T6A1/T6A1_standalone_results.json
2025-10-31 12:18:30,718 | Figure: ../../Figures/experiments/Tier6/T6A1/T6A1_standalone_summary.png
2025-10-31 12:18:30,719 | 
2025-10-31 12:18:30,719 | ======================================================================
2025-10-31 12:18:30,719 | T6-A1 COMPLETE!
2025-10-31 12:18:30,719 | ======================================================================
2025-10-31 12:18:30,719 | Overall R̄: 0.3107 ± 0.1001
2025-10-31 12:18:30,719 | Target: 0.137
2025-10-31 12:18:30,719 | Deviation: 0.1737
2025-10-31 12:18:30,719 | Verdict: PARTIAL
2025-10-31 12:18:30,719 | ======================================================================
