2025-10-31 17:16:20,458 | ======================================================================
2025-10-31 17:16:20,458 | T6-A1b: exp(-2) Convergence Validation (GPU)
2025-10-31 17:16:20,458 | ======================================================================
2025-10-31 17:16:20,458 | Log: ../../Data/Experiments/Tier6/T6A1b/T6A1b_gpu_20251031_171620.log
2025-10-31 17:16:20,461 | GPU: NVIDIA GB10 (CC 121)
2025-10-31 17:16:20,461 | Starting exp(-2) convergence validation...
2025-10-31 17:16:20,461 | System: N=12289, r=3072, ρ=0.249980
2025-10-31 17:16:20,461 | Aggregator: tau, topk=32, p=2.0, perc=None
2025-10-31 17:16:20,461 | 
2025-10-31 17:16:20,461 | OBJECTIVE: Validate R̄ → exp(-2) = 0.1353352832... as M → ∞
2025-10-31 17:16:20,461 | 
2025-10-31 17:16:20,461 | Configuration:
2025-10-31 17:16:20,461 |   N: 12289
2025-10-31 17:16:20,461 |   r_target: 3072
2025-10-31 17:16:20,461 |   ρ: 0.2500
2025-10-31 17:16:20,461 |   M values: [128, 256, 512]
2025-10-31 17:16:20,461 |   L: 24576 (L/r = 8), trials: 30
2025-10-31 17:16:20,461 |   Noise σ: 0.0
2025-10-31 17:16:20,461 |   Aggregator: tau, topk=32, p=2.0
2025-10-31 17:16:20,461 |   Target: exp(-2) = 0.1353352832
2025-10-31 17:16:20,461 | 
2025-10-31 17:16:20,461 | Building deterministic exact-order base pool (φ(r) bases)...
2025-10-31 17:16:20,461 |   Primitive root g=11, h=(N-1)/r=4
2025-10-31 17:16:20,463 |   Generated 1024 exact-order bases (φ(r)=1024)
2025-10-31 17:16:20,463 |   First 10 bases: [9207, 2888, 8504, 4672, 2250, 2802, 754, 10122, 3311, 4622]
2025-10-31 17:16:20,463 |   Verification: These should be of form g^(h*t) mod N where gcd(t,r)=1
2025-10-31 17:16:20,463 | Creating fixed base sets for each M (eliminates per-trial variance)...
2025-10-31 17:16:20,463 |   M=128: Fixed base set created (same bases used for all 30 trials)
2025-10-31 17:16:20,463 |   M=256: Fixed base set created (same bases used for all 30 trials)
2025-10-31 17:16:20,463 |   M=512: Fixed base set created (same bases used for all 30 trials)
2025-10-31 17:16:20,463 | 
============================================================
2025-10-31 17:16:20,463 | Testing M = 128
2025-10-31 17:16:20,463 | ============================================================
2025-10-31 17:16:21,932 |     R̄: Ungated=0.107937 | Top-32=0.142905 | Tau(≥0.12,K=16)=0.186998 | Weighted(p=2.0)=0.109846 | corr(mag,R)=0.225
2025-10-31 17:16:21,932 |     → RETURNING Tau(0.120,K=16)=0.186998
2025-10-31 17:16:23,364 |     R̄: Ungated=0.107937 | Top-32=0.142905 | Tau(≥0.12,K=16)=0.186998 | Weighted(p=2.0)=0.109846 | corr(mag,R)=0.225
2025-10-31 17:16:23,364 |     → RETURNING Tau(0.120,K=16)=0.186998
2025-10-31 17:16:24,794 |     R̄: Ungated=0.107937 | Top-32=0.142905 | Tau(≥0.12,K=16)=0.186998 | Weighted(p=2.0)=0.109846 | corr(mag,R)=0.225
2025-10-31 17:16:24,794 |     → RETURNING Tau(0.120,K=16)=0.186998
2025-10-31 17:16:26,198 |     R̄: Ungated=0.107937 | Top-32=0.142905 | Tau(≥0.12,K=16)=0.186998 | Weighted(p=2.0)=0.109846 | corr(mag,R)=0.225
2025-10-31 17:16:26,198 |     → RETURNING Tau(0.120,K=16)=0.186998
2025-10-31 17:16:27,578 |     R̄: Ungated=0.107937 | Top-32=0.142905 | Tau(≥0.12,K=16)=0.186998 | Weighted(p=2.0)=0.109846 | corr(mag,R)=0.225
2025-10-31 17:16:27,578 |     → RETURNING Tau(0.120,K=16)=0.186998
2025-10-31 17:16:27,603 |   [5/90] Trial 5/30 | R̄=0.186998 (error: 38.17%) | Elapsed: 0.1m | ETA: 1.6m
2025-10-31 17:16:29,005 |     R̄: Ungated=0.107937 | Top-32=0.142905 | Tau(≥0.12,K=16)=0.186998 | Weighted(p=2.0)=0.109846 | corr(mag,R)=0.225
2025-10-31 17:16:29,005 |     → RETURNING Tau(0.120,K=16)=0.186998
2025-10-31 17:16:30,451 |     R̄: Ungated=0.107937 | Top-32=0.142905 | Tau(≥0.12,K=16)=0.186998 | Weighted(p=2.0)=0.109846 | corr(mag,R)=0.225
2025-10-31 17:16:30,451 |     → RETURNING Tau(0.120,K=16)=0.186998
2025-10-31 17:16:31,865 |     R̄: Ungated=0.107937 | Top-32=0.142905 | Tau(≥0.12,K=16)=0.186998 | Weighted(p=2.0)=0.109846 | corr(mag,R)=0.225
2025-10-31 17:16:31,866 |     → RETURNING Tau(0.120,K=16)=0.186998
2025-10-31 17:16:33,298 |     R̄: Ungated=0.107937 | Top-32=0.142905 | Tau(≥0.12,K=16)=0.186998 | Weighted(p=2.0)=0.109846 | corr(mag,R)=0.225
2025-10-31 17:16:33,298 |     → RETURNING Tau(0.120,K=16)=0.186998
2025-10-31 17:16:34,753 |     R̄: Ungated=0.107937 | Top-32=0.142905 | Tau(≥0.12,K=16)=0.186998 | Weighted(p=2.0)=0.109846 | corr(mag,R)=0.225
2025-10-31 17:16:34,753 |     → RETURNING Tau(0.120,K=16)=0.186998
2025-10-31 17:16:34,778 |   [10/90] Trial 10/30 | R̄=0.186998 (error: 38.17%) | Elapsed: 0.2m | ETA: 1.7m
2025-10-31 17:16:36,150 |     R̄: Ungated=0.107937 | Top-32=0.142905 | Tau(≥0.12,K=16)=0.186998 | Weighted(p=2.0)=0.109846 | corr(mag,R)=0.225
2025-10-31 17:16:36,150 |     → RETURNING Tau(0.120,K=16)=0.186998
2025-10-31 17:16:37,554 |     R̄: Ungated=0.107937 | Top-32=0.142905 | Tau(≥0.12,K=16)=0.186998 | Weighted(p=2.0)=0.109846 | corr(mag,R)=0.225
2025-10-31 17:16:37,554 |     → RETURNING Tau(0.120,K=16)=0.186998
2025-10-31 17:16:38,993 |     R̄: Ungated=0.107937 | Top-32=0.142905 | Tau(≥0.12,K=16)=0.186998 | Weighted(p=2.0)=0.109846 | corr(mag,R)=0.225
2025-10-31 17:16:38,993 |     → RETURNING Tau(0.120,K=16)=0.186998
2025-10-31 17:16:40,422 |     R̄: Ungated=0.107937 | Top-32=0.142905 | Tau(≥0.12,K=16)=0.186998 | Weighted(p=2.0)=0.109846 | corr(mag,R)=0.225
2025-10-31 17:16:40,422 |     → RETURNING Tau(0.120,K=16)=0.186998
2025-10-31 17:16:41,886 |     R̄: Ungated=0.107937 | Top-32=0.142905 | Tau(≥0.12,K=16)=0.186998 | Weighted(p=2.0)=0.109846 | corr(mag,R)=0.225
2025-10-31 17:16:41,886 |     → RETURNING Tau(0.120,K=16)=0.186998
2025-10-31 17:16:41,911 |   [15/90] Trial 15/30 | R̄=0.186998 (error: 38.17%) | Elapsed: 0.3m | ETA: 1.7m
2025-10-31 17:16:43,322 |     R̄: Ungated=0.107937 | Top-32=0.142905 | Tau(≥0.12,K=16)=0.186998 | Weighted(p=2.0)=0.109846 | corr(mag,R)=0.225
2025-10-31 17:16:43,322 |     → RETURNING Tau(0.120,K=16)=0.186998
2025-10-31 17:16:44,744 |     R̄: Ungated=0.107937 | Top-32=0.142905 | Tau(≥0.12,K=16)=0.186998 | Weighted(p=2.0)=0.109846 | corr(mag,R)=0.225
2025-10-31 17:16:44,744 |     → RETURNING Tau(0.120,K=16)=0.186998
2025-10-31 17:16:46,152 |     R̄: Ungated=0.107937 | Top-32=0.142905 | Tau(≥0.12,K=16)=0.186998 | Weighted(p=2.0)=0.109846 | corr(mag,R)=0.225
2025-10-31 17:16:46,152 |     → RETURNING Tau(0.120,K=16)=0.186998
2025-10-31 17:16:47,568 |     R̄: Ungated=0.107937 | Top-32=0.142905 | Tau(≥0.12,K=16)=0.186998 | Weighted(p=2.0)=0.109846 | corr(mag,R)=0.225
2025-10-31 17:16:47,568 |     → RETURNING Tau(0.120,K=16)=0.186998
2025-10-31 17:16:48,994 |     R̄: Ungated=0.107937 | Top-32=0.142905 | Tau(≥0.12,K=16)=0.186998 | Weighted(p=2.0)=0.109846 | corr(mag,R)=0.225
2025-10-31 17:16:48,994 |     → RETURNING Tau(0.120,K=16)=0.186998
2025-10-31 17:16:49,018 |   [20/90] Trial 20/30 | R̄=0.186998 (error: 38.17%) | Elapsed: 0.5m | ETA: 1.6m
2025-10-31 17:16:50,419 |     R̄: Ungated=0.107937 | Top-32=0.142905 | Tau(≥0.12,K=16)=0.186998 | Weighted(p=2.0)=0.109846 | corr(mag,R)=0.225
2025-10-31 17:16:50,419 |     → RETURNING Tau(0.120,K=16)=0.186998
2025-10-31 17:16:51,837 |     R̄: Ungated=0.107937 | Top-32=0.142905 | Tau(≥0.12,K=16)=0.186998 | Weighted(p=2.0)=0.109846 | corr(mag,R)=0.225
2025-10-31 17:16:51,837 |     → RETURNING Tau(0.120,K=16)=0.186998
2025-10-31 17:16:53,249 |     R̄: Ungated=0.107937 | Top-32=0.142905 | Tau(≥0.12,K=16)=0.186998 | Weighted(p=2.0)=0.109846 | corr(mag,R)=0.225
2025-10-31 17:16:53,249 |     → RETURNING Tau(0.120,K=16)=0.186998
2025-10-31 17:16:54,666 |     R̄: Ungated=0.107937 | Top-32=0.142905 | Tau(≥0.12,K=16)=0.186998 | Weighted(p=2.0)=0.109846 | corr(mag,R)=0.225
2025-10-31 17:16:54,667 |     → RETURNING Tau(0.120,K=16)=0.186998
2025-10-31 17:16:56,076 |     R̄: Ungated=0.107937 | Top-32=0.142905 | Tau(≥0.12,K=16)=0.186998 | Weighted(p=2.0)=0.109846 | corr(mag,R)=0.225
2025-10-31 17:16:56,076 |     → RETURNING Tau(0.120,K=16)=0.186998
2025-10-31 17:16:56,099 |   [25/90] Trial 25/30 | R̄=0.186998 (error: 38.17%) | Elapsed: 0.6m | ETA: 1.5m
2025-10-31 17:16:57,498 |     R̄: Ungated=0.107937 | Top-32=0.142905 | Tau(≥0.12,K=16)=0.186998 | Weighted(p=2.0)=0.109846 | corr(mag,R)=0.225
2025-10-31 17:16:57,498 |     → RETURNING Tau(0.120,K=16)=0.186998
2025-10-31 17:16:58,913 |     R̄: Ungated=0.107937 | Top-32=0.142905 | Tau(≥0.12,K=16)=0.186998 | Weighted(p=2.0)=0.109846 | corr(mag,R)=0.225
2025-10-31 17:16:58,913 |     → RETURNING Tau(0.120,K=16)=0.186998
2025-10-31 17:17:00,319 |     R̄: Ungated=0.107937 | Top-32=0.142905 | Tau(≥0.12,K=16)=0.186998 | Weighted(p=2.0)=0.109846 | corr(mag,R)=0.225
2025-10-31 17:17:00,319 |     → RETURNING Tau(0.120,K=16)=0.186998
2025-10-31 17:17:01,740 |     R̄: Ungated=0.107937 | Top-32=0.142905 | Tau(≥0.12,K=16)=0.186998 | Weighted(p=2.0)=0.109846 | corr(mag,R)=0.225
2025-10-31 17:17:01,740 |     → RETURNING Tau(0.120,K=16)=0.186998
2025-10-31 17:17:03,161 |     R̄: Ungated=0.107937 | Top-32=0.142905 | Tau(≥0.12,K=16)=0.186998 | Weighted(p=2.0)=0.109846 | corr(mag,R)=0.225
2025-10-31 17:17:03,161 |     → RETURNING Tau(0.120,K=16)=0.186998
2025-10-31 17:17:03,185 |   [30/90] Trial 30/30 | R̄=0.186998 (error: 38.17%) | Elapsed: 0.7m | ETA: 1.4m
2025-10-31 17:17:03,186 | 
  M=128 → R̄ = 0.186998 ± 0.000000
2025-10-31 17:17:03,186 |   Δ from exp(-2): +0.051663 (+38.17%)
2025-10-31 17:17:03,186 | 
============================================================
2025-10-31 17:17:03,186 | Testing M = 256
2025-10-31 17:17:03,186 | ============================================================
2025-10-31 17:17:06,070 |     R̄: Ungated=0.073272 | Top-32=0.097702 | Tau(≥0.12,K=9)=0.166576 | Weighted(p=2.0)=0.075626 | corr(mag,R)=0.396
2025-10-31 17:17:06,070 |     → RETURNING Tau(0.120,K=9)=0.166576
2025-10-31 17:17:08,901 |     R̄: Ungated=0.073272 | Top-32=0.097702 | Tau(≥0.12,K=9)=0.166576 | Weighted(p=2.0)=0.075626 | corr(mag,R)=0.396
2025-10-31 17:17:08,901 |     → RETURNING Tau(0.120,K=9)=0.166576
2025-10-31 17:17:11,757 |     R̄: Ungated=0.073272 | Top-32=0.097702 | Tau(≥0.12,K=9)=0.166576 | Weighted(p=2.0)=0.075626 | corr(mag,R)=0.396
2025-10-31 17:17:11,757 |     → RETURNING Tau(0.120,K=9)=0.166576
2025-10-31 17:17:14,589 |     R̄: Ungated=0.073272 | Top-32=0.097702 | Tau(≥0.12,K=9)=0.166576 | Weighted(p=2.0)=0.075626 | corr(mag,R)=0.396
2025-10-31 17:17:14,590 |     → RETURNING Tau(0.120,K=9)=0.166576
2025-10-31 17:17:17,406 |     R̄: Ungated=0.073272 | Top-32=0.097702 | Tau(≥0.12,K=9)=0.166576 | Weighted(p=2.0)=0.075626 | corr(mag,R)=0.396
2025-10-31 17:17:17,406 |     → RETURNING Tau(0.120,K=9)=0.166576
2025-10-31 17:17:17,453 |   [35/90] Trial 5/30 | R̄=0.166576 (error: 23.08%) | Elapsed: 0.9m | ETA: 1.4m
2025-10-31 17:17:20,253 |     R̄: Ungated=0.073272 | Top-32=0.097702 | Tau(≥0.12,K=9)=0.166576 | Weighted(p=2.0)=0.075626 | corr(mag,R)=0.396
2025-10-31 17:17:20,253 |     → RETURNING Tau(0.120,K=9)=0.166576
2025-10-31 17:17:23,083 |     R̄: Ungated=0.073272 | Top-32=0.097702 | Tau(≥0.12,K=9)=0.166576 | Weighted(p=2.0)=0.075626 | corr(mag,R)=0.396
2025-10-31 17:17:23,083 |     → RETURNING Tau(0.120,K=9)=0.166576
2025-10-31 17:17:25,928 |     R̄: Ungated=0.073272 | Top-32=0.097702 | Tau(≥0.12,K=9)=0.166576 | Weighted(p=2.0)=0.075626 | corr(mag,R)=0.396
2025-10-31 17:17:25,928 |     → RETURNING Tau(0.120,K=9)=0.166576
2025-10-31 17:17:28,703 |     R̄: Ungated=0.073272 | Top-32=0.097702 | Tau(≥0.12,K=9)=0.166576 | Weighted(p=2.0)=0.075626 | corr(mag,R)=0.396
2025-10-31 17:17:28,703 |     → RETURNING Tau(0.120,K=9)=0.166576
2025-10-31 17:17:31,588 |     R̄: Ungated=0.073272 | Top-32=0.097702 | Tau(≥0.12,K=9)=0.166576 | Weighted(p=2.0)=0.075626 | corr(mag,R)=0.396
2025-10-31 17:17:31,588 |     → RETURNING Tau(0.120,K=9)=0.166576
2025-10-31 17:17:31,636 |   [40/90] Trial 10/30 | R̄=0.166576 (error: 23.08%) | Elapsed: 1.1m | ETA: 1.4m
2025-10-31 17:17:34,377 |     R̄: Ungated=0.073272 | Top-32=0.097702 | Tau(≥0.12,K=9)=0.166576 | Weighted(p=2.0)=0.075626 | corr(mag,R)=0.396
2025-10-31 17:17:34,377 |     → RETURNING Tau(0.120,K=9)=0.166576
2025-10-31 17:17:37,252 |     R̄: Ungated=0.073272 | Top-32=0.097702 | Tau(≥0.12,K=9)=0.166576 | Weighted(p=2.0)=0.075626 | corr(mag,R)=0.396
2025-10-31 17:17:37,252 |     → RETURNING Tau(0.120,K=9)=0.166576
2025-10-31 17:17:40,054 |     R̄: Ungated=0.073272 | Top-32=0.097702 | Tau(≥0.12,K=9)=0.166576 | Weighted(p=2.0)=0.075626 | corr(mag,R)=0.396
2025-10-31 17:17:40,054 |     → RETURNING Tau(0.120,K=9)=0.166576
2025-10-31 17:17:42,866 |     R̄: Ungated=0.073272 | Top-32=0.097702 | Tau(≥0.12,K=9)=0.166576 | Weighted(p=2.0)=0.075626 | corr(mag,R)=0.396
2025-10-31 17:17:42,866 |     → RETURNING Tau(0.120,K=9)=0.166576
2025-10-31 17:17:45,658 |     R̄: Ungated=0.073272 | Top-32=0.097702 | Tau(≥0.12,K=9)=0.166576 | Weighted(p=2.0)=0.075626 | corr(mag,R)=0.396
2025-10-31 17:17:45,659 |     → RETURNING Tau(0.120,K=9)=0.166576
2025-10-31 17:17:45,704 |   [45/90] Trial 15/30 | R̄=0.166576 (error: 23.08%) | Elapsed: 1.4m | ETA: 1.4m
2025-10-31 17:17:48,463 |     R̄: Ungated=0.073272 | Top-32=0.097702 | Tau(≥0.12,K=9)=0.166576 | Weighted(p=2.0)=0.075626 | corr(mag,R)=0.396
2025-10-31 17:17:48,463 |     → RETURNING Tau(0.120,K=9)=0.166576
2025-10-31 17:17:51,247 |     R̄: Ungated=0.073272 | Top-32=0.097702 | Tau(≥0.12,K=9)=0.166576 | Weighted(p=2.0)=0.075626 | corr(mag,R)=0.396
2025-10-31 17:17:51,247 |     → RETURNING Tau(0.120,K=9)=0.166576
2025-10-31 17:17:54,034 |     R̄: Ungated=0.073272 | Top-32=0.097702 | Tau(≥0.12,K=9)=0.166576 | Weighted(p=2.0)=0.075626 | corr(mag,R)=0.396
2025-10-31 17:17:54,035 |     → RETURNING Tau(0.120,K=9)=0.166576
2025-10-31 17:17:56,820 |     R̄: Ungated=0.073272 | Top-32=0.097702 | Tau(≥0.12,K=9)=0.166576 | Weighted(p=2.0)=0.075626 | corr(mag,R)=0.396
2025-10-31 17:17:56,820 |     → RETURNING Tau(0.120,K=9)=0.166576
2025-10-31 17:17:59,696 |     R̄: Ungated=0.073272 | Top-32=0.097702 | Tau(≥0.12,K=9)=0.166576 | Weighted(p=2.0)=0.075626 | corr(mag,R)=0.396
2025-10-31 17:17:59,696 |     → RETURNING Tau(0.120,K=9)=0.166576
2025-10-31 17:17:59,743 |   [50/90] Trial 20/30 | R̄=0.166576 (error: 23.08%) | Elapsed: 1.6m | ETA: 1.3m
2025-10-31 17:18:02,495 |     R̄: Ungated=0.073272 | Top-32=0.097702 | Tau(≥0.12,K=9)=0.166576 | Weighted(p=2.0)=0.075626 | corr(mag,R)=0.396
2025-10-31 17:18:02,495 |     → RETURNING Tau(0.120,K=9)=0.166576
2025-10-31 17:18:05,278 |     R̄: Ungated=0.073272 | Top-32=0.097702 | Tau(≥0.12,K=9)=0.166576 | Weighted(p=2.0)=0.075626 | corr(mag,R)=0.396
2025-10-31 17:18:05,278 |     → RETURNING Tau(0.120,K=9)=0.166576
2025-10-31 17:18:08,084 |     R̄: Ungated=0.073272 | Top-32=0.097702 | Tau(≥0.12,K=9)=0.166576 | Weighted(p=2.0)=0.075626 | corr(mag,R)=0.396
2025-10-31 17:18:08,084 |     → RETURNING Tau(0.120,K=9)=0.166576
2025-10-31 17:18:10,869 |     R̄: Ungated=0.073272 | Top-32=0.097702 | Tau(≥0.12,K=9)=0.166576 | Weighted(p=2.0)=0.075626 | corr(mag,R)=0.396
2025-10-31 17:18:10,870 |     → RETURNING Tau(0.120,K=9)=0.166576
2025-10-31 17:18:13,625 |     R̄: Ungated=0.073272 | Top-32=0.097702 | Tau(≥0.12,K=9)=0.166576 | Weighted(p=2.0)=0.075626 | corr(mag,R)=0.396
2025-10-31 17:18:13,625 |     → RETURNING Tau(0.120,K=9)=0.166576
2025-10-31 17:18:13,668 |   [55/90] Trial 25/30 | R̄=0.166576 (error: 23.08%) | Elapsed: 1.8m | ETA: 1.2m
2025-10-31 17:18:16,404 |     R̄: Ungated=0.073272 | Top-32=0.097702 | Tau(≥0.12,K=9)=0.166576 | Weighted(p=2.0)=0.075626 | corr(mag,R)=0.396
2025-10-31 17:18:16,404 |     → RETURNING Tau(0.120,K=9)=0.166576
2025-10-31 17:18:19,173 |     R̄: Ungated=0.073272 | Top-32=0.097702 | Tau(≥0.12,K=9)=0.166576 | Weighted(p=2.0)=0.075626 | corr(mag,R)=0.396
2025-10-31 17:18:19,173 |     → RETURNING Tau(0.120,K=9)=0.166576
2025-10-31 17:18:22,017 |     R̄: Ungated=0.073272 | Top-32=0.097702 | Tau(≥0.12,K=9)=0.166576 | Weighted(p=2.0)=0.075626 | corr(mag,R)=0.396
2025-10-31 17:18:22,017 |     → RETURNING Tau(0.120,K=9)=0.166576
2025-10-31 17:18:24,818 |     R̄: Ungated=0.073272 | Top-32=0.097702 | Tau(≥0.12,K=9)=0.166576 | Weighted(p=2.0)=0.075626 | corr(mag,R)=0.396
2025-10-31 17:18:24,818 |     → RETURNING Tau(0.120,K=9)=0.166576
2025-10-31 17:18:27,580 |     R̄: Ungated=0.073272 | Top-32=0.097702 | Tau(≥0.12,K=9)=0.166576 | Weighted(p=2.0)=0.075626 | corr(mag,R)=0.396
2025-10-31 17:18:27,580 |     → RETURNING Tau(0.120,K=9)=0.166576
2025-10-31 17:18:27,626 |   [60/90] Trial 30/30 | R̄=0.166576 (error: 23.08%) | Elapsed: 2.1m | ETA: 1.0m
2025-10-31 17:18:27,626 | 
  M=256 → R̄ = 0.166576 ± 0.000000
2025-10-31 17:18:27,626 |   Δ from exp(-2): +0.031241 (+23.08%)
2025-10-31 17:18:27,626 | 
============================================================
2025-10-31 17:18:27,626 | Testing M = 512
2025-10-31 17:18:27,626 | ============================================================
2025-10-31 17:18:33,133 |     R̄: Ungated=0.061785 | Top-32=0.081574 | Tau(≥0.12,K=8)=0.154108 | Weighted(p=2.0)=0.063373 | corr(mag,R)=0.367
2025-10-31 17:18:33,133 |     → RETURNING Tau(0.120,K=8)=0.154108
2025-10-31 17:18:38,621 |     R̄: Ungated=0.061785 | Top-32=0.081574 | Tau(≥0.12,K=8)=0.154108 | Weighted(p=2.0)=0.063373 | corr(mag,R)=0.367
2025-10-31 17:18:38,621 |     → RETURNING Tau(0.120,K=8)=0.154108
2025-10-31 17:18:44,118 |     R̄: Ungated=0.061785 | Top-32=0.081574 | Tau(≥0.12,K=8)=0.154108 | Weighted(p=2.0)=0.063373 | corr(mag,R)=0.367
2025-10-31 17:18:44,118 |     → RETURNING Tau(0.120,K=8)=0.154108
2025-10-31 17:18:49,619 |     R̄: Ungated=0.061785 | Top-32=0.081574 | Tau(≥0.12,K=8)=0.154108 | Weighted(p=2.0)=0.063373 | corr(mag,R)=0.367
2025-10-31 17:18:49,620 |     → RETURNING Tau(0.120,K=8)=0.154108
2025-10-31 17:18:55,118 |     R̄: Ungated=0.061785 | Top-32=0.081574 | Tau(≥0.12,K=8)=0.154108 | Weighted(p=2.0)=0.063373 | corr(mag,R)=0.367
2025-10-31 17:18:55,118 |     → RETURNING Tau(0.120,K=8)=0.154108
2025-10-31 17:18:55,221 |   [65/90] Trial 5/30 | R̄=0.154108 (error: 13.87%) | Elapsed: 2.5m | ETA: 1.0m
2025-10-31 17:19:00,735 |     R̄: Ungated=0.061785 | Top-32=0.081574 | Tau(≥0.12,K=8)=0.154108 | Weighted(p=2.0)=0.063373 | corr(mag,R)=0.367
2025-10-31 17:19:00,736 |     → RETURNING Tau(0.120,K=8)=0.154108
2025-10-31 17:19:06,244 |     R̄: Ungated=0.061785 | Top-32=0.081574 | Tau(≥0.12,K=8)=0.154108 | Weighted(p=2.0)=0.063373 | corr(mag,R)=0.367
2025-10-31 17:19:06,244 |     → RETURNING Tau(0.120,K=8)=0.154108
2025-10-31 17:19:11,729 |     R̄: Ungated=0.061785 | Top-32=0.081574 | Tau(≥0.12,K=8)=0.154108 | Weighted(p=2.0)=0.063373 | corr(mag,R)=0.367
2025-10-31 17:19:11,729 |     → RETURNING Tau(0.120,K=8)=0.154108
2025-10-31 17:19:17,201 |     R̄: Ungated=0.061785 | Top-32=0.081574 | Tau(≥0.12,K=8)=0.154108 | Weighted(p=2.0)=0.063373 | corr(mag,R)=0.367
2025-10-31 17:19:17,202 |     → RETURNING Tau(0.120,K=8)=0.154108
2025-10-31 17:19:22,698 |     R̄: Ungated=0.061785 | Top-32=0.081574 | Tau(≥0.12,K=8)=0.154108 | Weighted(p=2.0)=0.063373 | corr(mag,R)=0.367
2025-10-31 17:19:22,698 |     → RETURNING Tau(0.120,K=8)=0.154108
2025-10-31 17:19:22,782 |   [70/90] Trial 10/30 | R̄=0.154108 (error: 13.87%) | Elapsed: 2.9m | ETA: 0.8m
2025-10-31 17:19:28,177 |     R̄: Ungated=0.061785 | Top-32=0.081574 | Tau(≥0.12,K=8)=0.154108 | Weighted(p=2.0)=0.063373 | corr(mag,R)=0.367
2025-10-31 17:19:28,177 |     → RETURNING Tau(0.120,K=8)=0.154108
2025-10-31 17:19:33,693 |     R̄: Ungated=0.061785 | Top-32=0.081574 | Tau(≥0.12,K=8)=0.154108 | Weighted(p=2.0)=0.063373 | corr(mag,R)=0.367
2025-10-31 17:19:33,693 |     → RETURNING Tau(0.120,K=8)=0.154108
2025-10-31 17:19:39,170 |     R̄: Ungated=0.061785 | Top-32=0.081574 | Tau(≥0.12,K=8)=0.154108 | Weighted(p=2.0)=0.063373 | corr(mag,R)=0.367
2025-10-31 17:19:39,171 |     → RETURNING Tau(0.120,K=8)=0.154108
2025-10-31 17:19:44,763 |     R̄: Ungated=0.061785 | Top-32=0.081574 | Tau(≥0.12,K=8)=0.154108 | Weighted(p=2.0)=0.063373 | corr(mag,R)=0.367
2025-10-31 17:19:44,764 |     → RETURNING Tau(0.120,K=8)=0.154108
2025-10-31 17:19:50,350 |     R̄: Ungated=0.061785 | Top-32=0.081574 | Tau(≥0.12,K=8)=0.154108 | Weighted(p=2.0)=0.063373 | corr(mag,R)=0.367
2025-10-31 17:19:50,350 |     → RETURNING Tau(0.120,K=8)=0.154108
2025-10-31 17:19:50,450 |   [75/90] Trial 15/30 | R̄=0.154108 (error: 13.87%) | Elapsed: 3.4m | ETA: 0.7m
2025-10-31 17:19:55,949 |     R̄: Ungated=0.061785 | Top-32=0.081574 | Tau(≥0.12,K=8)=0.154108 | Weighted(p=2.0)=0.063373 | corr(mag,R)=0.367
2025-10-31 17:19:55,949 |     → RETURNING Tau(0.120,K=8)=0.154108
2025-10-31 17:20:01,452 |     R̄: Ungated=0.061785 | Top-32=0.081574 | Tau(≥0.12,K=8)=0.154108 | Weighted(p=2.0)=0.063373 | corr(mag,R)=0.367
2025-10-31 17:20:01,452 |     → RETURNING Tau(0.120,K=8)=0.154108
2025-10-31 17:20:06,908 |     R̄: Ungated=0.061785 | Top-32=0.081574 | Tau(≥0.12,K=8)=0.154108 | Weighted(p=2.0)=0.063373 | corr(mag,R)=0.367
2025-10-31 17:20:06,908 |     → RETURNING Tau(0.120,K=8)=0.154108
2025-10-31 17:20:12,534 |     R̄: Ungated=0.061785 | Top-32=0.081574 | Tau(≥0.12,K=8)=0.154108 | Weighted(p=2.0)=0.063373 | corr(mag,R)=0.367
2025-10-31 17:20:12,534 |     → RETURNING Tau(0.120,K=8)=0.154108
2025-10-31 17:20:18,037 |     R̄: Ungated=0.061785 | Top-32=0.081574 | Tau(≥0.12,K=8)=0.154108 | Weighted(p=2.0)=0.063373 | corr(mag,R)=0.367
2025-10-31 17:20:18,037 |     → RETURNING Tau(0.120,K=8)=0.154108
2025-10-31 17:20:18,126 |   [80/90] Trial 20/30 | R̄=0.154108 (error: 13.87%) | Elapsed: 3.9m | ETA: 0.5m
2025-10-31 17:20:23,528 |     R̄: Ungated=0.061785 | Top-32=0.081574 | Tau(≥0.12,K=8)=0.154108 | Weighted(p=2.0)=0.063373 | corr(mag,R)=0.367
2025-10-31 17:20:23,528 |     → RETURNING Tau(0.120,K=8)=0.154108
2025-10-31 17:20:28,983 |     R̄: Ungated=0.061785 | Top-32=0.081574 | Tau(≥0.12,K=8)=0.154108 | Weighted(p=2.0)=0.063373 | corr(mag,R)=0.367
2025-10-31 17:20:28,983 |     → RETURNING Tau(0.120,K=8)=0.154108
2025-10-31 17:20:34,494 |     R̄: Ungated=0.061785 | Top-32=0.081574 | Tau(≥0.12,K=8)=0.154108 | Weighted(p=2.0)=0.063373 | corr(mag,R)=0.367
2025-10-31 17:20:34,494 |     → RETURNING Tau(0.120,K=8)=0.154108
2025-10-31 17:20:40,018 |     R̄: Ungated=0.061785 | Top-32=0.081574 | Tau(≥0.12,K=8)=0.154108 | Weighted(p=2.0)=0.063373 | corr(mag,R)=0.367
2025-10-31 17:20:40,018 |     → RETURNING Tau(0.120,K=8)=0.154108
2025-10-31 17:20:45,622 |     R̄: Ungated=0.061785 | Top-32=0.081574 | Tau(≥0.12,K=8)=0.154108 | Weighted(p=2.0)=0.063373 | corr(mag,R)=0.367
2025-10-31 17:20:45,622 |     → RETURNING Tau(0.120,K=8)=0.154108
2025-10-31 17:20:45,710 |   [85/90] Trial 25/30 | R̄=0.154108 (error: 13.87%) | Elapsed: 4.3m | ETA: 0.3m
2025-10-31 17:20:51,091 |     R̄: Ungated=0.061785 | Top-32=0.081574 | Tau(≥0.12,K=8)=0.154108 | Weighted(p=2.0)=0.063373 | corr(mag,R)=0.367
2025-10-31 17:20:51,092 |     → RETURNING Tau(0.120,K=8)=0.154108
2025-10-31 17:20:56,569 |     R̄: Ungated=0.061785 | Top-32=0.081574 | Tau(≥0.12,K=8)=0.154108 | Weighted(p=2.0)=0.063373 | corr(mag,R)=0.367
2025-10-31 17:20:56,569 |     → RETURNING Tau(0.120,K=8)=0.154108
2025-10-31 17:21:02,049 |     R̄: Ungated=0.061785 | Top-32=0.081574 | Tau(≥0.12,K=8)=0.154108 | Weighted(p=2.0)=0.063373 | corr(mag,R)=0.367
2025-10-31 17:21:02,050 |     → RETURNING Tau(0.120,K=8)=0.154108
2025-10-31 17:21:07,527 |     R̄: Ungated=0.061785 | Top-32=0.081574 | Tau(≥0.12,K=8)=0.154108 | Weighted(p=2.0)=0.063373 | corr(mag,R)=0.367
2025-10-31 17:21:07,527 |     → RETURNING Tau(0.120,K=8)=0.154108
2025-10-31 17:21:13,014 |     R̄: Ungated=0.061785 | Top-32=0.081574 | Tau(≥0.12,K=8)=0.154108 | Weighted(p=2.0)=0.063373 | corr(mag,R)=0.367
2025-10-31 17:21:13,014 |     → RETURNING Tau(0.120,K=8)=0.154108
2025-10-31 17:21:13,107 |   [90/90] Trial 30/30 | R̄=0.154108 (error: 13.87%) | Elapsed: 4.8m | ETA: 0.0m
2025-10-31 17:21:13,108 | 
  M=512 → R̄ = 0.154108 ± 0.000000
2025-10-31 17:21:13,108 |   Δ from exp(-2): +0.018773 (+13.87%)
2025-10-31 17:21:13,108 | 
Elapsed: 292.6s (4.9m)
2025-10-31 17:21:13,108 | Data: ../../Data/Experiments/Tier6/T6A1b/T6A1b_exp_minus_2_results.json
2025-10-31 17:21:13,607 | 
Figure: ../../Figures/experiments/Tier6/T6A1b/T6A1b_exp_minus_2_validation.png
2025-10-31 17:21:13,607 | 
2025-10-31 17:21:13,607 | ======================================================================
2025-10-31 17:21:13,607 | T6-A1b COMPLETE!
2025-10-31 17:21:13,607 | ======================================================================
2025-10-31 17:21:13,607 | exp(-2) = 0.1353352832
2025-10-31 17:21:13,607 | M=512  → R̄ = 0.1541082912
2025-10-31 17:21:13,607 | Error: 13.871%
2025-10-31 17:21:13,607 | Convergence: R̄(M) = exp(-2) + 1.77/M^0.73
2025-10-31 17:21:13,607 | Verdict: PARTIAL SUPPORT
2025-10-31 17:21:13,607 | ======================================================================
