2025-10-31 17:28:13,764 | ======================================================================
2025-10-31 17:28:13,764 | T6-A1b: exp(-2) Convergence Validation (GPU)
2025-10-31 17:28:13,764 | ======================================================================
2025-10-31 17:28:13,764 | Log: ../../Data/Experiments/Tier6/T6A1b/T6A1b_gpu_20251031_172813.log
2025-10-31 17:28:13,767 | GPU: NVIDIA GB10 (CC 121)
2025-10-31 17:28:13,767 | Starting exp(-2) convergence validation...
2025-10-31 17:28:13,767 | System: N=12289, r=3072, ρ=0.249980
2025-10-31 17:28:13,767 | Aggregator: topk, topk=24, p=2.0, perc=None
2025-10-31 17:28:13,767 | 
2025-10-31 17:28:13,767 | OBJECTIVE: Validate R̄ → exp(-2) = 0.1353352832... as M → ∞
2025-10-31 17:28:13,767 | 
2025-10-31 17:28:13,767 | Configuration:
2025-10-31 17:28:13,767 |   N: 12289
2025-10-31 17:28:13,767 |   r_target: 3072
2025-10-31 17:28:13,767 |   ρ: 0.2500
2025-10-31 17:28:13,767 |   M values: [128, 256, 512]
2025-10-31 17:28:13,767 |   L: 24576 (L/r = 8), trials: 1
2025-10-31 17:28:13,767 |   Noise σ: 0.0
2025-10-31 17:28:13,767 |   Aggregator: topk, topk=24, p=2.0
2025-10-31 17:28:13,767 |   Target: exp(-2) = 0.1353352832
2025-10-31 17:28:13,767 | 
2025-10-31 17:28:13,767 | Building deterministic exact-order base pool (φ(r) bases)...
2025-10-31 17:28:13,767 |   Primitive root g=11, h=(N-1)/r=4
2025-10-31 17:28:13,769 |   Generated 1024 exact-order bases (φ(r)=1024)
2025-10-31 17:28:13,769 |   First 10 bases: [9207, 2888, 8504, 4672, 2250, 2802, 754, 10122, 3311, 4622]
2025-10-31 17:28:13,769 |   Verification: These should be of form g^(h*t) mod N where gcd(t,r)=1
2025-10-31 17:28:13,769 | Creating fixed base sets for each M (eliminates per-trial variance)...
2025-10-31 17:28:13,769 |   M=128: Fixed base set created (same bases used for all 1 trials)
2025-10-31 17:28:13,769 |   M=256: Fixed base set created (same bases used for all 1 trials)
2025-10-31 17:28:13,769 |   M=512: Fixed base set created (same bases used for all 1 trials)
2025-10-31 17:28:13,769 | 
============================================================
2025-10-31 17:28:13,769 | Testing M = 128
2025-10-31 17:28:13,769 | ============================================================
2025-10-31 17:28:15,272 |     R̄: Ungated=0.107937 | Top-24=0.160605 | Tau(≥0.12,K=16)=0.186998 | Weighted(p=2.0)=0.109846 | corr(mag,R)=0.225
2025-10-31 17:28:15,273 |     → RETURNING Top-24=0.160605
2025-10-31 17:28:15,296 |   [1/3] Trial 1/1 | R̄=0.160605 (error: 18.67%) | Elapsed: 0.0m | ETA: 0.0m
2025-10-31 17:28:15,296 | 
  M=128 → R̄ = 0.160605 ± 0.000000
2025-10-31 17:28:15,296 |   Δ from exp(-2): +0.025270 (+18.67%)
2025-10-31 17:28:15,296 | 
============================================================
2025-10-31 17:28:15,296 | Testing M = 256
2025-10-31 17:28:15,296 | ============================================================
2025-10-31 17:28:18,044 |     R̄: Ungated=0.073272 | Top-24=0.112969 | Tau(≥0.12,K=9)=0.166576 | Weighted(p=2.0)=0.075626 | corr(mag,R)=0.396
2025-10-31 17:28:18,044 |     → RETURNING Top-24=0.112969
2025-10-31 17:28:18,091 |   [2/3] Trial 1/1 | R̄=0.112969 (error: 16.53%) | Elapsed: 0.0m | ETA: 0.0m
2025-10-31 17:28:18,091 | 
  M=256 → R̄ = 0.112969 ± 0.000000
2025-10-31 17:28:18,091 |   Δ from exp(-2): -0.022367 (+16.53%)
2025-10-31 17:28:18,091 | 
============================================================
2025-10-31 17:28:18,091 | Testing M = 512
2025-10-31 17:28:18,091 | ============================================================
2025-10-31 17:28:23,574 |     R̄: Ungated=0.061785 | Top-24=0.095270 | Tau(≥0.12,K=8)=0.154108 | Weighted(p=2.0)=0.063373 | corr(mag,R)=0.367
2025-10-31 17:28:23,574 |     → RETURNING Top-24=0.095270
2025-10-31 17:28:23,661 |   [3/3] Trial 1/1 | R̄=0.095270 (error: 29.60%) | Elapsed: 0.1m | ETA: 0.0m
2025-10-31 17:28:23,661 | 
  M=512 → R̄ = 0.095270 ± 0.000000
2025-10-31 17:28:23,661 |   Δ from exp(-2): -0.040065 (+29.60%)
2025-10-31 17:28:23,661 | 
Elapsed: 9.9s (0.2m)
2025-10-31 17:28:23,661 | Data: ../../Data/Experiments/Tier6/T6A1b/T6A1b_exp_minus_2_results.json
2025-10-31 17:28:24,188 | 
Figure: ../../Figures/experiments/Tier6/T6A1b/T6A1b_exp_minus_2_validation.png
2025-10-31 17:28:24,198 | 
2025-10-31 17:28:24,198 | ======================================================================
2025-10-31 17:28:24,198 | T6-A1b COMPLETE!
2025-10-31 17:28:24,198 | ======================================================================
2025-10-31 17:28:24,198 | exp(-2) = 0.1353352832
2025-10-31 17:28:24,199 | M=512  → R̄ = 0.0952700806
2025-10-31 17:28:24,199 | Error: 29.604%
2025-10-31 17:28:24,199 | Convergence: R̄(M) = exp(-2) + 257638408511847133026565037752320.00/M^16.14
2025-10-31 17:28:24,199 | Verdict: PARTIAL SUPPORT
2025-10-31 17:28:24,199 | ======================================================================
