2025-10-31 16:07:38,692 | ======================================================================
2025-10-31 16:07:38,692 | T6-A1b: exp(-2) Convergence Validation (GPU)
2025-10-31 16:07:38,692 | ======================================================================
2025-10-31 16:07:38,692 | Log: ../../Data/Experiments/Tier6/T6A1b/T6A1b_gpu_20251031_160738.log
2025-10-31 16:07:38,692 | GPU: Compute Capability 121
2025-10-31 16:07:38,692 | Starting exp(-2) convergence validation...
2025-10-31 16:07:38,692 | 
2025-10-31 16:07:38,692 | OBJECTIVE: Validate R̄ → exp(-2) = 0.1353352832... as M → ∞
2025-10-31 16:07:38,692 | 
2025-10-31 16:07:38,692 | Configuration:
2025-10-31 16:07:38,692 |   N: 12289
2025-10-31 16:07:38,692 |   r_target: 2048
2025-10-31 16:07:38,692 |   ρ: 0.1667
2025-10-31 16:07:38,692 |   M values: [128, 256, 512]
2025-10-31 16:07:38,692 |   L: 16384, trials: 30
2025-10-31 16:07:38,692 |   Noise σ: 0.0
2025-10-31 16:07:38,692 |   Target: exp(-2) = 0.1353352832
2025-10-31 16:07:38,692 | 
2025-10-31 16:07:38,692 | Finding 1024 bases with order 2048...
2025-10-31 16:07:38,694 |   Found 50/1024 bases...
2025-10-31 16:07:38,694 |   Found 50/1024 bases...
2025-10-31 16:07:38,694 |   Found 50/1024 bases...
2025-10-31 16:07:38,694 |   Found 50/1024 bases...
2025-10-31 16:07:38,694 |   Found 50/1024 bases...
2025-10-31 16:07:38,694 |   Found 50/1024 bases...
2025-10-31 16:07:38,694 |   Found 50/1024 bases...
2025-10-31 16:07:38,695 |   Found 100/1024 bases...
2025-10-31 16:07:38,695 |   Found 100/1024 bases...
2025-10-31 16:07:38,695 |   Found 100/1024 bases...
2025-10-31 16:07:38,697 |   Found 150/1024 bases...
2025-10-31 16:07:38,697 |   Found 150/1024 bases...
2025-10-31 16:07:38,697 |   Found 150/1024 bases...
2025-10-31 16:07:38,697 |   Found 150/1024 bases...
2025-10-31 16:07:38,697 |   Found 150/1024 bases...
2025-10-31 16:07:38,697 |   Found 150/1024 bases...
2025-10-31 16:07:38,697 |   Found 150/1024 bases...
2025-10-31 16:07:38,697 |   Found 150/1024 bases...
2025-10-31 16:07:38,698 |   Found 200/1024 bases...
2025-10-31 16:07:38,698 |   Found 200/1024 bases...
2025-10-31 16:07:38,699 |   Found 250/1024 bases...
2025-10-31 16:07:38,699 |   Found 250/1024 bases...
2025-10-31 16:07:38,699 |   Found 250/1024 bases...
2025-10-31 16:07:38,699 |   Found 250/1024 bases...
2025-10-31 16:07:38,699 |   Found 250/1024 bases...
2025-10-31 16:07:38,699 |   Found 250/1024 bases...
2025-10-31 16:07:38,699 |   Found 250/1024 bases...
2025-10-31 16:07:38,699 |   Found 250/1024 bases...
2025-10-31 16:07:38,699 |   Found 250/1024 bases...
2025-10-31 16:07:38,699 |   Found 250/1024 bases...
2025-10-31 16:07:38,699 |   Found 250/1024 bases...
2025-10-31 16:07:38,699 |   Found 250/1024 bases...
2025-10-31 16:07:38,699 |   Found 250/1024 bases...
2025-10-31 16:07:38,699 |   Found 250/1024 bases...
2025-10-31 16:07:38,699 |   Found 250/1024 bases...
2025-10-31 16:07:38,699 |   Found 250/1024 bases...
2025-10-31 16:07:38,699 |   Found 250/1024 bases...
2025-10-31 16:07:38,699 |   Found 250/1024 bases...
2025-10-31 16:07:38,699 |   Found 250/1024 bases...
2025-10-31 16:07:38,699 |   Found 250/1024 bases...
2025-10-31 16:07:38,699 |   Found 250/1024 bases...
2025-10-31 16:07:38,699 |   Found 250/1024 bases...
2025-10-31 16:07:38,700 |   Found 250/1024 bases...
2025-10-31 16:07:38,700 |   Found 250/1024 bases...
2025-10-31 16:07:38,700 |   Found 250/1024 bases...
2025-10-31 16:07:38,700 |   Found 250/1024 bases...
2025-10-31 16:07:38,701 |   Found 300/1024 bases...
2025-10-31 16:07:38,701 |   Found 300/1024 bases...
2025-10-31 16:07:38,701 |   Found 300/1024 bases...
2025-10-31 16:07:38,701 |   Found 300/1024 bases...
2025-10-31 16:07:38,701 |   Found 300/1024 bases...
2025-10-31 16:07:38,701 |   Found 300/1024 bases...
2025-10-31 16:07:38,701 |   Found 300/1024 bases...
2025-10-31 16:07:38,701 |   Found 300/1024 bases...
2025-10-31 16:07:38,701 |   Found 300/1024 bases...
2025-10-31 16:07:38,702 |   Found 350/1024 bases...
2025-10-31 16:07:38,702 |   Found 350/1024 bases...
2025-10-31 16:07:38,702 |   Found 350/1024 bases...
2025-10-31 16:07:38,702 |   Found 350/1024 bases...
2025-10-31 16:07:38,704 |   Found 400/1024 bases...
2025-10-31 16:07:38,704 |   Found 400/1024 bases...
2025-10-31 16:07:38,704 |   Found 400/1024 bases...
2025-10-31 16:07:38,704 |   Found 400/1024 bases...
2025-10-31 16:07:38,704 |   Found 400/1024 bases...
2025-10-31 16:07:38,704 |   Found 400/1024 bases...
2025-10-31 16:07:38,704 |   Found 400/1024 bases...
2025-10-31 16:07:38,704 |   Found 400/1024 bases...
2025-10-31 16:07:38,704 |   Found 400/1024 bases...
2025-10-31 16:07:38,704 |   Found 400/1024 bases...
2025-10-31 16:07:38,704 |   Found 400/1024 bases...
2025-10-31 16:07:38,705 |   Found 450/1024 bases...
2025-10-31 16:07:38,705 |   Found 450/1024 bases...
2025-10-31 16:07:38,705 |   Found 450/1024 bases...
2025-10-31 16:07:38,705 |   Found 450/1024 bases...
2025-10-31 16:07:38,705 |   Found 450/1024 bases...
2025-10-31 16:07:38,705 |   Found 450/1024 bases...
2025-10-31 16:07:38,705 |   Found 450/1024 bases...
2025-10-31 16:07:38,705 |   Found 450/1024 bases...
2025-10-31 16:07:38,705 |   Found 450/1024 bases...
2025-10-31 16:07:38,705 |   Found 450/1024 bases...
2025-10-31 16:07:38,705 |   Found 450/1024 bases...
2025-10-31 16:07:38,707 |   Found 500/1024 bases...
2025-10-31 16:07:38,707 |   Found 500/1024 bases...
2025-10-31 16:07:38,707 |   Found 500/1024 bases...
2025-10-31 16:07:38,707 |   Found 500/1024 bases...
2025-10-31 16:07:38,707 |   Found 500/1024 bases...
2025-10-31 16:07:38,708 |   Found 550/1024 bases...
2025-10-31 16:07:38,708 |   Found 550/1024 bases...
2025-10-31 16:07:38,708 |   Found 550/1024 bases...
2025-10-31 16:07:38,708 |   Found 550/1024 bases...
2025-10-31 16:07:38,708 |   Found 550/1024 bases...
2025-10-31 16:07:38,708 |   Found 550/1024 bases...
2025-10-31 16:07:38,708 |   Found 550/1024 bases...
2025-10-31 16:07:38,708 |   Found 550/1024 bases...
2025-10-31 16:07:38,708 |   Found 550/1024 bases...
2025-10-31 16:07:38,708 |   Found 550/1024 bases...
2025-10-31 16:07:38,708 |   Found 550/1024 bases...
2025-10-31 16:07:38,708 |   Found 550/1024 bases...
2025-10-31 16:07:38,708 |   Found 550/1024 bases...
2025-10-31 16:07:38,708 |   Found 550/1024 bases...
2025-10-31 16:07:38,708 |   Found 550/1024 bases...
2025-10-31 16:07:38,708 |   Found 550/1024 bases...
2025-10-31 16:07:38,708 |   Found 550/1024 bases...
2025-10-31 16:07:38,708 |   Found 550/1024 bases...
2025-10-31 16:07:38,708 |   Found 550/1024 bases...
2025-10-31 16:07:38,708 |   Found 550/1024 bases...
2025-10-31 16:07:38,708 |   Found 550/1024 bases...
2025-10-31 16:07:38,708 |   Found 550/1024 bases...
2025-10-31 16:07:38,708 |   Found 550/1024 bases...
2025-10-31 16:07:38,708 |   Found 550/1024 bases...
2025-10-31 16:07:38,708 |   Found 550/1024 bases...
2025-10-31 16:07:38,708 |   Found 550/1024 bases...
2025-10-31 16:07:38,708 |   Found 550/1024 bases...
2025-10-31 16:07:38,708 |   Found 550/1024 bases...
2025-10-31 16:07:38,708 |   Found 550/1024 bases...
2025-10-31 16:07:38,708 |   Found 550/1024 bases...
2025-10-31 16:07:38,708 |   Found 550/1024 bases...
2025-10-31 16:07:38,708 |   Found 550/1024 bases...
2025-10-31 16:07:38,708 |   Found 550/1024 bases...
2025-10-31 16:07:38,708 |   Found 550/1024 bases...
2025-10-31 16:07:38,708 |   Found 550/1024 bases...
2025-10-31 16:07:38,708 |   Found 550/1024 bases...
2025-10-31 16:07:38,708 |   Found 550/1024 bases...
2025-10-31 16:07:38,708 |   Found 550/1024 bases...
2025-10-31 16:07:38,708 |   Found 550/1024 bases...
2025-10-31 16:07:38,708 |   Found 550/1024 bases...
2025-10-31 16:07:38,708 |   Found 550/1024 bases...
2025-10-31 16:07:38,708 |   Found 550/1024 bases...
2025-10-31 16:07:38,709 |   Found 550/1024 bases...
2025-10-31 16:07:38,709 |   Found 550/1024 bases...
2025-10-31 16:07:38,709 |   Found 550/1024 bases...
2025-10-31 16:07:38,709 |   Found 550/1024 bases...
2025-10-31 16:07:38,709 |   Found 550/1024 bases...
2025-10-31 16:07:38,709 |   Found 550/1024 bases...
2025-10-31 16:07:38,709 |   Found 550/1024 bases...
2025-10-31 16:07:38,710 |   Found 600/1024 bases...
2025-10-31 16:07:38,710 |   Found 600/1024 bases...
2025-10-31 16:07:38,711 |   Found 650/1024 bases...
2025-10-31 16:07:38,712 |   Found 700/1024 bases...
2025-10-31 16:07:38,712 |   Found 700/1024 bases...
2025-10-31 16:07:38,712 |   Found 700/1024 bases...
2025-10-31 16:07:38,712 |   Found 700/1024 bases...
2025-10-31 16:07:38,712 |   Found 700/1024 bases...
2025-10-31 16:07:38,712 |   Found 700/1024 bases...
2025-10-31 16:07:38,712 |   Found 700/1024 bases...
2025-10-31 16:07:38,712 |   Found 700/1024 bases...
2025-10-31 16:07:38,712 |   Found 700/1024 bases...
2025-10-31 16:07:38,712 |   Found 700/1024 bases...
2025-10-31 16:07:38,712 |   Found 700/1024 bases...
2025-10-31 16:07:38,714 |   Found 750/1024 bases...
2025-10-31 16:07:38,714 |   Found 750/1024 bases...
2025-10-31 16:07:38,714 |   Found 750/1024 bases...
2025-10-31 16:07:38,714 |   Found 750/1024 bases...
2025-10-31 16:07:38,714 |   Found 750/1024 bases...
2025-10-31 16:07:38,714 |   Found 750/1024 bases...
2025-10-31 16:07:38,714 |   Found 750/1024 bases...
2025-10-31 16:07:38,714 |   Found 750/1024 bases...
2025-10-31 16:07:38,714 |   Found 750/1024 bases...
2025-10-31 16:07:38,716 |   Found 800/1024 bases...
2025-10-31 16:07:38,716 |   Found 800/1024 bases...
2025-10-31 16:07:38,716 |   Found 800/1024 bases...
2025-10-31 16:07:38,716 |   Found 800/1024 bases...
2025-10-31 16:07:38,717 |   Found 850/1024 bases...
2025-10-31 16:07:38,717 |   Found 850/1024 bases...
2025-10-31 16:07:38,717 |   Found 850/1024 bases...
2025-10-31 16:07:38,717 |   Found 850/1024 bases...
2025-10-31 16:07:38,717 |   Found 850/1024 bases...
2025-10-31 16:07:38,717 |   Found 850/1024 bases...
2025-10-31 16:07:38,717 |   Found 850/1024 bases...
2025-10-31 16:07:38,717 |   Found 850/1024 bases...
2025-10-31 16:07:38,717 |   Found 850/1024 bases...
2025-10-31 16:07:38,717 |   Found 850/1024 bases...
2025-10-31 16:07:38,717 |   Found 850/1024 bases...
2025-10-31 16:07:38,717 |   Found 850/1024 bases...
2025-10-31 16:07:38,717 |   Found 850/1024 bases...
2025-10-31 16:07:38,717 |   Found 850/1024 bases...
2025-10-31 16:07:38,717 |   Found 850/1024 bases...
2025-10-31 16:07:38,717 |   Found 850/1024 bases...
2025-10-31 16:07:38,717 |   Found 850/1024 bases...
2025-10-31 16:07:38,717 |   Found 850/1024 bases...
2025-10-31 16:07:38,717 |   Found 850/1024 bases...
2025-10-31 16:07:38,717 |   Found 850/1024 bases...
2025-10-31 16:07:38,717 |   Found 850/1024 bases...
2025-10-31 16:07:38,718 |   Found 850/1024 bases...
2025-10-31 16:07:38,718 |   Found 850/1024 bases...
2025-10-31 16:07:38,718 |   Found 850/1024 bases...
2025-10-31 16:07:38,718 |   Found 850/1024 bases...
2025-10-31 16:07:38,718 |   Found 850/1024 bases...
2025-10-31 16:07:38,718 |   Found 850/1024 bases...
2025-10-31 16:07:38,718 |   Found 850/1024 bases...
2025-10-31 16:07:38,718 |   Found 850/1024 bases...
2025-10-31 16:07:38,718 |   Found 850/1024 bases...
2025-10-31 16:07:38,718 |   Found 850/1024 bases...
2025-10-31 16:07:38,718 |   Found 850/1024 bases...
2025-10-31 16:07:38,718 |   Found 850/1024 bases...
2025-10-31 16:07:38,718 |   Found 850/1024 bases...
2025-10-31 16:07:38,718 |   Found 850/1024 bases...
2025-10-31 16:07:38,718 |   Found 850/1024 bases...
2025-10-31 16:07:38,718 |   Found 850/1024 bases...
2025-10-31 16:07:38,719 |   Found 900/1024 bases...
2025-10-31 16:07:38,719 |   Found 900/1024 bases...
2025-10-31 16:07:38,720 |   Found 900/1024 bases...
2025-10-31 16:07:38,720 |   Found 900/1024 bases...
2025-10-31 16:07:38,721 |   Found 950/1024 bases...
2025-10-31 16:07:38,721 |   Found 950/1024 bases...
2025-10-31 16:07:38,721 |   Found 950/1024 bases...
2025-10-31 16:07:38,721 |   Found 950/1024 bases...
2025-10-31 16:07:38,721 |   Found 950/1024 bases...
2025-10-31 16:07:38,722 |   Found 1000/1024 bases...
2025-10-31 16:07:38,722 |   Found 1000/1024 bases...
2025-10-31 16:07:38,722 |   Found 1000/1024 bases...
2025-10-31 16:07:38,722 |   Found 1000/1024 bases...
2025-10-31 16:07:38,722 |   Found 1000/1024 bases...
2025-10-31 16:07:38,722 |   Found 1000/1024 bases...
2025-10-31 16:07:38,722 |   Found 1000/1024 bases...
2025-10-31 16:07:38,722 |   Found 1000/1024 bases...
2025-10-31 16:07:38,722 |   Found 1000/1024 bases...
2025-10-31 16:07:38,722 |   Found 1000/1024 bases...
2025-10-31 16:07:38,722 |   Found 1000/1024 bases...
2025-10-31 16:07:38,722 |   Found 1000/1024 bases...
2025-10-31 16:07:38,722 |   Found 1000/1024 bases...
2025-10-31 16:07:38,722 |   Found 1000/1024 bases...
2025-10-31 16:07:38,722 |   Found 1000/1024 bases...
2025-10-31 16:07:38,722 |   Found 1000/1024 bases...
2025-10-31 16:07:38,722 |   Found 1000/1024 bases...
2025-10-31 16:07:38,723 |   Found 1024 bases
2025-10-31 16:07:38,723 | 
============================================================
2025-10-31 16:07:38,723 | Testing M = 128
2025-10-31 16:07:38,723 | ============================================================
2025-10-31 16:07:41,852 |     Ungated R̄=0.082242 | Gated(top-24) R̄=0.088551
2025-10-31 16:07:44,816 |     Ungated R̄=0.101286 | Gated(top-24) R̄=0.106615
2025-10-31 16:07:47,825 |     Ungated R̄=0.088929 | Gated(top-24) R̄=0.084206
2025-10-31 16:07:50,789 |     Ungated R̄=0.096369 | Gated(top-24) R̄=0.095510
2025-10-31 16:07:53,749 |     Ungated R̄=0.089924 | Gated(top-24) R̄=0.095731
2025-10-31 16:07:53,768 |   [5/90] Trial 5/30 | R̄=0.094123 (error: 30.45%) | Elapsed: 0.2m | ETA: 3.4m
2025-10-31 16:07:56,767 |     Ungated R̄=0.086730 | Gated(top-24) R̄=0.101200
2025-10-31 16:07:59,732 |     Ungated R̄=0.098735 | Gated(top-24) R̄=0.094511
2025-10-31 16:08:02,675 |     Ungated R̄=0.095817 | Gated(top-24) R̄=0.100344
2025-10-31 16:08:05,658 |     Ungated R̄=0.092176 | Gated(top-24) R̄=0.096333
2025-10-31 16:08:08,643 |     Ungated R̄=0.093520 | Gated(top-24) R̄=0.101960
2025-10-31 16:08:08,661 |   [10/90] Trial 10/30 | R̄=0.096496 (error: 28.70%) | Elapsed: 0.4m | ETA: 3.6m
2025-10-31 16:08:11,667 |     Ungated R̄=0.103218 | Gated(top-24) R̄=0.112433
2025-10-31 16:08:14,667 |     Ungated R̄=0.083747 | Gated(top-24) R̄=0.077072
2025-10-31 16:08:17,669 |     Ungated R̄=0.105949 | Gated(top-24) R̄=0.103067
2025-10-31 16:08:20,640 |     Ungated R̄=0.089327 | Gated(top-24) R̄=0.092654
2025-10-31 16:08:23,636 |     Ungated R̄=0.093381 | Gated(top-24) R̄=0.084956
2025-10-31 16:08:23,653 |   [15/90] Trial 15/30 | R̄=0.095676 (error: 29.30%) | Elapsed: 0.7m | ETA: 3.5m
2025-10-31 16:08:26,653 |     Ungated R̄=0.090298 | Gated(top-24) R̄=0.100116
2025-10-31 16:08:29,609 |     Ungated R̄=0.091503 | Gated(top-24) R̄=0.101151
2025-10-31 16:08:32,565 |     Ungated R̄=0.099259 | Gated(top-24) R̄=0.088144
2025-10-31 16:08:35,532 |     Ungated R̄=0.094556 | Gated(top-24) R̄=0.100211
2025-10-31 16:08:38,515 |     Ungated R̄=0.098049 | Gated(top-24) R̄=0.098642
2025-10-31 16:08:38,532 |   [20/90] Trial 20/30 | R̄=0.096170 (error: 28.94%) | Elapsed: 0.9m | ETA: 3.3m
2025-10-31 16:08:41,561 |     Ungated R̄=0.089425 | Gated(top-24) R̄=0.081601
2025-10-31 16:08:44,509 |     Ungated R̄=0.084649 | Gated(top-24) R̄=0.084959
2025-10-31 16:08:47,569 |     Ungated R̄=0.091018 | Gated(top-24) R̄=0.086919
2025-10-31 16:08:50,598 |     Ungated R̄=0.086387 | Gated(top-24) R̄=0.095617
2025-10-31 16:08:53,571 |     Ungated R̄=0.092891 | Gated(top-24) R̄=0.082782
2025-10-31 16:08:53,587 |   [25/90] Trial 25/30 | R̄=0.094212 (error: 30.39%) | Elapsed: 1.2m | ETA: 3.1m
2025-10-31 16:08:56,545 |     Ungated R̄=0.099165 | Gated(top-24) R̄=0.096953
2025-10-31 16:08:59,602 |     Ungated R̄=0.094509 | Gated(top-24) R̄=0.101288
2025-10-31 16:09:02,563 |     Ungated R̄=0.092454 | Gated(top-24) R̄=0.088069
2025-10-31 16:09:05,519 |     Ungated R̄=0.082636 | Gated(top-24) R̄=0.078396
2025-10-31 16:09:08,532 |     Ungated R̄=0.102708 | Gated(top-24) R̄=0.093983
2025-10-31 16:09:08,548 |   [30/90] Trial 30/30 | R̄=0.093799 (error: 30.69%) | Elapsed: 1.4m | ETA: 2.9m
2025-10-31 16:09:08,548 | 
  M=128 → R̄ = 0.093799 ± 0.008524
2025-10-31 16:09:08,548 |   Δ from exp(-2): -0.041536 (+30.69%)
2025-10-31 16:09:08,548 | 
============================================================
2025-10-31 16:09:08,548 | Testing M = 256
2025-10-31 16:09:08,548 | ============================================================
2025-10-31 16:09:14,487 |     Ungated R̄=0.075864 | Gated(top-24) R̄=0.074668
2025-10-31 16:09:20,400 |     Ungated R̄=0.076523 | Gated(top-24) R̄=0.086885
2025-10-31 16:09:26,372 |     Ungated R̄=0.072074 | Gated(top-24) R̄=0.064558
2025-10-31 16:09:32,333 |     Ungated R̄=0.073227 | Gated(top-24) R̄=0.072706
2025-10-31 16:09:38,280 |     Ungated R̄=0.073113 | Gated(top-24) R̄=0.075263
2025-10-31 16:09:38,314 |   [35/90] Trial 5/30 | R̄=0.074816 (error: 44.72%) | Elapsed: 1.9m | ETA: 3.0m
2025-10-31 16:09:44,223 |     Ungated R̄=0.084250 | Gated(top-24) R̄=0.090057
2025-10-31 16:09:50,166 |     Ungated R̄=0.066477 | Gated(top-24) R̄=0.075902
2025-10-31 16:09:56,106 |     Ungated R̄=0.081498 | Gated(top-24) R̄=0.083929
2025-10-31 16:10:02,067 |     Ungated R̄=0.073793 | Gated(top-24) R̄=0.069018
2025-10-31 16:10:07,994 |     Ungated R̄=0.074689 | Gated(top-24) R̄=0.081514
2025-10-31 16:10:08,027 |   [40/90] Trial 10/30 | R̄=0.077450 (error: 42.77%) | Elapsed: 2.4m | ETA: 3.0m
2025-10-31 16:10:13,918 |     Ungated R̄=0.075743 | Gated(top-24) R̄=0.073279
2025-10-31 16:10:19,849 |     Ungated R̄=0.077931 | Gated(top-24) R̄=0.086626
2025-10-31 16:10:25,792 |     Ungated R̄=0.064260 | Gated(top-24) R̄=0.074293
2025-10-31 16:10:31,719 |     Ungated R̄=0.079313 | Gated(top-24) R̄=0.088228
2025-10-31 16:10:37,649 |     Ungated R̄=0.074564 | Gated(top-24) R̄=0.081175
2025-10-31 16:10:37,681 |   [45/90] Trial 15/30 | R̄=0.078540 (error: 41.97%) | Elapsed: 2.9m | ETA: 2.9m
2025-10-31 16:10:43,575 |     Ungated R̄=0.071473 | Gated(top-24) R̄=0.075220
2025-10-31 16:10:49,511 |     Ungated R̄=0.071222 | Gated(top-24) R̄=0.074585
2025-10-31 16:10:55,559 |     Ungated R̄=0.071399 | Gated(top-24) R̄=0.075952
2025-10-31 16:11:01,454 |     Ungated R̄=0.076565 | Gated(top-24) R̄=0.072812
2025-10-31 16:11:07,350 |     Ungated R̄=0.073454 | Gated(top-24) R̄=0.075016
2025-10-31 16:11:07,382 |   [50/90] Trial 20/30 | R̄=0.077584 (error: 42.67%) | Elapsed: 3.4m | ETA: 2.7m
2025-10-31 16:11:13,247 |     Ungated R̄=0.070263 | Gated(top-24) R̄=0.076499
2025-10-31 16:11:19,122 |     Ungated R̄=0.072725 | Gated(top-24) R̄=0.079135
2025-10-31 16:11:25,142 |     Ungated R̄=0.073708 | Gated(top-24) R̄=0.074066
2025-10-31 16:11:31,066 |     Ungated R̄=0.066908 | Gated(top-24) R̄=0.066807
2025-10-31 16:11:36,977 |     Ungated R̄=0.075137 | Gated(top-24) R̄=0.082298
2025-10-31 16:11:37,008 |   [55/90] Trial 25/30 | R̄=0.077220 (error: 42.94%) | Elapsed: 3.9m | ETA: 2.5m
2025-10-31 16:11:42,928 |     Ungated R̄=0.063343 | Gated(top-24) R̄=0.075816
2025-10-31 16:11:48,874 |     Ungated R̄=0.071733 | Gated(top-24) R̄=0.065177
2025-10-31 16:11:54,811 |     Ungated R̄=0.071939 | Gated(top-24) R̄=0.081429
2025-10-31 16:12:00,729 |     Ungated R̄=0.066037 | Gated(top-24) R̄=0.069037
2025-10-31 16:12:06,729 |     Ungated R̄=0.070183 | Gated(top-24) R̄=0.074636
2025-10-31 16:12:06,760 |   [60/90] Trial 30/30 | R̄=0.076553 (error: 43.43%) | Elapsed: 4.4m | ETA: 2.2m
2025-10-31 16:12:06,761 | 
  M=256 → R̄ = 0.076553 ± 0.006432
2025-10-31 16:12:06,761 |   Δ from exp(-2): -0.058782 (+43.43%)
2025-10-31 16:12:06,761 | 
============================================================
2025-10-31 16:12:06,761 | Testing M = 512
2025-10-31 16:12:06,761 | ============================================================
2025-10-31 16:12:18,596 |     Ungated R̄=0.056527 | Gated(top-24) R̄=0.065521
2025-10-31 16:12:30,423 |     Ungated R̄=0.059562 | Gated(top-24) R̄=0.067942
2025-10-31 16:12:42,316 |     Ungated R̄=0.056605 | Gated(top-24) R̄=0.062427
2025-10-31 16:12:54,114 |     Ungated R̄=0.059829 | Gated(top-24) R̄=0.062641
2025-10-31 16:13:05,856 |     Ungated R̄=0.059151 | Gated(top-24) R̄=0.072868
2025-10-31 16:13:05,922 |   [65/90] Trial 5/30 | R̄=0.066280 (error: 51.03%) | Elapsed: 5.3m | ETA: 2.0m
2025-10-31 16:13:17,709 |     Ungated R̄=0.062802 | Gated(top-24) R̄=0.067191
2025-10-31 16:13:29,514 |     Ungated R̄=0.059265 | Gated(top-24) R̄=0.070092
2025-10-31 16:13:41,574 |     Ungated R̄=0.057428 | Gated(top-24) R̄=0.064030
2025-10-31 16:13:53,447 |     Ungated R̄=0.057597 | Gated(top-24) R̄=0.063286
2025-10-31 16:14:05,279 |     Ungated R̄=0.059891 | Gated(top-24) R̄=0.069006
2025-10-31 16:14:05,349 |   [70/90] Trial 10/30 | R̄=0.066500 (error: 50.86%) | Elapsed: 6.2m | ETA: 1.8m
2025-10-31 16:14:16,984 |     Ungated R̄=0.062147 | Gated(top-24) R̄=0.078796
2025-10-31 16:14:28,748 |     Ungated R̄=0.060114 | Gated(top-24) R̄=0.076484
2025-10-31 16:14:40,548 |     Ungated R̄=0.061407 | Gated(top-24) R̄=0.075834
2025-10-31 16:14:52,460 |     Ungated R̄=0.057240 | Gated(top-24) R̄=0.063211
2025-10-31 16:15:04,397 |     Ungated R̄=0.063054 | Gated(top-24) R̄=0.067342
2025-10-31 16:15:04,460 |   [75/90] Trial 15/30 | R̄=0.068445 (error: 49.43%) | Elapsed: 7.2m | ETA: 1.4m
2025-10-31 16:15:16,346 |     Ungated R̄=0.052802 | Gated(top-24) R̄=0.068107
2025-10-31 16:15:28,163 |     Ungated R̄=0.060256 | Gated(top-24) R̄=0.068103
2025-10-31 16:15:39,929 |     Ungated R̄=0.062790 | Gated(top-24) R̄=0.066209
2025-10-31 16:15:51,690 |     Ungated R̄=0.055891 | Gated(top-24) R̄=0.073557
2025-10-31 16:16:03,473 |     Ungated R̄=0.059075 | Gated(top-24) R̄=0.068711
2025-10-31 16:16:03,541 |   [80/90] Trial 20/30 | R̄=0.068568 (error: 49.33%) | Elapsed: 8.2m | ETA: 1.0m
2025-10-31 16:16:15,273 |     Ungated R̄=0.058523 | Gated(top-24) R̄=0.064648
2025-10-31 16:16:27,089 |     Ungated R̄=0.058969 | Gated(top-24) R̄=0.066711
2025-10-31 16:16:38,884 |     Ungated R̄=0.058994 | Gated(top-24) R̄=0.060338
2025-10-31 16:16:50,693 |     Ungated R̄=0.059126 | Gated(top-24) R̄=0.072518
2025-10-31 16:17:02,508 |     Ungated R̄=0.063900 | Gated(top-24) R̄=0.078217
2025-10-31 16:17:02,581 |   [85/90] Trial 25/30 | R̄=0.068552 (error: 49.35%) | Elapsed: 9.2m | ETA: 0.5m
2025-10-31 16:17:14,561 |     Ungated R̄=0.063078 | Gated(top-24) R̄=0.068906
2025-10-31 16:17:26,380 |     Ungated R̄=0.055928 | Gated(top-24) R̄=0.062960
2025-10-31 16:17:38,452 |     Ungated R̄=0.056890 | Gated(top-24) R̄=0.054991
2025-10-31 16:17:50,279 |     Ungated R̄=0.061654 | Gated(top-24) R̄=0.059908
2025-10-31 16:18:02,076 |     Ungated R̄=0.061093 | Gated(top-24) R̄=0.067912
2025-10-31 16:18:02,142 |   [90/90] Trial 30/30 | R̄=0.067616 (error: 50.04%) | Elapsed: 10.2m | ETA: 0.0m
2025-10-31 16:18:02,142 | 
  M=512 → R̄ = 0.067616 ± 0.005460
2025-10-31 16:18:02,142 |   Δ from exp(-2): -0.067720 (+50.04%)
2025-10-31 16:18:02,142 | 
Elapsed: 623.5s (10.4m)
2025-10-31 16:18:02,143 | Data: ../../Data/Experiments/Tier6/T6A1b/T6A1b_exp_minus_2_results.json
2025-10-31 16:18:02,720 | 
Figure: ../../Figures/experiments/Tier6/T6A1b/T6A1b_exp_minus_2_validation.png
2025-10-31 16:18:02,721 | 
2025-10-31 16:18:02,721 | ======================================================================
2025-10-31 16:18:02,721 | T6-A1b COMPLETE!
2025-10-31 16:18:02,721 | ======================================================================
2025-10-31 16:18:02,721 | exp(-2) = 0.1353352832
2025-10-31 16:18:02,721 | M=512  → R̄ = 0.0676156419
2025-10-31 16:18:02,721 | Error: 50.038%
2025-10-31 16:18:02,721 | Convergence: R̄(M) = exp(-2) + 11007.79/M^136.29
2025-10-31 16:18:02,721 | Verdict: PARTIAL SUPPORT
2025-10-31 16:18:02,721 | ======================================================================
