2025-10-31 16:36:16,568 | ======================================================================
2025-10-31 16:36:16,568 | T6-A1b: exp(-2) Convergence Validation (GPU)
2025-10-31 16:36:16,568 | ======================================================================
2025-10-31 16:36:16,568 | Log: ../../Data/Experiments/Tier6/T6A1b/T6A1b_gpu_20251031_163616.log
2025-10-31 16:36:16,571 | GPU: NVIDIA GB10 (CC 121)
2025-10-31 16:36:16,571 | Starting exp(-2) convergence validation...
2025-10-31 16:36:16,571 | 
2025-10-31 16:36:16,571 | OBJECTIVE: Validate R̄ → exp(-2) = 0.1353352832... as M → ∞
2025-10-31 16:36:16,571 | 
2025-10-31 16:36:16,571 | Configuration:
2025-10-31 16:36:16,571 |   N: 12289
2025-10-31 16:36:16,571 |   r_target: 3072
2025-10-31 16:36:16,571 |   ρ: 0.2500
2025-10-31 16:36:16,571 |   M values: [128, 256, 512]
2025-10-31 16:36:16,571 |   L: 24576, trials: 30
2025-10-31 16:36:16,571 |   Noise σ: 0.0
2025-10-31 16:36:16,571 |   Target: exp(-2) = 0.1353352832
2025-10-31 16:36:16,571 | 
2025-10-31 16:36:16,571 | Finding 1024 bases with order 3072...
2025-10-31 16:36:16,572 |   Found 50/1024 bases...
2025-10-31 16:36:16,573 |   Found 50/1024 bases...
2025-10-31 16:36:16,573 |   Found 50/1024 bases...
2025-10-31 16:36:16,573 |   Found 50/1024 bases...
2025-10-31 16:36:16,573 |   Found 50/1024 bases...
2025-10-31 16:36:16,574 |   Found 100/1024 bases...
2025-10-31 16:36:16,576 |   Found 150/1024 bases...
2025-10-31 16:36:16,577 |   Found 200/1024 bases...
2025-10-31 16:36:16,578 |   Found 250/1024 bases...
2025-10-31 16:36:16,578 |   Found 250/1024 bases...
2025-10-31 16:36:16,580 |   Found 300/1024 bases...
2025-10-31 16:36:16,580 |   Found 300/1024 bases...
2025-10-31 16:36:16,580 |   Found 300/1024 bases...
2025-10-31 16:36:16,580 |   Found 300/1024 bases...
2025-10-31 16:36:16,580 |   Found 300/1024 bases...
2025-10-31 16:36:16,580 |   Found 300/1024 bases...
2025-10-31 16:36:16,581 |   Found 350/1024 bases...
2025-10-31 16:36:16,583 |   Found 400/1024 bases...
2025-10-31 16:36:16,585 |   Found 450/1024 bases...
2025-10-31 16:36:16,585 |   Found 450/1024 bases...
2025-10-31 16:36:16,586 |   Found 500/1024 bases...
2025-10-31 16:36:16,586 |   Found 500/1024 bases...
2025-10-31 16:36:16,587 |   Found 550/1024 bases...
2025-10-31 16:36:16,589 |   Found 600/1024 bases...
2025-10-31 16:36:16,589 |   Found 600/1024 bases...
2025-10-31 16:36:16,589 |   Found 600/1024 bases...
2025-10-31 16:36:16,589 |   Found 600/1024 bases...
2025-10-31 16:36:16,590 |   Found 650/1024 bases...
2025-10-31 16:36:16,592 |   Found 700/1024 bases...
2025-10-31 16:36:16,592 |   Found 700/1024 bases...
2025-10-31 16:36:16,592 |   Found 700/1024 bases...
2025-10-31 16:36:16,592 |   Found 700/1024 bases...
2025-10-31 16:36:16,592 |   Found 700/1024 bases...
2025-10-31 16:36:16,592 |   Found 700/1024 bases...
2025-10-31 16:36:16,593 |   Found 750/1024 bases...
2025-10-31 16:36:16,593 |   Found 750/1024 bases...
2025-10-31 16:36:16,595 |   Found 800/1024 bases...
2025-10-31 16:36:16,595 |   Found 800/1024 bases...
2025-10-31 16:36:16,596 |   Found 850/1024 bases...
2025-10-31 16:36:16,598 |   Found 900/1024 bases...
2025-10-31 16:36:16,598 |   Found 900/1024 bases...
2025-10-31 16:36:16,598 |   Found 900/1024 bases...
2025-10-31 16:36:16,598 |   Found 900/1024 bases...
2025-10-31 16:36:16,598 |   Found 900/1024 bases...
2025-10-31 16:36:16,599 |   Found 950/1024 bases...
2025-10-31 16:36:16,599 |   Found 950/1024 bases...
2025-10-31 16:36:16,599 |   Found 950/1024 bases...
2025-10-31 16:36:16,599 |   Found 950/1024 bases...
2025-10-31 16:36:16,599 |   Found 950/1024 bases...
2025-10-31 16:36:16,600 |   Found 1000/1024 bases...
2025-10-31 16:36:16,600 |   Found 1000/1024 bases...
2025-10-31 16:36:16,600 |   Found 1000/1024 bases...
2025-10-31 16:36:16,600 |   Found 1000/1024 bases...
2025-10-31 16:36:16,601 |   Found 1024 bases
2025-10-31 16:36:16,601 | 
============================================================
2025-10-31 16:36:16,601 | Testing M = 128
2025-10-31 16:36:16,601 | ============================================================
2025-10-31 16:36:19,610 |     R̄: Ungated=0.111681 | Top-24=0.122011 | Weighted(p=2.0)=0.113257
2025-10-31 16:36:22,651 |     R̄: Ungated=0.091877 | Top-24=0.091531 | Weighted(p=2.0)=0.092937
2025-10-31 16:36:25,589 |     R̄: Ungated=0.094742 | Top-24=0.098571 | Weighted(p=2.0)=0.095170
2025-10-31 16:36:28,541 |     R̄: Ungated=0.105115 | Top-24=0.110362 | Weighted(p=2.0)=0.107496
2025-10-31 16:36:31,502 |     R̄: Ungated=0.097320 | Top-24=0.097365 | Weighted(p=2.0)=0.098303
2025-10-31 16:36:31,527 |   [5/90] Trial 5/30 | R̄=0.101433 (error: 25.05%) | Elapsed: 0.2m | ETA: 3.4m
2025-10-31 16:36:34,469 |     R̄: Ungated=0.110677 | Top-24=0.116271 | Weighted(p=2.0)=0.111876
2025-10-31 16:36:37,420 |     R̄: Ungated=0.096786 | Top-24=0.105802 | Weighted(p=2.0)=0.098995
2025-10-31 16:36:40,358 |     R̄: Ungated=0.100510 | Top-24=0.117529 | Weighted(p=2.0)=0.101754
2025-10-31 16:36:43,311 |     R̄: Ungated=0.101579 | Top-24=0.105599 | Weighted(p=2.0)=0.102527
2025-10-31 16:36:46,262 |     R̄: Ungated=0.105952 | Top-24=0.122059 | Weighted(p=2.0)=0.106786
2025-10-31 16:36:46,287 |   [10/90] Trial 10/30 | R̄=0.102910 (error: 23.96%) | Elapsed: 0.4m | ETA: 3.6m
2025-10-31 16:36:49,233 |     R̄: Ungated=0.105383 | Top-24=0.106532 | Weighted(p=2.0)=0.105856
2025-10-31 16:36:52,206 |     R̄: Ungated=0.104775 | Top-24=0.106663 | Weighted(p=2.0)=0.105073
2025-10-31 16:36:55,150 |     R̄: Ungated=0.102214 | Top-24=0.110742 | Weighted(p=2.0)=0.102205
2025-10-31 16:36:58,196 |     R̄: Ungated=0.102812 | Top-24=0.112263 | Weighted(p=2.0)=0.105337
2025-10-31 16:37:01,173 |     R̄: Ungated=0.095923 | Top-24=0.109251 | Weighted(p=2.0)=0.098021
2025-10-31 16:37:01,197 |   [15/90] Trial 15/30 | R̄=0.103040 (error: 23.86%) | Elapsed: 0.7m | ETA: 3.5m
2025-10-31 16:37:04,161 |     R̄: Ungated=0.106072 | Top-24=0.107590 | Weighted(p=2.0)=0.106707
2025-10-31 16:37:07,148 |     R̄: Ungated=0.098116 | Top-24=0.098176 | Weighted(p=2.0)=0.099024
2025-10-31 16:37:10,152 |     R̄: Ungated=0.104995 | Top-24=0.095571 | Weighted(p=2.0)=0.105612
2025-10-31 16:37:13,142 |     R̄: Ungated=0.100222 | Top-24=0.118528 | Weighted(p=2.0)=0.103258
2025-10-31 16:37:16,157 |     R̄: Ungated=0.090384 | Top-24=0.092155 | Weighted(p=2.0)=0.091471
2025-10-31 16:37:16,181 |   [20/90] Trial 20/30 | R̄=0.102583 (error: 24.20%) | Elapsed: 0.9m | ETA: 3.3m
2025-10-31 16:37:19,130 |     R̄: Ungated=0.097214 | Top-24=0.100817 | Weighted(p=2.0)=0.098949
2025-10-31 16:37:22,133 |     R̄: Ungated=0.101000 | Top-24=0.103269 | Weighted(p=2.0)=0.102175
2025-10-31 16:37:25,137 |     R̄: Ungated=0.096508 | Top-24=0.104357 | Weighted(p=2.0)=0.098463
2025-10-31 16:37:28,102 |     R̄: Ungated=0.099058 | Top-24=0.119545 | Weighted(p=2.0)=0.101883
2025-10-31 16:37:31,099 |     R̄: Ungated=0.108542 | Top-24=0.113156 | Weighted(p=2.0)=0.110162
2025-10-31 16:37:31,122 |   [25/90] Trial 25/30 | R̄=0.102532 (error: 24.24%) | Elapsed: 1.2m | ETA: 3.1m
2025-10-31 16:37:34,090 |     R̄: Ungated=0.104635 | Top-24=0.103779 | Weighted(p=2.0)=0.105879
2025-10-31 16:37:37,097 |     R̄: Ungated=0.102959 | Top-24=0.109351 | Weighted(p=2.0)=0.104798
2025-10-31 16:37:40,092 |     R̄: Ungated=0.113512 | Top-24=0.134528 | Weighted(p=2.0)=0.116967
2025-10-31 16:37:43,087 |     R̄: Ungated=0.099759 | Top-24=0.107179 | Weighted(p=2.0)=0.100519
2025-10-31 16:37:46,086 |     R̄: Ungated=0.110849 | Top-24=0.120390 | Weighted(p=2.0)=0.110710
2025-10-31 16:37:46,107 |   [30/90] Trial 30/30 | R̄=0.103406 (error: 23.59%) | Elapsed: 1.4m | ETA: 2.9m
2025-10-31 16:37:46,107 | 
  M=128 → R̄ = 0.103406 ± 0.005748
2025-10-31 16:37:46,107 |   Δ from exp(-2): -0.031930 (+23.59%)
2025-10-31 16:37:46,107 | 
============================================================
2025-10-31 16:37:46,107 | Testing M = 256
2025-10-31 16:37:46,107 | ============================================================
2025-10-31 16:37:52,129 |     R̄: Ungated=0.082554 | Top-24=0.082147 | Weighted(p=2.0)=0.083756
2025-10-31 16:37:58,147 |     R̄: Ungated=0.084544 | Top-24=0.098585 | Weighted(p=2.0)=0.086630
2025-10-31 16:38:04,157 |     R̄: Ungated=0.086800 | Top-24=0.079733 | Weighted(p=2.0)=0.087934
2025-10-31 16:38:10,184 |     R̄: Ungated=0.089493 | Top-24=0.092130 | Weighted(p=2.0)=0.090873
2025-10-31 16:38:16,231 |     R̄: Ungated=0.079589 | Top-24=0.086414 | Weighted(p=2.0)=0.081290
2025-10-31 16:38:16,279 |   [35/90] Trial 5/30 | R̄=0.086097 (error: 36.38%) | Elapsed: 1.9m | ETA: 3.0m
2025-10-31 16:38:22,237 |     R̄: Ungated=0.083758 | Top-24=0.087608 | Weighted(p=2.0)=0.085542
2025-10-31 16:38:28,263 |     R̄: Ungated=0.070798 | Top-24=0.075369 | Weighted(p=2.0)=0.071528
2025-10-31 16:38:34,299 |     R̄: Ungated=0.078770 | Top-24=0.083105 | Weighted(p=2.0)=0.080012
2025-10-31 16:38:40,337 |     R̄: Ungated=0.079695 | Top-24=0.089202 | Weighted(p=2.0)=0.081296
2025-10-31 16:38:46,359 |     R̄: Ungated=0.086817 | Top-24=0.098910 | Weighted(p=2.0)=0.088070
2025-10-31 16:38:46,405 |   [40/90] Trial 10/30 | R̄=0.083693 (error: 38.16%) | Elapsed: 2.4m | ETA: 3.0m
2025-10-31 16:38:52,375 |     R̄: Ungated=0.075916 | Top-24=0.071625 | Weighted(p=2.0)=0.076431
2025-10-31 16:38:58,398 |     R̄: Ungated=0.078043 | Top-24=0.087744 | Weighted(p=2.0)=0.080217
2025-10-31 16:39:04,434 |     R̄: Ungated=0.083136 | Top-24=0.085983 | Weighted(p=2.0)=0.085083
2025-10-31 16:39:10,441 |     R̄: Ungated=0.084076 | Top-24=0.096759 | Weighted(p=2.0)=0.086323
2025-10-31 16:39:16,468 |     R̄: Ungated=0.083827 | Top-24=0.098080 | Weighted(p=2.0)=0.086365
2025-10-31 16:39:16,516 |   [45/90] Trial 15/30 | R̄=0.083423 (error: 38.36%) | Elapsed: 2.9m | ETA: 2.9m
2025-10-31 16:39:22,499 |     R̄: Ungated=0.084220 | Top-24=0.093908 | Weighted(p=2.0)=0.084875
2025-10-31 16:39:28,529 |     R̄: Ungated=0.082702 | Top-24=0.089037 | Weighted(p=2.0)=0.083277
2025-10-31 16:39:34,550 |     R̄: Ungated=0.092779 | Top-24=0.105626 | Weighted(p=2.0)=0.094658
2025-10-31 16:39:40,588 |     R̄: Ungated=0.081247 | Top-24=0.092436 | Weighted(p=2.0)=0.083164
2025-10-31 16:39:46,567 |     R̄: Ungated=0.086237 | Top-24=0.089860 | Weighted(p=2.0)=0.087385
2025-10-31 16:39:46,620 |   [50/90] Trial 20/30 | R̄=0.084235 (error: 37.76%) | Elapsed: 3.4m | ETA: 2.7m
2025-10-31 16:39:52,597 |     R̄: Ungated=0.081248 | Top-24=0.088843 | Weighted(p=2.0)=0.082203
2025-10-31 16:39:58,606 |     R̄: Ungated=0.077606 | Top-24=0.082794 | Weighted(p=2.0)=0.078535
2025-10-31 16:40:04,635 |     R̄: Ungated=0.079687 | Top-24=0.081309 | Weighted(p=2.0)=0.080263
2025-10-31 16:40:10,632 |     R̄: Ungated=0.080705 | Top-24=0.088555 | Weighted(p=2.0)=0.082466
2025-10-31 16:40:16,703 |     R̄: Ungated=0.096172 | Top-24=0.105735 | Weighted(p=2.0)=0.097428
2025-10-31 16:40:16,751 |   [55/90] Trial 25/30 | R̄=0.084224 (error: 37.77%) | Elapsed: 3.9m | ETA: 2.5m
2025-10-31 16:40:22,729 |     R̄: Ungated=0.080373 | Top-24=0.084553 | Weighted(p=2.0)=0.082565
2025-10-31 16:40:28,763 |     R̄: Ungated=0.081172 | Top-24=0.085101 | Weighted(p=2.0)=0.081820
2025-10-31 16:40:34,758 |     R̄: Ungated=0.087767 | Top-24=0.090373 | Weighted(p=2.0)=0.089526
2025-10-31 16:40:40,782 |     R̄: Ungated=0.080123 | Top-24=0.092866 | Weighted(p=2.0)=0.082289
2025-10-31 16:40:46,809 |     R̄: Ungated=0.075166 | Top-24=0.087162 | Weighted(p=2.0)=0.078058
2025-10-31 16:40:46,855 |   [60/90] Trial 30/30 | R̄=0.083995 (error: 37.94%) | Elapsed: 4.4m | ETA: 2.2m
2025-10-31 16:40:46,855 | 
  M=256 → R̄ = 0.083995 ± 0.005134
2025-10-31 16:40:46,855 |   Δ from exp(-2): -0.051340 (+37.94%)
2025-10-31 16:40:46,855 | 
============================================================
2025-10-31 16:40:46,855 | Testing M = 512
2025-10-31 16:40:46,855 | ============================================================
2025-10-31 16:40:58,854 |     R̄: Ungated=0.074183 | Top-24=0.078485 | Weighted(p=2.0)=0.075996
2025-10-31 16:41:10,808 |     R̄: Ungated=0.073778 | Top-24=0.084829 | Weighted(p=2.0)=0.075909
2025-10-31 16:41:22,814 |     R̄: Ungated=0.072462 | Top-24=0.080893 | Weighted(p=2.0)=0.074747
