2025-10-31 14:47:19,229 | ======================================================================
2025-10-31 14:47:19,229 | T6-A1b: exp(-2) Convergence Validation (GPU)
2025-10-31 14:47:19,229 | ======================================================================
2025-10-31 14:47:19,229 | Log: ../../Data/Experiments/Tier6/T6A1b/T6A1b_gpu_20251031_144719.log
2025-10-31 14:47:19,229 | GPU: Compute Capability 121
2025-10-31 14:47:19,229 | Starting exp(-2) convergence validation...
2025-10-31 14:47:19,229 | 
2025-10-31 14:47:19,229 | OBJECTIVE: Validate R̄ → exp(-2) = 0.1353352832... as M → ∞
2025-10-31 14:47:19,229 | 
2025-10-31 14:47:19,229 | Configuration:
2025-10-31 14:47:19,229 |   N: 2003
2025-10-31 14:47:19,229 |   r_target: 182
2025-10-31 14:47:19,229 |   ρ: 0.0909
2025-10-31 14:47:19,229 |   M values: [128, 256, 512]
2025-10-31 14:47:19,229 |   L: 16384, trials: 30
2025-10-31 14:47:19,229 |   Noise σ: 0.01
2025-10-31 14:47:19,229 |   Target: exp(-2) = 0.1353352832
2025-10-31 14:47:19,229 | 
2025-10-31 14:47:19,229 | Finding 1024 bases with order 182...
2025-10-31 14:47:19,232 |   Found 50/1024 bases...
2025-10-31 14:47:19,232 |   Found 50/1024 bases...
2025-10-31 14:47:19,232 |   Found 50/1024 bases...
2025-10-31 14:47:19,232 |   Found 50/1024 bases...
2025-10-31 14:47:19,232 |   Found 50/1024 bases...
2025-10-31 14:47:19,232 |   Found 50/1024 bases...
2025-10-31 14:47:19,232 |   Found 50/1024 bases...
2025-10-31 14:47:19,232 |   Found 50/1024 bases...
2025-10-31 14:47:19,232 |   Found 50/1024 bases...
2025-10-31 14:47:19,232 |   Found 50/1024 bases...
2025-10-31 14:47:19,232 |   Found 50/1024 bases...
2025-10-31 14:47:19,236 |   Found 100/1024 bases...
2025-10-31 14:47:19,236 |   Found 100/1024 bases...
2025-10-31 14:47:19,236 |   Found 100/1024 bases...
2025-10-31 14:47:19,236 |   Found 100/1024 bases...
2025-10-31 14:47:19,236 |   Found 100/1024 bases...
2025-10-31 14:47:19,236 |   Found 100/1024 bases...
2025-10-31 14:47:19,236 |   Found 100/1024 bases...
2025-10-31 14:47:19,236 |   Found 100/1024 bases...
2025-10-31 14:47:19,236 |   Found 100/1024 bases...
2025-10-31 14:47:19,236 |   Found 100/1024 bases...
2025-10-31 14:47:19,236 |   Found 100/1024 bases...
2025-10-31 14:47:19,236 |   Found 100/1024 bases...
2025-10-31 14:47:19,236 |   Found 100/1024 bases...
2025-10-31 14:47:19,236 |   Found 100/1024 bases...
2025-10-31 14:47:19,236 |   Found 100/1024 bases...
2025-10-31 14:47:19,236 |   Found 100/1024 bases...
2025-10-31 14:47:19,236 |   Found 100/1024 bases...
2025-10-31 14:47:19,236 |   Found 100/1024 bases...
2025-10-31 14:47:19,236 |   Found 100/1024 bases...
2025-10-31 14:47:19,236 |   Found 100/1024 bases...
2025-10-31 14:47:19,236 |   Found 100/1024 bases...
2025-10-31 14:47:19,236 |   Found 100/1024 bases...
2025-10-31 14:47:19,236 |   Found 100/1024 bases...
2025-10-31 14:47:19,236 |   Found 100/1024 bases...
2025-10-31 14:47:19,236 |   Found 100/1024 bases...
2025-10-31 14:47:19,236 |   Found 100/1024 bases...
2025-10-31 14:47:19,236 |   Found 100/1024 bases...
2025-10-31 14:47:19,236 |   Found 100/1024 bases...
2025-10-31 14:47:19,236 |   Found 100/1024 bases...
2025-10-31 14:47:19,236 |   Found 100/1024 bases...
2025-10-31 14:47:19,236 |   Found 100/1024 bases...
2025-10-31 14:47:19,239 |   Found 150/1024 bases...
2025-10-31 14:47:19,239 |   Found 150/1024 bases...
2025-10-31 14:47:19,239 |   Found 150/1024 bases...
2025-10-31 14:47:19,239 |   Found 150/1024 bases...
2025-10-31 14:47:19,239 |   Found 150/1024 bases...
2025-10-31 14:47:19,239 |   Found 150/1024 bases...
2025-10-31 14:47:19,239 |   Found 150/1024 bases...
2025-10-31 14:47:19,239 |   Found 150/1024 bases...
2025-10-31 14:47:19,239 |   Found 150/1024 bases...
2025-10-31 14:47:19,239 |   Found 150/1024 bases...
2025-10-31 14:47:19,239 |   Found 150/1024 bases...
2025-10-31 14:47:19,239 |   Found 150/1024 bases...
2025-10-31 14:47:19,239 |   Found 150/1024 bases...
2025-10-31 14:47:19,239 |   Found 150/1024 bases...
2025-10-31 14:47:19,239 |   Found 150/1024 bases...
2025-10-31 14:47:19,239 |   Found 150/1024 bases...
2025-10-31 14:47:19,239 |   Found 150/1024 bases...
2025-10-31 14:47:19,239 |   Found 150/1024 bases...
2025-10-31 14:47:19,239 |   Found 150/1024 bases...
2025-10-31 14:47:19,239 |   Found 150/1024 bases...
2025-10-31 14:47:19,239 |   Found 150/1024 bases...
2025-10-31 14:47:19,239 |   Found 150/1024 bases...
2025-10-31 14:47:19,239 |   Found 150/1024 bases...
2025-10-31 14:47:19,239 |   Found 150/1024 bases...
2025-10-31 14:47:19,239 |   Found 150/1024 bases...
2025-10-31 14:47:19,239 |   Found 150/1024 bases...
2025-10-31 14:47:19,239 |   Found 150/1024 bases...
2025-10-31 14:47:19,239 |   Found 150/1024 bases...
2025-10-31 14:47:19,239 |   Found 150/1024 bases...
2025-10-31 14:47:19,239 |   Found 150/1024 bases...
2025-10-31 14:47:19,239 |   Found 150/1024 bases...
2025-10-31 14:47:19,239 |   Found 150/1024 bases...
2025-10-31 14:47:19,239 |   Found 150/1024 bases...
2025-10-31 14:47:19,239 |   Found 150/1024 bases...
2025-10-31 14:47:19,239 |   Found 150/1024 bases...
2025-10-31 14:47:19,239 |   Found 150/1024 bases...
2025-10-31 14:47:19,239 |   Found 150/1024 bases...
2025-10-31 14:47:19,239 |   Found 150/1024 bases...
2025-10-31 14:47:19,239 |   Found 150/1024 bases...
2025-10-31 14:47:19,239 |   Found 150/1024 bases...
2025-10-31 14:47:19,239 |   Found 150/1024 bases...
2025-10-31 14:47:19,239 |   Found 150/1024 bases...
2025-10-31 14:47:19,239 |   Found 150/1024 bases...
2025-10-31 14:47:19,239 |   Found 150/1024 bases...
2025-10-31 14:47:19,239 |   Found 150/1024 bases...
2025-10-31 14:47:19,239 |   Found 150/1024 bases...
2025-10-31 14:47:19,239 |   Found 150/1024 bases...
2025-10-31 14:47:19,240 |   Found 150/1024 bases...
2025-10-31 14:47:19,240 |   Found 150/1024 bases...
2025-10-31 14:47:19,240 |   Found 150/1024 bases...
2025-10-31 14:47:19,240 |   Found 150/1024 bases...
2025-10-31 14:47:19,240 |   Found 150/1024 bases...
2025-10-31 14:47:19,240 |   Found 150/1024 bases...
2025-10-31 14:47:19,240 |   Found 150/1024 bases...
2025-10-31 14:47:19,240 |   Found 150/1024 bases...
2025-10-31 14:47:19,240 |   Found 150/1024 bases...
2025-10-31 14:47:19,240 |   Found 150/1024 bases...
2025-10-31 14:47:19,240 |   Found 150/1024 bases...
2025-10-31 14:47:19,240 |   Found 150/1024 bases...
2025-10-31 14:47:19,240 |   Found 150/1024 bases...
2025-10-31 14:47:19,240 |   Found 150/1024 bases...
2025-10-31 14:47:19,240 |   Found 150/1024 bases...
2025-10-31 14:47:19,240 |   Found 150/1024 bases...
2025-10-31 14:47:19,240 |   Found 150/1024 bases...
2025-10-31 14:47:19,240 |   Found 150/1024 bases...
2025-10-31 14:47:19,240 |   Found 150/1024 bases...
2025-10-31 14:47:19,240 |   Found 150/1024 bases...
2025-10-31 14:47:19,240 |   Found 150/1024 bases...
2025-10-31 14:47:19,240 |   Found 150/1024 bases...
2025-10-31 14:47:19,240 |   Found 150/1024 bases...
2025-10-31 14:47:19,240 |   Found 150/1024 bases...
2025-10-31 14:47:19,240 |   Found 150/1024 bases...
2025-10-31 14:47:19,240 |   Found 150/1024 bases...
2025-10-31 14:47:19,240 |   Found 150/1024 bases...
2025-10-31 14:47:19,240 |   Found 150/1024 bases...
2025-10-31 14:47:19,240 |   Found 150/1024 bases...
2025-10-31 14:47:19,240 |   Found 150/1024 bases...
2025-10-31 14:47:19,240 |   Found 150/1024 bases...
2025-10-31 14:47:19,240 |   Found 150/1024 bases...
2025-10-31 14:47:19,240 |   Found 150/1024 bases...
2025-10-31 14:47:19,240 |   Found 150/1024 bases...
2025-10-31 14:47:19,240 |   Found 150/1024 bases...
2025-10-31 14:47:19,240 |   Found 150/1024 bases...
2025-10-31 14:47:19,240 |   Found 150/1024 bases...
2025-10-31 14:47:19,240 |   Found 150/1024 bases...
2025-10-31 14:47:19,240 |   Found 150/1024 bases...
2025-10-31 14:47:19,243 |   Found 200/1024 bases...
2025-10-31 14:47:19,243 |   Found 200/1024 bases...
2025-10-31 14:47:19,243 |   Found 200/1024 bases...
2025-10-31 14:47:19,243 |   Found 200/1024 bases...
2025-10-31 14:47:19,243 |   Found 200/1024 bases...
2025-10-31 14:47:19,243 |   Found 200/1024 bases...
2025-10-31 14:47:19,243 |   Found 200/1024 bases...
2025-10-31 14:47:19,243 |   Found 200/1024 bases...
2025-10-31 14:47:19,243 |   Found 200/1024 bases...
2025-10-31 14:47:19,243 |   Found 200/1024 bases...
2025-10-31 14:47:19,243 |   Found 200/1024 bases...
2025-10-31 14:47:19,243 |   Found 200/1024 bases...
2025-10-31 14:47:19,243 |   Found 200/1024 bases...
2025-10-31 14:47:19,243 |   Found 200/1024 bases...
2025-10-31 14:47:19,243 |   Found 200/1024 bases...
2025-10-31 14:47:19,243 |   Found 200/1024 bases...
2025-10-31 14:47:19,243 |   Found 200/1024 bases...
2025-10-31 14:47:19,243 |   Found 200/1024 bases...
2025-10-31 14:47:19,243 |   Found 200/1024 bases...
2025-10-31 14:47:19,243 |   Found 200/1024 bases...
2025-10-31 14:47:19,246 |   Found 250/1024 bases...
2025-10-31 14:47:19,246 |   Found 250/1024 bases...
2025-10-31 14:47:19,246 |   Found 250/1024 bases...
2025-10-31 14:47:19,246 |   Found 250/1024 bases...
2025-10-31 14:47:19,246 |   Found 250/1024 bases...
2025-10-31 14:47:19,246 |   Found 250/1024 bases...
2025-10-31 14:47:19,246 |   Found 250/1024 bases...
2025-10-31 14:47:19,246 |   Found 250/1024 bases...
2025-10-31 14:47:19,246 |   Found 250/1024 bases...
2025-10-31 14:47:19,246 |   Found 250/1024 bases...
2025-10-31 14:47:19,247 |   Found 250/1024 bases...
2025-10-31 14:47:19,247 |   Found 250/1024 bases...
2025-10-31 14:47:19,247 |   Found 250/1024 bases...
2025-10-31 14:47:19,249 |   Found 300/1024 bases...
2025-10-31 14:47:19,249 |   Found 300/1024 bases...
2025-10-31 14:47:19,249 |   Found 300/1024 bases...
2025-10-31 14:47:19,249 |   Found 300/1024 bases...
2025-10-31 14:47:19,249 |   Found 300/1024 bases...
2025-10-31 14:47:19,249 |   Found 300/1024 bases...
2025-10-31 14:47:19,249 |   Found 300/1024 bases...
2025-10-31 14:47:19,249 |   Found 300/1024 bases...
2025-10-31 14:47:19,252 |   Found 350/1024 bases...
2025-10-31 14:47:19,252 |   Found 350/1024 bases...
2025-10-31 14:47:19,252 |   Found 350/1024 bases...
2025-10-31 14:47:19,256 |   Found 400/1024 bases...
2025-10-31 14:47:19,256 |   Found 400/1024 bases...
2025-10-31 14:47:19,256 |   Found 400/1024 bases...
2025-10-31 14:47:19,256 |   Found 400/1024 bases...
2025-10-31 14:47:19,256 |   Found 400/1024 bases...
2025-10-31 14:47:19,256 |   Found 400/1024 bases...
2025-10-31 14:47:19,256 |   Found 400/1024 bases...
2025-10-31 14:47:19,256 |   Found 400/1024 bases...
2025-10-31 14:47:19,256 |   Found 400/1024 bases...
2025-10-31 14:47:19,256 |   Found 400/1024 bases...
2025-10-31 14:47:19,256 |   Found 400/1024 bases...
2025-10-31 14:47:19,256 |   Found 400/1024 bases...
2025-10-31 14:47:19,256 |   Found 400/1024 bases...
2025-10-31 14:47:19,256 |   Found 400/1024 bases...
2025-10-31 14:47:19,256 |   Found 400/1024 bases...
2025-10-31 14:47:19,256 |   Found 400/1024 bases...
2025-10-31 14:47:19,256 |   Found 400/1024 bases...
2025-10-31 14:47:19,256 |   Found 400/1024 bases...
2025-10-31 14:47:19,256 |   Found 400/1024 bases...
2025-10-31 14:47:19,256 |   Found 400/1024 bases...
2025-10-31 14:47:19,256 |   Found 400/1024 bases...
2025-10-31 14:47:19,256 |   Found 400/1024 bases...
2025-10-31 14:47:19,256 |   Found 400/1024 bases...
2025-10-31 14:47:19,256 |   Found 400/1024 bases...
2025-10-31 14:47:19,256 |   Found 400/1024 bases...
2025-10-31 14:47:19,256 |   Found 400/1024 bases...
2025-10-31 14:47:19,256 |   Found 400/1024 bases...
2025-10-31 14:47:19,256 |   Found 400/1024 bases...
2025-10-31 14:47:19,256 |   Found 400/1024 bases...
2025-10-31 14:47:19,256 |   Found 400/1024 bases...
2025-10-31 14:47:19,256 |   Found 400/1024 bases...
2025-10-31 14:47:19,256 |   Found 400/1024 bases...
2025-10-31 14:47:19,256 |   Found 400/1024 bases...
2025-10-31 14:47:19,256 |   Found 400/1024 bases...
2025-10-31 14:47:19,256 |   Found 400/1024 bases...
2025-10-31 14:47:19,256 |   Found 400/1024 bases...
2025-10-31 14:47:19,256 |   Found 400/1024 bases...
2025-10-31 14:47:19,256 |   Found 400/1024 bases...
2025-10-31 14:47:19,259 |   Found 450/1024 bases...
2025-10-31 14:47:19,259 |   Found 450/1024 bases...
2025-10-31 14:47:19,259 |   Found 450/1024 bases...
2025-10-31 14:47:19,259 |   Found 450/1024 bases...
2025-10-31 14:47:19,259 |   Found 450/1024 bases...
2025-10-31 14:47:19,259 |   Found 450/1024 bases...
2025-10-31 14:47:19,259 |   Found 450/1024 bases...
2025-10-31 14:47:19,259 |   Found 450/1024 bases...
2025-10-31 14:47:19,259 |   Found 450/1024 bases...
2025-10-31 14:47:19,259 |   Found 450/1024 bases...
2025-10-31 14:47:19,259 |   Found 450/1024 bases...
2025-10-31 14:47:19,259 |   Found 450/1024 bases...
2025-10-31 14:47:19,259 |   Found 450/1024 bases...
2025-10-31 14:47:19,259 |   Found 450/1024 bases...
2025-10-31 14:47:19,259 |   Found 450/1024 bases...
2025-10-31 14:47:19,259 |   Found 450/1024 bases...
2025-10-31 14:47:19,259 |   Found 450/1024 bases...
2025-10-31 14:47:19,262 |   Found 500/1024 bases...
2025-10-31 14:47:19,262 |   Found 500/1024 bases...
2025-10-31 14:47:19,262 |   Found 500/1024 bases...
2025-10-31 14:47:19,262 |   Found 500/1024 bases...
2025-10-31 14:47:19,262 |   Found 500/1024 bases...
2025-10-31 14:47:19,262 |   Found 500/1024 bases...
2025-10-31 14:47:19,262 |   Found 500/1024 bases...
2025-10-31 14:47:19,262 |   Found 500/1024 bases...
2025-10-31 14:47:19,262 |   Found 500/1024 bases...
2025-10-31 14:47:19,264 |   Found 550/1024 bases...
2025-10-31 14:47:19,265 |   Found 550/1024 bases...
2025-10-31 14:47:19,265 |   Found 550/1024 bases...
2025-10-31 14:47:19,265 |   Found 550/1024 bases...
2025-10-31 14:47:19,265 |   Found 550/1024 bases...
2025-10-31 14:47:19,265 |   Found 550/1024 bases...
2025-10-31 14:47:19,265 |   Found 550/1024 bases...
2025-10-31 14:47:19,265 |   Found 550/1024 bases...
2025-10-31 14:47:19,265 |   Found 550/1024 bases...
2025-10-31 14:47:19,265 |   Found 550/1024 bases...
2025-10-31 14:47:19,265 |   Found 550/1024 bases...
2025-10-31 14:47:19,265 |   Found 550/1024 bases...
2025-10-31 14:47:19,265 |   Found 550/1024 bases...
2025-10-31 14:47:19,265 |   Found 550/1024 bases...
2025-10-31 14:47:19,265 |   Found 550/1024 bases...
2025-10-31 14:47:19,265 |   Found 550/1024 bases...
2025-10-31 14:47:19,265 |   Found 550/1024 bases...
2025-10-31 14:47:19,265 |   Found 550/1024 bases...
2025-10-31 14:47:19,265 |   Found 550/1024 bases...
2025-10-31 14:47:19,265 |   Found 550/1024 bases...
2025-10-31 14:47:19,265 |   Found 550/1024 bases...
2025-10-31 14:47:19,265 |   Found 550/1024 bases...
2025-10-31 14:47:19,265 |   Found 550/1024 bases...
2025-10-31 14:47:19,265 |   Found 550/1024 bases...
2025-10-31 14:47:19,265 |   Found 550/1024 bases...
2025-10-31 14:47:19,265 |   Found 550/1024 bases...
2025-10-31 14:47:19,265 |   Found 550/1024 bases...
2025-10-31 14:47:19,265 |   Found 550/1024 bases...
2025-10-31 14:47:19,265 |   Found 550/1024 bases...
2025-10-31 14:47:19,265 |   Found 550/1024 bases...
2025-10-31 14:47:19,265 |   Found 550/1024 bases...
2025-10-31 14:47:19,265 |   Found 550/1024 bases...
2025-10-31 14:47:19,265 |   Found 550/1024 bases...
2025-10-31 14:47:19,265 |   Found 550/1024 bases...
2025-10-31 14:47:19,269 |   Found 600/1024 bases...
2025-10-31 14:47:19,269 |   Found 600/1024 bases...
2025-10-31 14:47:19,269 |   Found 600/1024 bases...
2025-10-31 14:47:19,269 |   Found 600/1024 bases...
2025-10-31 14:47:19,269 |   Found 600/1024 bases...
2025-10-31 14:47:19,269 |   Found 600/1024 bases...
2025-10-31 14:47:19,269 |   Found 600/1024 bases...
2025-10-31 14:47:19,269 |   Found 600/1024 bases...
2025-10-31 14:47:19,269 |   Found 600/1024 bases...
2025-10-31 14:47:19,269 |   Found 600/1024 bases...
2025-10-31 14:47:19,269 |   Found 600/1024 bases...
2025-10-31 14:47:19,269 |   Found 600/1024 bases...
2025-10-31 14:47:19,269 |   Found 600/1024 bases...
2025-10-31 14:47:19,269 |   Found 600/1024 bases...
2025-10-31 14:47:19,269 |   Found 600/1024 bases...
2025-10-31 14:47:19,269 |   Found 600/1024 bases...
2025-10-31 14:47:19,269 |   Found 600/1024 bases...
2025-10-31 14:47:19,269 |   Found 600/1024 bases...
2025-10-31 14:47:19,269 |   Found 600/1024 bases...
2025-10-31 14:47:19,269 |   Found 600/1024 bases...
2025-10-31 14:47:19,269 |   Found 600/1024 bases...
2025-10-31 14:47:19,269 |   Found 600/1024 bases...
2025-10-31 14:47:19,269 |   Found 600/1024 bases...
2025-10-31 14:47:19,269 |   Found 600/1024 bases...
2025-10-31 14:47:19,269 |   Found 600/1024 bases...
2025-10-31 14:47:19,269 |   Found 600/1024 bases...
2025-10-31 14:47:19,269 |   Found 600/1024 bases...
2025-10-31 14:47:19,269 |   Found 600/1024 bases...
2025-10-31 14:47:19,269 |   Found 600/1024 bases...
2025-10-31 14:47:19,269 |   Found 600/1024 bases...
2025-10-31 14:47:19,269 |   Found 600/1024 bases...
2025-10-31 14:47:19,269 |   Found 600/1024 bases...
2025-10-31 14:47:19,269 |   Found 600/1024 bases...
2025-10-31 14:47:19,269 |   Found 600/1024 bases...
2025-10-31 14:47:19,269 |   Found 600/1024 bases...
2025-10-31 14:47:19,269 |   Found 600/1024 bases...
2025-10-31 14:47:19,269 |   Found 600/1024 bases...
2025-10-31 14:47:19,269 |   Found 600/1024 bases...
2025-10-31 14:47:19,269 |   Found 600/1024 bases...
2025-10-31 14:47:19,269 |   Found 600/1024 bases...
2025-10-31 14:47:19,269 |   Found 600/1024 bases...
2025-10-31 14:47:19,269 |   Found 600/1024 bases...
2025-10-31 14:47:19,269 |   Found 600/1024 bases...
2025-10-31 14:47:19,269 |   Found 600/1024 bases...
2025-10-31 14:47:19,269 |   Found 600/1024 bases...
2025-10-31 14:47:19,269 |   Found 600/1024 bases...
2025-10-31 14:47:19,269 |   Found 600/1024 bases...
2025-10-31 14:47:19,269 |   Found 600/1024 bases...
2025-10-31 14:47:19,269 |   Found 600/1024 bases...
2025-10-31 14:47:19,269 |   Found 600/1024 bases...
2025-10-31 14:47:19,269 |   Found 600/1024 bases...
2025-10-31 14:47:19,269 |   Found 600/1024 bases...
2025-10-31 14:47:19,269 |   Found 600/1024 bases...
2025-10-31 14:47:19,269 |   Found 600/1024 bases...
2025-10-31 14:47:19,269 |   Found 600/1024 bases...
2025-10-31 14:47:19,269 |   Found 600/1024 bases...
2025-10-31 14:47:19,269 |   Found 600/1024 bases...
2025-10-31 14:47:19,269 |   Found 600/1024 bases...
2025-10-31 14:47:19,269 |   Found 600/1024 bases...
2025-10-31 14:47:19,269 |   Found 600/1024 bases...
2025-10-31 14:47:19,269 |   Found 600/1024 bases...
2025-10-31 14:47:19,269 |   Found 600/1024 bases...
2025-10-31 14:47:19,269 |   Found 600/1024 bases...
2025-10-31 14:47:19,269 |   Found 600/1024 bases...
2025-10-31 14:47:19,270 |   Found 600/1024 bases...
2025-10-31 14:47:19,270 |   Found 600/1024 bases...
2025-10-31 14:47:19,272 |   Found 650/1024 bases...
2025-10-31 14:47:19,272 |   Found 650/1024 bases...
2025-10-31 14:47:19,272 |   Found 650/1024 bases...
2025-10-31 14:47:19,272 |   Found 650/1024 bases...
2025-10-31 14:47:19,272 |   Found 650/1024 bases...
2025-10-31 14:47:19,272 |   Found 650/1024 bases...
2025-10-31 14:47:19,272 |   Found 650/1024 bases...
2025-10-31 14:47:19,272 |   Found 650/1024 bases...
2025-10-31 14:47:19,272 |   Found 650/1024 bases...
2025-10-31 14:47:19,272 |   Found 650/1024 bases...
2025-10-31 14:47:19,272 |   Found 650/1024 bases...
2025-10-31 14:47:19,272 |   Found 650/1024 bases...
2025-10-31 14:47:19,272 |   Found 650/1024 bases...
2025-10-31 14:47:19,272 |   Found 650/1024 bases...
2025-10-31 14:47:19,272 |   Found 650/1024 bases...
2025-10-31 14:47:19,272 |   Found 650/1024 bases...
2025-10-31 14:47:19,272 |   Found 650/1024 bases...
2025-10-31 14:47:19,272 |   Found 650/1024 bases...
2025-10-31 14:47:19,276 |   Found 700/1024 bases...
2025-10-31 14:47:19,276 |   Found 700/1024 bases...
2025-10-31 14:47:19,276 |   Found 700/1024 bases...
2025-10-31 14:47:19,276 |   Found 700/1024 bases...
2025-10-31 14:47:19,276 |   Found 700/1024 bases...
2025-10-31 14:47:19,276 |   Found 700/1024 bases...
2025-10-31 14:47:19,276 |   Found 700/1024 bases...
2025-10-31 14:47:19,276 |   Found 700/1024 bases...
2025-10-31 14:47:19,276 |   Found 700/1024 bases...
2025-10-31 14:47:19,276 |   Found 700/1024 bases...
2025-10-31 14:47:19,276 |   Found 700/1024 bases...
2025-10-31 14:47:19,276 |   Found 700/1024 bases...
2025-10-31 14:47:19,276 |   Found 700/1024 bases...
2025-10-31 14:47:19,276 |   Found 700/1024 bases...
2025-10-31 14:47:19,276 |   Found 700/1024 bases...
2025-10-31 14:47:19,276 |   Found 700/1024 bases...
2025-10-31 14:47:19,276 |   Found 700/1024 bases...
2025-10-31 14:47:19,276 |   Found 700/1024 bases...
2025-10-31 14:47:19,276 |   Found 700/1024 bases...
2025-10-31 14:47:19,279 |   Found 750/1024 bases...
2025-10-31 14:47:19,279 |   Found 750/1024 bases...
2025-10-31 14:47:19,279 |   Found 750/1024 bases...
2025-10-31 14:47:19,279 |   Found 750/1024 bases...
2025-10-31 14:47:19,279 |   Found 750/1024 bases...
2025-10-31 14:47:19,279 |   Found 750/1024 bases...
2025-10-31 14:47:19,279 |   Found 750/1024 bases...
2025-10-31 14:47:19,279 |   Found 750/1024 bases...
2025-10-31 14:47:19,279 |   Found 750/1024 bases...
2025-10-31 14:47:19,279 |   Found 750/1024 bases...
2025-10-31 14:47:19,279 |   Found 750/1024 bases...
2025-10-31 14:47:19,279 |   Found 750/1024 bases...
2025-10-31 14:47:19,279 |   Found 750/1024 bases...
2025-10-31 14:47:19,282 |   Found 800/1024 bases...
2025-10-31 14:47:19,282 |   Found 800/1024 bases...
2025-10-31 14:47:19,282 |   Found 800/1024 bases...
2025-10-31 14:47:19,282 |   Found 800/1024 bases...
2025-10-31 14:47:19,282 |   Found 800/1024 bases...
2025-10-31 14:47:19,282 |   Found 800/1024 bases...
2025-10-31 14:47:19,282 |   Found 800/1024 bases...
2025-10-31 14:47:19,282 |   Found 800/1024 bases...
2025-10-31 14:47:19,282 |   Found 800/1024 bases...
2025-10-31 14:47:19,282 |   Found 800/1024 bases...
2025-10-31 14:47:19,282 |   Found 800/1024 bases...
2025-10-31 14:47:19,282 |   Found 800/1024 bases...
2025-10-31 14:47:19,282 |   Found 800/1024 bases...
2025-10-31 14:47:19,282 |   Found 800/1024 bases...
2025-10-31 14:47:19,283 |   Found 800/1024 bases...
2025-10-31 14:47:19,283 |   Found 800/1024 bases...
2025-10-31 14:47:19,285 |   Found 850/1024 bases...
2025-10-31 14:47:19,285 |   Found 850/1024 bases...
2025-10-31 14:47:19,285 |   Found 850/1024 bases...
2025-10-31 14:47:19,285 |   Found 850/1024 bases...
2025-10-31 14:47:19,285 |   Found 850/1024 bases...
2025-10-31 14:47:19,287 |   Found 900/1024 bases...
2025-10-31 14:47:19,287 |   Found 900/1024 bases...
2025-10-31 14:47:19,287 |   Found 900/1024 bases...
2025-10-31 14:47:19,287 |   Found 900/1024 bases...
2025-10-31 14:47:19,287 |   Found 900/1024 bases...
2025-10-31 14:47:19,287 |   Found 900/1024 bases...
2025-10-31 14:47:19,287 |   Found 900/1024 bases...
2025-10-31 14:47:19,287 |   Found 900/1024 bases...
2025-10-31 14:47:19,287 |   Found 900/1024 bases...
2025-10-31 14:47:19,287 |   Found 900/1024 bases...
2025-10-31 14:47:19,287 |   Found 900/1024 bases...
2025-10-31 14:47:19,287 |   Found 900/1024 bases...
2025-10-31 14:47:19,287 |   Found 900/1024 bases...
2025-10-31 14:47:19,287 |   Found 900/1024 bases...
2025-10-31 14:47:19,287 |   Found 900/1024 bases...
2025-10-31 14:47:19,287 |   Found 900/1024 bases...
2025-10-31 14:47:19,287 |   Found 900/1024 bases...
2025-10-31 14:47:19,287 |   Found 900/1024 bases...
2025-10-31 14:47:19,287 |   Found 900/1024 bases...
2025-10-31 14:47:19,287 |   Found 900/1024 bases...
2025-10-31 14:47:19,287 |   Found 900/1024 bases...
2025-10-31 14:47:19,287 |   Found 900/1024 bases...
2025-10-31 14:47:19,287 |   Found 900/1024 bases...
2025-10-31 14:47:19,287 |   Found 900/1024 bases...
2025-10-31 14:47:19,287 |   Found 900/1024 bases...
2025-10-31 14:47:19,287 |   Found 900/1024 bases...
2025-10-31 14:47:19,287 |   Found 900/1024 bases...
2025-10-31 14:47:19,287 |   Found 900/1024 bases...
2025-10-31 14:47:19,287 |   Found 900/1024 bases...
2025-10-31 14:47:19,288 |   Found 900/1024 bases...
2025-10-31 14:47:19,288 |   Found 900/1024 bases...
2025-10-31 14:47:19,288 |   Found 900/1024 bases...
2025-10-31 14:47:19,288 |   Found 900/1024 bases...
2025-10-31 14:47:19,288 |   Found 900/1024 bases...
2025-10-31 14:47:19,290 |   Found 950/1024 bases...
2025-10-31 14:47:19,290 |   Found 950/1024 bases...
2025-10-31 14:47:19,290 |   Found 950/1024 bases...
2025-10-31 14:47:19,290 |   Found 950/1024 bases...
2025-10-31 14:47:19,290 |   Found 950/1024 bases...
2025-10-31 14:47:19,290 |   Found 950/1024 bases...
2025-10-31 14:47:19,290 |   Found 950/1024 bases...
2025-10-31 14:47:19,290 |   Found 950/1024 bases...
2025-10-31 14:47:19,290 |   Found 950/1024 bases...
2025-10-31 14:47:19,290 |   Found 950/1024 bases...
2025-10-31 14:47:19,290 |   Found 950/1024 bases...
2025-10-31 14:47:19,290 |   Found 950/1024 bases...
2025-10-31 14:47:19,290 |   Found 950/1024 bases...
2025-10-31 14:47:19,290 |   Found 950/1024 bases...
2025-10-31 14:47:19,290 |   Found 950/1024 bases...
2025-10-31 14:47:19,290 |   Found 950/1024 bases...
2025-10-31 14:47:19,290 |   Found 950/1024 bases...
2025-10-31 14:47:19,290 |   Found 950/1024 bases...
2025-10-31 14:47:19,290 |   Found 950/1024 bases...
2025-10-31 14:47:19,290 |   Found 950/1024 bases...
2025-10-31 14:47:19,290 |   Found 950/1024 bases...
2025-10-31 14:47:19,290 |   Found 950/1024 bases...
2025-10-31 14:47:19,291 |   Found 950/1024 bases...
2025-10-31 14:47:19,291 |   Found 950/1024 bases...
2025-10-31 14:47:19,291 |   Found 950/1024 bases...
2025-10-31 14:47:19,293 |   Found 1000/1024 bases...
2025-10-31 14:47:19,293 |   Found 1000/1024 bases...
2025-10-31 14:47:19,293 |   Found 1000/1024 bases...
2025-10-31 14:47:19,293 |   Found 1000/1024 bases...
2025-10-31 14:47:19,293 |   Found 1000/1024 bases...
2025-10-31 14:47:19,293 |   Found 1000/1024 bases...
2025-10-31 14:47:19,293 |   Found 1000/1024 bases...
2025-10-31 14:47:19,293 |   Found 1000/1024 bases...
2025-10-31 14:47:19,293 |   Found 1000/1024 bases...
2025-10-31 14:47:19,293 |   Found 1000/1024 bases...
2025-10-31 14:47:19,293 |   Found 1000/1024 bases...
2025-10-31 14:47:19,294 |   Found 1000/1024 bases...
2025-10-31 14:47:19,294 |   Found 1000/1024 bases...
2025-10-31 14:47:19,294 |   Found 1000/1024 bases...
2025-10-31 14:47:19,294 |   Found 1000/1024 bases...
2025-10-31 14:47:19,294 |   Found 1000/1024 bases...
2025-10-31 14:47:19,294 |   Found 1000/1024 bases...
2025-10-31 14:47:19,294 |   Found 1000/1024 bases...
2025-10-31 14:47:19,294 |   Found 1000/1024 bases...
2025-10-31 14:47:19,294 |   Found 1000/1024 bases...
2025-10-31 14:47:19,294 |   Found 1000/1024 bases...
2025-10-31 14:47:19,294 |   Found 1000/1024 bases...
2025-10-31 14:47:19,294 |   Found 1000/1024 bases...
2025-10-31 14:47:19,294 |   Found 1000/1024 bases...
2025-10-31 14:47:19,294 |   Found 1000/1024 bases...
2025-10-31 14:47:19,294 |   Found 1000/1024 bases...
2025-10-31 14:47:19,294 |   Found 1000/1024 bases...
2025-10-31 14:47:19,294 |   Found 1000/1024 bases...
2025-10-31 14:47:19,294 |   Found 1000/1024 bases...
2025-10-31 14:47:19,294 |   Found 1000/1024 bases...
2025-10-31 14:47:19,294 |   Found 1000/1024 bases...
2025-10-31 14:47:19,294 |   Found 1000/1024 bases...
2025-10-31 14:47:19,294 |   Found 1000/1024 bases...
2025-10-31 14:47:19,295 |   Found 1024 bases
2025-10-31 14:47:19,295 | 
============================================================
2025-10-31 14:47:19,295 | Testing M = 128
2025-10-31 14:47:19,295 | ============================================================
2025-10-31 14:47:33,662 |   [5/90] Trial 5/30 | R̄=0.104106 (error: 23.08%) | Elapsed: 0.2m | ETA: 3.3m
2025-10-31 14:47:47,894 |   [10/90] Trial 10/30 | R̄=0.126938 (error: 6.20%) | Elapsed: 0.4m | ETA: 3.4m
2025-10-31 14:48:01,951 |   [15/90] Trial 15/30 | R̄=0.123023 (error: 9.10%) | Elapsed: 0.7m | ETA: 3.3m
2025-10-31 14:48:15,997 |   [20/90] Trial 20/30 | R̄=0.128519 (error: 5.04%) | Elapsed: 0.9m | ETA: 3.1m
2025-10-31 14:48:30,023 |   [25/90] Trial 25/30 | R̄=0.126542 (error: 6.50%) | Elapsed: 1.1m | ETA: 2.9m
2025-10-31 14:48:44,047 |   [30/90] Trial 30/30 | R̄=0.125065 (error: 7.59%) | Elapsed: 1.4m | ETA: 2.7m
2025-10-31 14:48:44,047 | 
  M=128 → R̄ = 0.125065 ± 0.035575
2025-10-31 14:48:44,047 |   Δ from exp(-2): -0.010270 (+7.59%)
2025-10-31 14:48:44,047 | 
============================================================
2025-10-31 14:48:44,047 | Testing M = 256
2025-10-31 14:48:44,047 | ============================================================
2025-10-31 14:49:13,585 |   [35/90] Trial 5/30 | R̄=0.119898 (error: 11.41%) | Elapsed: 1.8m | ETA: 2.8m
2025-10-31 14:49:42,209 |   [40/90] Trial 10/30 | R̄=0.117220 (error: 13.39%) | Elapsed: 2.3m | ETA: 2.9m
2025-10-31 14:50:10,749 |   [45/90] Trial 15/30 | R̄=0.112972 (error: 16.52%) | Elapsed: 2.8m | ETA: 2.8m
2025-10-31 14:50:39,266 |   [50/90] Trial 20/30 | R̄=0.110428 (error: 18.40%) | Elapsed: 3.2m | ETA: 2.6m
2025-10-31 14:51:07,734 |   [55/90] Trial 25/30 | R̄=0.111621 (error: 17.52%) | Elapsed: 3.7m | ETA: 2.4m
2025-10-31 14:51:36,171 |   [60/90] Trial 30/30 | R̄=0.112578 (error: 16.82%) | Elapsed: 4.2m | ETA: 2.1m
2025-10-31 14:51:36,171 | 
  M=256 → R̄ = 0.112578 ± 0.024858
2025-10-31 14:51:36,171 |   Δ from exp(-2): -0.022757 (+16.82%)
2025-10-31 14:51:36,171 | 
============================================================
2025-10-31 14:51:36,171 | Testing M = 512
2025-10-31 14:51:36,171 | ============================================================
2025-10-31 14:52:34,364 |   [65/90] Trial 5/30 | R̄=0.120343 (error: 11.08%) | Elapsed: 5.1m | ETA: 1.9m
2025-10-31 14:53:31,704 |   [70/90] Trial 10/30 | R̄=0.116512 (error: 13.91%) | Elapsed: 6.0m | ETA: 1.7m
2025-10-31 14:54:28,876 |   [75/90] Trial 15/30 | R̄=0.112162 (error: 17.12%) | Elapsed: 7.0m | ETA: 1.4m
2025-10-31 14:55:26,077 |   [80/90] Trial 20/30 | R̄=0.110321 (error: 18.48%) | Elapsed: 7.9m | ETA: 1.0m
2025-10-31 14:56:23,338 |   [85/90] Trial 25/30 | R̄=0.111628 (error: 17.52%) | Elapsed: 8.9m | ETA: 0.5m
2025-10-31 14:57:20,620 |   [90/90] Trial 30/30 | R̄=0.110580 (error: 18.29%) | Elapsed: 9.8m | ETA: 0.0m
2025-10-31 14:57:20,621 | 
  M=512 → R̄ = 0.110580 ± 0.015730
2025-10-31 14:57:20,621 |   Δ from exp(-2): -0.024755 (+18.29%)
2025-10-31 14:57:20,624 | 
Elapsed: 601.4s (10.0m)
2025-10-31 14:57:20,625 | Data: ../../Data/Experiments/Tier6/T6A1b/T6A1b_exp_minus_2_results.json
2025-10-31 14:57:21,208 | 
Figure: ../../Figures/experiments/Tier6/T6A1b/T6A1b_exp_minus_2_validation.png
2025-10-31 14:57:21,208 | 
2025-10-31 14:57:21,208 | ======================================================================
2025-10-31 14:57:21,208 | T6-A1b COMPLETE!
2025-10-31 14:57:21,208 | ======================================================================
2025-10-31 14:57:21,208 | exp(-2) = 0.1353352832
2025-10-31 14:57:21,208 | M=512  → R̄ = 0.1105799207
2025-10-31 14:57:21,208 | Error: 18.292%
2025-10-31 14:57:21,208 | Convergence: R̄(M) = exp(-2) + 5031.47/M^62.41
2025-10-31 14:57:21,208 | Verdict: PARTIAL SUPPORT
2025-10-31 14:57:21,208 | ======================================================================
