2025-10-31 14:40:55,652 | ======================================================================
2025-10-31 14:40:55,652 | T6-A1b: exp(-2) Convergence Validation (GPU)
2025-10-31 14:40:55,652 | ======================================================================
2025-10-31 14:40:55,652 | Log: ../../Data/Experiments/Tier6/T6A1b/T6A1b_gpu_20251031_144055.log
2025-10-31 14:40:55,652 | GPU: Compute Capability 121
2025-10-31 14:40:55,652 | Starting exp(-2) convergence validation...
2025-10-31 14:40:55,652 | 
2025-10-31 14:40:55,652 | OBJECTIVE: Validate R̄ → exp(-2) = 0.1353352832... as M → ∞
2025-10-31 14:40:55,652 | 
2025-10-31 14:40:55,652 | Configuration:
2025-10-31 14:40:55,652 |   N: 2003
2025-10-31 14:40:55,652 |   r_target: 182
2025-10-31 14:40:55,652 |   ρ: 0.0909
2025-10-31 14:40:55,652 |   M values: [128, 256, 512]
2025-10-31 14:40:55,652 |   L: 16384, trials: 30
2025-10-31 14:40:55,652 |   Noise σ: 0.01
2025-10-31 14:40:55,652 |   Target: exp(-2) = 0.1353352832
2025-10-31 14:40:55,652 | 
2025-10-31 14:40:55,652 | Finding 1024 bases with order 182...
2025-10-31 14:40:55,655 |   Found 50/1024 bases...
2025-10-31 14:40:55,655 |   Found 50/1024 bases...
2025-10-31 14:40:55,655 |   Found 50/1024 bases...
2025-10-31 14:40:55,656 |   Found 50/1024 bases...
2025-10-31 14:40:55,656 |   Found 50/1024 bases...
2025-10-31 14:40:55,656 |   Found 50/1024 bases...
2025-10-31 14:40:55,656 |   Found 50/1024 bases...
2025-10-31 14:40:55,656 |   Found 50/1024 bases...
2025-10-31 14:40:55,656 |   Found 50/1024 bases...
2025-10-31 14:40:55,656 |   Found 50/1024 bases...
2025-10-31 14:40:55,656 |   Found 50/1024 bases...
2025-10-31 14:40:55,656 |   Found 50/1024 bases...
2025-10-31 14:40:55,656 |   Found 50/1024 bases...
2025-10-31 14:40:55,656 |   Found 50/1024 bases...
2025-10-31 14:40:55,656 |   Found 50/1024 bases...
2025-10-31 14:40:55,656 |   Found 50/1024 bases...
2025-10-31 14:40:55,656 |   Found 50/1024 bases...
2025-10-31 14:40:55,656 |   Found 50/1024 bases...
2025-10-31 14:40:55,656 |   Found 50/1024 bases...
2025-10-31 14:40:55,656 |   Found 50/1024 bases...
2025-10-31 14:40:55,656 |   Found 50/1024 bases...
2025-10-31 14:40:55,656 |   Found 50/1024 bases...
2025-10-31 14:40:55,656 |   Found 50/1024 bases...
2025-10-31 14:40:55,656 |   Found 50/1024 bases...
2025-10-31 14:40:55,656 |   Found 50/1024 bases...
2025-10-31 14:40:55,656 |   Found 50/1024 bases...
2025-10-31 14:40:55,656 |   Found 50/1024 bases...
2025-10-31 14:40:55,656 |   Found 50/1024 bases...
2025-10-31 14:40:55,656 |   Found 50/1024 bases...
2025-10-31 14:40:55,656 |   Found 50/1024 bases...
2025-10-31 14:40:55,656 |   Found 50/1024 bases...
2025-10-31 14:40:55,659 |   Found 100/1024 bases...
2025-10-31 14:40:55,659 |   Found 100/1024 bases...
2025-10-31 14:40:55,659 |   Found 100/1024 bases...
2025-10-31 14:40:55,659 |   Found 100/1024 bases...
2025-10-31 14:40:55,659 |   Found 100/1024 bases...
2025-10-31 14:40:55,659 |   Found 100/1024 bases...
2025-10-31 14:40:55,659 |   Found 100/1024 bases...
2025-10-31 14:40:55,659 |   Found 100/1024 bases...
2025-10-31 14:40:55,659 |   Found 100/1024 bases...
2025-10-31 14:40:55,659 |   Found 100/1024 bases...
2025-10-31 14:40:55,659 |   Found 100/1024 bases...
2025-10-31 14:40:55,659 |   Found 100/1024 bases...
2025-10-31 14:40:55,659 |   Found 100/1024 bases...
2025-10-31 14:40:55,659 |   Found 100/1024 bases...
2025-10-31 14:40:55,659 |   Found 100/1024 bases...
2025-10-31 14:40:55,659 |   Found 100/1024 bases...
2025-10-31 14:40:55,659 |   Found 100/1024 bases...
2025-10-31 14:40:55,659 |   Found 100/1024 bases...
2025-10-31 14:40:55,659 |   Found 100/1024 bases...
2025-10-31 14:40:55,659 |   Found 100/1024 bases...
2025-10-31 14:40:55,659 |   Found 100/1024 bases...
2025-10-31 14:40:55,659 |   Found 100/1024 bases...
2025-10-31 14:40:55,659 |   Found 100/1024 bases...
2025-10-31 14:40:55,659 |   Found 100/1024 bases...
2025-10-31 14:40:55,659 |   Found 100/1024 bases...
2025-10-31 14:40:55,662 |   Found 150/1024 bases...
2025-10-31 14:40:55,662 |   Found 150/1024 bases...
2025-10-31 14:40:55,662 |   Found 150/1024 bases...
2025-10-31 14:40:55,662 |   Found 150/1024 bases...
2025-10-31 14:40:55,662 |   Found 150/1024 bases...
2025-10-31 14:40:55,662 |   Found 150/1024 bases...
2025-10-31 14:40:55,662 |   Found 150/1024 bases...
2025-10-31 14:40:55,662 |   Found 150/1024 bases...
2025-10-31 14:40:55,662 |   Found 150/1024 bases...
2025-10-31 14:40:55,662 |   Found 150/1024 bases...
2025-10-31 14:40:55,662 |   Found 150/1024 bases...
2025-10-31 14:40:55,662 |   Found 150/1024 bases...
2025-10-31 14:40:55,662 |   Found 150/1024 bases...
2025-10-31 14:40:55,662 |   Found 150/1024 bases...
2025-10-31 14:40:55,662 |   Found 150/1024 bases...
2025-10-31 14:40:55,662 |   Found 150/1024 bases...
2025-10-31 14:40:55,662 |   Found 150/1024 bases...
2025-10-31 14:40:55,662 |   Found 150/1024 bases...
2025-10-31 14:40:55,662 |   Found 150/1024 bases...
2025-10-31 14:40:55,662 |   Found 150/1024 bases...
2025-10-31 14:40:55,662 |   Found 150/1024 bases...
2025-10-31 14:40:55,662 |   Found 150/1024 bases...
2025-10-31 14:40:55,662 |   Found 150/1024 bases...
2025-10-31 14:40:55,662 |   Found 150/1024 bases...
2025-10-31 14:40:55,662 |   Found 150/1024 bases...
2025-10-31 14:40:55,662 |   Found 150/1024 bases...
2025-10-31 14:40:55,662 |   Found 150/1024 bases...
2025-10-31 14:40:55,662 |   Found 150/1024 bases...
2025-10-31 14:40:55,662 |   Found 150/1024 bases...
2025-10-31 14:40:55,662 |   Found 150/1024 bases...
2025-10-31 14:40:55,663 |   Found 150/1024 bases...
2025-10-31 14:40:55,663 |   Found 150/1024 bases...
2025-10-31 14:40:55,663 |   Found 150/1024 bases...
2025-10-31 14:40:55,663 |   Found 150/1024 bases...
2025-10-31 14:40:55,663 |   Found 150/1024 bases...
2025-10-31 14:40:55,663 |   Found 150/1024 bases...
2025-10-31 14:40:55,663 |   Found 150/1024 bases...
2025-10-31 14:40:55,663 |   Found 150/1024 bases...
2025-10-31 14:40:55,663 |   Found 150/1024 bases...
2025-10-31 14:40:55,663 |   Found 150/1024 bases...
2025-10-31 14:40:55,663 |   Found 150/1024 bases...
2025-10-31 14:40:55,663 |   Found 150/1024 bases...
2025-10-31 14:40:55,663 |   Found 150/1024 bases...
2025-10-31 14:40:55,663 |   Found 150/1024 bases...
2025-10-31 14:40:55,663 |   Found 150/1024 bases...
2025-10-31 14:40:55,663 |   Found 150/1024 bases...
2025-10-31 14:40:55,663 |   Found 150/1024 bases...
2025-10-31 14:40:55,663 |   Found 150/1024 bases...
2025-10-31 14:40:55,663 |   Found 150/1024 bases...
2025-10-31 14:40:55,663 |   Found 150/1024 bases...
2025-10-31 14:40:55,663 |   Found 150/1024 bases...
2025-10-31 14:40:55,663 |   Found 150/1024 bases...
2025-10-31 14:40:55,663 |   Found 150/1024 bases...
2025-10-31 14:40:55,663 |   Found 150/1024 bases...
2025-10-31 14:40:55,663 |   Found 150/1024 bases...
2025-10-31 14:40:55,663 |   Found 150/1024 bases...
2025-10-31 14:40:55,663 |   Found 150/1024 bases...
2025-10-31 14:40:55,663 |   Found 150/1024 bases...
2025-10-31 14:40:55,663 |   Found 150/1024 bases...
2025-10-31 14:40:55,663 |   Found 150/1024 bases...
2025-10-31 14:40:55,663 |   Found 150/1024 bases...
2025-10-31 14:40:55,666 |   Found 200/1024 bases...
2025-10-31 14:40:55,666 |   Found 200/1024 bases...
2025-10-31 14:40:55,666 |   Found 200/1024 bases...
2025-10-31 14:40:55,666 |   Found 200/1024 bases...
2025-10-31 14:40:55,666 |   Found 200/1024 bases...
2025-10-31 14:40:55,666 |   Found 200/1024 bases...
2025-10-31 14:40:55,666 |   Found 200/1024 bases...
2025-10-31 14:40:55,666 |   Found 200/1024 bases...
2025-10-31 14:40:55,666 |   Found 200/1024 bases...
2025-10-31 14:40:55,666 |   Found 200/1024 bases...
2025-10-31 14:40:55,666 |   Found 200/1024 bases...
2025-10-31 14:40:55,666 |   Found 200/1024 bases...
2025-10-31 14:40:55,666 |   Found 200/1024 bases...
2025-10-31 14:40:55,666 |   Found 200/1024 bases...
2025-10-31 14:40:55,666 |   Found 200/1024 bases...
2025-10-31 14:40:55,666 |   Found 200/1024 bases...
2025-10-31 14:40:55,666 |   Found 200/1024 bases...
2025-10-31 14:40:55,666 |   Found 200/1024 bases...
2025-10-31 14:40:55,666 |   Found 200/1024 bases...
2025-10-31 14:40:55,666 |   Found 200/1024 bases...
2025-10-31 14:40:55,666 |   Found 200/1024 bases...
2025-10-31 14:40:55,666 |   Found 200/1024 bases...
2025-10-31 14:40:55,666 |   Found 200/1024 bases...
2025-10-31 14:40:55,666 |   Found 200/1024 bases...
2025-10-31 14:40:55,666 |   Found 200/1024 bases...
2025-10-31 14:40:55,666 |   Found 200/1024 bases...
2025-10-31 14:40:55,666 |   Found 200/1024 bases...
2025-10-31 14:40:55,666 |   Found 200/1024 bases...
2025-10-31 14:40:55,666 |   Found 200/1024 bases...
2025-10-31 14:40:55,666 |   Found 200/1024 bases...
2025-10-31 14:40:55,666 |   Found 200/1024 bases...
2025-10-31 14:40:55,666 |   Found 200/1024 bases...
2025-10-31 14:40:55,666 |   Found 200/1024 bases...
2025-10-31 14:40:55,666 |   Found 200/1024 bases...
2025-10-31 14:40:55,666 |   Found 200/1024 bases...
2025-10-31 14:40:55,666 |   Found 200/1024 bases...
2025-10-31 14:40:55,666 |   Found 200/1024 bases...
2025-10-31 14:40:55,667 |   Found 200/1024 bases...
2025-10-31 14:40:55,669 |   Found 250/1024 bases...
2025-10-31 14:40:55,669 |   Found 250/1024 bases...
2025-10-31 14:40:55,669 |   Found 250/1024 bases...
2025-10-31 14:40:55,669 |   Found 250/1024 bases...
2025-10-31 14:40:55,669 |   Found 250/1024 bases...
2025-10-31 14:40:55,669 |   Found 250/1024 bases...
2025-10-31 14:40:55,669 |   Found 250/1024 bases...
2025-10-31 14:40:55,669 |   Found 250/1024 bases...
2025-10-31 14:40:55,669 |   Found 250/1024 bases...
2025-10-31 14:40:55,669 |   Found 250/1024 bases...
2025-10-31 14:40:55,669 |   Found 250/1024 bases...
2025-10-31 14:40:55,669 |   Found 250/1024 bases...
2025-10-31 14:40:55,672 |   Found 300/1024 bases...
2025-10-31 14:40:55,672 |   Found 300/1024 bases...
2025-10-31 14:40:55,672 |   Found 300/1024 bases...
2025-10-31 14:40:55,674 |   Found 350/1024 bases...
2025-10-31 14:40:55,674 |   Found 350/1024 bases...
2025-10-31 14:40:55,674 |   Found 350/1024 bases...
2025-10-31 14:40:55,674 |   Found 350/1024 bases...
2025-10-31 14:40:55,674 |   Found 350/1024 bases...
2025-10-31 14:40:55,674 |   Found 350/1024 bases...
2025-10-31 14:40:55,674 |   Found 350/1024 bases...
2025-10-31 14:40:55,674 |   Found 350/1024 bases...
2025-10-31 14:40:55,674 |   Found 350/1024 bases...
2025-10-31 14:40:55,674 |   Found 350/1024 bases...
2025-10-31 14:40:55,674 |   Found 350/1024 bases...
2025-10-31 14:40:55,674 |   Found 350/1024 bases...
2025-10-31 14:40:55,674 |   Found 350/1024 bases...
2025-10-31 14:40:55,674 |   Found 350/1024 bases...
2025-10-31 14:40:55,674 |   Found 350/1024 bases...
2025-10-31 14:40:55,674 |   Found 350/1024 bases...
2025-10-31 14:40:55,674 |   Found 350/1024 bases...
2025-10-31 14:40:55,674 |   Found 350/1024 bases...
2025-10-31 14:40:55,674 |   Found 350/1024 bases...
2025-10-31 14:40:55,674 |   Found 350/1024 bases...
2025-10-31 14:40:55,675 |   Found 350/1024 bases...
2025-10-31 14:40:55,675 |   Found 350/1024 bases...
2025-10-31 14:40:55,675 |   Found 350/1024 bases...
2025-10-31 14:40:55,675 |   Found 350/1024 bases...
2025-10-31 14:40:55,675 |   Found 350/1024 bases...
2025-10-31 14:40:55,675 |   Found 350/1024 bases...
2025-10-31 14:40:55,675 |   Found 350/1024 bases...
2025-10-31 14:40:55,675 |   Found 350/1024 bases...
2025-10-31 14:40:55,675 |   Found 350/1024 bases...
2025-10-31 14:40:55,675 |   Found 350/1024 bases...
2025-10-31 14:40:55,677 |   Found 400/1024 bases...
2025-10-31 14:40:55,677 |   Found 400/1024 bases...
2025-10-31 14:40:55,677 |   Found 400/1024 bases...
2025-10-31 14:40:55,677 |   Found 400/1024 bases...
2025-10-31 14:40:55,677 |   Found 400/1024 bases...
2025-10-31 14:40:55,677 |   Found 400/1024 bases...
2025-10-31 14:40:55,677 |   Found 400/1024 bases...
2025-10-31 14:40:55,677 |   Found 400/1024 bases...
2025-10-31 14:40:55,677 |   Found 400/1024 bases...
2025-10-31 14:40:55,677 |   Found 400/1024 bases...
2025-10-31 14:40:55,677 |   Found 400/1024 bases...
2025-10-31 14:40:55,677 |   Found 400/1024 bases...
2025-10-31 14:40:55,677 |   Found 400/1024 bases...
2025-10-31 14:40:55,677 |   Found 400/1024 bases...
2025-10-31 14:40:55,677 |   Found 400/1024 bases...
2025-10-31 14:40:55,677 |   Found 400/1024 bases...
2025-10-31 14:40:55,677 |   Found 400/1024 bases...
2025-10-31 14:40:55,677 |   Found 400/1024 bases...
2025-10-31 14:40:55,677 |   Found 400/1024 bases...
2025-10-31 14:40:55,677 |   Found 400/1024 bases...
2025-10-31 14:40:55,677 |   Found 400/1024 bases...
2025-10-31 14:40:55,677 |   Found 400/1024 bases...
2025-10-31 14:40:55,680 |   Found 450/1024 bases...
2025-10-31 14:40:55,680 |   Found 450/1024 bases...
2025-10-31 14:40:55,680 |   Found 450/1024 bases...
2025-10-31 14:40:55,680 |   Found 450/1024 bases...
2025-10-31 14:40:55,680 |   Found 450/1024 bases...
2025-10-31 14:40:55,680 |   Found 450/1024 bases...
2025-10-31 14:40:55,680 |   Found 450/1024 bases...
2025-10-31 14:40:55,680 |   Found 450/1024 bases...
2025-10-31 14:40:55,680 |   Found 450/1024 bases...
2025-10-31 14:40:55,680 |   Found 450/1024 bases...
2025-10-31 14:40:55,680 |   Found 450/1024 bases...
2025-10-31 14:40:55,680 |   Found 450/1024 bases...
2025-10-31 14:40:55,680 |   Found 450/1024 bases...
2025-10-31 14:40:55,680 |   Found 450/1024 bases...
2025-10-31 14:40:55,680 |   Found 450/1024 bases...
2025-10-31 14:40:55,680 |   Found 450/1024 bases...
2025-10-31 14:40:55,680 |   Found 450/1024 bases...
2025-10-31 14:40:55,680 |   Found 450/1024 bases...
2025-10-31 14:40:55,680 |   Found 450/1024 bases...
2025-10-31 14:40:55,680 |   Found 450/1024 bases...
2025-10-31 14:40:55,680 |   Found 450/1024 bases...
2025-10-31 14:40:55,680 |   Found 450/1024 bases...
2025-10-31 14:40:55,680 |   Found 450/1024 bases...
2025-10-31 14:40:55,680 |   Found 450/1024 bases...
2025-10-31 14:40:55,680 |   Found 450/1024 bases...
2025-10-31 14:40:55,680 |   Found 450/1024 bases...
2025-10-31 14:40:55,680 |   Found 450/1024 bases...
2025-10-31 14:40:55,680 |   Found 450/1024 bases...
2025-10-31 14:40:55,680 |   Found 450/1024 bases...
2025-10-31 14:40:55,680 |   Found 450/1024 bases...
2025-10-31 14:40:55,680 |   Found 450/1024 bases...
2025-10-31 14:40:55,680 |   Found 450/1024 bases...
2025-10-31 14:40:55,680 |   Found 450/1024 bases...
2025-10-31 14:40:55,680 |   Found 450/1024 bases...
2025-10-31 14:40:55,680 |   Found 450/1024 bases...
2025-10-31 14:40:55,680 |   Found 450/1024 bases...
2025-10-31 14:40:55,680 |   Found 450/1024 bases...
2025-10-31 14:40:55,680 |   Found 450/1024 bases...
2025-10-31 14:40:55,680 |   Found 450/1024 bases...
2025-10-31 14:40:55,680 |   Found 450/1024 bases...
2025-10-31 14:40:55,680 |   Found 450/1024 bases...
2025-10-31 14:40:55,680 |   Found 450/1024 bases...
2025-10-31 14:40:55,680 |   Found 450/1024 bases...
2025-10-31 14:40:55,681 |   Found 450/1024 bases...
2025-10-31 14:40:55,681 |   Found 450/1024 bases...
2025-10-31 14:40:55,681 |   Found 450/1024 bases...
2025-10-31 14:40:55,681 |   Found 450/1024 bases...
2025-10-31 14:40:55,681 |   Found 450/1024 bases...
2025-10-31 14:40:55,681 |   Found 450/1024 bases...
2025-10-31 14:40:55,681 |   Found 450/1024 bases...
2025-10-31 14:40:55,681 |   Found 450/1024 bases...
2025-10-31 14:40:55,681 |   Found 450/1024 bases...
2025-10-31 14:40:55,681 |   Found 450/1024 bases...
2025-10-31 14:40:55,681 |   Found 450/1024 bases...
2025-10-31 14:40:55,681 |   Found 450/1024 bases...
2025-10-31 14:40:55,683 |   Found 500/1024 bases...
2025-10-31 14:40:55,683 |   Found 500/1024 bases...
2025-10-31 14:40:55,683 |   Found 500/1024 bases...
2025-10-31 14:40:55,683 |   Found 500/1024 bases...
2025-10-31 14:40:55,683 |   Found 500/1024 bases...
2025-10-31 14:40:55,683 |   Found 500/1024 bases...
2025-10-31 14:40:55,683 |   Found 500/1024 bases...
2025-10-31 14:40:55,683 |   Found 500/1024 bases...
2025-10-31 14:40:55,683 |   Found 500/1024 bases...
2025-10-31 14:40:55,683 |   Found 500/1024 bases...
2025-10-31 14:40:55,683 |   Found 500/1024 bases...
2025-10-31 14:40:55,683 |   Found 500/1024 bases...
2025-10-31 14:40:55,684 |   Found 500/1024 bases...
2025-10-31 14:40:55,684 |   Found 500/1024 bases...
2025-10-31 14:40:55,684 |   Found 500/1024 bases...
2025-10-31 14:40:55,686 |   Found 550/1024 bases...
2025-10-31 14:40:55,686 |   Found 550/1024 bases...
2025-10-31 14:40:55,686 |   Found 550/1024 bases...
2025-10-31 14:40:55,686 |   Found 550/1024 bases...
2025-10-31 14:40:55,686 |   Found 550/1024 bases...
2025-10-31 14:40:55,687 |   Found 550/1024 bases...
2025-10-31 14:40:55,687 |   Found 550/1024 bases...
2025-10-31 14:40:55,690 |   Found 600/1024 bases...
2025-10-31 14:40:55,690 |   Found 600/1024 bases...
2025-10-31 14:40:55,690 |   Found 600/1024 bases...
2025-10-31 14:40:55,690 |   Found 600/1024 bases...
2025-10-31 14:40:55,690 |   Found 600/1024 bases...
2025-10-31 14:40:55,693 |   Found 650/1024 bases...
2025-10-31 14:40:55,693 |   Found 650/1024 bases...
2025-10-31 14:40:55,693 |   Found 650/1024 bases...
2025-10-31 14:40:55,693 |   Found 650/1024 bases...
2025-10-31 14:40:55,696 |   Found 700/1024 bases...
2025-10-31 14:40:55,696 |   Found 700/1024 bases...
2025-10-31 14:40:55,696 |   Found 700/1024 bases...
2025-10-31 14:40:55,696 |   Found 700/1024 bases...
2025-10-31 14:40:55,696 |   Found 700/1024 bases...
2025-10-31 14:40:55,696 |   Found 700/1024 bases...
2025-10-31 14:40:55,696 |   Found 700/1024 bases...
2025-10-31 14:40:55,696 |   Found 700/1024 bases...
2025-10-31 14:40:55,696 |   Found 700/1024 bases...
2025-10-31 14:40:55,696 |   Found 700/1024 bases...
2025-10-31 14:40:55,696 |   Found 700/1024 bases...
2025-10-31 14:40:55,696 |   Found 700/1024 bases...
2025-10-31 14:40:55,696 |   Found 700/1024 bases...
2025-10-31 14:40:55,696 |   Found 700/1024 bases...
2025-10-31 14:40:55,696 |   Found 700/1024 bases...
2025-10-31 14:40:55,699 |   Found 750/1024 bases...
2025-10-31 14:40:55,699 |   Found 750/1024 bases...
2025-10-31 14:40:55,699 |   Found 750/1024 bases...
2025-10-31 14:40:55,702 |   Found 800/1024 bases...
2025-10-31 14:40:55,705 |   Found 850/1024 bases...
2025-10-31 14:40:55,705 |   Found 850/1024 bases...
2025-10-31 14:40:55,705 |   Found 850/1024 bases...
2025-10-31 14:40:55,705 |   Found 850/1024 bases...
2025-10-31 14:40:55,705 |   Found 850/1024 bases...
2025-10-31 14:40:55,705 |   Found 850/1024 bases...
2025-10-31 14:40:55,705 |   Found 850/1024 bases...
2025-10-31 14:40:55,705 |   Found 850/1024 bases...
2025-10-31 14:40:55,705 |   Found 850/1024 bases...
2025-10-31 14:40:55,705 |   Found 850/1024 bases...
2025-10-31 14:40:55,705 |   Found 850/1024 bases...
2025-10-31 14:40:55,705 |   Found 850/1024 bases...
2025-10-31 14:40:55,705 |   Found 850/1024 bases...
2025-10-31 14:40:55,708 |   Found 900/1024 bases...
2025-10-31 14:40:55,708 |   Found 900/1024 bases...
2025-10-31 14:40:55,708 |   Found 900/1024 bases...
2025-10-31 14:40:55,708 |   Found 900/1024 bases...
2025-10-31 14:40:55,708 |   Found 900/1024 bases...
2025-10-31 14:40:55,708 |   Found 900/1024 bases...
2025-10-31 14:40:55,708 |   Found 900/1024 bases...
2025-10-31 14:40:55,708 |   Found 900/1024 bases...
2025-10-31 14:40:55,710 |   Found 950/1024 bases...
2025-10-31 14:40:55,710 |   Found 950/1024 bases...
2025-10-31 14:40:55,710 |   Found 950/1024 bases...
2025-10-31 14:40:55,710 |   Found 950/1024 bases...
2025-10-31 14:40:55,710 |   Found 950/1024 bases...
2025-10-31 14:40:55,710 |   Found 950/1024 bases...
2025-10-31 14:40:55,710 |   Found 950/1024 bases...
2025-10-31 14:40:55,710 |   Found 950/1024 bases...
2025-10-31 14:40:55,710 |   Found 950/1024 bases...
2025-10-31 14:40:55,710 |   Found 950/1024 bases...
2025-10-31 14:40:55,710 |   Found 950/1024 bases...
2025-10-31 14:40:55,710 |   Found 950/1024 bases...
2025-10-31 14:40:55,710 |   Found 950/1024 bases...
2025-10-31 14:40:55,710 |   Found 950/1024 bases...
2025-10-31 14:40:55,710 |   Found 950/1024 bases...
2025-10-31 14:40:55,710 |   Found 950/1024 bases...
2025-10-31 14:40:55,710 |   Found 950/1024 bases...
2025-10-31 14:40:55,710 |   Found 950/1024 bases...
2025-10-31 14:40:55,710 |   Found 950/1024 bases...
2025-10-31 14:40:55,710 |   Found 950/1024 bases...
2025-10-31 14:40:55,710 |   Found 950/1024 bases...
2025-10-31 14:40:55,710 |   Found 950/1024 bases...
2025-10-31 14:40:55,711 |   Found 950/1024 bases...
2025-10-31 14:40:55,711 |   Found 950/1024 bases...
2025-10-31 14:40:55,711 |   Found 950/1024 bases...
2025-10-31 14:40:55,711 |   Found 950/1024 bases...
2025-10-31 14:40:55,711 |   Found 950/1024 bases...
2025-10-31 14:40:55,711 |   Found 950/1024 bases...
2025-10-31 14:40:55,711 |   Found 950/1024 bases...
2025-10-31 14:40:55,711 |   Found 950/1024 bases...
2025-10-31 14:40:55,711 |   Found 950/1024 bases...
2025-10-31 14:40:55,711 |   Found 950/1024 bases...
2025-10-31 14:40:55,711 |   Found 950/1024 bases...
2025-10-31 14:40:55,711 |   Found 950/1024 bases...
2025-10-31 14:40:55,711 |   Found 950/1024 bases...
2025-10-31 14:40:55,711 |   Found 950/1024 bases...
2025-10-31 14:40:55,711 |   Found 950/1024 bases...
2025-10-31 14:40:55,711 |   Found 950/1024 bases...
2025-10-31 14:40:55,711 |   Found 950/1024 bases...
2025-10-31 14:40:55,711 |   Found 950/1024 bases...
2025-10-31 14:40:55,711 |   Found 950/1024 bases...
2025-10-31 14:40:55,713 |   Found 1000/1024 bases...
2025-10-31 14:40:55,713 |   Found 1000/1024 bases...
2025-10-31 14:40:55,713 |   Found 1000/1024 bases...
2025-10-31 14:40:55,713 |   Found 1000/1024 bases...
2025-10-31 14:40:55,713 |   Found 1000/1024 bases...
2025-10-31 14:40:55,713 |   Found 1000/1024 bases...
2025-10-31 14:40:55,713 |   Found 1000/1024 bases...
2025-10-31 14:40:55,713 |   Found 1000/1024 bases...
2025-10-31 14:40:55,713 |   Found 1000/1024 bases...
2025-10-31 14:40:55,713 |   Found 1000/1024 bases...
2025-10-31 14:40:55,713 |   Found 1000/1024 bases...
2025-10-31 14:40:55,713 |   Found 1000/1024 bases...
2025-10-31 14:40:55,715 |   Found 1024 bases
2025-10-31 14:40:55,715 | 
============================================================
2025-10-31 14:40:55,715 | Testing M = 128
2025-10-31 14:40:55,715 | ============================================================
2025-10-31 14:41:10,038 |   [5/90] Trial 5/30 | R̄=0.075485 (error: 44.22%) | Elapsed: 0.2m | ETA: 3.3m
2025-10-31 14:41:24,262 |   [10/90] Trial 10/30 | R̄=0.070231 (error: 48.11%) | Elapsed: 0.4m | ETA: 3.4m
2025-10-31 14:41:38,432 |   [15/90] Trial 15/30 | R̄=0.078484 (error: 42.01%) | Elapsed: 0.7m | ETA: 3.3m
2025-10-31 14:41:52,574 |   [20/90] Trial 20/30 | R̄=0.069730 (error: 48.48%) | Elapsed: 0.9m | ETA: 3.2m
2025-10-31 14:42:06,668 |   [25/90] Trial 25/30 | R̄=0.067957 (error: 49.79%) | Elapsed: 1.1m | ETA: 3.0m
2025-10-31 14:42:20,731 |   [30/90] Trial 30/30 | R̄=0.073539 (error: 45.66%) | Elapsed: 1.4m | ETA: 2.7m
2025-10-31 14:42:20,731 | 
  M=128 → R̄ = 0.073539 ± 0.038196
2025-10-31 14:42:20,731 |   Δ from exp(-2): -0.061797 (+45.66%)
2025-10-31 14:42:20,731 | 
============================================================
2025-10-31 14:42:20,731 | Testing M = 256
2025-10-31 14:42:20,731 | ============================================================
2025-10-31 14:42:49,417 |   [35/90] Trial 5/30 | R̄=0.068135 (error: 49.65%) | Elapsed: 1.8m | ETA: 2.8m
2025-10-31 14:43:17,817 |   [40/90] Trial 10/30 | R̄=0.060864 (error: 55.03%) | Elapsed: 2.3m | ETA: 2.8m
2025-10-31 14:43:46,251 |   [45/90] Trial 15/30 | R̄=0.069615 (error: 48.56%) | Elapsed: 2.7m | ETA: 2.7m
2025-10-31 14:44:14,589 |   [50/90] Trial 20/30 | R̄=0.065187 (error: 51.83%) | Elapsed: 3.2m | ETA: 2.6m
2025-10-31 14:44:42,980 |   [55/90] Trial 25/30 | R̄=0.065510 (error: 51.59%) | Elapsed: 3.7m | ETA: 2.4m
2025-10-31 14:45:11,396 |   [60/90] Trial 30/30 | R̄=0.067879 (error: 49.84%) | Elapsed: 4.2m | ETA: 2.1m
2025-10-31 14:45:11,396 | 
  M=256 → R̄ = 0.067879 ± 0.030110
2025-10-31 14:45:11,396 |   Δ from exp(-2): -0.067456 (+49.84%)
2025-10-31 14:45:11,396 | 
============================================================
2025-10-31 14:45:11,396 | Testing M = 512
2025-10-31 14:45:11,396 | ============================================================
2025-10-31 14:46:08,195 |   [65/90] Trial 5/30 | R̄=0.049110 (error: 63.71%) | Elapsed: 5.0m | ETA: 1.9m
