2025-10-31 15:56:45,414 | ======================================================================
2025-10-31 15:56:45,414 | T6-A1b: exp(-2) Convergence Validation (GPU)
2025-10-31 15:56:45,414 | ======================================================================
2025-10-31 15:56:45,414 | Log: ../../Data/Experiments/Tier6/T6A1b/T6A1b_gpu_20251031_155645.log
2025-10-31 15:56:45,414 | GPU: Compute Capability 121
2025-10-31 15:56:45,414 | Starting exp(-2) convergence validation...
2025-10-31 15:56:45,415 | 
2025-10-31 15:56:45,415 | OBJECTIVE: Validate R̄ → exp(-2) = 0.1353352832... as M → ∞
2025-10-31 15:56:45,415 | 
2025-10-31 15:56:45,415 | Configuration:
2025-10-31 15:56:45,415 |   N: 12289
2025-10-31 15:56:45,415 |   r_target: 2048
2025-10-31 15:56:45,415 |   ρ: 0.1667
2025-10-31 15:56:45,415 |   M values: [128, 256, 512]
2025-10-31 15:56:45,415 |   L: 16384, trials: 30
2025-10-31 15:56:45,415 |   Noise σ: 0.0
2025-10-31 15:56:45,415 |   Target: exp(-2) = 0.1353352832
2025-10-31 15:56:45,415 | 
2025-10-31 15:56:45,415 | Finding 1024 bases with order 2048...
2025-10-31 15:56:45,416 |   Found 50/1024 bases...
2025-10-31 15:56:45,416 |   Found 50/1024 bases...
2025-10-31 15:56:45,416 |   Found 50/1024 bases...
2025-10-31 15:56:45,416 |   Found 50/1024 bases...
2025-10-31 15:56:45,417 |   Found 100/1024 bases...
2025-10-31 15:56:45,418 |   Found 100/1024 bases...
2025-10-31 15:56:45,418 |   Found 100/1024 bases...
2025-10-31 15:56:45,418 |   Found 100/1024 bases...
2025-10-31 15:56:45,418 |   Found 100/1024 bases...
2025-10-31 15:56:45,418 |   Found 100/1024 bases...
2025-10-31 15:56:45,418 |   Found 100/1024 bases...
2025-10-31 15:56:45,418 |   Found 100/1024 bases...
2025-10-31 15:56:45,418 |   Found 100/1024 bases...
2025-10-31 15:56:45,418 |   Found 100/1024 bases...
2025-10-31 15:56:45,418 |   Found 100/1024 bases...
2025-10-31 15:56:45,418 |   Found 100/1024 bases...
2025-10-31 15:56:45,418 |   Found 100/1024 bases...
2025-10-31 15:56:45,419 |   Found 150/1024 bases...
2025-10-31 15:56:45,419 |   Found 150/1024 bases...
2025-10-31 15:56:45,420 |   Found 200/1024 bases...
2025-10-31 15:56:45,420 |   Found 200/1024 bases...
2025-10-31 15:56:45,420 |   Found 200/1024 bases...
2025-10-31 15:56:45,420 |   Found 200/1024 bases...
2025-10-31 15:56:45,420 |   Found 200/1024 bases...
2025-10-31 15:56:45,420 |   Found 200/1024 bases...
2025-10-31 15:56:45,420 |   Found 200/1024 bases...
2025-10-31 15:56:45,420 |   Found 200/1024 bases...
2025-10-31 15:56:45,420 |   Found 200/1024 bases...
2025-10-31 15:56:45,420 |   Found 200/1024 bases...
2025-10-31 15:56:45,420 |   Found 200/1024 bases...
2025-10-31 15:56:45,420 |   Found 200/1024 bases...
2025-10-31 15:56:45,422 |   Found 250/1024 bases...
2025-10-31 15:56:45,422 |   Found 250/1024 bases...
2025-10-31 15:56:45,422 |   Found 250/1024 bases...
2025-10-31 15:56:45,422 |   Found 250/1024 bases...
2025-10-31 15:56:45,422 |   Found 250/1024 bases...
2025-10-31 15:56:45,422 |   Found 250/1024 bases...
2025-10-31 15:56:45,422 |   Found 250/1024 bases...
2025-10-31 15:56:45,422 |   Found 250/1024 bases...
2025-10-31 15:56:45,422 |   Found 250/1024 bases...
2025-10-31 15:56:45,422 |   Found 250/1024 bases...
2025-10-31 15:56:45,422 |   Found 250/1024 bases...
2025-10-31 15:56:45,422 |   Found 250/1024 bases...
2025-10-31 15:56:45,422 |   Found 250/1024 bases...
2025-10-31 15:56:45,422 |   Found 250/1024 bases...
2025-10-31 15:56:45,422 |   Found 250/1024 bases...
2025-10-31 15:56:45,423 |   Found 300/1024 bases...
2025-10-31 15:56:45,423 |   Found 300/1024 bases...
2025-10-31 15:56:45,423 |   Found 300/1024 bases...
2025-10-31 15:56:45,423 |   Found 300/1024 bases...
2025-10-31 15:56:45,423 |   Found 300/1024 bases...
2025-10-31 15:56:45,423 |   Found 300/1024 bases...
2025-10-31 15:56:45,423 |   Found 300/1024 bases...
2025-10-31 15:56:45,423 |   Found 300/1024 bases...
2025-10-31 15:56:45,423 |   Found 300/1024 bases...
2025-10-31 15:56:45,423 |   Found 300/1024 bases...
2025-10-31 15:56:45,425 |   Found 350/1024 bases...
2025-10-31 15:56:45,425 |   Found 350/1024 bases...
2025-10-31 15:56:45,425 |   Found 350/1024 bases...
2025-10-31 15:56:45,426 |   Found 400/1024 bases...
2025-10-31 15:56:45,426 |   Found 400/1024 bases...
2025-10-31 15:56:45,426 |   Found 400/1024 bases...
2025-10-31 15:56:45,426 |   Found 400/1024 bases...
2025-10-31 15:56:45,426 |   Found 400/1024 bases...
2025-10-31 15:56:45,426 |   Found 400/1024 bases...
2025-10-31 15:56:45,426 |   Found 400/1024 bases...
2025-10-31 15:56:45,428 |   Found 450/1024 bases...
2025-10-31 15:56:45,428 |   Found 450/1024 bases...
2025-10-31 15:56:45,428 |   Found 450/1024 bases...
2025-10-31 15:56:45,428 |   Found 450/1024 bases...
2025-10-31 15:56:45,428 |   Found 450/1024 bases...
2025-10-31 15:56:45,428 |   Found 450/1024 bases...
2025-10-31 15:56:45,428 |   Found 450/1024 bases...
2025-10-31 15:56:45,428 |   Found 450/1024 bases...
2025-10-31 15:56:45,428 |   Found 450/1024 bases...
2025-10-31 15:56:45,428 |   Found 450/1024 bases...
2025-10-31 15:56:45,428 |   Found 450/1024 bases...
2025-10-31 15:56:45,428 |   Found 450/1024 bases...
2025-10-31 15:56:45,428 |   Found 450/1024 bases...
2025-10-31 15:56:45,428 |   Found 450/1024 bases...
2025-10-31 15:56:45,428 |   Found 450/1024 bases...
2025-10-31 15:56:45,429 |   Found 500/1024 bases...
2025-10-31 15:56:45,429 |   Found 500/1024 bases...
2025-10-31 15:56:45,429 |   Found 500/1024 bases...
2025-10-31 15:56:45,429 |   Found 500/1024 bases...
2025-10-31 15:56:45,429 |   Found 500/1024 bases...
2025-10-31 15:56:45,429 |   Found 500/1024 bases...
2025-10-31 15:56:45,429 |   Found 500/1024 bases...
2025-10-31 15:56:45,431 |   Found 550/1024 bases...
2025-10-31 15:56:45,431 |   Found 550/1024 bases...
2025-10-31 15:56:45,432 |   Found 600/1024 bases...
2025-10-31 15:56:45,432 |   Found 600/1024 bases...
2025-10-31 15:56:45,432 |   Found 600/1024 bases...
2025-10-31 15:56:45,432 |   Found 600/1024 bases...
2025-10-31 15:56:45,432 |   Found 600/1024 bases...
2025-10-31 15:56:45,432 |   Found 600/1024 bases...
2025-10-31 15:56:45,432 |   Found 600/1024 bases...
2025-10-31 15:56:45,432 |   Found 600/1024 bases...
2025-10-31 15:56:45,432 |   Found 600/1024 bases...
2025-10-31 15:56:45,432 |   Found 600/1024 bases...
2025-10-31 15:56:45,432 |   Found 600/1024 bases...
2025-10-31 15:56:45,432 |   Found 600/1024 bases...
2025-10-31 15:56:45,432 |   Found 600/1024 bases...
2025-10-31 15:56:45,432 |   Found 600/1024 bases...
2025-10-31 15:56:45,432 |   Found 600/1024 bases...
2025-10-31 15:56:45,432 |   Found 600/1024 bases...
2025-10-31 15:56:45,432 |   Found 600/1024 bases...
2025-10-31 15:56:45,432 |   Found 600/1024 bases...
2025-10-31 15:56:45,432 |   Found 600/1024 bases...
2025-10-31 15:56:45,432 |   Found 600/1024 bases...
2025-10-31 15:56:45,432 |   Found 600/1024 bases...
2025-10-31 15:56:45,432 |   Found 600/1024 bases...
2025-10-31 15:56:45,434 |   Found 650/1024 bases...
2025-10-31 15:56:45,434 |   Found 650/1024 bases...
2025-10-31 15:56:45,434 |   Found 650/1024 bases...
2025-10-31 15:56:45,434 |   Found 650/1024 bases...
2025-10-31 15:56:45,434 |   Found 650/1024 bases...
2025-10-31 15:56:45,434 |   Found 650/1024 bases...
2025-10-31 15:56:45,434 |   Found 650/1024 bases...
2025-10-31 15:56:45,434 |   Found 650/1024 bases...
2025-10-31 15:56:45,434 |   Found 650/1024 bases...
2025-10-31 15:56:45,434 |   Found 650/1024 bases...
2025-10-31 15:56:45,434 |   Found 650/1024 bases...
2025-10-31 15:56:45,434 |   Found 650/1024 bases...
2025-10-31 15:56:45,434 |   Found 650/1024 bases...
2025-10-31 15:56:45,434 |   Found 650/1024 bases...
2025-10-31 15:56:45,434 |   Found 650/1024 bases...
2025-10-31 15:56:45,435 |   Found 700/1024 bases...
2025-10-31 15:56:45,435 |   Found 700/1024 bases...
2025-10-31 15:56:45,435 |   Found 700/1024 bases...
2025-10-31 15:56:45,435 |   Found 700/1024 bases...
2025-10-31 15:56:45,435 |   Found 700/1024 bases...
2025-10-31 15:56:45,435 |   Found 700/1024 bases...
2025-10-31 15:56:45,435 |   Found 700/1024 bases...
2025-10-31 15:56:45,435 |   Found 700/1024 bases...
2025-10-31 15:56:45,435 |   Found 700/1024 bases...
2025-10-31 15:56:45,435 |   Found 700/1024 bases...
2025-10-31 15:56:45,435 |   Found 700/1024 bases...
2025-10-31 15:56:45,437 |   Found 750/1024 bases...
2025-10-31 15:56:45,437 |   Found 750/1024 bases...
2025-10-31 15:56:45,437 |   Found 750/1024 bases...
2025-10-31 15:56:45,437 |   Found 750/1024 bases...
2025-10-31 15:56:45,437 |   Found 750/1024 bases...
2025-10-31 15:56:45,437 |   Found 750/1024 bases...
2025-10-31 15:56:45,437 |   Found 750/1024 bases...
2025-10-31 15:56:45,437 |   Found 750/1024 bases...
2025-10-31 15:56:45,437 |   Found 750/1024 bases...
2025-10-31 15:56:45,437 |   Found 750/1024 bases...
2025-10-31 15:56:45,437 |   Found 750/1024 bases...
2025-10-31 15:56:45,437 |   Found 750/1024 bases...
2025-10-31 15:56:45,437 |   Found 750/1024 bases...
2025-10-31 15:56:45,437 |   Found 750/1024 bases...
2025-10-31 15:56:45,437 |   Found 750/1024 bases...
2025-10-31 15:56:45,438 |   Found 800/1024 bases...
2025-10-31 15:56:45,438 |   Found 800/1024 bases...
2025-10-31 15:56:45,438 |   Found 800/1024 bases...
2025-10-31 15:56:45,439 |   Found 800/1024 bases...
2025-10-31 15:56:45,440 |   Found 850/1024 bases...
2025-10-31 15:56:45,440 |   Found 850/1024 bases...
2025-10-31 15:56:45,440 |   Found 850/1024 bases...
2025-10-31 15:56:45,440 |   Found 850/1024 bases...
2025-10-31 15:56:45,441 |   Found 900/1024 bases...
2025-10-31 15:56:45,441 |   Found 900/1024 bases...
2025-10-31 15:56:45,441 |   Found 900/1024 bases...
2025-10-31 15:56:45,441 |   Found 900/1024 bases...
2025-10-31 15:56:45,441 |   Found 900/1024 bases...
2025-10-31 15:56:45,441 |   Found 900/1024 bases...
2025-10-31 15:56:45,441 |   Found 900/1024 bases...
2025-10-31 15:56:45,441 |   Found 900/1024 bases...
2025-10-31 15:56:45,441 |   Found 900/1024 bases...
2025-10-31 15:56:45,441 |   Found 900/1024 bases...
2025-10-31 15:56:45,441 |   Found 900/1024 bases...
2025-10-31 15:56:45,441 |   Found 900/1024 bases...
2025-10-31 15:56:45,441 |   Found 900/1024 bases...
2025-10-31 15:56:45,441 |   Found 900/1024 bases...
2025-10-31 15:56:45,441 |   Found 900/1024 bases...
2025-10-31 15:56:45,441 |   Found 900/1024 bases...
2025-10-31 15:56:45,441 |   Found 900/1024 bases...
2025-10-31 15:56:45,441 |   Found 900/1024 bases...
2025-10-31 15:56:45,443 |   Found 950/1024 bases...
2025-10-31 15:56:45,443 |   Found 950/1024 bases...
2025-10-31 15:56:45,443 |   Found 950/1024 bases...
2025-10-31 15:56:45,444 |   Found 1000/1024 bases...
2025-10-31 15:56:45,444 |   Found 1000/1024 bases...
2025-10-31 15:56:45,444 |   Found 1000/1024 bases...
2025-10-31 15:56:45,444 |   Found 1000/1024 bases...
2025-10-31 15:56:45,444 |   Found 1000/1024 bases...
2025-10-31 15:56:45,445 |   Found 1000/1024 bases...
2025-10-31 15:56:45,445 |   Found 1000/1024 bases...
2025-10-31 15:56:45,445 |   Found 1000/1024 bases...
2025-10-31 15:56:45,445 |   Found 1000/1024 bases...
2025-10-31 15:56:45,445 |   Found 1000/1024 bases...
2025-10-31 15:56:45,445 |   Found 1000/1024 bases...
2025-10-31 15:56:45,445 |   Found 1024 bases
2025-10-31 15:56:45,445 | 
============================================================
2025-10-31 15:56:45,445 | Testing M = 128
2025-10-31 15:56:45,445 | ============================================================
2025-10-31 15:57:00,258 |   [5/90] Trial 5/30 | R̄=0.089654 (error: 33.75%) | Elapsed: 0.2m | ETA: 3.4m
2025-10-31 15:57:14,901 |   [10/90] Trial 10/30 | R̄=0.090900 (error: 32.83%) | Elapsed: 0.4m | ETA: 3.5m
2025-10-31 15:57:29,732 |   [15/90] Trial 15/30 | R̄=0.090667 (error: 33.01%) | Elapsed: 0.7m | ETA: 3.4m
2025-10-31 15:57:44,354 |   [20/90] Trial 20/30 | R̄=0.091032 (error: 32.74%) | Elapsed: 0.9m | ETA: 3.3m
2025-10-31 15:57:59,022 |   [25/90] Trial 25/30 | R̄=0.092019 (error: 32.01%) | Elapsed: 1.2m | ETA: 3.1m
2025-10-31 15:58:13,636 |   [30/90] Trial 30/30 | R̄=0.092006 (error: 32.02%) | Elapsed: 1.4m | ETA: 2.8m
2025-10-31 15:58:13,636 | 
  M=128 → R̄ = 0.092006 ± 0.006225
2025-10-31 15:58:13,636 |   Δ from exp(-2): -0.043330 (+32.02%)
2025-10-31 15:58:13,636 | 
============================================================
2025-10-31 15:58:13,636 | Testing M = 256
2025-10-31 15:58:13,636 | ============================================================
2025-10-31 15:58:43,098 |   [35/90] Trial 5/30 | R̄=0.067801 (error: 49.90%) | Elapsed: 1.9m | ETA: 2.9m
2025-10-31 15:59:12,393 |   [40/90] Trial 10/30 | R̄=0.067455 (error: 50.16%) | Elapsed: 2.4m | ETA: 2.9m
2025-10-31 15:59:41,792 |   [45/90] Trial 15/30 | R̄=0.068321 (error: 49.52%) | Elapsed: 2.8m | ETA: 2.8m
2025-10-31 16:00:11,065 |   [50/90] Trial 20/30 | R̄=0.069248 (error: 48.83%) | Elapsed: 3.3m | ETA: 2.7m
2025-10-31 16:00:40,504 |   [55/90] Trial 25/30 | R̄=0.068937 (error: 49.06%) | Elapsed: 3.8m | ETA: 2.4m
2025-10-31 16:01:10,213 |   [60/90] Trial 30/30 | R̄=0.069833 (error: 48.40%) | Elapsed: 4.3m | ETA: 2.2m
2025-10-31 16:01:10,213 | 
  M=256 → R̄ = 0.069833 ± 0.004532
2025-10-31 16:01:10,213 |   Δ from exp(-2): -0.065503 (+48.40%)
2025-10-31 16:01:10,213 | 
============================================================
2025-10-31 16:01:10,213 | Testing M = 512
2025-10-31 16:01:10,213 | ============================================================
2025-10-31 16:02:08,942 |   [65/90] Trial 5/30 | R̄=0.057900 (error: 57.22%) | Elapsed: 5.2m | ETA: 2.0m
2025-10-31 16:03:07,896 |   [70/90] Trial 10/30 | R̄=0.057357 (error: 57.62%) | Elapsed: 6.2m | ETA: 1.8m
2025-10-31 16:04:06,671 |   [75/90] Trial 15/30 | R̄=0.056946 (error: 57.92%) | Elapsed: 7.2m | ETA: 1.4m
2025-10-31 16:05:05,477 |   [80/90] Trial 20/30 | R̄=0.056641 (error: 58.15%) | Elapsed: 8.1m | ETA: 1.0m
2025-10-31 16:06:04,323 |   [85/90] Trial 25/30 | R̄=0.056857 (error: 57.99%) | Elapsed: 9.1m | ETA: 0.5m
2025-10-31 16:07:03,381 |   [90/90] Trial 30/30 | R̄=0.057022 (error: 57.87%) | Elapsed: 10.1m | ETA: 0.0m
2025-10-31 16:07:03,381 | 
  M=512 → R̄ = 0.057022 ± 0.002232
2025-10-31 16:07:03,381 |   Δ from exp(-2): -0.078313 (+57.87%)
2025-10-31 16:07:03,385 | 
Elapsed: 618.0s (10.3m)
2025-10-31 16:07:03,385 | Data: ../../Data/Experiments/Tier6/T6A1b/T6A1b_exp_minus_2_results.json
2025-10-31 16:07:03,960 | 
Figure: ../../Figures/experiments/Tier6/T6A1b/T6A1b_exp_minus_2_validation.png
2025-10-31 16:07:03,960 | 
2025-10-31 16:07:03,960 | ======================================================================
2025-10-31 16:07:03,960 | T6-A1b COMPLETE!
2025-10-31 16:07:03,960 | ======================================================================
2025-10-31 16:07:03,960 | exp(-2) = 0.1353352832
2025-10-31 16:07:03,960 | M=512  → R̄ = 0.0570223788
2025-10-31 16:07:03,960 | Error: 57.866%
2025-10-31 16:07:03,960 | Convergence: R̄(M) = exp(-2) + 10990.59/M^136.49
2025-10-31 16:07:03,960 | Verdict: PARTIAL SUPPORT
2025-10-31 16:07:03,960 | ======================================================================
