2025-10-31 12:24:00,202 | ======================================================================
2025-10-31 12:24:00,202 | T6-A1: Coherence-Incoherence Transition (STANDALONE)
2025-10-31 12:24:00,202 | ======================================================================
2025-10-31 12:24:00,202 | Log: ../../Data/Experiments/Tier6/T6A1/T6A1_standalone_20251031_122400.log
2025-10-31 12:24:00,202 | Starting...
2025-10-31 12:24:00,202 | 
2025-10-31 12:24:00,202 | Configuration:
2025-10-31 12:24:00,202 |   N: [997, 2003]
2025-10-31 12:24:00,202 |   ρ targets: [0.1, 0.2, 0.3]
2025-10-31 12:24:00,202 |   M values: [8, 16]
2025-10-31 12:24:00,202 |   L: 2048, samples: 5
2025-10-31 12:24:00,202 |   Total configs: 12
2025-10-31 12:24:00,202 |   Estimated: 10-15 minutes
2025-10-31 12:24:00,202 | 
2025-10-31 12:24:00,427 | [1/12] N=997, ρ=0.083 (r=83), M=8 | Elapsed: 0.0m | ETA: 0.0m
2025-10-31 12:24:00,638 |   → R̄ = 0.3472 ± 0.0974
2025-10-31 12:24:00,638 | [2/12] N=997, ρ=0.083 (r=83), M=16 | Elapsed: 0.0m | ETA: 0.0m
2025-10-31 12:24:01,025 |   → R̄ = 0.2033 ± 0.0520
2025-10-31 12:24:01,936 | Could not find order near ρ=0.20 for N=997
2025-10-31 12:24:02,835 | Could not find order near ρ=0.30 for N=997
2025-10-31 12:24:03,120 | [3/12] N=2003, ρ=0.091 (r=182), M=8 | Elapsed: 0.0m | ETA: 0.1m
2025-10-31 12:24:03,654 |   → R̄ = 0.3320 ± 0.0990
2025-10-31 12:24:03,654 | [4/12] N=2003, ρ=0.091 (r=182), M=16 | Elapsed: 0.1m | ETA: 0.1m
2025-10-31 12:24:04,597 |   → R̄ = 0.2303 ± 0.0661
2025-10-31 12:24:05,953 | Could not find order near ρ=0.20 for N=2003
2025-10-31 12:24:07,318 | Could not find order near ρ=0.30 for N=2003
2025-10-31 12:24:07,318 | 
Elapsed: 7.1s (0.1m)
2025-10-31 12:24:07,318 | Data: ../../Data/Experiments/Tier6/T6A1/T6A1_standalone_results.json
2025-10-31 12:24:07,807 | Figure: ../../Figures/experiments/Tier6/T6A1/T6A1_standalone_summary.png
2025-10-31 12:24:07,807 | 
2025-10-31 12:24:07,807 | ======================================================================
2025-10-31 12:24:07,807 | T6-A1 COMPLETE!
2025-10-31 12:24:07,807 | ======================================================================
2025-10-31 12:24:07,807 | Overall R̄: 0.2782 ± 0.1024
2025-10-31 12:24:07,807 | Target: 0.137
2025-10-31 12:24:07,807 | Deviation: 0.1412
2025-10-31 12:24:07,807 | Verdict: PARTIAL
2025-10-31 12:24:07,807 | ======================================================================
