2025-10-31 14:39:36,233 | ======================================================================
2025-10-31 14:39:36,233 | T6-A1b: exp(-2) Convergence Validation (GPU)
2025-10-31 14:39:36,233 | ======================================================================
2025-10-31 14:39:36,233 | Log: ../../Data/Experiments/Tier6/T6A1b/T6A1b_gpu_20251031_143936.log
2025-10-31 14:39:36,233 | GPU: Compute Capability 121
2025-10-31 14:39:36,233 | Starting exp(-2) convergence validation...
2025-10-31 14:39:36,233 | 
2025-10-31 14:39:36,233 | OBJECTIVE: Validate R̄ → exp(-2) = 0.1353352832... as M → ∞
2025-10-31 14:39:36,233 | 
2025-10-31 14:39:36,233 | Configuration:
2025-10-31 14:39:36,233 |   N: 2003
2025-10-31 14:39:36,233 |   r_target: 182
2025-10-31 14:39:36,233 |   ρ: 0.0909
2025-10-31 14:39:36,233 |   M values: [128, 256, 512]
2025-10-31 14:39:36,233 |   L: 16384, trials: 30
2025-10-31 14:39:36,233 |   Noise σ: 0.01
2025-10-31 14:39:36,233 |   Target: exp(-2) = 0.1353352832
2025-10-31 14:39:36,233 | 
2025-10-31 14:39:36,233 | Finding 1024 bases with order 182...
2025-10-31 14:39:36,236 |   Found 50/1024 bases...
2025-10-31 14:39:36,236 |   Found 50/1024 bases...
2025-10-31 14:39:36,236 |   Found 50/1024 bases...
2025-10-31 14:39:36,236 |   Found 50/1024 bases...
2025-10-31 14:39:36,236 |   Found 50/1024 bases...
2025-10-31 14:39:36,236 |   Found 50/1024 bases...
2025-10-31 14:39:36,239 |   Found 100/1024 bases...
2025-10-31 14:39:36,239 |   Found 100/1024 bases...
2025-10-31 14:39:36,239 |   Found 100/1024 bases...
2025-10-31 14:39:36,239 |   Found 100/1024 bases...
2025-10-31 14:39:36,239 |   Found 100/1024 bases...
2025-10-31 14:39:36,239 |   Found 100/1024 bases...
2025-10-31 14:39:36,239 |   Found 100/1024 bases...
2025-10-31 14:39:36,239 |   Found 100/1024 bases...
2025-10-31 14:39:36,239 |   Found 100/1024 bases...
2025-10-31 14:39:36,239 |   Found 100/1024 bases...
2025-10-31 14:39:36,239 |   Found 100/1024 bases...
2025-10-31 14:39:36,239 |   Found 100/1024 bases...
2025-10-31 14:39:36,239 |   Found 100/1024 bases...
2025-10-31 14:39:36,239 |   Found 100/1024 bases...
2025-10-31 14:39:36,239 |   Found 100/1024 bases...
2025-10-31 14:39:36,239 |   Found 100/1024 bases...
2025-10-31 14:39:36,239 |   Found 100/1024 bases...
2025-10-31 14:39:36,239 |   Found 100/1024 bases...
2025-10-31 14:39:36,239 |   Found 100/1024 bases...
2025-10-31 14:39:36,242 |   Found 150/1024 bases...
2025-10-31 14:39:36,242 |   Found 150/1024 bases...
2025-10-31 14:39:36,242 |   Found 150/1024 bases...
2025-10-31 14:39:36,242 |   Found 150/1024 bases...
2025-10-31 14:39:36,242 |   Found 150/1024 bases...
2025-10-31 14:39:36,242 |   Found 150/1024 bases...
2025-10-31 14:39:36,242 |   Found 150/1024 bases...
2025-10-31 14:39:36,242 |   Found 150/1024 bases...
2025-10-31 14:39:36,242 |   Found 150/1024 bases...
2025-10-31 14:39:36,242 |   Found 150/1024 bases...
2025-10-31 14:39:36,242 |   Found 150/1024 bases...
2025-10-31 14:39:36,242 |   Found 150/1024 bases...
2025-10-31 14:39:36,242 |   Found 150/1024 bases...
2025-10-31 14:39:36,242 |   Found 150/1024 bases...
2025-10-31 14:39:36,242 |   Found 150/1024 bases...
2025-10-31 14:39:36,242 |   Found 150/1024 bases...
2025-10-31 14:39:36,242 |   Found 150/1024 bases...
2025-10-31 14:39:36,242 |   Found 150/1024 bases...
2025-10-31 14:39:36,243 |   Found 150/1024 bases...
2025-10-31 14:39:36,245 |   Found 200/1024 bases...
2025-10-31 14:39:36,246 |   Found 200/1024 bases...
2025-10-31 14:39:36,246 |   Found 200/1024 bases...
2025-10-31 14:39:36,246 |   Found 200/1024 bases...
2025-10-31 14:39:36,246 |   Found 200/1024 bases...
2025-10-31 14:39:36,246 |   Found 200/1024 bases...
2025-10-31 14:39:36,246 |   Found 200/1024 bases...
2025-10-31 14:39:36,246 |   Found 200/1024 bases...
2025-10-31 14:39:36,246 |   Found 200/1024 bases...
2025-10-31 14:39:36,249 |   Found 250/1024 bases...
2025-10-31 14:39:36,249 |   Found 250/1024 bases...
2025-10-31 14:39:36,249 |   Found 250/1024 bases...
2025-10-31 14:39:36,249 |   Found 250/1024 bases...
2025-10-31 14:39:36,253 |   Found 300/1024 bases...
2025-10-31 14:39:36,253 |   Found 300/1024 bases...
2025-10-31 14:39:36,253 |   Found 300/1024 bases...
2025-10-31 14:39:36,253 |   Found 300/1024 bases...
2025-10-31 14:39:36,253 |   Found 300/1024 bases...
2025-10-31 14:39:36,253 |   Found 300/1024 bases...
2025-10-31 14:39:36,253 |   Found 300/1024 bases...
2025-10-31 14:39:36,253 |   Found 300/1024 bases...
2025-10-31 14:39:36,253 |   Found 300/1024 bases...
2025-10-31 14:39:36,253 |   Found 300/1024 bases...
2025-10-31 14:39:36,253 |   Found 300/1024 bases...
2025-10-31 14:39:36,253 |   Found 300/1024 bases...
2025-10-31 14:39:36,253 |   Found 300/1024 bases...
2025-10-31 14:39:36,253 |   Found 300/1024 bases...
2025-10-31 14:39:36,253 |   Found 300/1024 bases...
2025-10-31 14:39:36,253 |   Found 300/1024 bases...
2025-10-31 14:39:36,253 |   Found 300/1024 bases...
2025-10-31 14:39:36,253 |   Found 300/1024 bases...
2025-10-31 14:39:36,253 |   Found 300/1024 bases...
2025-10-31 14:39:36,253 |   Found 300/1024 bases...
2025-10-31 14:39:36,253 |   Found 300/1024 bases...
2025-10-31 14:39:36,253 |   Found 300/1024 bases...
2025-10-31 14:39:36,253 |   Found 300/1024 bases...
2025-10-31 14:39:36,253 |   Found 300/1024 bases...
2025-10-31 14:39:36,253 |   Found 300/1024 bases...
2025-10-31 14:39:36,253 |   Found 300/1024 bases...
2025-10-31 14:39:36,253 |   Found 300/1024 bases...
2025-10-31 14:39:36,253 |   Found 300/1024 bases...
2025-10-31 14:39:36,253 |   Found 300/1024 bases...
2025-10-31 14:39:36,253 |   Found 300/1024 bases...
2025-10-31 14:39:36,253 |   Found 300/1024 bases...
2025-10-31 14:39:36,253 |   Found 300/1024 bases...
2025-10-31 14:39:36,253 |   Found 300/1024 bases...
2025-10-31 14:39:36,253 |   Found 300/1024 bases...
2025-10-31 14:39:36,253 |   Found 300/1024 bases...
2025-10-31 14:39:36,253 |   Found 300/1024 bases...
2025-10-31 14:39:36,253 |   Found 300/1024 bases...
2025-10-31 14:39:36,253 |   Found 300/1024 bases...
2025-10-31 14:39:36,253 |   Found 300/1024 bases...
2025-10-31 14:39:36,253 |   Found 300/1024 bases...
2025-10-31 14:39:36,253 |   Found 300/1024 bases...
2025-10-31 14:39:36,253 |   Found 300/1024 bases...
2025-10-31 14:39:36,253 |   Found 300/1024 bases...
2025-10-31 14:39:36,253 |   Found 300/1024 bases...
2025-10-31 14:39:36,253 |   Found 300/1024 bases...
2025-10-31 14:39:36,253 |   Found 300/1024 bases...
2025-10-31 14:39:36,253 |   Found 300/1024 bases...
2025-10-31 14:39:36,253 |   Found 300/1024 bases...
2025-10-31 14:39:36,253 |   Found 300/1024 bases...
2025-10-31 14:39:36,253 |   Found 300/1024 bases...
2025-10-31 14:39:36,253 |   Found 300/1024 bases...
2025-10-31 14:39:36,253 |   Found 300/1024 bases...
2025-10-31 14:39:36,253 |   Found 300/1024 bases...
2025-10-31 14:39:36,256 |   Found 350/1024 bases...
2025-10-31 14:39:36,256 |   Found 350/1024 bases...
2025-10-31 14:39:36,256 |   Found 350/1024 bases...
2025-10-31 14:39:36,256 |   Found 350/1024 bases...
2025-10-31 14:39:36,256 |   Found 350/1024 bases...
2025-10-31 14:39:36,256 |   Found 350/1024 bases...
2025-10-31 14:39:36,256 |   Found 350/1024 bases...
2025-10-31 14:39:36,256 |   Found 350/1024 bases...
2025-10-31 14:39:36,256 |   Found 350/1024 bases...
2025-10-31 14:39:36,256 |   Found 350/1024 bases...
2025-10-31 14:39:36,256 |   Found 350/1024 bases...
2025-10-31 14:39:36,256 |   Found 350/1024 bases...
2025-10-31 14:39:36,256 |   Found 350/1024 bases...
2025-10-31 14:39:36,256 |   Found 350/1024 bases...
2025-10-31 14:39:36,256 |   Found 350/1024 bases...
2025-10-31 14:39:36,256 |   Found 350/1024 bases...
2025-10-31 14:39:36,257 |   Found 350/1024 bases...
2025-10-31 14:39:36,257 |   Found 350/1024 bases...
2025-10-31 14:39:36,260 |   Found 400/1024 bases...
2025-10-31 14:39:36,260 |   Found 400/1024 bases...
2025-10-31 14:39:36,260 |   Found 400/1024 bases...
2025-10-31 14:39:36,260 |   Found 400/1024 bases...
2025-10-31 14:39:36,260 |   Found 400/1024 bases...
2025-10-31 14:39:36,260 |   Found 400/1024 bases...
2025-10-31 14:39:36,260 |   Found 400/1024 bases...
2025-10-31 14:39:36,260 |   Found 400/1024 bases...
2025-10-31 14:39:36,260 |   Found 400/1024 bases...
2025-10-31 14:39:36,260 |   Found 400/1024 bases...
2025-10-31 14:39:36,260 |   Found 400/1024 bases...
2025-10-31 14:39:36,260 |   Found 400/1024 bases...
2025-10-31 14:39:36,260 |   Found 400/1024 bases...
2025-10-31 14:39:36,260 |   Found 400/1024 bases...
2025-10-31 14:39:36,260 |   Found 400/1024 bases...
2025-10-31 14:39:36,260 |   Found 400/1024 bases...
2025-10-31 14:39:36,260 |   Found 400/1024 bases...
2025-10-31 14:39:36,260 |   Found 400/1024 bases...
2025-10-31 14:39:36,260 |   Found 400/1024 bases...
2025-10-31 14:39:36,260 |   Found 400/1024 bases...
2025-10-31 14:39:36,260 |   Found 400/1024 bases...
2025-10-31 14:39:36,260 |   Found 400/1024 bases...
2025-10-31 14:39:36,260 |   Found 400/1024 bases...
2025-10-31 14:39:36,260 |   Found 400/1024 bases...
2025-10-31 14:39:36,263 |   Found 450/1024 bases...
2025-10-31 14:39:36,263 |   Found 450/1024 bases...
2025-10-31 14:39:36,263 |   Found 450/1024 bases...
2025-10-31 14:39:36,263 |   Found 450/1024 bases...
2025-10-31 14:39:36,263 |   Found 450/1024 bases...
2025-10-31 14:39:36,263 |   Found 450/1024 bases...
2025-10-31 14:39:36,263 |   Found 450/1024 bases...
2025-10-31 14:39:36,263 |   Found 450/1024 bases...
2025-10-31 14:39:36,263 |   Found 450/1024 bases...
2025-10-31 14:39:36,263 |   Found 450/1024 bases...
2025-10-31 14:39:36,263 |   Found 450/1024 bases...
2025-10-31 14:39:36,263 |   Found 450/1024 bases...
2025-10-31 14:39:36,263 |   Found 450/1024 bases...
2025-10-31 14:39:36,263 |   Found 450/1024 bases...
2025-10-31 14:39:36,263 |   Found 450/1024 bases...
2025-10-31 14:39:36,263 |   Found 450/1024 bases...
2025-10-31 14:39:36,263 |   Found 450/1024 bases...
2025-10-31 14:39:36,263 |   Found 450/1024 bases...
2025-10-31 14:39:36,263 |   Found 450/1024 bases...
2025-10-31 14:39:36,263 |   Found 450/1024 bases...
2025-10-31 14:39:36,263 |   Found 450/1024 bases...
2025-10-31 14:39:36,263 |   Found 450/1024 bases...
2025-10-31 14:39:36,263 |   Found 450/1024 bases...
2025-10-31 14:39:36,263 |   Found 450/1024 bases...
2025-10-31 14:39:36,263 |   Found 450/1024 bases...
2025-10-31 14:39:36,263 |   Found 450/1024 bases...
2025-10-31 14:39:36,263 |   Found 450/1024 bases...
2025-10-31 14:39:36,263 |   Found 450/1024 bases...
2025-10-31 14:39:36,263 |   Found 450/1024 bases...
2025-10-31 14:39:36,263 |   Found 450/1024 bases...
2025-10-31 14:39:36,263 |   Found 450/1024 bases...
2025-10-31 14:39:36,263 |   Found 450/1024 bases...
2025-10-31 14:39:36,265 |   Found 500/1024 bases...
2025-10-31 14:39:36,265 |   Found 500/1024 bases...
2025-10-31 14:39:36,268 |   Found 550/1024 bases...
2025-10-31 14:39:36,268 |   Found 550/1024 bases...
2025-10-31 14:39:36,268 |   Found 550/1024 bases...
2025-10-31 14:39:36,268 |   Found 550/1024 bases...
2025-10-31 14:39:36,268 |   Found 550/1024 bases...
2025-10-31 14:39:36,268 |   Found 550/1024 bases...
2025-10-31 14:39:36,268 |   Found 550/1024 bases...
2025-10-31 14:39:36,268 |   Found 550/1024 bases...
2025-10-31 14:39:36,268 |   Found 550/1024 bases...
2025-10-31 14:39:36,268 |   Found 550/1024 bases...
2025-10-31 14:39:36,268 |   Found 550/1024 bases...
2025-10-31 14:39:36,268 |   Found 550/1024 bases...
2025-10-31 14:39:36,268 |   Found 550/1024 bases...
2025-10-31 14:39:36,268 |   Found 550/1024 bases...
2025-10-31 14:39:36,268 |   Found 550/1024 bases...
2025-10-31 14:39:36,268 |   Found 550/1024 bases...
2025-10-31 14:39:36,268 |   Found 550/1024 bases...
2025-10-31 14:39:36,268 |   Found 550/1024 bases...
2025-10-31 14:39:36,268 |   Found 550/1024 bases...
2025-10-31 14:39:36,268 |   Found 550/1024 bases...
2025-10-31 14:39:36,269 |   Found 550/1024 bases...
2025-10-31 14:39:36,269 |   Found 550/1024 bases...
2025-10-31 14:39:36,269 |   Found 550/1024 bases...
2025-10-31 14:39:36,269 |   Found 550/1024 bases...
2025-10-31 14:39:36,269 |   Found 550/1024 bases...
2025-10-31 14:39:36,271 |   Found 600/1024 bases...
2025-10-31 14:39:36,271 |   Found 600/1024 bases...
2025-10-31 14:39:36,271 |   Found 600/1024 bases...
2025-10-31 14:39:36,271 |   Found 600/1024 bases...
2025-10-31 14:39:36,271 |   Found 600/1024 bases...
2025-10-31 14:39:36,271 |   Found 600/1024 bases...
2025-10-31 14:39:36,271 |   Found 600/1024 bases...
2025-10-31 14:39:36,271 |   Found 600/1024 bases...
2025-10-31 14:39:36,271 |   Found 600/1024 bases...
2025-10-31 14:39:36,271 |   Found 600/1024 bases...
2025-10-31 14:39:36,271 |   Found 600/1024 bases...
2025-10-31 14:39:36,271 |   Found 600/1024 bases...
2025-10-31 14:39:36,271 |   Found 600/1024 bases...
2025-10-31 14:39:36,271 |   Found 600/1024 bases...
2025-10-31 14:39:36,271 |   Found 600/1024 bases...
2025-10-31 14:39:36,271 |   Found 600/1024 bases...
2025-10-31 14:39:36,271 |   Found 600/1024 bases...
2025-10-31 14:39:36,274 |   Found 650/1024 bases...
2025-10-31 14:39:36,274 |   Found 650/1024 bases...
2025-10-31 14:39:36,274 |   Found 650/1024 bases...
2025-10-31 14:39:36,274 |   Found 650/1024 bases...
2025-10-31 14:39:36,277 |   Found 700/1024 bases...
2025-10-31 14:39:36,277 |   Found 700/1024 bases...
2025-10-31 14:39:36,277 |   Found 700/1024 bases...
2025-10-31 14:39:36,277 |   Found 700/1024 bases...
2025-10-31 14:39:36,280 |   Found 750/1024 bases...
2025-10-31 14:39:36,280 |   Found 750/1024 bases...
2025-10-31 14:39:36,280 |   Found 750/1024 bases...
2025-10-31 14:39:36,280 |   Found 750/1024 bases...
2025-10-31 14:39:36,280 |   Found 750/1024 bases...
2025-10-31 14:39:36,280 |   Found 750/1024 bases...
2025-10-31 14:39:36,280 |   Found 750/1024 bases...
2025-10-31 14:39:36,280 |   Found 750/1024 bases...
2025-10-31 14:39:36,280 |   Found 750/1024 bases...
2025-10-31 14:39:36,280 |   Found 750/1024 bases...
2025-10-31 14:39:36,280 |   Found 750/1024 bases...
2025-10-31 14:39:36,280 |   Found 750/1024 bases...
2025-10-31 14:39:36,280 |   Found 750/1024 bases...
2025-10-31 14:39:36,280 |   Found 750/1024 bases...
2025-10-31 14:39:36,280 |   Found 750/1024 bases...
2025-10-31 14:39:36,280 |   Found 750/1024 bases...
2025-10-31 14:39:36,280 |   Found 750/1024 bases...
2025-10-31 14:39:36,280 |   Found 750/1024 bases...
2025-10-31 14:39:36,280 |   Found 750/1024 bases...
2025-10-31 14:39:36,280 |   Found 750/1024 bases...
2025-10-31 14:39:36,280 |   Found 750/1024 bases...
2025-10-31 14:39:36,280 |   Found 750/1024 bases...
2025-10-31 14:39:36,280 |   Found 750/1024 bases...
2025-10-31 14:39:36,280 |   Found 750/1024 bases...
2025-10-31 14:39:36,280 |   Found 750/1024 bases...
2025-10-31 14:39:36,280 |   Found 750/1024 bases...
2025-10-31 14:39:36,280 |   Found 750/1024 bases...
2025-10-31 14:39:36,280 |   Found 750/1024 bases...
2025-10-31 14:39:36,280 |   Found 750/1024 bases...
2025-10-31 14:39:36,280 |   Found 750/1024 bases...
2025-10-31 14:39:36,280 |   Found 750/1024 bases...
2025-10-31 14:39:36,280 |   Found 750/1024 bases...
2025-10-31 14:39:36,280 |   Found 750/1024 bases...
2025-10-31 14:39:36,280 |   Found 750/1024 bases...
2025-10-31 14:39:36,280 |   Found 750/1024 bases...
2025-10-31 14:39:36,280 |   Found 750/1024 bases...
2025-10-31 14:39:36,280 |   Found 750/1024 bases...
2025-10-31 14:39:36,280 |   Found 750/1024 bases...
2025-10-31 14:39:36,280 |   Found 750/1024 bases...
2025-10-31 14:39:36,280 |   Found 750/1024 bases...
2025-10-31 14:39:36,280 |   Found 750/1024 bases...
2025-10-31 14:39:36,280 |   Found 750/1024 bases...
2025-10-31 14:39:36,280 |   Found 750/1024 bases...
2025-10-31 14:39:36,280 |   Found 750/1024 bases...
2025-10-31 14:39:36,280 |   Found 750/1024 bases...
2025-10-31 14:39:36,280 |   Found 750/1024 bases...
2025-10-31 14:39:36,283 |   Found 800/1024 bases...
2025-10-31 14:39:36,283 |   Found 800/1024 bases...
2025-10-31 14:39:36,283 |   Found 800/1024 bases...
2025-10-31 14:39:36,283 |   Found 800/1024 bases...
2025-10-31 14:39:36,283 |   Found 800/1024 bases...
2025-10-31 14:39:36,283 |   Found 800/1024 bases...
2025-10-31 14:39:36,283 |   Found 800/1024 bases...
2025-10-31 14:39:36,283 |   Found 800/1024 bases...
2025-10-31 14:39:36,283 |   Found 800/1024 bases...
2025-10-31 14:39:36,283 |   Found 800/1024 bases...
2025-10-31 14:39:36,283 |   Found 800/1024 bases...
2025-10-31 14:39:36,283 |   Found 800/1024 bases...
2025-10-31 14:39:36,283 |   Found 800/1024 bases...
2025-10-31 14:39:36,283 |   Found 800/1024 bases...
2025-10-31 14:39:36,283 |   Found 800/1024 bases...
2025-10-31 14:39:36,283 |   Found 800/1024 bases...
2025-10-31 14:39:36,283 |   Found 800/1024 bases...
2025-10-31 14:39:36,283 |   Found 800/1024 bases...
2025-10-31 14:39:36,283 |   Found 800/1024 bases...
2025-10-31 14:39:36,283 |   Found 800/1024 bases...
2025-10-31 14:39:36,283 |   Found 800/1024 bases...
2025-10-31 14:39:36,283 |   Found 800/1024 bases...
2025-10-31 14:39:36,283 |   Found 800/1024 bases...
2025-10-31 14:39:36,283 |   Found 800/1024 bases...
2025-10-31 14:39:36,283 |   Found 800/1024 bases...
2025-10-31 14:39:36,283 |   Found 800/1024 bases...
2025-10-31 14:39:36,283 |   Found 800/1024 bases...
2025-10-31 14:39:36,283 |   Found 800/1024 bases...
2025-10-31 14:39:36,283 |   Found 800/1024 bases...
2025-10-31 14:39:36,283 |   Found 800/1024 bases...
2025-10-31 14:39:36,283 |   Found 800/1024 bases...
2025-10-31 14:39:36,283 |   Found 800/1024 bases...
2025-10-31 14:39:36,283 |   Found 800/1024 bases...
2025-10-31 14:39:36,283 |   Found 800/1024 bases...
2025-10-31 14:39:36,283 |   Found 800/1024 bases...
2025-10-31 14:39:36,283 |   Found 800/1024 bases...
2025-10-31 14:39:36,283 |   Found 800/1024 bases...
2025-10-31 14:39:36,283 |   Found 800/1024 bases...
2025-10-31 14:39:36,283 |   Found 800/1024 bases...
2025-10-31 14:39:36,283 |   Found 800/1024 bases...
2025-10-31 14:39:36,283 |   Found 800/1024 bases...
2025-10-31 14:39:36,283 |   Found 800/1024 bases...
2025-10-31 14:39:36,283 |   Found 800/1024 bases...
2025-10-31 14:39:36,287 |   Found 850/1024 bases...
2025-10-31 14:39:36,287 |   Found 850/1024 bases...
2025-10-31 14:39:36,287 |   Found 850/1024 bases...
2025-10-31 14:39:36,287 |   Found 850/1024 bases...
2025-10-31 14:39:36,287 |   Found 850/1024 bases...
2025-10-31 14:39:36,287 |   Found 850/1024 bases...
2025-10-31 14:39:36,287 |   Found 850/1024 bases...
2025-10-31 14:39:36,287 |   Found 850/1024 bases...
2025-10-31 14:39:36,287 |   Found 850/1024 bases...
2025-10-31 14:39:36,287 |   Found 850/1024 bases...
2025-10-31 14:39:36,287 |   Found 850/1024 bases...
2025-10-31 14:39:36,287 |   Found 850/1024 bases...
2025-10-31 14:39:36,287 |   Found 850/1024 bases...
2025-10-31 14:39:36,287 |   Found 850/1024 bases...
2025-10-31 14:39:36,287 |   Found 850/1024 bases...
2025-10-31 14:39:36,287 |   Found 850/1024 bases...
2025-10-31 14:39:36,287 |   Found 850/1024 bases...
2025-10-31 14:39:36,287 |   Found 850/1024 bases...
2025-10-31 14:39:36,287 |   Found 850/1024 bases...
2025-10-31 14:39:36,287 |   Found 850/1024 bases...
2025-10-31 14:39:36,287 |   Found 850/1024 bases...
2025-10-31 14:39:36,287 |   Found 850/1024 bases...
2025-10-31 14:39:36,287 |   Found 850/1024 bases...
2025-10-31 14:39:36,287 |   Found 850/1024 bases...
2025-10-31 14:39:36,287 |   Found 850/1024 bases...
2025-10-31 14:39:36,287 |   Found 850/1024 bases...
2025-10-31 14:39:36,287 |   Found 850/1024 bases...
2025-10-31 14:39:36,287 |   Found 850/1024 bases...
2025-10-31 14:39:36,287 |   Found 850/1024 bases...
2025-10-31 14:39:36,287 |   Found 850/1024 bases...
2025-10-31 14:39:36,287 |   Found 850/1024 bases...
2025-10-31 14:39:36,287 |   Found 850/1024 bases...
2025-10-31 14:39:36,287 |   Found 850/1024 bases...
2025-10-31 14:39:36,287 |   Found 850/1024 bases...
2025-10-31 14:39:36,287 |   Found 850/1024 bases...
2025-10-31 14:39:36,287 |   Found 850/1024 bases...
2025-10-31 14:39:36,287 |   Found 850/1024 bases...
2025-10-31 14:39:36,287 |   Found 850/1024 bases...
2025-10-31 14:39:36,287 |   Found 850/1024 bases...
2025-10-31 14:39:36,287 |   Found 850/1024 bases...
2025-10-31 14:39:36,287 |   Found 850/1024 bases...
2025-10-31 14:39:36,287 |   Found 850/1024 bases...
2025-10-31 14:39:36,287 |   Found 850/1024 bases...
2025-10-31 14:39:36,287 |   Found 850/1024 bases...
2025-10-31 14:39:36,287 |   Found 850/1024 bases...
2025-10-31 14:39:36,287 |   Found 850/1024 bases...
2025-10-31 14:39:36,287 |   Found 850/1024 bases...
2025-10-31 14:39:36,287 |   Found 850/1024 bases...
2025-10-31 14:39:36,287 |   Found 850/1024 bases...
2025-10-31 14:39:36,287 |   Found 850/1024 bases...
2025-10-31 14:39:36,287 |   Found 850/1024 bases...
2025-10-31 14:39:36,287 |   Found 850/1024 bases...
2025-10-31 14:39:36,287 |   Found 850/1024 bases...
2025-10-31 14:39:36,287 |   Found 850/1024 bases...
2025-10-31 14:39:36,287 |   Found 850/1024 bases...
2025-10-31 14:39:36,287 |   Found 850/1024 bases...
2025-10-31 14:39:36,287 |   Found 850/1024 bases...
2025-10-31 14:39:36,287 |   Found 850/1024 bases...
2025-10-31 14:39:36,287 |   Found 850/1024 bases...
2025-10-31 14:39:36,287 |   Found 850/1024 bases...
2025-10-31 14:39:36,287 |   Found 850/1024 bases...
2025-10-31 14:39:36,287 |   Found 850/1024 bases...
2025-10-31 14:39:36,287 |   Found 850/1024 bases...
2025-10-31 14:39:36,287 |   Found 850/1024 bases...
2025-10-31 14:39:36,287 |   Found 850/1024 bases...
2025-10-31 14:39:36,287 |   Found 850/1024 bases...
2025-10-31 14:39:36,291 |   Found 900/1024 bases...
2025-10-31 14:39:36,291 |   Found 900/1024 bases...
2025-10-31 14:39:36,291 |   Found 900/1024 bases...
2025-10-31 14:39:36,291 |   Found 900/1024 bases...
2025-10-31 14:39:36,291 |   Found 900/1024 bases...
2025-10-31 14:39:36,291 |   Found 900/1024 bases...
2025-10-31 14:39:36,291 |   Found 900/1024 bases...
2025-10-31 14:39:36,291 |   Found 900/1024 bases...
2025-10-31 14:39:36,291 |   Found 900/1024 bases...
2025-10-31 14:39:36,291 |   Found 900/1024 bases...
2025-10-31 14:39:36,291 |   Found 900/1024 bases...
2025-10-31 14:39:36,291 |   Found 900/1024 bases...
2025-10-31 14:39:36,291 |   Found 900/1024 bases...
2025-10-31 14:39:36,291 |   Found 900/1024 bases...
2025-10-31 14:39:36,291 |   Found 900/1024 bases...
2025-10-31 14:39:36,291 |   Found 900/1024 bases...
2025-10-31 14:39:36,291 |   Found 900/1024 bases...
2025-10-31 14:39:36,291 |   Found 900/1024 bases...
2025-10-31 14:39:36,291 |   Found 900/1024 bases...
2025-10-31 14:39:36,291 |   Found 900/1024 bases...
2025-10-31 14:39:36,291 |   Found 900/1024 bases...
2025-10-31 14:39:36,291 |   Found 900/1024 bases...
2025-10-31 14:39:36,291 |   Found 900/1024 bases...
2025-10-31 14:39:36,291 |   Found 900/1024 bases...
2025-10-31 14:39:36,291 |   Found 900/1024 bases...
2025-10-31 14:39:36,291 |   Found 900/1024 bases...
2025-10-31 14:39:36,291 |   Found 900/1024 bases...
2025-10-31 14:39:36,291 |   Found 900/1024 bases...
2025-10-31 14:39:36,291 |   Found 900/1024 bases...
2025-10-31 14:39:36,291 |   Found 900/1024 bases...
2025-10-31 14:39:36,291 |   Found 900/1024 bases...
2025-10-31 14:39:36,291 |   Found 900/1024 bases...
2025-10-31 14:39:36,291 |   Found 900/1024 bases...
2025-10-31 14:39:36,291 |   Found 900/1024 bases...
2025-10-31 14:39:36,291 |   Found 900/1024 bases...
2025-10-31 14:39:36,291 |   Found 900/1024 bases...
2025-10-31 14:39:36,294 |   Found 950/1024 bases...
2025-10-31 14:39:36,294 |   Found 950/1024 bases...
2025-10-31 14:39:36,294 |   Found 950/1024 bases...
2025-10-31 14:39:36,294 |   Found 950/1024 bases...
2025-10-31 14:39:36,294 |   Found 950/1024 bases...
2025-10-31 14:39:36,294 |   Found 950/1024 bases...
2025-10-31 14:39:36,294 |   Found 950/1024 bases...
2025-10-31 14:39:36,294 |   Found 950/1024 bases...
2025-10-31 14:39:36,294 |   Found 950/1024 bases...
2025-10-31 14:39:36,294 |   Found 950/1024 bases...
2025-10-31 14:39:36,294 |   Found 950/1024 bases...
2025-10-31 14:39:36,294 |   Found 950/1024 bases...
2025-10-31 14:39:36,294 |   Found 950/1024 bases...
2025-10-31 14:39:36,294 |   Found 950/1024 bases...
2025-10-31 14:39:36,294 |   Found 950/1024 bases...
2025-10-31 14:39:36,294 |   Found 950/1024 bases...
2025-10-31 14:39:36,294 |   Found 950/1024 bases...
2025-10-31 14:39:36,294 |   Found 950/1024 bases...
2025-10-31 14:39:36,294 |   Found 950/1024 bases...
2025-10-31 14:39:36,294 |   Found 950/1024 bases...
2025-10-31 14:39:36,294 |   Found 950/1024 bases...
2025-10-31 14:39:36,294 |   Found 950/1024 bases...
2025-10-31 14:39:36,294 |   Found 950/1024 bases...
2025-10-31 14:39:36,294 |   Found 950/1024 bases...
2025-10-31 14:39:36,294 |   Found 950/1024 bases...
2025-10-31 14:39:36,294 |   Found 950/1024 bases...
2025-10-31 14:39:36,294 |   Found 950/1024 bases...
2025-10-31 14:39:36,294 |   Found 950/1024 bases...
2025-10-31 14:39:36,294 |   Found 950/1024 bases...
2025-10-31 14:39:36,294 |   Found 950/1024 bases...
2025-10-31 14:39:36,294 |   Found 950/1024 bases...
2025-10-31 14:39:36,297 |   Found 1000/1024 bases...
2025-10-31 14:39:36,297 |   Found 1000/1024 bases...
2025-10-31 14:39:36,297 |   Found 1000/1024 bases...
2025-10-31 14:39:36,297 |   Found 1000/1024 bases...
2025-10-31 14:39:36,297 |   Found 1000/1024 bases...
2025-10-31 14:39:36,297 |   Found 1000/1024 bases...
2025-10-31 14:39:36,297 |   Found 1000/1024 bases...
2025-10-31 14:39:36,297 |   Found 1000/1024 bases...
2025-10-31 14:39:36,297 |   Found 1000/1024 bases...
2025-10-31 14:39:36,297 |   Found 1000/1024 bases...
2025-10-31 14:39:36,297 |   Found 1000/1024 bases...
2025-10-31 14:39:36,297 |   Found 1000/1024 bases...
2025-10-31 14:39:36,297 |   Found 1000/1024 bases...
2025-10-31 14:39:36,297 |   Found 1000/1024 bases...
2025-10-31 14:39:36,297 |   Found 1000/1024 bases...
2025-10-31 14:39:36,297 |   Found 1000/1024 bases...
2025-10-31 14:39:36,298 |   Found 1024 bases
2025-10-31 14:39:36,298 | 
============================================================
2025-10-31 14:39:36,298 | Testing M = 128
2025-10-31 14:39:36,298 | ============================================================
2025-10-31 14:39:50,650 |   [5/90] Trial 5/30 | R̄=126.763159 (error: 93566.01%) | Elapsed: 0.2m | ETA: 3.3m
2025-10-31 14:40:04,862 |   [10/90] Trial 10/30 | R̄=103.616777 (error: 76463.02%) | Elapsed: 0.4m | ETA: 3.4m
