2025-10-31 15:18:42,868 | ======================================================================
2025-10-31 15:18:42,868 | T6-A1b: exp(-2) Convergence Validation (GPU)
2025-10-31 15:18:42,868 | ======================================================================
2025-10-31 15:18:42,868 | Log: ../../Data/Experiments/Tier6/T6A1b/T6A1b_gpu_20251031_151842.log
2025-10-31 15:18:42,868 | GPU: Compute Capability 121
2025-10-31 15:18:42,868 | Starting exp(-2) convergence validation...
2025-10-31 15:18:42,868 | 
2025-10-31 15:18:42,868 | OBJECTIVE: Validate R̄ → exp(-2) = 0.1353352832... as M → ∞
2025-10-31 15:18:42,868 | 
2025-10-31 15:18:42,868 | Configuration:
2025-10-31 15:18:42,868 |   N: 2003
2025-10-31 15:18:42,868 |   r_target: 182
2025-10-31 15:18:42,868 |   ρ: 0.0909
2025-10-31 15:18:42,868 |   M values: [128, 256, 512]
2025-10-31 15:18:42,868 |   L: 16384, trials: 30
2025-10-31 15:18:42,868 |   Noise σ: 0.0
2025-10-31 15:18:42,868 |   Target: exp(-2) = 0.1353352832
2025-10-31 15:18:42,868 | 
2025-10-31 15:18:42,868 | Finding 1024 bases with order 182...
2025-10-31 15:18:42,871 |   Found 50/1024 bases...
2025-10-31 15:18:42,871 |   Found 50/1024 bases...
2025-10-31 15:18:42,871 |   Found 50/1024 bases...
2025-10-31 15:18:42,871 |   Found 50/1024 bases...
2025-10-31 15:18:42,871 |   Found 50/1024 bases...
2025-10-31 15:18:42,871 |   Found 50/1024 bases...
2025-10-31 15:18:42,871 |   Found 50/1024 bases...
2025-10-31 15:18:42,871 |   Found 50/1024 bases...
2025-10-31 15:18:42,871 |   Found 50/1024 bases...
2025-10-31 15:18:42,871 |   Found 50/1024 bases...
2025-10-31 15:18:42,871 |   Found 50/1024 bases...
2025-10-31 15:18:42,871 |   Found 50/1024 bases...
2025-10-31 15:18:42,871 |   Found 50/1024 bases...
2025-10-31 15:18:42,871 |   Found 50/1024 bases...
2025-10-31 15:18:42,871 |   Found 50/1024 bases...
2025-10-31 15:18:42,871 |   Found 50/1024 bases...
2025-10-31 15:18:42,871 |   Found 50/1024 bases...
2025-10-31 15:18:42,871 |   Found 50/1024 bases...
2025-10-31 15:18:42,871 |   Found 50/1024 bases...
2025-10-31 15:18:42,871 |   Found 50/1024 bases...
2025-10-31 15:18:42,871 |   Found 50/1024 bases...
2025-10-31 15:18:42,871 |   Found 50/1024 bases...
2025-10-31 15:18:42,871 |   Found 50/1024 bases...
2025-10-31 15:18:42,871 |   Found 50/1024 bases...
2025-10-31 15:18:42,871 |   Found 50/1024 bases...
2025-10-31 15:18:42,871 |   Found 50/1024 bases...
2025-10-31 15:18:42,871 |   Found 50/1024 bases...
2025-10-31 15:18:42,871 |   Found 50/1024 bases...
2025-10-31 15:18:42,871 |   Found 50/1024 bases...
2025-10-31 15:18:42,871 |   Found 50/1024 bases...
2025-10-31 15:18:42,871 |   Found 50/1024 bases...
2025-10-31 15:18:42,871 |   Found 50/1024 bases...
2025-10-31 15:18:42,871 |   Found 50/1024 bases...
2025-10-31 15:18:42,871 |   Found 50/1024 bases...
2025-10-31 15:18:42,871 |   Found 50/1024 bases...
2025-10-31 15:18:42,874 |   Found 100/1024 bases...
2025-10-31 15:18:42,874 |   Found 100/1024 bases...
2025-10-31 15:18:42,874 |   Found 100/1024 bases...
2025-10-31 15:18:42,874 |   Found 100/1024 bases...
2025-10-31 15:18:42,874 |   Found 100/1024 bases...
2025-10-31 15:18:42,874 |   Found 100/1024 bases...
2025-10-31 15:18:42,874 |   Found 100/1024 bases...
2025-10-31 15:18:42,874 |   Found 100/1024 bases...
2025-10-31 15:18:42,874 |   Found 100/1024 bases...
2025-10-31 15:18:42,874 |   Found 100/1024 bases...
2025-10-31 15:18:42,874 |   Found 100/1024 bases...
2025-10-31 15:18:42,874 |   Found 100/1024 bases...
2025-10-31 15:18:42,874 |   Found 100/1024 bases...
2025-10-31 15:18:42,874 |   Found 100/1024 bases...
2025-10-31 15:18:42,874 |   Found 100/1024 bases...
2025-10-31 15:18:42,874 |   Found 100/1024 bases...
2025-10-31 15:18:42,874 |   Found 100/1024 bases...
2025-10-31 15:18:42,874 |   Found 100/1024 bases...
2025-10-31 15:18:42,874 |   Found 100/1024 bases...
2025-10-31 15:18:42,874 |   Found 100/1024 bases...
2025-10-31 15:18:42,874 |   Found 100/1024 bases...
2025-10-31 15:18:42,877 |   Found 150/1024 bases...
2025-10-31 15:18:42,877 |   Found 150/1024 bases...
2025-10-31 15:18:42,877 |   Found 150/1024 bases...
2025-10-31 15:18:42,877 |   Found 150/1024 bases...
2025-10-31 15:18:42,877 |   Found 150/1024 bases...
2025-10-31 15:18:42,877 |   Found 150/1024 bases...
2025-10-31 15:18:42,877 |   Found 150/1024 bases...
2025-10-31 15:18:42,877 |   Found 150/1024 bases...
2025-10-31 15:18:42,877 |   Found 150/1024 bases...
2025-10-31 15:18:42,877 |   Found 150/1024 bases...
2025-10-31 15:18:42,877 |   Found 150/1024 bases...
2025-10-31 15:18:42,877 |   Found 150/1024 bases...
2025-10-31 15:18:42,877 |   Found 150/1024 bases...
2025-10-31 15:18:42,877 |   Found 150/1024 bases...
2025-10-31 15:18:42,877 |   Found 150/1024 bases...
2025-10-31 15:18:42,877 |   Found 150/1024 bases...
2025-10-31 15:18:42,877 |   Found 150/1024 bases...
2025-10-31 15:18:42,877 |   Found 150/1024 bases...
2025-10-31 15:18:42,877 |   Found 150/1024 bases...
2025-10-31 15:18:42,877 |   Found 150/1024 bases...
2025-10-31 15:18:42,877 |   Found 150/1024 bases...
2025-10-31 15:18:42,878 |   Found 150/1024 bases...
2025-10-31 15:18:42,878 |   Found 150/1024 bases...
2025-10-31 15:18:42,878 |   Found 150/1024 bases...
2025-10-31 15:18:42,878 |   Found 150/1024 bases...
2025-10-31 15:18:42,878 |   Found 150/1024 bases...
2025-10-31 15:18:42,878 |   Found 150/1024 bases...
2025-10-31 15:18:42,878 |   Found 150/1024 bases...
2025-10-31 15:18:42,878 |   Found 150/1024 bases...
2025-10-31 15:18:42,878 |   Found 150/1024 bases...
2025-10-31 15:18:42,878 |   Found 150/1024 bases...
2025-10-31 15:18:42,881 |   Found 200/1024 bases...
2025-10-31 15:18:42,881 |   Found 200/1024 bases...
2025-10-31 15:18:42,881 |   Found 200/1024 bases...
2025-10-31 15:18:42,881 |   Found 200/1024 bases...
2025-10-31 15:18:42,881 |   Found 200/1024 bases...
2025-10-31 15:18:42,881 |   Found 200/1024 bases...
2025-10-31 15:18:42,881 |   Found 200/1024 bases...
2025-10-31 15:18:42,881 |   Found 200/1024 bases...
2025-10-31 15:18:42,881 |   Found 200/1024 bases...
2025-10-31 15:18:42,881 |   Found 200/1024 bases...
2025-10-31 15:18:42,881 |   Found 200/1024 bases...
2025-10-31 15:18:42,881 |   Found 200/1024 bases...
2025-10-31 15:18:42,881 |   Found 200/1024 bases...
2025-10-31 15:18:42,881 |   Found 200/1024 bases...
2025-10-31 15:18:42,881 |   Found 200/1024 bases...
2025-10-31 15:18:42,881 |   Found 200/1024 bases...
2025-10-31 15:18:42,881 |   Found 200/1024 bases...
2025-10-31 15:18:42,881 |   Found 200/1024 bases...
2025-10-31 15:18:42,881 |   Found 200/1024 bases...
2025-10-31 15:18:42,881 |   Found 200/1024 bases...
2025-10-31 15:18:42,881 |   Found 200/1024 bases...
2025-10-31 15:18:42,881 |   Found 200/1024 bases...
2025-10-31 15:18:42,885 |   Found 250/1024 bases...
2025-10-31 15:18:42,887 |   Found 300/1024 bases...
2025-10-31 15:18:42,887 |   Found 300/1024 bases...
2025-10-31 15:18:42,887 |   Found 300/1024 bases...
2025-10-31 15:18:42,887 |   Found 300/1024 bases...
2025-10-31 15:18:42,887 |   Found 300/1024 bases...
2025-10-31 15:18:42,887 |   Found 300/1024 bases...
2025-10-31 15:18:42,891 |   Found 350/1024 bases...
2025-10-31 15:18:42,891 |   Found 350/1024 bases...
2025-10-31 15:18:42,891 |   Found 350/1024 bases...
2025-10-31 15:18:42,891 |   Found 350/1024 bases...
2025-10-31 15:18:42,891 |   Found 350/1024 bases...
2025-10-31 15:18:42,891 |   Found 350/1024 bases...
2025-10-31 15:18:42,891 |   Found 350/1024 bases...
2025-10-31 15:18:42,891 |   Found 350/1024 bases...
2025-10-31 15:18:42,891 |   Found 350/1024 bases...
2025-10-31 15:18:42,891 |   Found 350/1024 bases...
2025-10-31 15:18:42,893 |   Found 400/1024 bases...
2025-10-31 15:18:42,896 |   Found 450/1024 bases...
2025-10-31 15:18:42,896 |   Found 450/1024 bases...
2025-10-31 15:18:42,896 |   Found 450/1024 bases...
2025-10-31 15:18:42,896 |   Found 450/1024 bases...
2025-10-31 15:18:42,896 |   Found 450/1024 bases...
2025-10-31 15:18:42,896 |   Found 450/1024 bases...
2025-10-31 15:18:42,896 |   Found 450/1024 bases...
2025-10-31 15:18:42,896 |   Found 450/1024 bases...
2025-10-31 15:18:42,896 |   Found 450/1024 bases...
2025-10-31 15:18:42,896 |   Found 450/1024 bases...
2025-10-31 15:18:42,896 |   Found 450/1024 bases...
2025-10-31 15:18:42,896 |   Found 450/1024 bases...
2025-10-31 15:18:42,896 |   Found 450/1024 bases...
2025-10-31 15:18:42,896 |   Found 450/1024 bases...
2025-10-31 15:18:42,896 |   Found 450/1024 bases...
2025-10-31 15:18:42,896 |   Found 450/1024 bases...
2025-10-31 15:18:42,896 |   Found 450/1024 bases...
2025-10-31 15:18:42,896 |   Found 450/1024 bases...
2025-10-31 15:18:42,896 |   Found 450/1024 bases...
2025-10-31 15:18:42,896 |   Found 450/1024 bases...
2025-10-31 15:18:42,896 |   Found 450/1024 bases...
2025-10-31 15:18:42,896 |   Found 450/1024 bases...
2025-10-31 15:18:42,896 |   Found 450/1024 bases...
2025-10-31 15:18:42,896 |   Found 450/1024 bases...
2025-10-31 15:18:42,896 |   Found 450/1024 bases...
2025-10-31 15:18:42,896 |   Found 450/1024 bases...
2025-10-31 15:18:42,896 |   Found 450/1024 bases...
2025-10-31 15:18:42,900 |   Found 500/1024 bases...
2025-10-31 15:18:42,900 |   Found 500/1024 bases...
2025-10-31 15:18:42,900 |   Found 500/1024 bases...
2025-10-31 15:18:42,900 |   Found 500/1024 bases...
2025-10-31 15:18:42,900 |   Found 500/1024 bases...
2025-10-31 15:18:42,900 |   Found 500/1024 bases...
2025-10-31 15:18:42,900 |   Found 500/1024 bases...
2025-10-31 15:18:42,900 |   Found 500/1024 bases...
2025-10-31 15:18:42,900 |   Found 500/1024 bases...
2025-10-31 15:18:42,900 |   Found 500/1024 bases...
2025-10-31 15:18:42,900 |   Found 500/1024 bases...
2025-10-31 15:18:42,900 |   Found 500/1024 bases...
2025-10-31 15:18:42,900 |   Found 500/1024 bases...
2025-10-31 15:18:42,900 |   Found 500/1024 bases...
2025-10-31 15:18:42,900 |   Found 500/1024 bases...
2025-10-31 15:18:42,900 |   Found 500/1024 bases...
2025-10-31 15:18:42,900 |   Found 500/1024 bases...
2025-10-31 15:18:42,900 |   Found 500/1024 bases...
2025-10-31 15:18:42,900 |   Found 500/1024 bases...
2025-10-31 15:18:42,900 |   Found 500/1024 bases...
2025-10-31 15:18:42,900 |   Found 500/1024 bases...
2025-10-31 15:18:42,900 |   Found 500/1024 bases...
2025-10-31 15:18:42,900 |   Found 500/1024 bases...
2025-10-31 15:18:42,900 |   Found 500/1024 bases...
2025-10-31 15:18:42,900 |   Found 500/1024 bases...
2025-10-31 15:18:42,900 |   Found 500/1024 bases...
2025-10-31 15:18:42,900 |   Found 500/1024 bases...
2025-10-31 15:18:42,900 |   Found 500/1024 bases...
2025-10-31 15:18:42,900 |   Found 500/1024 bases...
2025-10-31 15:18:42,900 |   Found 500/1024 bases...
2025-10-31 15:18:42,900 |   Found 500/1024 bases...
2025-10-31 15:18:42,900 |   Found 500/1024 bases...
2025-10-31 15:18:42,900 |   Found 500/1024 bases...
2025-10-31 15:18:42,900 |   Found 500/1024 bases...
2025-10-31 15:18:42,900 |   Found 500/1024 bases...
2025-10-31 15:18:42,900 |   Found 500/1024 bases...
2025-10-31 15:18:42,900 |   Found 500/1024 bases...
2025-10-31 15:18:42,903 |   Found 550/1024 bases...
2025-10-31 15:18:42,903 |   Found 550/1024 bases...
2025-10-31 15:18:42,903 |   Found 550/1024 bases...
2025-10-31 15:18:42,903 |   Found 550/1024 bases...
2025-10-31 15:18:42,903 |   Found 550/1024 bases...
2025-10-31 15:18:42,903 |   Found 550/1024 bases...
2025-10-31 15:18:42,903 |   Found 550/1024 bases...
2025-10-31 15:18:42,903 |   Found 550/1024 bases...
2025-10-31 15:18:42,906 |   Found 600/1024 bases...
2025-10-31 15:18:42,906 |   Found 600/1024 bases...
2025-10-31 15:18:42,906 |   Found 600/1024 bases...
2025-10-31 15:18:42,906 |   Found 600/1024 bases...
2025-10-31 15:18:42,906 |   Found 600/1024 bases...
2025-10-31 15:18:42,906 |   Found 600/1024 bases...
2025-10-31 15:18:42,906 |   Found 600/1024 bases...
2025-10-31 15:18:42,906 |   Found 600/1024 bases...
2025-10-31 15:18:42,906 |   Found 600/1024 bases...
2025-10-31 15:18:42,906 |   Found 600/1024 bases...
2025-10-31 15:18:42,906 |   Found 600/1024 bases...
2025-10-31 15:18:42,906 |   Found 600/1024 bases...
2025-10-31 15:18:42,906 |   Found 600/1024 bases...
2025-10-31 15:18:42,906 |   Found 600/1024 bases...
2025-10-31 15:18:42,906 |   Found 600/1024 bases...
2025-10-31 15:18:42,906 |   Found 600/1024 bases...
2025-10-31 15:18:42,906 |   Found 600/1024 bases...
2025-10-31 15:18:42,906 |   Found 600/1024 bases...
2025-10-31 15:18:42,906 |   Found 600/1024 bases...
2025-10-31 15:18:42,910 |   Found 650/1024 bases...
2025-10-31 15:18:42,910 |   Found 650/1024 bases...
2025-10-31 15:18:42,910 |   Found 650/1024 bases...
2025-10-31 15:18:42,912 |   Found 700/1024 bases...
2025-10-31 15:18:42,912 |   Found 700/1024 bases...
2025-10-31 15:18:42,912 |   Found 700/1024 bases...
2025-10-31 15:18:42,912 |   Found 700/1024 bases...
2025-10-31 15:18:42,912 |   Found 700/1024 bases...
2025-10-31 15:18:42,912 |   Found 700/1024 bases...
2025-10-31 15:18:42,912 |   Found 700/1024 bases...
2025-10-31 15:18:42,912 |   Found 700/1024 bases...
2025-10-31 15:18:42,912 |   Found 700/1024 bases...
2025-10-31 15:18:42,912 |   Found 700/1024 bases...
2025-10-31 15:18:42,912 |   Found 700/1024 bases...
2025-10-31 15:18:42,912 |   Found 700/1024 bases...
2025-10-31 15:18:42,912 |   Found 700/1024 bases...
2025-10-31 15:18:42,912 |   Found 700/1024 bases...
2025-10-31 15:18:42,912 |   Found 700/1024 bases...
2025-10-31 15:18:42,912 |   Found 700/1024 bases...
2025-10-31 15:18:42,912 |   Found 700/1024 bases...
2025-10-31 15:18:42,912 |   Found 700/1024 bases...
2025-10-31 15:18:42,912 |   Found 700/1024 bases...
2025-10-31 15:18:42,912 |   Found 700/1024 bases...
2025-10-31 15:18:42,912 |   Found 700/1024 bases...
2025-10-31 15:18:42,912 |   Found 700/1024 bases...
2025-10-31 15:18:42,912 |   Found 700/1024 bases...
2025-10-31 15:18:42,912 |   Found 700/1024 bases...
2025-10-31 15:18:42,912 |   Found 700/1024 bases...
2025-10-31 15:18:42,912 |   Found 700/1024 bases...
2025-10-31 15:18:42,912 |   Found 700/1024 bases...
2025-10-31 15:18:42,912 |   Found 700/1024 bases...
2025-10-31 15:18:42,912 |   Found 700/1024 bases...
2025-10-31 15:18:42,912 |   Found 700/1024 bases...
2025-10-31 15:18:42,912 |   Found 700/1024 bases...
2025-10-31 15:18:42,912 |   Found 700/1024 bases...
2025-10-31 15:18:42,912 |   Found 700/1024 bases...
2025-10-31 15:18:42,912 |   Found 700/1024 bases...
2025-10-31 15:18:42,912 |   Found 700/1024 bases...
2025-10-31 15:18:42,912 |   Found 700/1024 bases...
2025-10-31 15:18:42,912 |   Found 700/1024 bases...
2025-10-31 15:18:42,912 |   Found 700/1024 bases...
2025-10-31 15:18:42,912 |   Found 700/1024 bases...
2025-10-31 15:18:42,912 |   Found 700/1024 bases...
2025-10-31 15:18:42,913 |   Found 700/1024 bases...
2025-10-31 15:18:42,913 |   Found 700/1024 bases...
2025-10-31 15:18:42,913 |   Found 700/1024 bases...
2025-10-31 15:18:42,913 |   Found 700/1024 bases...
2025-10-31 15:18:42,913 |   Found 700/1024 bases...
2025-10-31 15:18:42,913 |   Found 700/1024 bases...
2025-10-31 15:18:42,913 |   Found 700/1024 bases...
2025-10-31 15:18:42,913 |   Found 700/1024 bases...
2025-10-31 15:18:42,913 |   Found 700/1024 bases...
2025-10-31 15:18:42,913 |   Found 700/1024 bases...
2025-10-31 15:18:42,913 |   Found 700/1024 bases...
2025-10-31 15:18:42,913 |   Found 700/1024 bases...
2025-10-31 15:18:42,913 |   Found 700/1024 bases...
2025-10-31 15:18:42,913 |   Found 700/1024 bases...
2025-10-31 15:18:42,913 |   Found 700/1024 bases...
2025-10-31 15:18:42,913 |   Found 700/1024 bases...
2025-10-31 15:18:42,913 |   Found 700/1024 bases...
2025-10-31 15:18:42,913 |   Found 700/1024 bases...
2025-10-31 15:18:42,913 |   Found 700/1024 bases...
2025-10-31 15:18:42,913 |   Found 700/1024 bases...
2025-10-31 15:18:42,913 |   Found 700/1024 bases...
2025-10-31 15:18:42,913 |   Found 700/1024 bases...
2025-10-31 15:18:42,913 |   Found 700/1024 bases...
2025-10-31 15:18:42,913 |   Found 700/1024 bases...
2025-10-31 15:18:42,913 |   Found 700/1024 bases...
2025-10-31 15:18:42,913 |   Found 700/1024 bases...
2025-10-31 15:18:42,913 |   Found 700/1024 bases...
2025-10-31 15:18:42,913 |   Found 700/1024 bases...
2025-10-31 15:18:42,913 |   Found 700/1024 bases...
2025-10-31 15:18:42,913 |   Found 700/1024 bases...
2025-10-31 15:18:42,913 |   Found 700/1024 bases...
2025-10-31 15:18:42,913 |   Found 700/1024 bases...
2025-10-31 15:18:42,913 |   Found 700/1024 bases...
2025-10-31 15:18:42,913 |   Found 700/1024 bases...
2025-10-31 15:18:42,913 |   Found 700/1024 bases...
2025-10-31 15:18:42,913 |   Found 700/1024 bases...
2025-10-31 15:18:42,916 |   Found 750/1024 bases...
2025-10-31 15:18:42,916 |   Found 750/1024 bases...
2025-10-31 15:18:42,916 |   Found 750/1024 bases...
2025-10-31 15:18:42,916 |   Found 750/1024 bases...
2025-10-31 15:18:42,916 |   Found 750/1024 bases...
2025-10-31 15:18:42,916 |   Found 750/1024 bases...
2025-10-31 15:18:42,916 |   Found 750/1024 bases...
2025-10-31 15:18:42,916 |   Found 750/1024 bases...
2025-10-31 15:18:42,916 |   Found 750/1024 bases...
2025-10-31 15:18:42,916 |   Found 750/1024 bases...
2025-10-31 15:18:42,916 |   Found 750/1024 bases...
2025-10-31 15:18:42,916 |   Found 750/1024 bases...
2025-10-31 15:18:42,916 |   Found 750/1024 bases...
2025-10-31 15:18:42,916 |   Found 750/1024 bases...
2025-10-31 15:18:42,916 |   Found 750/1024 bases...
2025-10-31 15:18:42,916 |   Found 750/1024 bases...
2025-10-31 15:18:42,916 |   Found 750/1024 bases...
2025-10-31 15:18:42,916 |   Found 750/1024 bases...
2025-10-31 15:18:42,916 |   Found 750/1024 bases...
2025-10-31 15:18:42,916 |   Found 750/1024 bases...
2025-10-31 15:18:42,916 |   Found 750/1024 bases...
2025-10-31 15:18:42,916 |   Found 750/1024 bases...
2025-10-31 15:18:42,916 |   Found 750/1024 bases...
2025-10-31 15:18:42,916 |   Found 750/1024 bases...
2025-10-31 15:18:42,916 |   Found 750/1024 bases...
2025-10-31 15:18:42,916 |   Found 750/1024 bases...
2025-10-31 15:18:42,916 |   Found 750/1024 bases...
2025-10-31 15:18:42,916 |   Found 750/1024 bases...
2025-10-31 15:18:42,916 |   Found 750/1024 bases...
2025-10-31 15:18:42,916 |   Found 750/1024 bases...
2025-10-31 15:18:42,916 |   Found 750/1024 bases...
2025-10-31 15:18:42,916 |   Found 750/1024 bases...
2025-10-31 15:18:42,916 |   Found 750/1024 bases...
2025-10-31 15:18:42,916 |   Found 750/1024 bases...
2025-10-31 15:18:42,916 |   Found 750/1024 bases...
2025-10-31 15:18:42,916 |   Found 750/1024 bases...
2025-10-31 15:18:42,916 |   Found 750/1024 bases...
2025-10-31 15:18:42,916 |   Found 750/1024 bases...
2025-10-31 15:18:42,916 |   Found 750/1024 bases...
2025-10-31 15:18:42,916 |   Found 750/1024 bases...
2025-10-31 15:18:42,916 |   Found 750/1024 bases...
2025-10-31 15:18:42,916 |   Found 750/1024 bases...
2025-10-31 15:18:42,916 |   Found 750/1024 bases...
2025-10-31 15:18:42,916 |   Found 750/1024 bases...
2025-10-31 15:18:42,919 |   Found 800/1024 bases...
2025-10-31 15:18:42,919 |   Found 800/1024 bases...
2025-10-31 15:18:42,919 |   Found 800/1024 bases...
2025-10-31 15:18:42,922 |   Found 850/1024 bases...
2025-10-31 15:18:42,922 |   Found 850/1024 bases...
2025-10-31 15:18:42,922 |   Found 850/1024 bases...
2025-10-31 15:18:42,922 |   Found 850/1024 bases...
2025-10-31 15:18:42,922 |   Found 850/1024 bases...
2025-10-31 15:18:42,922 |   Found 850/1024 bases...
2025-10-31 15:18:42,922 |   Found 850/1024 bases...
2025-10-31 15:18:42,922 |   Found 850/1024 bases...
2025-10-31 15:18:42,922 |   Found 850/1024 bases...
2025-10-31 15:18:42,922 |   Found 850/1024 bases...
2025-10-31 15:18:42,922 |   Found 850/1024 bases...
2025-10-31 15:18:42,922 |   Found 850/1024 bases...
2025-10-31 15:18:42,922 |   Found 850/1024 bases...
2025-10-31 15:18:42,922 |   Found 850/1024 bases...
2025-10-31 15:18:42,922 |   Found 850/1024 bases...
2025-10-31 15:18:42,922 |   Found 850/1024 bases...
2025-10-31 15:18:42,922 |   Found 850/1024 bases...
2025-10-31 15:18:42,922 |   Found 850/1024 bases...
2025-10-31 15:18:42,922 |   Found 850/1024 bases...
2025-10-31 15:18:42,922 |   Found 850/1024 bases...
2025-10-31 15:18:42,922 |   Found 850/1024 bases...
2025-10-31 15:18:42,922 |   Found 850/1024 bases...
2025-10-31 15:18:42,922 |   Found 850/1024 bases...
2025-10-31 15:18:42,922 |   Found 850/1024 bases...
2025-10-31 15:18:42,923 |   Found 850/1024 bases...
2025-10-31 15:18:42,925 |   Found 900/1024 bases...
2025-10-31 15:18:42,925 |   Found 900/1024 bases...
2025-10-31 15:18:42,925 |   Found 900/1024 bases...
2025-10-31 15:18:42,925 |   Found 900/1024 bases...
2025-10-31 15:18:42,925 |   Found 900/1024 bases...
2025-10-31 15:18:42,925 |   Found 900/1024 bases...
2025-10-31 15:18:42,925 |   Found 900/1024 bases...
2025-10-31 15:18:42,925 |   Found 900/1024 bases...
2025-10-31 15:18:42,925 |   Found 900/1024 bases...
2025-10-31 15:18:42,925 |   Found 900/1024 bases...
2025-10-31 15:18:42,925 |   Found 900/1024 bases...
2025-10-31 15:18:42,925 |   Found 900/1024 bases...
2025-10-31 15:18:42,925 |   Found 900/1024 bases...
2025-10-31 15:18:42,925 |   Found 900/1024 bases...
2025-10-31 15:18:42,925 |   Found 900/1024 bases...
2025-10-31 15:18:42,925 |   Found 900/1024 bases...
2025-10-31 15:18:42,925 |   Found 900/1024 bases...
2025-10-31 15:18:42,925 |   Found 900/1024 bases...
2025-10-31 15:18:42,925 |   Found 900/1024 bases...
2025-10-31 15:18:42,925 |   Found 900/1024 bases...
2025-10-31 15:18:42,925 |   Found 900/1024 bases...
2025-10-31 15:18:42,925 |   Found 900/1024 bases...
2025-10-31 15:18:42,925 |   Found 900/1024 bases...
2025-10-31 15:18:42,925 |   Found 900/1024 bases...
2025-10-31 15:18:42,925 |   Found 900/1024 bases...
2025-10-31 15:18:42,925 |   Found 900/1024 bases...
2025-10-31 15:18:42,925 |   Found 900/1024 bases...
2025-10-31 15:18:42,925 |   Found 900/1024 bases...
2025-10-31 15:18:42,925 |   Found 900/1024 bases...
2025-10-31 15:18:42,925 |   Found 900/1024 bases...
2025-10-31 15:18:42,925 |   Found 900/1024 bases...
2025-10-31 15:18:42,925 |   Found 900/1024 bases...
2025-10-31 15:18:42,925 |   Found 900/1024 bases...
2025-10-31 15:18:42,925 |   Found 900/1024 bases...
2025-10-31 15:18:42,925 |   Found 900/1024 bases...
2025-10-31 15:18:42,925 |   Found 900/1024 bases...
2025-10-31 15:18:42,925 |   Found 900/1024 bases...
2025-10-31 15:18:42,925 |   Found 900/1024 bases...
2025-10-31 15:18:42,925 |   Found 900/1024 bases...
2025-10-31 15:18:42,925 |   Found 900/1024 bases...
2025-10-31 15:18:42,925 |   Found 900/1024 bases...
2025-10-31 15:18:42,925 |   Found 900/1024 bases...
2025-10-31 15:18:42,925 |   Found 900/1024 bases...
2025-10-31 15:18:42,925 |   Found 900/1024 bases...
2025-10-31 15:18:42,925 |   Found 900/1024 bases...
2025-10-31 15:18:42,925 |   Found 900/1024 bases...
2025-10-31 15:18:42,925 |   Found 900/1024 bases...
2025-10-31 15:18:42,925 |   Found 900/1024 bases...
2025-10-31 15:18:42,925 |   Found 900/1024 bases...
2025-10-31 15:18:42,925 |   Found 900/1024 bases...
2025-10-31 15:18:42,925 |   Found 900/1024 bases...
2025-10-31 15:18:42,925 |   Found 900/1024 bases...
2025-10-31 15:18:42,925 |   Found 900/1024 bases...
2025-10-31 15:18:42,925 |   Found 900/1024 bases...
2025-10-31 15:18:42,925 |   Found 900/1024 bases...
2025-10-31 15:18:42,925 |   Found 900/1024 bases...
2025-10-31 15:18:42,925 |   Found 900/1024 bases...
2025-10-31 15:18:42,925 |   Found 900/1024 bases...
2025-10-31 15:18:42,925 |   Found 900/1024 bases...
2025-10-31 15:18:42,925 |   Found 900/1024 bases...
2025-10-31 15:18:42,928 |   Found 950/1024 bases...
2025-10-31 15:18:42,928 |   Found 950/1024 bases...
2025-10-31 15:18:42,928 |   Found 950/1024 bases...
2025-10-31 15:18:42,928 |   Found 950/1024 bases...
2025-10-31 15:18:42,928 |   Found 950/1024 bases...
2025-10-31 15:18:42,928 |   Found 950/1024 bases...
2025-10-31 15:18:42,928 |   Found 950/1024 bases...
2025-10-31 15:18:42,928 |   Found 950/1024 bases...
2025-10-31 15:18:42,929 |   Found 950/1024 bases...
2025-10-31 15:18:42,929 |   Found 950/1024 bases...
2025-10-31 15:18:42,929 |   Found 950/1024 bases...
2025-10-31 15:18:42,929 |   Found 950/1024 bases...
2025-10-31 15:18:42,929 |   Found 950/1024 bases...
2025-10-31 15:18:42,929 |   Found 950/1024 bases...
2025-10-31 15:18:42,929 |   Found 950/1024 bases...
2025-10-31 15:18:42,929 |   Found 950/1024 bases...
2025-10-31 15:18:42,929 |   Found 950/1024 bases...
2025-10-31 15:18:42,929 |   Found 950/1024 bases...
2025-10-31 15:18:42,929 |   Found 950/1024 bases...
2025-10-31 15:18:42,929 |   Found 950/1024 bases...
2025-10-31 15:18:42,929 |   Found 950/1024 bases...
2025-10-31 15:18:42,929 |   Found 950/1024 bases...
2025-10-31 15:18:42,929 |   Found 950/1024 bases...
2025-10-31 15:18:42,929 |   Found 950/1024 bases...
2025-10-31 15:18:42,929 |   Found 950/1024 bases...
2025-10-31 15:18:42,929 |   Found 950/1024 bases...
2025-10-31 15:18:42,929 |   Found 950/1024 bases...
2025-10-31 15:18:42,929 |   Found 950/1024 bases...
2025-10-31 15:18:42,929 |   Found 950/1024 bases...
2025-10-31 15:18:42,929 |   Found 950/1024 bases...
2025-10-31 15:18:42,929 |   Found 950/1024 bases...
2025-10-31 15:18:42,929 |   Found 950/1024 bases...
2025-10-31 15:18:42,929 |   Found 950/1024 bases...
2025-10-31 15:18:42,929 |   Found 950/1024 bases...
2025-10-31 15:18:42,929 |   Found 950/1024 bases...
2025-10-31 15:18:42,929 |   Found 950/1024 bases...
2025-10-31 15:18:42,929 |   Found 950/1024 bases...
2025-10-31 15:18:42,929 |   Found 950/1024 bases...
2025-10-31 15:18:42,929 |   Found 950/1024 bases...
2025-10-31 15:18:42,929 |   Found 950/1024 bases...
2025-10-31 15:18:42,929 |   Found 950/1024 bases...
2025-10-31 15:18:42,929 |   Found 950/1024 bases...
2025-10-31 15:18:42,929 |   Found 950/1024 bases...
2025-10-31 15:18:42,929 |   Found 950/1024 bases...
2025-10-31 15:18:42,929 |   Found 950/1024 bases...
2025-10-31 15:18:42,929 |   Found 950/1024 bases...
2025-10-31 15:18:42,929 |   Found 950/1024 bases...
2025-10-31 15:18:42,929 |   Found 950/1024 bases...
2025-10-31 15:18:42,929 |   Found 950/1024 bases...
2025-10-31 15:18:42,929 |   Found 950/1024 bases...
2025-10-31 15:18:42,929 |   Found 950/1024 bases...
2025-10-31 15:18:42,929 |   Found 950/1024 bases...
2025-10-31 15:18:42,929 |   Found 950/1024 bases...
2025-10-31 15:18:42,929 |   Found 950/1024 bases...
2025-10-31 15:18:42,929 |   Found 950/1024 bases...
2025-10-31 15:18:42,929 |   Found 950/1024 bases...
2025-10-31 15:18:42,929 |   Found 950/1024 bases...
2025-10-31 15:18:42,929 |   Found 950/1024 bases...
2025-10-31 15:18:42,932 |   Found 1000/1024 bases...
2025-10-31 15:18:42,932 |   Found 1000/1024 bases...
2025-10-31 15:18:42,932 |   Found 1000/1024 bases...
2025-10-31 15:18:42,932 |   Found 1000/1024 bases...
2025-10-31 15:18:42,932 |   Found 1000/1024 bases...
2025-10-31 15:18:42,932 |   Found 1000/1024 bases...
2025-10-31 15:18:42,932 |   Found 1000/1024 bases...
2025-10-31 15:18:42,932 |   Found 1000/1024 bases...
2025-10-31 15:18:42,932 |   Found 1000/1024 bases...
2025-10-31 15:18:42,933 |   Found 1000/1024 bases...
2025-10-31 15:18:42,933 |   Found 1000/1024 bases...
2025-10-31 15:18:42,933 |   Found 1000/1024 bases...
2025-10-31 15:18:42,933 |   Found 1000/1024 bases...
2025-10-31 15:18:42,933 |   Found 1000/1024 bases...
2025-10-31 15:18:42,933 |   Found 1000/1024 bases...
2025-10-31 15:18:42,933 |   Found 1000/1024 bases...
2025-10-31 15:18:42,933 |   Found 1000/1024 bases...
2025-10-31 15:18:42,933 |   Found 1000/1024 bases...
2025-10-31 15:18:42,933 |   Found 1000/1024 bases...
2025-10-31 15:18:42,933 |   Found 1000/1024 bases...
2025-10-31 15:18:42,933 |   Found 1000/1024 bases...
2025-10-31 15:18:42,933 |   Found 1000/1024 bases...
2025-10-31 15:18:42,933 |   Found 1000/1024 bases...
2025-10-31 15:18:42,933 |   Found 1000/1024 bases...
2025-10-31 15:18:42,933 |   Found 1000/1024 bases...
2025-10-31 15:18:42,933 |   Found 1000/1024 bases...
2025-10-31 15:18:42,933 |   Found 1000/1024 bases...
2025-10-31 15:18:42,933 |   Found 1000/1024 bases...
2025-10-31 15:18:42,933 |   Found 1000/1024 bases...
2025-10-31 15:18:42,933 |   Found 1000/1024 bases...
2025-10-31 15:18:42,933 |   Found 1000/1024 bases...
2025-10-31 15:18:42,933 |   Found 1000/1024 bases...
2025-10-31 15:18:42,933 |   Found 1000/1024 bases...
2025-10-31 15:18:42,933 |   Found 1000/1024 bases...
2025-10-31 15:18:42,933 |   Found 1000/1024 bases...
2025-10-31 15:18:42,934 |   Found 1024 bases
2025-10-31 15:18:42,934 | 
============================================================
2025-10-31 15:18:42,934 | Testing M = 128
2025-10-31 15:18:42,934 | ============================================================
2025-10-31 15:18:57,381 |   [5/90] Trial 5/30 | R̄=0.143065 (error: 5.71%) | Elapsed: 0.2m | ETA: 3.3m
2025-10-31 15:19:11,662 |   [10/90] Trial 10/30 | R̄=0.140928 (error: 4.13%) | Elapsed: 0.4m | ETA: 3.4m
2025-10-31 15:19:25,965 |   [15/90] Trial 15/30 | R̄=0.139391 (error: 3.00%) | Elapsed: 0.7m | ETA: 3.3m
2025-10-31 15:19:40,292 |   [20/90] Trial 20/30 | R̄=0.139028 (error: 2.73%) | Elapsed: 0.9m | ETA: 3.2m
2025-10-31 15:19:54,510 |   [25/90] Trial 25/30 | R̄=0.139176 (error: 2.84%) | Elapsed: 1.1m | ETA: 3.0m
2025-10-31 15:20:08,776 |   [30/90] Trial 30/30 | R̄=0.139561 (error: 3.12%) | Elapsed: 1.4m | ETA: 2.8m
2025-10-31 15:20:08,776 | 
  M=128 → R̄ = 0.139561 ± 0.005921
2025-10-31 15:20:08,776 |   Δ from exp(-2): +0.004226 (+3.12%)
2025-10-31 15:20:08,776 | 
============================================================
2025-10-31 15:20:08,776 | Testing M = 256
2025-10-31 15:20:08,776 | ============================================================
2025-10-31 15:20:37,578 |   [35/90] Trial 5/30 | R̄=0.128136 (error: 5.32%) | Elapsed: 1.8m | ETA: 2.9m
2025-10-31 15:21:06,416 |   [40/90] Trial 10/30 | R̄=0.130819 (error: 3.34%) | Elapsed: 2.3m | ETA: 2.9m
2025-10-31 15:21:35,223 |   [45/90] Trial 15/30 | R̄=0.131074 (error: 3.15%) | Elapsed: 2.8m | ETA: 2.8m
2025-10-31 15:22:04,009 |   [50/90] Trial 20/30 | R̄=0.130783 (error: 3.36%) | Elapsed: 3.3m | ETA: 2.6m
2025-10-31 15:22:32,806 |   [55/90] Trial 25/30 | R̄=0.130310 (error: 3.71%) | Elapsed: 3.7m | ETA: 2.4m
2025-10-31 15:23:01,671 |   [60/90] Trial 30/30 | R̄=0.129611 (error: 4.23%) | Elapsed: 4.2m | ETA: 2.1m
2025-10-31 15:23:01,671 | 
  M=256 → R̄ = 0.129611 ± 0.005572
2025-10-31 15:23:01,671 |   Δ from exp(-2): -0.005725 (+4.23%)
2025-10-31 15:23:01,671 | 
============================================================
2025-10-31 15:23:01,671 | Testing M = 512
2025-10-31 15:23:01,671 | ============================================================
2025-10-31 15:23:59,495 |   [65/90] Trial 5/30 | R̄=0.120499 (error: 10.96%) | Elapsed: 5.1m | ETA: 2.0m
2025-10-31 15:24:57,537 |   [70/90] Trial 10/30 | R̄=0.119938 (error: 11.38%) | Elapsed: 6.0m | ETA: 1.7m
2025-10-31 15:25:55,484 |   [75/90] Trial 15/30 | R̄=0.119941 (error: 11.38%) | Elapsed: 7.0m | ETA: 1.4m
2025-10-31 15:26:53,406 |   [80/90] Trial 20/30 | R̄=0.120329 (error: 11.09%) | Elapsed: 8.0m | ETA: 1.0m
2025-10-31 15:27:51,242 |   [85/90] Trial 25/30 | R̄=0.120334 (error: 11.08%) | Elapsed: 8.9m | ETA: 0.5m
2025-10-31 15:28:49,211 |   [90/90] Trial 30/30 | R̄=0.120353 (error: 11.07%) | Elapsed: 9.9m | ETA: 0.0m
2025-10-31 15:28:49,211 | 
  M=512 → R̄ = 0.120353 ± 0.002654
2025-10-31 15:28:49,211 |   Δ from exp(-2): -0.014982 (+11.07%)
2025-10-31 15:28:49,215 | 
Elapsed: 606.3s (10.1m)
2025-10-31 15:28:49,215 | Data: ../../Data/Experiments/Tier6/T6A1b/T6A1b_exp_minus_2_results.json
