2025-10-31 12:16:58,832 | ======================================================================
2025-10-31 12:16:58,832 | T6-A1: Coherence-Incoherence Transition (STANDALONE)
2025-10-31 12:16:58,832 | ======================================================================
2025-10-31 12:16:58,832 | Log: ../../Data/Experiments/Tier6/T6A1/T6A1_standalone_20251031_121658.log
2025-10-31 12:16:58,832 | Starting...
2025-10-31 12:16:58,832 | 
2025-10-31 12:16:58,832 | Configuration:
2025-10-31 12:16:58,832 |   N: [997, 2003]
2025-10-31 12:16:58,832 |   ρ targets: [0.1, 0.2, 0.3]
2025-10-31 12:16:58,832 |   M values: [8, 16]
2025-10-31 12:16:58,832 |   L: 2048, samples: 5
2025-10-31 12:16:58,832 |   Total configs: 12
2025-10-31 12:16:58,832 |   Estimated: 10-15 minutes
2025-10-31 12:16:58,832 | 
2025-10-31 12:16:58,849 | Could not find order near ρ=0.10 for N=997
2025-10-31 12:16:58,867 | Could not find order near ρ=0.20 for N=997
2025-10-31 12:16:58,886 | Could not find order near ρ=0.30 for N=997
2025-10-31 12:16:58,912 | Could not find order near ρ=0.10 for N=2003
2025-10-31 12:16:58,937 | Could not find order near ρ=0.20 for N=2003
2025-10-31 12:16:58,960 | Could not find order near ρ=0.30 for N=2003
2025-10-31 12:16:58,960 | 
Elapsed: 0.1s (0.0m)
2025-10-31 12:16:58,960 | Data: ../../Data/Experiments/Tier6/T6A1/T6A1_standalone_results.json
2025-10-31 12:16:59,408 | Figure: ../../Figures/experiments/Tier6/T6A1/T6A1_standalone_summary.png
2025-10-31 12:16:59,408 | 
2025-10-31 12:16:59,408 | ======================================================================
2025-10-31 12:16:59,409 | T6-A1 COMPLETE!
2025-10-31 12:16:59,409 | ======================================================================
2025-10-31 12:16:59,409 | Overall R̄: nan ± nan
2025-10-31 12:16:59,409 | Target: 0.137
2025-10-31 12:16:59,409 | Deviation: nan
2025-10-31 12:16:59,409 | Verdict: PARTIAL
2025-10-31 12:16:59,409 | ======================================================================
