2025-10-31 15:02:08,780 | ======================================================================
2025-10-31 15:02:08,780 | T6-A1b: exp(-2) Convergence Validation (GPU)
2025-10-31 15:02:08,780 | ======================================================================
2025-10-31 15:02:08,780 | Log: ../../Data/Experiments/Tier6/T6A1b/T6A1b_gpu_20251031_150208.log
2025-10-31 15:02:08,780 | GPU: Compute Capability 121
2025-10-31 15:02:08,780 | Starting exp(-2) convergence validation...
2025-10-31 15:02:08,780 | 
2025-10-31 15:02:08,780 | OBJECTIVE: Validate R̄ → exp(-2) = 0.1353352832... as M → ∞
2025-10-31 15:02:08,780 | 
2025-10-31 15:02:08,780 | Configuration:
2025-10-31 15:02:08,780 |   N: 2003
2025-10-31 15:02:08,780 |   r_target: 182
2025-10-31 15:02:08,780 |   ρ: 0.0909
2025-10-31 15:02:08,780 |   M values: [128, 256, 512]
2025-10-31 15:02:08,781 |   L: 16384, trials: 30
2025-10-31 15:02:08,781 |   Noise σ: 0.0
2025-10-31 15:02:08,781 |   Target: exp(-2) = 0.1353352832
2025-10-31 15:02:08,781 | 
2025-10-31 15:02:08,781 | Finding 1024 bases with order 182...
2025-10-31 15:02:08,783 |   Found 50/1024 bases...
2025-10-31 15:02:08,783 |   Found 50/1024 bases...
2025-10-31 15:02:08,783 |   Found 50/1024 bases...
2025-10-31 15:02:08,783 |   Found 50/1024 bases...
2025-10-31 15:02:08,783 |   Found 50/1024 bases...
2025-10-31 15:02:08,783 |   Found 50/1024 bases...
2025-10-31 15:02:08,783 |   Found 50/1024 bases...
2025-10-31 15:02:08,783 |   Found 50/1024 bases...
2025-10-31 15:02:08,783 |   Found 50/1024 bases...
2025-10-31 15:02:08,783 |   Found 50/1024 bases...
2025-10-31 15:02:08,783 |   Found 50/1024 bases...
2025-10-31 15:02:08,783 |   Found 50/1024 bases...
2025-10-31 15:02:08,783 |   Found 50/1024 bases...
2025-10-31 15:02:08,783 |   Found 50/1024 bases...
2025-10-31 15:02:08,783 |   Found 50/1024 bases...
2025-10-31 15:02:08,783 |   Found 50/1024 bases...
2025-10-31 15:02:08,783 |   Found 50/1024 bases...
2025-10-31 15:02:08,783 |   Found 50/1024 bases...
2025-10-31 15:02:08,783 |   Found 50/1024 bases...
2025-10-31 15:02:08,783 |   Found 50/1024 bases...
2025-10-31 15:02:08,784 |   Found 50/1024 bases...
2025-10-31 15:02:08,784 |   Found 50/1024 bases...
2025-10-31 15:02:08,784 |   Found 50/1024 bases...
2025-10-31 15:02:08,784 |   Found 50/1024 bases...
2025-10-31 15:02:08,784 |   Found 50/1024 bases...
2025-10-31 15:02:08,784 |   Found 50/1024 bases...
2025-10-31 15:02:08,784 |   Found 50/1024 bases...
2025-10-31 15:02:08,784 |   Found 50/1024 bases...
2025-10-31 15:02:08,784 |   Found 50/1024 bases...
2025-10-31 15:02:08,784 |   Found 50/1024 bases...
2025-10-31 15:02:08,784 |   Found 50/1024 bases...
2025-10-31 15:02:08,784 |   Found 50/1024 bases...
2025-10-31 15:02:08,784 |   Found 50/1024 bases...
2025-10-31 15:02:08,784 |   Found 50/1024 bases...
2025-10-31 15:02:08,784 |   Found 50/1024 bases...
2025-10-31 15:02:08,784 |   Found 50/1024 bases...
2025-10-31 15:02:08,784 |   Found 50/1024 bases...
2025-10-31 15:02:08,784 |   Found 50/1024 bases...
2025-10-31 15:02:08,784 |   Found 50/1024 bases...
2025-10-31 15:02:08,787 |   Found 100/1024 bases...
2025-10-31 15:02:08,787 |   Found 100/1024 bases...
2025-10-31 15:02:08,787 |   Found 100/1024 bases...
2025-10-31 15:02:08,787 |   Found 100/1024 bases...
2025-10-31 15:02:08,787 |   Found 100/1024 bases...
2025-10-31 15:02:08,787 |   Found 100/1024 bases...
2025-10-31 15:02:08,787 |   Found 100/1024 bases...
2025-10-31 15:02:08,787 |   Found 100/1024 bases...
2025-10-31 15:02:08,787 |   Found 100/1024 bases...
2025-10-31 15:02:08,787 |   Found 100/1024 bases...
2025-10-31 15:02:08,787 |   Found 100/1024 bases...
2025-10-31 15:02:08,787 |   Found 100/1024 bases...
2025-10-31 15:02:08,787 |   Found 100/1024 bases...
2025-10-31 15:02:08,787 |   Found 100/1024 bases...
2025-10-31 15:02:08,787 |   Found 100/1024 bases...
2025-10-31 15:02:08,787 |   Found 100/1024 bases...
2025-10-31 15:02:08,787 |   Found 100/1024 bases...
2025-10-31 15:02:08,787 |   Found 100/1024 bases...
2025-10-31 15:02:08,787 |   Found 100/1024 bases...
2025-10-31 15:02:08,787 |   Found 100/1024 bases...
2025-10-31 15:02:08,787 |   Found 100/1024 bases...
2025-10-31 15:02:08,787 |   Found 100/1024 bases...
2025-10-31 15:02:08,787 |   Found 100/1024 bases...
2025-10-31 15:02:08,787 |   Found 100/1024 bases...
2025-10-31 15:02:08,787 |   Found 100/1024 bases...
2025-10-31 15:02:08,787 |   Found 100/1024 bases...
2025-10-31 15:02:08,787 |   Found 100/1024 bases...
2025-10-31 15:02:08,787 |   Found 100/1024 bases...
2025-10-31 15:02:08,787 |   Found 100/1024 bases...
2025-10-31 15:02:08,787 |   Found 100/1024 bases...
2025-10-31 15:02:08,787 |   Found 100/1024 bases...
2025-10-31 15:02:08,787 |   Found 100/1024 bases...
2025-10-31 15:02:08,790 |   Found 150/1024 bases...
2025-10-31 15:02:08,790 |   Found 150/1024 bases...
2025-10-31 15:02:08,790 |   Found 150/1024 bases...
2025-10-31 15:02:08,790 |   Found 150/1024 bases...
2025-10-31 15:02:08,790 |   Found 150/1024 bases...
2025-10-31 15:02:08,790 |   Found 150/1024 bases...
2025-10-31 15:02:08,790 |   Found 150/1024 bases...
2025-10-31 15:02:08,790 |   Found 150/1024 bases...
2025-10-31 15:02:08,790 |   Found 150/1024 bases...
2025-10-31 15:02:08,790 |   Found 150/1024 bases...
2025-10-31 15:02:08,790 |   Found 150/1024 bases...
2025-10-31 15:02:08,790 |   Found 150/1024 bases...
2025-10-31 15:02:08,790 |   Found 150/1024 bases...
2025-10-31 15:02:08,790 |   Found 150/1024 bases...
2025-10-31 15:02:08,790 |   Found 150/1024 bases...
2025-10-31 15:02:08,790 |   Found 150/1024 bases...
2025-10-31 15:02:08,790 |   Found 150/1024 bases...
2025-10-31 15:02:08,790 |   Found 150/1024 bases...
2025-10-31 15:02:08,790 |   Found 150/1024 bases...
2025-10-31 15:02:08,790 |   Found 150/1024 bases...
2025-10-31 15:02:08,790 |   Found 150/1024 bases...
2025-10-31 15:02:08,790 |   Found 150/1024 bases...
2025-10-31 15:02:08,790 |   Found 150/1024 bases...
2025-10-31 15:02:08,790 |   Found 150/1024 bases...
2025-10-31 15:02:08,790 |   Found 150/1024 bases...
2025-10-31 15:02:08,790 |   Found 150/1024 bases...
2025-10-31 15:02:08,790 |   Found 150/1024 bases...
2025-10-31 15:02:08,790 |   Found 150/1024 bases...
2025-10-31 15:02:08,790 |   Found 150/1024 bases...
2025-10-31 15:02:08,790 |   Found 150/1024 bases...
2025-10-31 15:02:08,790 |   Found 150/1024 bases...
2025-10-31 15:02:08,790 |   Found 150/1024 bases...
2025-10-31 15:02:08,790 |   Found 150/1024 bases...
2025-10-31 15:02:08,790 |   Found 150/1024 bases...
2025-10-31 15:02:08,790 |   Found 150/1024 bases...
2025-10-31 15:02:08,790 |   Found 150/1024 bases...
2025-10-31 15:02:08,790 |   Found 150/1024 bases...
2025-10-31 15:02:08,790 |   Found 150/1024 bases...
2025-10-31 15:02:08,790 |   Found 150/1024 bases...
2025-10-31 15:02:08,790 |   Found 150/1024 bases...
2025-10-31 15:02:08,790 |   Found 150/1024 bases...
2025-10-31 15:02:08,790 |   Found 150/1024 bases...
2025-10-31 15:02:08,790 |   Found 150/1024 bases...
2025-10-31 15:02:08,790 |   Found 150/1024 bases...
2025-10-31 15:02:08,790 |   Found 150/1024 bases...
2025-10-31 15:02:08,790 |   Found 150/1024 bases...
2025-10-31 15:02:08,790 |   Found 150/1024 bases...
2025-10-31 15:02:08,790 |   Found 150/1024 bases...
2025-10-31 15:02:08,790 |   Found 150/1024 bases...
2025-10-31 15:02:08,790 |   Found 150/1024 bases...
2025-10-31 15:02:08,790 |   Found 150/1024 bases...
2025-10-31 15:02:08,790 |   Found 150/1024 bases...
2025-10-31 15:02:08,790 |   Found 150/1024 bases...
2025-10-31 15:02:08,790 |   Found 150/1024 bases...
2025-10-31 15:02:08,791 |   Found 150/1024 bases...
2025-10-31 15:02:08,791 |   Found 150/1024 bases...
2025-10-31 15:02:08,791 |   Found 150/1024 bases...
2025-10-31 15:02:08,791 |   Found 150/1024 bases...
2025-10-31 15:02:08,791 |   Found 150/1024 bases...
2025-10-31 15:02:08,791 |   Found 150/1024 bases...
2025-10-31 15:02:08,791 |   Found 150/1024 bases...
2025-10-31 15:02:08,791 |   Found 150/1024 bases...
2025-10-31 15:02:08,791 |   Found 150/1024 bases...
2025-10-31 15:02:08,791 |   Found 150/1024 bases...
2025-10-31 15:02:08,791 |   Found 150/1024 bases...
2025-10-31 15:02:08,791 |   Found 150/1024 bases...
2025-10-31 15:02:08,791 |   Found 150/1024 bases...
2025-10-31 15:02:08,791 |   Found 150/1024 bases...
2025-10-31 15:02:08,791 |   Found 150/1024 bases...
2025-10-31 15:02:08,791 |   Found 150/1024 bases...
2025-10-31 15:02:08,791 |   Found 150/1024 bases...
2025-10-31 15:02:08,791 |   Found 150/1024 bases...
2025-10-31 15:02:08,791 |   Found 150/1024 bases...
2025-10-31 15:02:08,794 |   Found 200/1024 bases...
2025-10-31 15:02:08,794 |   Found 200/1024 bases...
2025-10-31 15:02:08,794 |   Found 200/1024 bases...
2025-10-31 15:02:08,794 |   Found 200/1024 bases...
2025-10-31 15:02:08,794 |   Found 200/1024 bases...
2025-10-31 15:02:08,794 |   Found 200/1024 bases...
2025-10-31 15:02:08,794 |   Found 200/1024 bases...
2025-10-31 15:02:08,794 |   Found 200/1024 bases...
2025-10-31 15:02:08,794 |   Found 200/1024 bases...
2025-10-31 15:02:08,794 |   Found 200/1024 bases...
2025-10-31 15:02:08,794 |   Found 200/1024 bases...
2025-10-31 15:02:08,794 |   Found 200/1024 bases...
2025-10-31 15:02:08,794 |   Found 200/1024 bases...
2025-10-31 15:02:08,794 |   Found 200/1024 bases...
2025-10-31 15:02:08,794 |   Found 200/1024 bases...
2025-10-31 15:02:08,794 |   Found 200/1024 bases...
2025-10-31 15:02:08,794 |   Found 200/1024 bases...
2025-10-31 15:02:08,794 |   Found 200/1024 bases...
2025-10-31 15:02:08,794 |   Found 200/1024 bases...
2025-10-31 15:02:08,794 |   Found 200/1024 bases...
2025-10-31 15:02:08,794 |   Found 200/1024 bases...
2025-10-31 15:02:08,794 |   Found 200/1024 bases...
2025-10-31 15:02:08,794 |   Found 200/1024 bases...
2025-10-31 15:02:08,794 |   Found 200/1024 bases...
2025-10-31 15:02:08,794 |   Found 200/1024 bases...
2025-10-31 15:02:08,794 |   Found 200/1024 bases...
2025-10-31 15:02:08,795 |   Found 200/1024 bases...
2025-10-31 15:02:08,795 |   Found 200/1024 bases...
2025-10-31 15:02:08,795 |   Found 200/1024 bases...
2025-10-31 15:02:08,795 |   Found 200/1024 bases...
2025-10-31 15:02:08,795 |   Found 200/1024 bases...
2025-10-31 15:02:08,795 |   Found 200/1024 bases...
2025-10-31 15:02:08,795 |   Found 200/1024 bases...
2025-10-31 15:02:08,795 |   Found 200/1024 bases...
2025-10-31 15:02:08,795 |   Found 200/1024 bases...
2025-10-31 15:02:08,795 |   Found 200/1024 bases...
2025-10-31 15:02:08,795 |   Found 200/1024 bases...
2025-10-31 15:02:08,795 |   Found 200/1024 bases...
2025-10-31 15:02:08,795 |   Found 200/1024 bases...
2025-10-31 15:02:08,795 |   Found 200/1024 bases...
2025-10-31 15:02:08,795 |   Found 200/1024 bases...
2025-10-31 15:02:08,795 |   Found 200/1024 bases...
2025-10-31 15:02:08,795 |   Found 200/1024 bases...
2025-10-31 15:02:08,795 |   Found 200/1024 bases...
2025-10-31 15:02:08,795 |   Found 200/1024 bases...
2025-10-31 15:02:08,795 |   Found 200/1024 bases...
2025-10-31 15:02:08,795 |   Found 200/1024 bases...
2025-10-31 15:02:08,795 |   Found 200/1024 bases...
2025-10-31 15:02:08,795 |   Found 200/1024 bases...
2025-10-31 15:02:08,795 |   Found 200/1024 bases...
2025-10-31 15:02:08,795 |   Found 200/1024 bases...
2025-10-31 15:02:08,795 |   Found 200/1024 bases...
2025-10-31 15:02:08,795 |   Found 200/1024 bases...
2025-10-31 15:02:08,795 |   Found 200/1024 bases...
2025-10-31 15:02:08,795 |   Found 200/1024 bases...
2025-10-31 15:02:08,795 |   Found 200/1024 bases...
2025-10-31 15:02:08,795 |   Found 200/1024 bases...
2025-10-31 15:02:08,795 |   Found 200/1024 bases...
2025-10-31 15:02:08,795 |   Found 200/1024 bases...
2025-10-31 15:02:08,795 |   Found 200/1024 bases...
2025-10-31 15:02:08,795 |   Found 200/1024 bases...
2025-10-31 15:02:08,795 |   Found 200/1024 bases...
2025-10-31 15:02:08,795 |   Found 200/1024 bases...
2025-10-31 15:02:08,795 |   Found 200/1024 bases...
2025-10-31 15:02:08,795 |   Found 200/1024 bases...
2025-10-31 15:02:08,795 |   Found 200/1024 bases...
2025-10-31 15:02:08,795 |   Found 200/1024 bases...
2025-10-31 15:02:08,795 |   Found 200/1024 bases...
2025-10-31 15:02:08,795 |   Found 200/1024 bases...
2025-10-31 15:02:08,795 |   Found 200/1024 bases...
2025-10-31 15:02:08,795 |   Found 200/1024 bases...
2025-10-31 15:02:08,795 |   Found 200/1024 bases...
2025-10-31 15:02:08,795 |   Found 200/1024 bases...
2025-10-31 15:02:08,795 |   Found 200/1024 bases...
2025-10-31 15:02:08,795 |   Found 200/1024 bases...
2025-10-31 15:02:08,795 |   Found 200/1024 bases...
2025-10-31 15:02:08,795 |   Found 200/1024 bases...
2025-10-31 15:02:08,795 |   Found 200/1024 bases...
2025-10-31 15:02:08,795 |   Found 200/1024 bases...
2025-10-31 15:02:08,795 |   Found 200/1024 bases...
2025-10-31 15:02:08,795 |   Found 200/1024 bases...
2025-10-31 15:02:08,795 |   Found 200/1024 bases...
2025-10-31 15:02:08,798 |   Found 250/1024 bases...
2025-10-31 15:02:08,798 |   Found 250/1024 bases...
2025-10-31 15:02:08,798 |   Found 250/1024 bases...
2025-10-31 15:02:08,798 |   Found 250/1024 bases...
2025-10-31 15:02:08,798 |   Found 250/1024 bases...
2025-10-31 15:02:08,798 |   Found 250/1024 bases...
2025-10-31 15:02:08,798 |   Found 250/1024 bases...
2025-10-31 15:02:08,798 |   Found 250/1024 bases...
2025-10-31 15:02:08,798 |   Found 250/1024 bases...
2025-10-31 15:02:08,798 |   Found 250/1024 bases...
2025-10-31 15:02:08,798 |   Found 250/1024 bases...
2025-10-31 15:02:08,798 |   Found 250/1024 bases...
2025-10-31 15:02:08,798 |   Found 250/1024 bases...
2025-10-31 15:02:08,798 |   Found 250/1024 bases...
2025-10-31 15:02:08,798 |   Found 250/1024 bases...
2025-10-31 15:02:08,798 |   Found 250/1024 bases...
2025-10-31 15:02:08,798 |   Found 250/1024 bases...
2025-10-31 15:02:08,798 |   Found 250/1024 bases...
2025-10-31 15:02:08,798 |   Found 250/1024 bases...
2025-10-31 15:02:08,798 |   Found 250/1024 bases...
2025-10-31 15:02:08,798 |   Found 250/1024 bases...
2025-10-31 15:02:08,798 |   Found 250/1024 bases...
2025-10-31 15:02:08,798 |   Found 250/1024 bases...
2025-10-31 15:02:08,798 |   Found 250/1024 bases...
2025-10-31 15:02:08,798 |   Found 250/1024 bases...
2025-10-31 15:02:08,798 |   Found 250/1024 bases...
2025-10-31 15:02:08,798 |   Found 250/1024 bases...
2025-10-31 15:02:08,798 |   Found 250/1024 bases...
2025-10-31 15:02:08,798 |   Found 250/1024 bases...
2025-10-31 15:02:08,798 |   Found 250/1024 bases...
2025-10-31 15:02:08,798 |   Found 250/1024 bases...
2025-10-31 15:02:08,798 |   Found 250/1024 bases...
2025-10-31 15:02:08,799 |   Found 250/1024 bases...
2025-10-31 15:02:08,799 |   Found 250/1024 bases...
2025-10-31 15:02:08,802 |   Found 300/1024 bases...
2025-10-31 15:02:08,802 |   Found 300/1024 bases...
2025-10-31 15:02:08,802 |   Found 300/1024 bases...
2025-10-31 15:02:08,802 |   Found 300/1024 bases...
2025-10-31 15:02:08,802 |   Found 300/1024 bases...
2025-10-31 15:02:08,802 |   Found 300/1024 bases...
2025-10-31 15:02:08,802 |   Found 300/1024 bases...
2025-10-31 15:02:08,802 |   Found 300/1024 bases...
2025-10-31 15:02:08,802 |   Found 300/1024 bases...
2025-10-31 15:02:08,802 |   Found 300/1024 bases...
2025-10-31 15:02:08,802 |   Found 300/1024 bases...
2025-10-31 15:02:08,802 |   Found 300/1024 bases...
2025-10-31 15:02:08,802 |   Found 300/1024 bases...
2025-10-31 15:02:08,802 |   Found 300/1024 bases...
2025-10-31 15:02:08,802 |   Found 300/1024 bases...
2025-10-31 15:02:08,802 |   Found 300/1024 bases...
2025-10-31 15:02:08,802 |   Found 300/1024 bases...
2025-10-31 15:02:08,802 |   Found 300/1024 bases...
2025-10-31 15:02:08,802 |   Found 300/1024 bases...
2025-10-31 15:02:08,802 |   Found 300/1024 bases...
2025-10-31 15:02:08,802 |   Found 300/1024 bases...
2025-10-31 15:02:08,802 |   Found 300/1024 bases...
2025-10-31 15:02:08,802 |   Found 300/1024 bases...
2025-10-31 15:02:08,802 |   Found 300/1024 bases...
2025-10-31 15:02:08,802 |   Found 300/1024 bases...
2025-10-31 15:02:08,802 |   Found 300/1024 bases...
2025-10-31 15:02:08,802 |   Found 300/1024 bases...
2025-10-31 15:02:08,802 |   Found 300/1024 bases...
2025-10-31 15:02:08,802 |   Found 300/1024 bases...
2025-10-31 15:02:08,802 |   Found 300/1024 bases...
2025-10-31 15:02:08,802 |   Found 300/1024 bases...
2025-10-31 15:02:08,802 |   Found 300/1024 bases...
2025-10-31 15:02:08,802 |   Found 300/1024 bases...
2025-10-31 15:02:08,802 |   Found 300/1024 bases...
2025-10-31 15:02:08,802 |   Found 300/1024 bases...
2025-10-31 15:02:08,802 |   Found 300/1024 bases...
2025-10-31 15:02:08,802 |   Found 300/1024 bases...
2025-10-31 15:02:08,802 |   Found 300/1024 bases...
2025-10-31 15:02:08,802 |   Found 300/1024 bases...
2025-10-31 15:02:08,802 |   Found 300/1024 bases...
2025-10-31 15:02:08,802 |   Found 300/1024 bases...
2025-10-31 15:02:08,802 |   Found 300/1024 bases...
2025-10-31 15:02:08,802 |   Found 300/1024 bases...
2025-10-31 15:02:08,802 |   Found 300/1024 bases...
2025-10-31 15:02:08,802 |   Found 300/1024 bases...
2025-10-31 15:02:08,802 |   Found 300/1024 bases...
2025-10-31 15:02:08,802 |   Found 300/1024 bases...
2025-10-31 15:02:08,802 |   Found 300/1024 bases...
2025-10-31 15:02:08,802 |   Found 300/1024 bases...
2025-10-31 15:02:08,802 |   Found 300/1024 bases...
2025-10-31 15:02:08,802 |   Found 300/1024 bases...
2025-10-31 15:02:08,802 |   Found 300/1024 bases...
2025-10-31 15:02:08,805 |   Found 350/1024 bases...
2025-10-31 15:02:08,805 |   Found 350/1024 bases...
2025-10-31 15:02:08,805 |   Found 350/1024 bases...
2025-10-31 15:02:08,805 |   Found 350/1024 bases...
2025-10-31 15:02:08,805 |   Found 350/1024 bases...
2025-10-31 15:02:08,805 |   Found 350/1024 bases...
2025-10-31 15:02:08,805 |   Found 350/1024 bases...
2025-10-31 15:02:08,805 |   Found 350/1024 bases...
2025-10-31 15:02:08,805 |   Found 350/1024 bases...
2025-10-31 15:02:08,805 |   Found 350/1024 bases...
2025-10-31 15:02:08,805 |   Found 350/1024 bases...
2025-10-31 15:02:08,805 |   Found 350/1024 bases...
2025-10-31 15:02:08,805 |   Found 350/1024 bases...
2025-10-31 15:02:08,805 |   Found 350/1024 bases...
2025-10-31 15:02:08,805 |   Found 350/1024 bases...
2025-10-31 15:02:08,805 |   Found 350/1024 bases...
2025-10-31 15:02:08,805 |   Found 350/1024 bases...
2025-10-31 15:02:08,805 |   Found 350/1024 bases...
2025-10-31 15:02:08,805 |   Found 350/1024 bases...
2025-10-31 15:02:08,805 |   Found 350/1024 bases...
2025-10-31 15:02:08,805 |   Found 350/1024 bases...
2025-10-31 15:02:08,805 |   Found 350/1024 bases...
2025-10-31 15:02:08,805 |   Found 350/1024 bases...
2025-10-31 15:02:08,805 |   Found 350/1024 bases...
2025-10-31 15:02:08,805 |   Found 350/1024 bases...
2025-10-31 15:02:08,805 |   Found 350/1024 bases...
2025-10-31 15:02:08,805 |   Found 350/1024 bases...
2025-10-31 15:02:08,805 |   Found 350/1024 bases...
2025-10-31 15:02:08,805 |   Found 350/1024 bases...
2025-10-31 15:02:08,805 |   Found 350/1024 bases...
2025-10-31 15:02:08,805 |   Found 350/1024 bases...
2025-10-31 15:02:08,805 |   Found 350/1024 bases...
2025-10-31 15:02:08,805 |   Found 350/1024 bases...
2025-10-31 15:02:08,805 |   Found 350/1024 bases...
2025-10-31 15:02:08,805 |   Found 350/1024 bases...
2025-10-31 15:02:08,805 |   Found 350/1024 bases...
2025-10-31 15:02:08,805 |   Found 350/1024 bases...
2025-10-31 15:02:08,805 |   Found 350/1024 bases...
2025-10-31 15:02:08,805 |   Found 350/1024 bases...
2025-10-31 15:02:08,805 |   Found 350/1024 bases...
2025-10-31 15:02:08,805 |   Found 350/1024 bases...
2025-10-31 15:02:08,805 |   Found 350/1024 bases...
2025-10-31 15:02:08,805 |   Found 350/1024 bases...
2025-10-31 15:02:08,805 |   Found 350/1024 bases...
2025-10-31 15:02:08,805 |   Found 350/1024 bases...
2025-10-31 15:02:08,805 |   Found 350/1024 bases...
2025-10-31 15:02:08,805 |   Found 350/1024 bases...
2025-10-31 15:02:08,805 |   Found 350/1024 bases...
2025-10-31 15:02:08,805 |   Found 350/1024 bases...
2025-10-31 15:02:08,806 |   Found 350/1024 bases...
2025-10-31 15:02:08,806 |   Found 350/1024 bases...
2025-10-31 15:02:08,806 |   Found 350/1024 bases...
2025-10-31 15:02:08,806 |   Found 350/1024 bases...
2025-10-31 15:02:08,806 |   Found 350/1024 bases...
2025-10-31 15:02:08,806 |   Found 350/1024 bases...
2025-10-31 15:02:08,806 |   Found 350/1024 bases...
2025-10-31 15:02:08,806 |   Found 350/1024 bases...
2025-10-31 15:02:08,806 |   Found 350/1024 bases...
2025-10-31 15:02:08,806 |   Found 350/1024 bases...
2025-10-31 15:02:08,806 |   Found 350/1024 bases...
2025-10-31 15:02:08,806 |   Found 350/1024 bases...
2025-10-31 15:02:08,806 |   Found 350/1024 bases...
2025-10-31 15:02:08,806 |   Found 350/1024 bases...
2025-10-31 15:02:08,806 |   Found 350/1024 bases...
2025-10-31 15:02:08,806 |   Found 350/1024 bases...
2025-10-31 15:02:08,809 |   Found 400/1024 bases...
2025-10-31 15:02:08,809 |   Found 400/1024 bases...
2025-10-31 15:02:08,809 |   Found 400/1024 bases...
2025-10-31 15:02:08,809 |   Found 400/1024 bases...
2025-10-31 15:02:08,809 |   Found 400/1024 bases...
2025-10-31 15:02:08,809 |   Found 400/1024 bases...
2025-10-31 15:02:08,809 |   Found 400/1024 bases...
2025-10-31 15:02:08,809 |   Found 400/1024 bases...
2025-10-31 15:02:08,809 |   Found 400/1024 bases...
2025-10-31 15:02:08,809 |   Found 400/1024 bases...
2025-10-31 15:02:08,809 |   Found 400/1024 bases...
2025-10-31 15:02:08,809 |   Found 400/1024 bases...
2025-10-31 15:02:08,809 |   Found 400/1024 bases...
2025-10-31 15:02:08,809 |   Found 400/1024 bases...
2025-10-31 15:02:08,809 |   Found 400/1024 bases...
2025-10-31 15:02:08,809 |   Found 400/1024 bases...
2025-10-31 15:02:08,809 |   Found 400/1024 bases...
2025-10-31 15:02:08,809 |   Found 400/1024 bases...
2025-10-31 15:02:08,809 |   Found 400/1024 bases...
2025-10-31 15:02:08,809 |   Found 400/1024 bases...
2025-10-31 15:02:08,809 |   Found 400/1024 bases...
2025-10-31 15:02:08,809 |   Found 400/1024 bases...
2025-10-31 15:02:08,809 |   Found 400/1024 bases...
2025-10-31 15:02:08,809 |   Found 400/1024 bases...
2025-10-31 15:02:08,809 |   Found 400/1024 bases...
2025-10-31 15:02:08,809 |   Found 400/1024 bases...
2025-10-31 15:02:08,809 |   Found 400/1024 bases...
2025-10-31 15:02:08,809 |   Found 400/1024 bases...
2025-10-31 15:02:08,809 |   Found 400/1024 bases...
2025-10-31 15:02:08,813 |   Found 450/1024 bases...
2025-10-31 15:02:08,813 |   Found 450/1024 bases...
2025-10-31 15:02:08,816 |   Found 500/1024 bases...
2025-10-31 15:02:08,816 |   Found 500/1024 bases...
2025-10-31 15:02:08,816 |   Found 500/1024 bases...
2025-10-31 15:02:08,816 |   Found 500/1024 bases...
2025-10-31 15:02:08,816 |   Found 500/1024 bases...
2025-10-31 15:02:08,816 |   Found 500/1024 bases...
2025-10-31 15:02:08,816 |   Found 500/1024 bases...
2025-10-31 15:02:08,816 |   Found 500/1024 bases...
2025-10-31 15:02:08,816 |   Found 500/1024 bases...
2025-10-31 15:02:08,816 |   Found 500/1024 bases...
2025-10-31 15:02:08,816 |   Found 500/1024 bases...
2025-10-31 15:02:08,816 |   Found 500/1024 bases...
2025-10-31 15:02:08,816 |   Found 500/1024 bases...
2025-10-31 15:02:08,816 |   Found 500/1024 bases...
2025-10-31 15:02:08,816 |   Found 500/1024 bases...
2025-10-31 15:02:08,816 |   Found 500/1024 bases...
2025-10-31 15:02:08,816 |   Found 500/1024 bases...
2025-10-31 15:02:08,816 |   Found 500/1024 bases...
2025-10-31 15:02:08,816 |   Found 500/1024 bases...
2025-10-31 15:02:08,816 |   Found 500/1024 bases...
2025-10-31 15:02:08,816 |   Found 500/1024 bases...
2025-10-31 15:02:08,816 |   Found 500/1024 bases...
2025-10-31 15:02:08,816 |   Found 500/1024 bases...
2025-10-31 15:02:08,816 |   Found 500/1024 bases...
2025-10-31 15:02:08,816 |   Found 500/1024 bases...
2025-10-31 15:02:08,816 |   Found 500/1024 bases...
2025-10-31 15:02:08,816 |   Found 500/1024 bases...
2025-10-31 15:02:08,816 |   Found 500/1024 bases...
2025-10-31 15:02:08,816 |   Found 500/1024 bases...
2025-10-31 15:02:08,816 |   Found 500/1024 bases...
2025-10-31 15:02:08,816 |   Found 500/1024 bases...
2025-10-31 15:02:08,816 |   Found 500/1024 bases...
2025-10-31 15:02:08,816 |   Found 500/1024 bases...
2025-10-31 15:02:08,816 |   Found 500/1024 bases...
2025-10-31 15:02:08,819 |   Found 550/1024 bases...
2025-10-31 15:02:08,819 |   Found 550/1024 bases...
2025-10-31 15:02:08,819 |   Found 550/1024 bases...
2025-10-31 15:02:08,821 |   Found 600/1024 bases...
2025-10-31 15:02:08,821 |   Found 600/1024 bases...
2025-10-31 15:02:08,821 |   Found 600/1024 bases...
2025-10-31 15:02:08,821 |   Found 600/1024 bases...
2025-10-31 15:02:08,821 |   Found 600/1024 bases...
2025-10-31 15:02:08,821 |   Found 600/1024 bases...
2025-10-31 15:02:08,821 |   Found 600/1024 bases...
2025-10-31 15:02:08,821 |   Found 600/1024 bases...
2025-10-31 15:02:08,821 |   Found 600/1024 bases...
2025-10-31 15:02:08,821 |   Found 600/1024 bases...
2025-10-31 15:02:08,821 |   Found 600/1024 bases...
2025-10-31 15:02:08,821 |   Found 600/1024 bases...
2025-10-31 15:02:08,821 |   Found 600/1024 bases...
2025-10-31 15:02:08,821 |   Found 600/1024 bases...
2025-10-31 15:02:08,821 |   Found 600/1024 bases...
2025-10-31 15:02:08,821 |   Found 600/1024 bases...
2025-10-31 15:02:08,822 |   Found 600/1024 bases...
2025-10-31 15:02:08,822 |   Found 600/1024 bases...
2025-10-31 15:02:08,822 |   Found 600/1024 bases...
2025-10-31 15:02:08,822 |   Found 600/1024 bases...
2025-10-31 15:02:08,822 |   Found 600/1024 bases...
2025-10-31 15:02:08,822 |   Found 600/1024 bases...
2025-10-31 15:02:08,822 |   Found 600/1024 bases...
2025-10-31 15:02:08,822 |   Found 600/1024 bases...
2025-10-31 15:02:08,822 |   Found 600/1024 bases...
2025-10-31 15:02:08,822 |   Found 600/1024 bases...
2025-10-31 15:02:08,822 |   Found 600/1024 bases...
2025-10-31 15:02:08,822 |   Found 600/1024 bases...
2025-10-31 15:02:08,825 |   Found 650/1024 bases...
2025-10-31 15:02:08,825 |   Found 650/1024 bases...
2025-10-31 15:02:08,825 |   Found 650/1024 bases...
2025-10-31 15:02:08,825 |   Found 650/1024 bases...
2025-10-31 15:02:08,825 |   Found 650/1024 bases...
2025-10-31 15:02:08,825 |   Found 650/1024 bases...
2025-10-31 15:02:08,825 |   Found 650/1024 bases...
2025-10-31 15:02:08,825 |   Found 650/1024 bases...
2025-10-31 15:02:08,825 |   Found 650/1024 bases...
2025-10-31 15:02:08,825 |   Found 650/1024 bases...
2025-10-31 15:02:08,825 |   Found 650/1024 bases...
2025-10-31 15:02:08,825 |   Found 650/1024 bases...
2025-10-31 15:02:08,825 |   Found 650/1024 bases...
2025-10-31 15:02:08,825 |   Found 650/1024 bases...
2025-10-31 15:02:08,825 |   Found 650/1024 bases...
2025-10-31 15:02:08,827 |   Found 700/1024 bases...
2025-10-31 15:02:08,827 |   Found 700/1024 bases...
2025-10-31 15:02:08,827 |   Found 700/1024 bases...
2025-10-31 15:02:08,827 |   Found 700/1024 bases...
2025-10-31 15:02:08,827 |   Found 700/1024 bases...
2025-10-31 15:02:08,827 |   Found 700/1024 bases...
2025-10-31 15:02:08,827 |   Found 700/1024 bases...
2025-10-31 15:02:08,827 |   Found 700/1024 bases...
2025-10-31 15:02:08,827 |   Found 700/1024 bases...
2025-10-31 15:02:08,827 |   Found 700/1024 bases...
2025-10-31 15:02:08,827 |   Found 700/1024 bases...
2025-10-31 15:02:08,827 |   Found 700/1024 bases...
2025-10-31 15:02:08,827 |   Found 700/1024 bases...
2025-10-31 15:02:08,827 |   Found 700/1024 bases...
2025-10-31 15:02:08,827 |   Found 700/1024 bases...
2025-10-31 15:02:08,827 |   Found 700/1024 bases...
2025-10-31 15:02:08,827 |   Found 700/1024 bases...
2025-10-31 15:02:08,827 |   Found 700/1024 bases...
2025-10-31 15:02:08,827 |   Found 700/1024 bases...
2025-10-31 15:02:08,827 |   Found 700/1024 bases...
2025-10-31 15:02:08,827 |   Found 700/1024 bases...
2025-10-31 15:02:08,828 |   Found 700/1024 bases...
2025-10-31 15:02:08,828 |   Found 700/1024 bases...
2025-10-31 15:02:08,828 |   Found 700/1024 bases...
2025-10-31 15:02:08,828 |   Found 700/1024 bases...
2025-10-31 15:02:08,828 |   Found 700/1024 bases...
2025-10-31 15:02:08,828 |   Found 700/1024 bases...
2025-10-31 15:02:08,828 |   Found 700/1024 bases...
2025-10-31 15:02:08,828 |   Found 700/1024 bases...
2025-10-31 15:02:08,828 |   Found 700/1024 bases...
2025-10-31 15:02:08,828 |   Found 700/1024 bases...
2025-10-31 15:02:08,828 |   Found 700/1024 bases...
2025-10-31 15:02:08,828 |   Found 700/1024 bases...
2025-10-31 15:02:08,828 |   Found 700/1024 bases...
2025-10-31 15:02:08,828 |   Found 700/1024 bases...
2025-10-31 15:02:08,828 |   Found 700/1024 bases...
2025-10-31 15:02:08,828 |   Found 700/1024 bases...
2025-10-31 15:02:08,828 |   Found 700/1024 bases...
2025-10-31 15:02:08,828 |   Found 700/1024 bases...
2025-10-31 15:02:08,828 |   Found 700/1024 bases...
2025-10-31 15:02:08,828 |   Found 700/1024 bases...
2025-10-31 15:02:08,828 |   Found 700/1024 bases...
2025-10-31 15:02:08,828 |   Found 700/1024 bases...
2025-10-31 15:02:08,828 |   Found 700/1024 bases...
2025-10-31 15:02:08,828 |   Found 700/1024 bases...
2025-10-31 15:02:08,828 |   Found 700/1024 bases...
2025-10-31 15:02:08,828 |   Found 700/1024 bases...
2025-10-31 15:02:08,828 |   Found 700/1024 bases...
2025-10-31 15:02:08,828 |   Found 700/1024 bases...
2025-10-31 15:02:08,828 |   Found 700/1024 bases...
2025-10-31 15:02:08,828 |   Found 700/1024 bases...
2025-10-31 15:02:08,828 |   Found 700/1024 bases...
2025-10-31 15:02:08,828 |   Found 700/1024 bases...
2025-10-31 15:02:08,828 |   Found 700/1024 bases...
2025-10-31 15:02:08,828 |   Found 700/1024 bases...
2025-10-31 15:02:08,828 |   Found 700/1024 bases...
2025-10-31 15:02:08,828 |   Found 700/1024 bases...
2025-10-31 15:02:08,828 |   Found 700/1024 bases...
2025-10-31 15:02:08,828 |   Found 700/1024 bases...
2025-10-31 15:02:08,828 |   Found 700/1024 bases...
2025-10-31 15:02:08,828 |   Found 700/1024 bases...
2025-10-31 15:02:08,828 |   Found 700/1024 bases...
2025-10-31 15:02:08,828 |   Found 700/1024 bases...
2025-10-31 15:02:08,828 |   Found 700/1024 bases...
2025-10-31 15:02:08,828 |   Found 700/1024 bases...
2025-10-31 15:02:08,828 |   Found 700/1024 bases...
2025-10-31 15:02:08,828 |   Found 700/1024 bases...
2025-10-31 15:02:08,828 |   Found 700/1024 bases...
2025-10-31 15:02:08,828 |   Found 700/1024 bases...
2025-10-31 15:02:08,828 |   Found 700/1024 bases...
2025-10-31 15:02:08,828 |   Found 700/1024 bases...
2025-10-31 15:02:08,828 |   Found 700/1024 bases...
2025-10-31 15:02:08,828 |   Found 700/1024 bases...
2025-10-31 15:02:08,828 |   Found 700/1024 bases...
2025-10-31 15:02:08,828 |   Found 700/1024 bases...
2025-10-31 15:02:08,828 |   Found 700/1024 bases...
2025-10-31 15:02:08,828 |   Found 700/1024 bases...
2025-10-31 15:02:08,828 |   Found 700/1024 bases...
2025-10-31 15:02:08,828 |   Found 700/1024 bases...
2025-10-31 15:02:08,828 |   Found 700/1024 bases...
2025-10-31 15:02:08,828 |   Found 700/1024 bases...
2025-10-31 15:02:08,828 |   Found 700/1024 bases...
2025-10-31 15:02:08,828 |   Found 700/1024 bases...
2025-10-31 15:02:08,828 |   Found 700/1024 bases...
2025-10-31 15:02:08,828 |   Found 700/1024 bases...
2025-10-31 15:02:08,828 |   Found 700/1024 bases...
2025-10-31 15:02:08,828 |   Found 700/1024 bases...
2025-10-31 15:02:08,828 |   Found 700/1024 bases...
2025-10-31 15:02:08,828 |   Found 700/1024 bases...
2025-10-31 15:02:08,828 |   Found 700/1024 bases...
2025-10-31 15:02:08,828 |   Found 700/1024 bases...
2025-10-31 15:02:08,828 |   Found 700/1024 bases...
2025-10-31 15:02:08,828 |   Found 700/1024 bases...
2025-10-31 15:02:08,828 |   Found 700/1024 bases...
2025-10-31 15:02:08,828 |   Found 700/1024 bases...
2025-10-31 15:02:08,828 |   Found 700/1024 bases...
2025-10-31 15:02:08,828 |   Found 700/1024 bases...
2025-10-31 15:02:08,828 |   Found 700/1024 bases...
2025-10-31 15:02:08,828 |   Found 700/1024 bases...
2025-10-31 15:02:08,828 |   Found 700/1024 bases...
2025-10-31 15:02:08,828 |   Found 700/1024 bases...
2025-10-31 15:02:08,828 |   Found 700/1024 bases...
2025-10-31 15:02:08,828 |   Found 700/1024 bases...
2025-10-31 15:02:08,829 |   Found 700/1024 bases...
2025-10-31 15:02:08,829 |   Found 700/1024 bases...
2025-10-31 15:02:08,829 |   Found 700/1024 bases...
2025-10-31 15:02:08,829 |   Found 700/1024 bases...
2025-10-31 15:02:08,829 |   Found 700/1024 bases...
2025-10-31 15:02:08,829 |   Found 700/1024 bases...
2025-10-31 15:02:08,829 |   Found 700/1024 bases...
2025-10-31 15:02:08,829 |   Found 700/1024 bases...
2025-10-31 15:02:08,829 |   Found 700/1024 bases...
2025-10-31 15:02:08,829 |   Found 700/1024 bases...
2025-10-31 15:02:08,829 |   Found 700/1024 bases...
2025-10-31 15:02:08,829 |   Found 700/1024 bases...
2025-10-31 15:02:08,829 |   Found 700/1024 bases...
2025-10-31 15:02:08,829 |   Found 700/1024 bases...
2025-10-31 15:02:08,829 |   Found 700/1024 bases...
2025-10-31 15:02:08,829 |   Found 700/1024 bases...
2025-10-31 15:02:08,829 |   Found 700/1024 bases...
2025-10-31 15:02:08,829 |   Found 700/1024 bases...
2025-10-31 15:02:08,829 |   Found 700/1024 bases...
2025-10-31 15:02:08,829 |   Found 700/1024 bases...
2025-10-31 15:02:08,829 |   Found 700/1024 bases...
2025-10-31 15:02:08,829 |   Found 700/1024 bases...
2025-10-31 15:02:08,829 |   Found 700/1024 bases...
2025-10-31 15:02:08,829 |   Found 700/1024 bases...
2025-10-31 15:02:08,829 |   Found 700/1024 bases...
2025-10-31 15:02:08,829 |   Found 700/1024 bases...
2025-10-31 15:02:08,829 |   Found 700/1024 bases...
2025-10-31 15:02:08,829 |   Found 700/1024 bases...
2025-10-31 15:02:08,829 |   Found 700/1024 bases...
2025-10-31 15:02:08,829 |   Found 700/1024 bases...
2025-10-31 15:02:08,829 |   Found 700/1024 bases...
2025-10-31 15:02:08,829 |   Found 700/1024 bases...
2025-10-31 15:02:08,829 |   Found 700/1024 bases...
2025-10-31 15:02:08,829 |   Found 700/1024 bases...
2025-10-31 15:02:08,829 |   Found 700/1024 bases...
2025-10-31 15:02:08,829 |   Found 700/1024 bases...
2025-10-31 15:02:08,829 |   Found 700/1024 bases...
2025-10-31 15:02:08,829 |   Found 700/1024 bases...
2025-10-31 15:02:08,829 |   Found 700/1024 bases...
2025-10-31 15:02:08,829 |   Found 700/1024 bases...
2025-10-31 15:02:08,829 |   Found 700/1024 bases...
2025-10-31 15:02:08,829 |   Found 700/1024 bases...
2025-10-31 15:02:08,829 |   Found 700/1024 bases...
2025-10-31 15:02:08,829 |   Found 700/1024 bases...
2025-10-31 15:02:08,829 |   Found 700/1024 bases...
2025-10-31 15:02:08,829 |   Found 700/1024 bases...
2025-10-31 15:02:08,829 |   Found 700/1024 bases...
2025-10-31 15:02:08,829 |   Found 700/1024 bases...
2025-10-31 15:02:08,829 |   Found 700/1024 bases...
2025-10-31 15:02:08,829 |   Found 700/1024 bases...
2025-10-31 15:02:08,829 |   Found 700/1024 bases...
2025-10-31 15:02:08,829 |   Found 700/1024 bases...
2025-10-31 15:02:08,829 |   Found 700/1024 bases...
2025-10-31 15:02:08,829 |   Found 700/1024 bases...
2025-10-31 15:02:08,829 |   Found 700/1024 bases...
2025-10-31 15:02:08,829 |   Found 700/1024 bases...
2025-10-31 15:02:08,829 |   Found 700/1024 bases...
2025-10-31 15:02:08,829 |   Found 700/1024 bases...
2025-10-31 15:02:08,829 |   Found 700/1024 bases...
2025-10-31 15:02:08,829 |   Found 700/1024 bases...
2025-10-31 15:02:08,829 |   Found 700/1024 bases...
2025-10-31 15:02:08,829 |   Found 700/1024 bases...
2025-10-31 15:02:08,829 |   Found 700/1024 bases...
2025-10-31 15:02:08,829 |   Found 700/1024 bases...
2025-10-31 15:02:08,829 |   Found 700/1024 bases...
2025-10-31 15:02:08,829 |   Found 700/1024 bases...
2025-10-31 15:02:08,829 |   Found 700/1024 bases...
2025-10-31 15:02:08,829 |   Found 700/1024 bases...
2025-10-31 15:02:08,829 |   Found 700/1024 bases...
2025-10-31 15:02:08,829 |   Found 700/1024 bases...
2025-10-31 15:02:08,829 |   Found 700/1024 bases...
2025-10-31 15:02:08,829 |   Found 700/1024 bases...
2025-10-31 15:02:08,829 |   Found 700/1024 bases...
2025-10-31 15:02:08,829 |   Found 700/1024 bases...
2025-10-31 15:02:08,829 |   Found 700/1024 bases...
2025-10-31 15:02:08,833 |   Found 750/1024 bases...
2025-10-31 15:02:08,833 |   Found 750/1024 bases...
2025-10-31 15:02:08,833 |   Found 750/1024 bases...
2025-10-31 15:02:08,833 |   Found 750/1024 bases...
2025-10-31 15:02:08,833 |   Found 750/1024 bases...
2025-10-31 15:02:08,833 |   Found 750/1024 bases...
2025-10-31 15:02:08,833 |   Found 750/1024 bases...
2025-10-31 15:02:08,833 |   Found 750/1024 bases...
2025-10-31 15:02:08,833 |   Found 750/1024 bases...
2025-10-31 15:02:08,833 |   Found 750/1024 bases...
2025-10-31 15:02:08,833 |   Found 750/1024 bases...
2025-10-31 15:02:08,833 |   Found 750/1024 bases...
2025-10-31 15:02:08,833 |   Found 750/1024 bases...
2025-10-31 15:02:08,833 |   Found 750/1024 bases...
2025-10-31 15:02:08,833 |   Found 750/1024 bases...
2025-10-31 15:02:08,833 |   Found 750/1024 bases...
2025-10-31 15:02:08,833 |   Found 750/1024 bases...
2025-10-31 15:02:08,833 |   Found 750/1024 bases...
2025-10-31 15:02:08,833 |   Found 750/1024 bases...
2025-10-31 15:02:08,833 |   Found 750/1024 bases...
2025-10-31 15:02:08,833 |   Found 750/1024 bases...
2025-10-31 15:02:08,833 |   Found 750/1024 bases...
2025-10-31 15:02:08,833 |   Found 750/1024 bases...
2025-10-31 15:02:08,833 |   Found 750/1024 bases...
2025-10-31 15:02:08,833 |   Found 750/1024 bases...
2025-10-31 15:02:08,833 |   Found 750/1024 bases...
2025-10-31 15:02:08,833 |   Found 750/1024 bases...
2025-10-31 15:02:08,833 |   Found 750/1024 bases...
2025-10-31 15:02:08,833 |   Found 750/1024 bases...
2025-10-31 15:02:08,833 |   Found 750/1024 bases...
2025-10-31 15:02:08,833 |   Found 750/1024 bases...
2025-10-31 15:02:08,833 |   Found 750/1024 bases...
2025-10-31 15:02:08,833 |   Found 750/1024 bases...
2025-10-31 15:02:08,833 |   Found 750/1024 bases...
2025-10-31 15:02:08,833 |   Found 750/1024 bases...
2025-10-31 15:02:08,833 |   Found 750/1024 bases...
2025-10-31 15:02:08,833 |   Found 750/1024 bases...
2025-10-31 15:02:08,833 |   Found 750/1024 bases...
2025-10-31 15:02:08,833 |   Found 750/1024 bases...
2025-10-31 15:02:08,833 |   Found 750/1024 bases...
2025-10-31 15:02:08,833 |   Found 750/1024 bases...
2025-10-31 15:02:08,833 |   Found 750/1024 bases...
2025-10-31 15:02:08,833 |   Found 750/1024 bases...
2025-10-31 15:02:08,833 |   Found 750/1024 bases...
2025-10-31 15:02:08,833 |   Found 750/1024 bases...
2025-10-31 15:02:08,833 |   Found 750/1024 bases...
2025-10-31 15:02:08,833 |   Found 750/1024 bases...
2025-10-31 15:02:08,833 |   Found 750/1024 bases...
2025-10-31 15:02:08,833 |   Found 750/1024 bases...
2025-10-31 15:02:08,833 |   Found 750/1024 bases...
2025-10-31 15:02:08,833 |   Found 750/1024 bases...
2025-10-31 15:02:08,833 |   Found 750/1024 bases...
2025-10-31 15:02:08,833 |   Found 750/1024 bases...
2025-10-31 15:02:08,833 |   Found 750/1024 bases...
2025-10-31 15:02:08,833 |   Found 750/1024 bases...
2025-10-31 15:02:08,833 |   Found 750/1024 bases...
2025-10-31 15:02:08,833 |   Found 750/1024 bases...
2025-10-31 15:02:08,833 |   Found 750/1024 bases...
2025-10-31 15:02:08,833 |   Found 750/1024 bases...
2025-10-31 15:02:08,833 |   Found 750/1024 bases...
2025-10-31 15:02:08,833 |   Found 750/1024 bases...
2025-10-31 15:02:08,833 |   Found 750/1024 bases...
2025-10-31 15:02:08,833 |   Found 750/1024 bases...
2025-10-31 15:02:08,833 |   Found 750/1024 bases...
2025-10-31 15:02:08,836 |   Found 800/1024 bases...
2025-10-31 15:02:08,837 |   Found 800/1024 bases...
2025-10-31 15:02:08,837 |   Found 800/1024 bases...
2025-10-31 15:02:08,837 |   Found 800/1024 bases...
2025-10-31 15:02:08,837 |   Found 800/1024 bases...
2025-10-31 15:02:08,837 |   Found 800/1024 bases...
2025-10-31 15:02:08,837 |   Found 800/1024 bases...
2025-10-31 15:02:08,837 |   Found 800/1024 bases...
2025-10-31 15:02:08,837 |   Found 800/1024 bases...
2025-10-31 15:02:08,837 |   Found 800/1024 bases...
2025-10-31 15:02:08,837 |   Found 800/1024 bases...
2025-10-31 15:02:08,837 |   Found 800/1024 bases...
2025-10-31 15:02:08,837 |   Found 800/1024 bases...
2025-10-31 15:02:08,837 |   Found 800/1024 bases...
2025-10-31 15:02:08,837 |   Found 800/1024 bases...
2025-10-31 15:02:08,837 |   Found 800/1024 bases...
2025-10-31 15:02:08,837 |   Found 800/1024 bases...
2025-10-31 15:02:08,837 |   Found 800/1024 bases...
2025-10-31 15:02:08,837 |   Found 800/1024 bases...
2025-10-31 15:02:08,837 |   Found 800/1024 bases...
2025-10-31 15:02:08,837 |   Found 800/1024 bases...
2025-10-31 15:02:08,837 |   Found 800/1024 bases...
2025-10-31 15:02:08,840 |   Found 850/1024 bases...
2025-10-31 15:02:08,840 |   Found 850/1024 bases...
2025-10-31 15:02:08,840 |   Found 850/1024 bases...
2025-10-31 15:02:08,840 |   Found 850/1024 bases...
2025-10-31 15:02:08,840 |   Found 850/1024 bases...
2025-10-31 15:02:08,840 |   Found 850/1024 bases...
2025-10-31 15:02:08,840 |   Found 850/1024 bases...
2025-10-31 15:02:08,840 |   Found 850/1024 bases...
2025-10-31 15:02:08,840 |   Found 850/1024 bases...
2025-10-31 15:02:08,840 |   Found 850/1024 bases...
2025-10-31 15:02:08,840 |   Found 850/1024 bases...
2025-10-31 15:02:08,840 |   Found 850/1024 bases...
2025-10-31 15:02:08,840 |   Found 850/1024 bases...
2025-10-31 15:02:08,840 |   Found 850/1024 bases...
2025-10-31 15:02:08,840 |   Found 850/1024 bases...
2025-10-31 15:02:08,840 |   Found 850/1024 bases...
2025-10-31 15:02:08,840 |   Found 850/1024 bases...
2025-10-31 15:02:08,844 |   Found 900/1024 bases...
2025-10-31 15:02:08,844 |   Found 900/1024 bases...
2025-10-31 15:02:08,844 |   Found 900/1024 bases...
2025-10-31 15:02:08,844 |   Found 900/1024 bases...
2025-10-31 15:02:08,847 |   Found 950/1024 bases...
2025-10-31 15:02:08,847 |   Found 950/1024 bases...
2025-10-31 15:02:08,847 |   Found 950/1024 bases...
2025-10-31 15:02:08,847 |   Found 950/1024 bases...
2025-10-31 15:02:08,847 |   Found 950/1024 bases...
2025-10-31 15:02:08,847 |   Found 950/1024 bases...
2025-10-31 15:02:08,847 |   Found 950/1024 bases...
2025-10-31 15:02:08,849 |   Found 1000/1024 bases...
2025-10-31 15:02:08,849 |   Found 1000/1024 bases...
2025-10-31 15:02:08,849 |   Found 1000/1024 bases...
2025-10-31 15:02:08,849 |   Found 1000/1024 bases...
2025-10-31 15:02:08,851 |   Found 1024 bases
2025-10-31 15:02:08,851 | 
============================================================
2025-10-31 15:02:08,851 | Testing M = 128
2025-10-31 15:02:08,851 | ============================================================
2025-10-31 15:02:23,277 |   [5/90] Trial 5/30 | R̄=0.120737 (error: 10.79%) | Elapsed: 0.2m | ETA: 3.3m
2025-10-31 15:02:37,626 |   [10/90] Trial 10/30 | R̄=0.133925 (error: 1.04%) | Elapsed: 0.4m | ETA: 3.5m
2025-10-31 15:02:51,964 |   [15/90] Trial 15/30 | R̄=0.132167 (error: 2.34%) | Elapsed: 0.7m | ETA: 3.4m
2025-10-31 15:03:06,260 |   [20/90] Trial 20/30 | R̄=0.127992 (error: 5.43%) | Elapsed: 0.9m | ETA: 3.2m
2025-10-31 15:03:20,538 |   [25/90] Trial 25/30 | R̄=0.127615 (error: 5.70%) | Elapsed: 1.1m | ETA: 3.0m
2025-10-31 15:03:34,814 |   [30/90] Trial 30/30 | R̄=0.124071 (error: 8.32%) | Elapsed: 1.4m | ETA: 2.8m
2025-10-31 15:03:34,814 | 
  M=128 → R̄ = 0.124071 ± 0.053060
2025-10-31 15:03:34,814 |   Δ from exp(-2): -0.011264 (+8.32%)
2025-10-31 15:03:34,814 | 
============================================================
2025-10-31 15:03:34,814 | Testing M = 256
2025-10-31 15:03:34,814 | ============================================================
2025-10-31 15:04:03,731 |   [35/90] Trial 5/30 | R̄=0.111338 (error: 17.73%) | Elapsed: 1.8m | ETA: 2.9m
2025-10-31 15:04:32,565 |   [40/90] Trial 10/30 | R̄=0.102871 (error: 23.99%) | Elapsed: 2.3m | ETA: 2.9m
2025-10-31 15:05:01,328 |   [45/90] Trial 15/30 | R̄=0.111855 (error: 17.35%) | Elapsed: 2.8m | ETA: 2.8m
2025-10-31 15:05:30,148 |   [50/90] Trial 20/30 | R̄=0.106802 (error: 21.08%) | Elapsed: 3.3m | ETA: 2.6m
2025-10-31 15:05:58,975 |   [55/90] Trial 25/30 | R̄=0.112692 (error: 16.73%) | Elapsed: 3.7m | ETA: 2.4m
2025-10-31 15:06:27,830 |   [60/90] Trial 30/30 | R̄=0.110857 (error: 18.09%) | Elapsed: 4.2m | ETA: 2.1m
2025-10-31 15:06:27,830 | 
  M=256 → R̄ = 0.110857 ± 0.036245
2025-10-31 15:06:27,830 |   Δ from exp(-2): -0.024478 (+18.09%)
2025-10-31 15:06:27,830 | 
============================================================
2025-10-31 15:06:27,830 | Testing M = 512
2025-10-31 15:06:27,830 | ============================================================
2025-10-31 15:07:25,663 |   [65/90] Trial 5/30 | R̄=0.115451 (error: 14.69%) | Elapsed: 5.1m | ETA: 2.0m
2025-10-31 15:08:23,411 |   [70/90] Trial 10/30 | R̄=0.105274 (error: 22.21%) | Elapsed: 6.1m | ETA: 1.7m
2025-10-31 15:09:21,383 |   [75/90] Trial 15/30 | R̄=0.105297 (error: 22.20%) | Elapsed: 7.0m | ETA: 1.4m
2025-10-31 15:10:19,282 |   [80/90] Trial 20/30 | R̄=0.106020 (error: 21.66%) | Elapsed: 8.0m | ETA: 1.0m
2025-10-31 15:11:17,165 |   [85/90] Trial 25/30 | R̄=0.105867 (error: 21.77%) | Elapsed: 8.9m | ETA: 0.5m
2025-10-31 15:12:15,140 |   [90/90] Trial 30/30 | R̄=0.105171 (error: 22.29%) | Elapsed: 9.9m | ETA: 0.0m
2025-10-31 15:12:15,140 | 
  M=512 → R̄ = 0.105171 ± 0.025364
2025-10-31 15:12:15,140 |   Δ from exp(-2): -0.030165 (+22.29%)
2025-10-31 15:12:15,143 | 
Elapsed: 606.4s (10.1m)
2025-10-31 15:12:15,144 | Data: ../../Data/Experiments/Tier6/T6A1b/T6A1b_exp_minus_2_results.json
2025-10-31 15:12:15,710 | 
Figure: ../../Figures/experiments/Tier6/T6A1b/T6A1b_exp_minus_2_validation.png
2025-10-31 15:12:15,710 | 
2025-10-31 15:12:15,710 | ======================================================================
2025-10-31 15:12:15,710 | T6-A1b COMPLETE!
2025-10-31 15:12:15,710 | ======================================================================
2025-10-31 15:12:15,710 | exp(-2) = 0.1353352832
2025-10-31 15:12:15,710 | M=512  → R̄ = 0.1051705157
2025-10-31 15:12:15,710 | Error: 22.289%
2025-10-31 15:12:15,710 | Convergence: R̄(M) = exp(-2) + 5711.13/M^70.54
2025-10-31 15:12:15,710 | Verdict: PARTIAL SUPPORT
2025-10-31 15:12:15,710 | ======================================================================
