2025-10-31 16:56:31,514 | ======================================================================
2025-10-31 16:56:31,514 | T6-A1b: exp(-2) Convergence Validation (GPU)
2025-10-31 16:56:31,514 | ======================================================================
2025-10-31 16:56:31,514 | Log: ../../Data/Experiments/Tier6/T6A1b/T6A1b_gpu_20251031_165631.log
2025-10-31 16:56:31,517 | GPU: NVIDIA GB10 (CC 121)
2025-10-31 16:56:31,517 | Starting exp(-2) convergence validation...
2025-10-31 16:56:31,517 | System: N=12289, r=3072, ρ=0.249980
2025-10-31 16:56:31,517 | Aggregator: topk, topk=32, p=2.0, perc=None
2025-10-31 16:56:31,517 | 
2025-10-31 16:56:31,517 | OBJECTIVE: Validate R̄ → exp(-2) = 0.1353352832... as M → ∞
2025-10-31 16:56:31,517 | 
2025-10-31 16:56:31,517 | Configuration:
2025-10-31 16:56:31,517 |   N: 12289
2025-10-31 16:56:31,517 |   r_target: 3072
2025-10-31 16:56:31,517 |   ρ: 0.2500
2025-10-31 16:56:31,517 |   M values: [128, 256, 512]
2025-10-31 16:56:31,517 |   L: 24576 (L/r = 8), trials: 30
2025-10-31 16:56:31,517 |   Noise σ: 0.0
2025-10-31 16:56:31,517 |   Aggregator: topk, topk=32, p=2.0
2025-10-31 16:56:31,517 |   Target: exp(-2) = 0.1353352832
2025-10-31 16:56:31,517 | 
2025-10-31 16:56:31,517 | Finding 1024 bases with order 3072...
2025-10-31 16:56:31,517 |   Primitive root g=11, h=(N-1)/r=4
2025-10-31 16:56:31,517 |   Using deterministic primitive root construction...
2025-10-31 16:56:31,519 |   Found 1024 bases
2025-10-31 16:56:31,519 |   First 10 bases: [9207, 2888, 8504, 4672, 2250, 2802, 754, 10122, 3311, 4622]
2025-10-31 16:56:31,519 |   Verification: These should be of form g^(h*t) mod N where gcd(t,r)=1
2025-10-31 16:56:31,519 | 
============================================================
2025-10-31 16:56:31,519 | Testing M = 128
2025-10-31 16:56:31,519 | ============================================================
2025-10-31 16:56:34,645 |     R̄: Ungated=0.095090 | Top-32=0.121938 | Weighted(p=2.0)=0.094827 | corr(mag,R)=-0.062 | RETURNING=Top-32=0.121938
2025-10-31 16:56:37,719 |     R̄: Ungated=0.096457 | Top-32=0.127193 | Weighted(p=2.0)=0.098904 | corr(mag,R)=0.295 | RETURNING=Top-32=0.127193
2025-10-31 16:56:40,775 |     R̄: Ungated=0.090612 | Top-32=0.117324 | Weighted(p=2.0)=0.094406 | corr(mag,R)=0.571 | RETURNING=Top-32=0.117324
2025-10-31 16:56:43,838 |     R̄: Ungated=0.096494 | Top-32=0.123558 | Weighted(p=2.0)=0.098284 | corr(mag,R)=0.265 | RETURNING=Top-32=0.123558
2025-10-31 16:56:46,913 |     R̄: Ungated=0.105387 | Top-32=0.135302 | Weighted(p=2.0)=0.108155 | corr(mag,R)=0.510 | RETURNING=Top-32=0.135302
2025-10-31 16:56:46,938 |   [5/90] Trial 5/30 | R̄=0.125063 (error: 7.59%) | Elapsed: 0.2m | ETA: 3.5m
2025-10-31 16:56:49,969 |     R̄: Ungated=0.094322 | Top-32=0.125504 | Weighted(p=2.0)=0.097013 | corr(mag,R)=0.383 | RETURNING=Top-32=0.125504
2025-10-31 16:56:53,025 |     R̄: Ungated=0.101226 | Top-32=0.127606 | Weighted(p=2.0)=0.101831 | corr(mag,R)=0.095 | RETURNING=Top-32=0.127606
2025-10-31 16:56:56,099 |     R̄: Ungated=0.093630 | Top-32=0.122798 | Weighted(p=2.0)=0.096546 | corr(mag,R)=0.487 | RETURNING=Top-32=0.122798
2025-10-31 16:56:59,160 |     R̄: Ungated=0.090121 | Top-32=0.118107 | Weighted(p=2.0)=0.091234 | corr(mag,R)=0.198 | RETURNING=Top-32=0.118107
2025-10-31 16:57:02,223 |     R̄: Ungated=0.093288 | Top-32=0.120443 | Weighted(p=2.0)=0.093747 | corr(mag,R)=0.067 | RETURNING=Top-32=0.120443
2025-10-31 16:57:02,248 |   [10/90] Trial 10/30 | R̄=0.123977 (error: 8.39%) | Elapsed: 0.5m | ETA: 3.7m
2025-10-31 16:57:05,255 |     R̄: Ungated=0.101023 | Top-32=0.131945 | Weighted(p=2.0)=0.103087 | corr(mag,R)=0.250 | RETURNING=Top-32=0.131945
2025-10-31 16:57:08,318 |     R̄: Ungated=0.099751 | Top-32=0.130531 | Weighted(p=2.0)=0.101104 | corr(mag,R)=0.158 | RETURNING=Top-32=0.130531
2025-10-31 16:57:11,378 |     R̄: Ungated=0.088851 | Top-32=0.113489 | Weighted(p=2.0)=0.090215 | corr(mag,R)=0.212 | RETURNING=Top-32=0.113489
2025-10-31 16:57:14,446 |     R̄: Ungated=0.099712 | Top-32=0.134435 | Weighted(p=2.0)=0.101973 | corr(mag,R)=0.291 | RETURNING=Top-32=0.134435
2025-10-31 16:57:17,516 |     R̄: Ungated=0.084088 | Top-32=0.110593 | Weighted(p=2.0)=0.085613 | corr(mag,R)=0.254 | RETURNING=Top-32=0.110593
2025-10-31 16:57:17,540 |   [15/90] Trial 15/30 | R̄=0.124051 (error: 8.34%) | Elapsed: 0.7m | ETA: 3.6m
2025-10-31 16:57:20,588 |     R̄: Ungated=0.085274 | Top-32=0.110870 | Weighted(p=2.0)=0.085947 | corr(mag,R)=0.113 | RETURNING=Top-32=0.110870
2025-10-31 16:57:23,643 |     R̄: Ungated=0.107569 | Top-32=0.135942 | Weighted(p=2.0)=0.108960 | corr(mag,R)=0.188 | RETURNING=Top-32=0.135942
2025-10-31 16:57:26,699 |     R̄: Ungated=0.096872 | Top-32=0.128186 | Weighted(p=2.0)=0.097911 | corr(mag,R)=0.165 | RETURNING=Top-32=0.128186
2025-10-31 16:57:29,772 |     R̄: Ungated=0.096461 | Top-32=0.123534 | Weighted(p=2.0)=0.097245 | corr(mag,R)=0.109 | RETURNING=Top-32=0.123534
2025-10-31 16:57:32,840 |     R̄: Ungated=0.100972 | Top-32=0.133427 | Weighted(p=2.0)=0.102090 | corr(mag,R)=0.138 | RETURNING=Top-32=0.133427
2025-10-31 16:57:32,864 |   [20/90] Trial 20/30 | R̄=0.124636 (error: 7.91%) | Elapsed: 1.0m | ETA: 3.4m
2025-10-31 16:57:35,914 |     R̄: Ungated=0.083596 | Top-32=0.109612 | Weighted(p=2.0)=0.084343 | corr(mag,R)=0.144 | RETURNING=Top-32=0.109612
2025-10-31 16:57:39,042 |     R̄: Ungated=0.094361 | Top-32=0.122588 | Weighted(p=2.0)=0.095703 | corr(mag,R)=0.238 | RETURNING=Top-32=0.122588
2025-10-31 16:57:42,099 |     R̄: Ungated=0.109329 | Top-32=0.141746 | Weighted(p=2.0)=0.110943 | corr(mag,R)=0.248 | RETURNING=Top-32=0.141746
2025-10-31 16:57:45,148 |     R̄: Ungated=0.093235 | Top-32=0.122716 | Weighted(p=2.0)=0.094067 | corr(mag,R)=0.146 | RETURNING=Top-32=0.122716
2025-10-31 16:57:48,198 |     R̄: Ungated=0.103774 | Top-32=0.134382 | Weighted(p=2.0)=0.104463 | corr(mag,R)=0.105 | RETURNING=Top-32=0.134382
2025-10-31 16:57:48,222 |   [25/90] Trial 25/30 | R̄=0.124951 (error: 7.67%) | Elapsed: 1.2m | ETA: 3.2m
2025-10-31 16:57:51,249 |     R̄: Ungated=0.102686 | Top-32=0.131070 | Weighted(p=2.0)=0.104184 | corr(mag,R)=0.207 | RETURNING=Top-32=0.131070
2025-10-31 16:57:54,247 |     R̄: Ungated=0.093914 | Top-32=0.126126 | Weighted(p=2.0)=0.096350 | corr(mag,R)=0.297 | RETURNING=Top-32=0.126126
2025-10-31 16:57:57,380 |     R̄: Ungated=0.089714 | Top-32=0.122043 | Weighted(p=2.0)=0.091589 | corr(mag,R)=0.284 | RETURNING=Top-32=0.122043
2025-10-31 16:58:00,433 |     R̄: Ungated=0.100133 | Top-32=0.133203 | Weighted(p=2.0)=0.102375 | corr(mag,R)=0.233 | RETURNING=Top-32=0.133203
2025-10-31 16:58:03,491 |     R̄: Ungated=0.100084 | Top-32=0.128043 | Weighted(p=2.0)=0.102463 | corr(mag,R)=0.315 | RETURNING=Top-32=0.128043
2025-10-31 16:58:03,515 |   [30/90] Trial 30/30 | R̄=0.125475 (error: 7.29%) | Elapsed: 1.5m | ETA: 3.0m
2025-10-31 16:58:03,515 | 
  M=128 → R̄ = 0.125475 ± 0.007969
2025-10-31 16:58:03,515 |   Δ from exp(-2): -0.009860 (+7.29%)
2025-10-31 16:58:03,515 | 
============================================================
2025-10-31 16:58:03,515 | Testing M = 256
2025-10-31 16:58:03,515 | ============================================================
2025-10-31 16:58:09,543 |     R̄: Ungated=0.076917 | Top-32=0.104141 | Weighted(p=2.0)=0.078645 | corr(mag,R)=0.280 | RETURNING=Top-32=0.104141
2025-10-31 16:58:15,736 |     R̄: Ungated=0.074386 | Top-32=0.101570 | Weighted(p=2.0)=0.076249 | corr(mag,R)=0.334 | RETURNING=Top-32=0.101570
2025-10-31 16:58:21,787 |     R̄: Ungated=0.076001 | Top-32=0.101520 | Weighted(p=2.0)=0.077416 | corr(mag,R)=0.199 | RETURNING=Top-32=0.101520
2025-10-31 16:58:27,978 |     R̄: Ungated=0.069900 | Top-32=0.091668 | Weighted(p=2.0)=0.071039 | corr(mag,R)=0.234 | RETURNING=Top-32=0.091668
2025-10-31 16:58:34,026 |     R̄: Ungated=0.075484 | Top-32=0.100997 | Weighted(p=2.0)=0.077047 | corr(mag,R)=0.300 | RETURNING=Top-32=0.100997
2025-10-31 16:58:34,082 |   [35/90] Trial 5/30 | R̄=0.099979 (error: 26.12%) | Elapsed: 1.9m | ETA: 3.1m
2025-10-31 16:58:40,168 |     R̄: Ungated=0.074386 | Top-32=0.100349 | Weighted(p=2.0)=0.076124 | corr(mag,R)=0.343 | RETURNING=Top-32=0.100349
2025-10-31 16:58:46,309 |     R̄: Ungated=0.072496 | Top-32=0.097781 | Weighted(p=2.0)=0.075059 | corr(mag,R)=0.452 | RETURNING=Top-32=0.097781
2025-10-31 16:58:52,359 |     R̄: Ungated=0.082302 | Top-32=0.109110 | Weighted(p=2.0)=0.084315 | corr(mag,R)=0.344 | RETURNING=Top-32=0.109110
2025-10-31 16:58:58,381 |     R̄: Ungated=0.072501 | Top-32=0.094766 | Weighted(p=2.0)=0.075065 | corr(mag,R)=0.496 | RETURNING=Top-32=0.094766
2025-10-31 16:59:04,558 |     R̄: Ungated=0.079223 | Top-32=0.103446 | Weighted(p=2.0)=0.082209 | corr(mag,R)=0.466 | RETURNING=Top-32=0.103446
2025-10-31 16:59:04,606 |   [40/90] Trial 10/30 | R̄=0.100535 (error: 25.71%) | Elapsed: 2.4m | ETA: 3.1m
2025-10-31 16:59:10,581 |     R̄: Ungated=0.077885 | Top-32=0.099648 | Weighted(p=2.0)=0.080186 | corr(mag,R)=0.571 | RETURNING=Top-32=0.099648
2025-10-31 16:59:16,624 |     R̄: Ungated=0.085649 | Top-32=0.113273 | Weighted(p=2.0)=0.088331 | corr(mag,R)=0.449 | RETURNING=Top-32=0.113273
2025-10-31 16:59:22,786 |     R̄: Ungated=0.083389 | Top-32=0.108178 | Weighted(p=2.0)=0.085698 | corr(mag,R)=0.427 | RETURNING=Top-32=0.108178
2025-10-31 16:59:28,841 |     R̄: Ungated=0.075333 | Top-32=0.101906 | Weighted(p=2.0)=0.077107 | corr(mag,R)=0.351 | RETURNING=Top-32=0.101906
2025-10-31 16:59:34,977 |     R̄: Ungated=0.065286 | Top-32=0.087518 | Weighted(p=2.0)=0.066320 | corr(mag,R)=0.239 | RETURNING=Top-32=0.087518
2025-10-31 16:59:35,025 |   [45/90] Trial 15/30 | R̄=0.101058 (error: 25.33%) | Elapsed: 3.0m | ETA: 3.0m
2025-10-31 16:59:41,011 |     R̄: Ungated=0.069472 | Top-32=0.094045 | Weighted(p=2.0)=0.071346 | corr(mag,R)=0.323 | RETURNING=Top-32=0.094045
2025-10-31 16:59:47,060 |     R̄: Ungated=0.082815 | Top-32=0.107318 | Weighted(p=2.0)=0.085693 | corr(mag,R)=0.511 | RETURNING=Top-32=0.107318
2025-10-31 16:59:53,126 |     R̄: Ungated=0.082268 | Top-32=0.105759 | Weighted(p=2.0)=0.083659 | corr(mag,R)=0.280 | RETURNING=Top-32=0.105759
2025-10-31 16:59:59,157 |     R̄: Ungated=0.070722 | Top-32=0.090000 | Weighted(p=2.0)=0.072880 | corr(mag,R)=0.435 | RETURNING=Top-32=0.090000
2025-10-31 17:00:05,322 |     R̄: Ungated=0.079664 | Top-32=0.103157 | Weighted(p=2.0)=0.080741 | corr(mag,R)=0.193 | RETURNING=Top-32=0.103157
2025-10-31 17:00:05,367 |   [50/90] Trial 20/30 | R̄=0.100808 (error: 25.51%) | Elapsed: 3.5m | ETA: 2.8m
2025-10-31 17:00:11,383 |     R̄: Ungated=0.078395 | Top-32=0.103043 | Weighted(p=2.0)=0.079952 | corr(mag,R)=0.383 | RETURNING=Top-32=0.103043
2025-10-31 17:00:17,523 |     R̄: Ungated=0.072629 | Top-32=0.094014 | Weighted(p=2.0)=0.074952 | corr(mag,R)=0.477 | RETURNING=Top-32=0.094014
2025-10-31 17:00:23,683 |     R̄: Ungated=0.074926 | Top-32=0.100427 | Weighted(p=2.0)=0.076810 | corr(mag,R)=0.359 | RETURNING=Top-32=0.100427
2025-10-31 17:00:29,711 |     R̄: Ungated=0.071994 | Top-32=0.092997 | Weighted(p=2.0)=0.074688 | corr(mag,R)=0.574 | RETURNING=Top-32=0.092997
2025-10-31 17:00:35,791 |     R̄: Ungated=0.071397 | Top-32=0.095525 | Weighted(p=2.0)=0.073135 | corr(mag,R)=0.295 | RETURNING=Top-32=0.095525
2025-10-31 17:00:35,836 |   [55/90] Trial 25/30 | R̄=0.100086 (error: 26.05%) | Elapsed: 4.0m | ETA: 2.5m
2025-10-31 17:00:41,828 |     R̄: Ungated=0.072852 | Top-32=0.097664 | Weighted(p=2.0)=0.074530 | corr(mag,R)=0.301 | RETURNING=Top-32=0.097664
2025-10-31 17:00:47,955 |     R̄: Ungated=0.074378 | Top-32=0.099266 | Weighted(p=2.0)=0.075508 | corr(mag,R)=0.216 | RETURNING=Top-32=0.099266
2025-10-31 17:00:54,042 |     R̄: Ungated=0.082598 | Top-32=0.109719 | Weighted(p=2.0)=0.085125 | corr(mag,R)=0.490 | RETURNING=Top-32=0.109719
2025-10-31 17:01:00,061 |     R̄: Ungated=0.070237 | Top-32=0.096785 | Weighted(p=2.0)=0.072219 | corr(mag,R)=0.430 | RETURNING=Top-32=0.096785
2025-10-31 17:01:06,077 |     R̄: Ungated=0.087875 | Top-32=0.114313 | Weighted(p=2.0)=0.090406 | corr(mag,R)=0.454 | RETURNING=Top-32=0.114313
2025-10-31 17:01:06,122 |   [60/90] Trial 30/30 | R̄=0.100664 (error: 25.62%) | Elapsed: 4.5m | ETA: 2.2m
2025-10-31 17:01:06,122 | 
  M=256 → R̄ = 0.100664 ± 0.006509
2025-10-31 17:01:06,122 |   Δ from exp(-2): -0.034672 (+25.62%)
2025-10-31 17:01:06,122 | 
============================================================
2025-10-31 17:01:06,122 | Testing M = 512
2025-10-31 17:01:06,122 | ============================================================
2025-10-31 17:01:18,138 |     R̄: Ungated=0.061061 | Top-32=0.081942 | Weighted(p=2.0)=0.063565 | corr(mag,R)=0.512 | RETURNING=Top-32=0.081942
2025-10-31 17:01:30,109 |     R̄: Ungated=0.061932 | Top-32=0.082747 | Weighted(p=2.0)=0.064765 | corr(mag,R)=0.600 | RETURNING=Top-32=0.082747
2025-10-31 17:01:42,078 |     R̄: Ungated=0.065433 | Top-32=0.085565 | Weighted(p=2.0)=0.067588 | corr(mag,R)=0.461 | RETURNING=Top-32=0.085565
2025-10-31 17:01:54,044 |     R̄: Ungated=0.064402 | Top-32=0.084637 | Weighted(p=2.0)=0.065798 | corr(mag,R)=0.352 | RETURNING=Top-32=0.084637
2025-10-31 17:02:06,053 |     R̄: Ungated=0.063866 | Top-32=0.087473 | Weighted(p=2.0)=0.066026 | corr(mag,R)=0.449 | RETURNING=Top-32=0.087473
2025-10-31 17:02:06,152 |   [65/90] Trial 5/30 | R̄=0.084473 (error: 37.58%) | Elapsed: 5.4m | ETA: 2.1m
2025-10-31 17:02:18,041 |     R̄: Ungated=0.056845 | Top-32=0.077344 | Weighted(p=2.0)=0.058764 | corr(mag,R)=0.424 | RETURNING=Top-32=0.077344
2025-10-31 17:02:30,012 |     R̄: Ungated=0.066911 | Top-32=0.089402 | Weighted(p=2.0)=0.068328 | corr(mag,R)=0.302 | RETURNING=Top-32=0.089402
2025-10-31 17:02:41,927 |     R̄: Ungated=0.060154 | Top-32=0.082160 | Weighted(p=2.0)=0.061621 | corr(mag,R)=0.312 | RETURNING=Top-32=0.082160
2025-10-31 17:02:54,184 |     R̄: Ungated=0.068905 | Top-32=0.093043 | Weighted(p=2.0)=0.070622 | corr(mag,R)=0.370 | RETURNING=Top-32=0.093043
2025-10-31 17:03:06,167 |     R̄: Ungated=0.064145 | Top-32=0.085586 | Weighted(p=2.0)=0.066119 | corr(mag,R)=0.419 | RETURNING=Top-32=0.085586
2025-10-31 17:03:06,266 |   [70/90] Trial 10/30 | R̄=0.084990 (error: 37.20%) | Elapsed: 6.4m | ETA: 1.8m
2025-10-31 17:03:18,152 |     R̄: Ungated=0.059367 | Top-32=0.081292 | Weighted(p=2.0)=0.061715 | corr(mag,R)=0.506 | RETURNING=Top-32=0.081292
2025-10-31 17:03:30,119 |     R̄: Ungated=0.059678 | Top-32=0.078856 | Weighted(p=2.0)=0.061597 | corr(mag,R)=0.467 | RETURNING=Top-32=0.078856
2025-10-31 17:03:42,078 |     R̄: Ungated=0.064278 | Top-32=0.088693 | Weighted(p=2.0)=0.067275 | corr(mag,R)=0.567 | RETURNING=Top-32=0.088693
2025-10-31 17:03:54,048 |     R̄: Ungated=0.065374 | Top-32=0.085488 | Weighted(p=2.0)=0.067500 | corr(mag,R)=0.476 | RETURNING=Top-32=0.085488
2025-10-31 17:04:06,050 |     R̄: Ungated=0.064357 | Top-32=0.085514 | Weighted(p=2.0)=0.066257 | corr(mag,R)=0.409 | RETURNING=Top-32=0.085514
2025-10-31 17:04:06,148 |   [75/90] Trial 15/30 | R̄=0.084649 (error: 37.45%) | Elapsed: 7.4m | ETA: 1.5m
2025-10-31 17:04:18,050 |     R̄: Ungated=0.062124 | Top-32=0.085343 | Weighted(p=2.0)=0.064378 | corr(mag,R)=0.475 | RETURNING=Top-32=0.085343
2025-10-31 17:04:30,016 |     R̄: Ungated=0.057666 | Top-32=0.079907 | Weighted(p=2.0)=0.060132 | corr(mag,R)=0.492 | RETURNING=Top-32=0.079907
2025-10-31 17:04:41,988 |     R̄: Ungated=0.061155 | Top-32=0.084658 | Weighted(p=2.0)=0.063556 | corr(mag,R)=0.509 | RETURNING=Top-32=0.084658
2025-10-31 17:04:53,960 |     R̄: Ungated=0.061688 | Top-32=0.084095 | Weighted(p=2.0)=0.063804 | corr(mag,R)=0.434 | RETURNING=Top-32=0.084095
2025-10-31 17:05:05,922 |     R̄: Ungated=0.059677 | Top-32=0.083590 | Weighted(p=2.0)=0.061486 | corr(mag,R)=0.378 | RETURNING=Top-32=0.083590
2025-10-31 17:05:06,020 |   [80/90] Trial 20/30 | R̄=0.084367 (error: 37.66%) | Elapsed: 8.4m | ETA: 1.0m
2025-10-31 17:05:17,869 |     R̄: Ungated=0.062696 | Top-32=0.087003 | Weighted(p=2.0)=0.065025 | corr(mag,R)=0.497 | RETURNING=Top-32=0.087003
2025-10-31 17:05:29,828 |     R̄: Ungated=0.061444 | Top-32=0.083196 | Weighted(p=2.0)=0.063213 | corr(mag,R)=0.378 | RETURNING=Top-32=0.083196
2025-10-31 17:05:42,097 |     R̄: Ungated=0.058121 | Top-32=0.078448 | Weighted(p=2.0)=0.060308 | corr(mag,R)=0.509 | RETURNING=Top-32=0.078448
2025-10-31 17:05:54,025 |     R̄: Ungated=0.056297 | Top-32=0.076020 | Weighted(p=2.0)=0.057999 | corr(mag,R)=0.397 | RETURNING=Top-32=0.076020
2025-10-31 17:06:05,998 |     R̄: Ungated=0.062413 | Top-32=0.084894 | Weighted(p=2.0)=0.064800 | corr(mag,R)=0.466 | RETURNING=Top-32=0.084894
2025-10-31 17:06:06,095 |   [85/90] Trial 25/30 | R̄=0.083876 (error: 38.02%) | Elapsed: 9.4m | ETA: 0.6m
2025-10-31 17:06:17,956 |     R̄: Ungated=0.060065 | Top-32=0.082282 | Weighted(p=2.0)=0.062678 | corr(mag,R)=0.545 | RETURNING=Top-32=0.082282
2025-10-31 17:06:29,899 |     R̄: Ungated=0.057347 | Top-32=0.079362 | Weighted(p=2.0)=0.059776 | corr(mag,R)=0.487 | RETURNING=Top-32=0.079362
2025-10-31 17:06:41,879 |     R̄: Ungated=0.062841 | Top-32=0.083927 | Weighted(p=2.0)=0.065107 | corr(mag,R)=0.499 | RETURNING=Top-32=0.083927
2025-10-31 17:06:53,894 |     R̄: Ungated=0.062867 | Top-32=0.084983 | Weighted(p=2.0)=0.064713 | corr(mag,R)=0.391 | RETURNING=Top-32=0.084983
2025-10-31 17:07:05,857 |     R̄: Ungated=0.064795 | Top-32=0.087771 | Weighted(p=2.0)=0.066296 | corr(mag,R)=0.310 | RETURNING=Top-32=0.087771
2025-10-31 17:07:05,955 |   [90/90] Trial 30/30 | R̄=0.083841 (error: 38.05%) | Elapsed: 10.4m | ETA: 0.0m
2025-10-31 17:07:05,955 | 
  M=512 → R̄ = 0.083841 ± 0.003675
2025-10-31 17:07:05,955 |   Δ from exp(-2): -0.051495 (+38.05%)
2025-10-31 17:07:05,955 | 
Elapsed: 634.4s (10.6m)
2025-10-31 17:07:05,955 | Data: ../../Data/Experiments/Tier6/T6A1b/T6A1b_exp_minus_2_results.json
2025-10-31 17:07:06,499 | 
Figure: ../../Figures/experiments/Tier6/T6A1b/T6A1b_exp_minus_2_validation.png
2025-10-31 17:07:06,500 | 
2025-10-31 17:07:06,500 | ======================================================================
2025-10-31 17:07:06,500 | T6-A1b COMPLETE!
2025-10-31 17:07:06,500 | ======================================================================
2025-10-31 17:07:06,500 | exp(-2) = 0.1353352832
2025-10-31 17:07:06,500 | M=512  → R̄ = 0.0838406455
2025-10-31 17:07:06,500 | Error: 38.050%
2025-10-31 17:07:06,500 | Convergence: R̄(M) = exp(-2) + 511.51/M^112.44
2025-10-31 17:07:06,500 | Verdict: PARTIAL SUPPORT
2025-10-31 17:07:06,500 | ======================================================================
