2025-10-31 16:23:20,921 | ======================================================================
2025-10-31 16:23:20,921 | T6-A1b: exp(-2) Convergence Validation (GPU)
2025-10-31 16:23:20,921 | ======================================================================
2025-10-31 16:23:20,921 | Log: ../../Data/Experiments/Tier6/T6A1b/T6A1b_gpu_20251031_162320.log
2025-10-31 16:23:20,924 | GPU: NVIDIA GB10 (CC 121)
2025-10-31 16:23:20,924 | Starting exp(-2) convergence validation...
2025-10-31 16:23:20,924 | 
2025-10-31 16:23:20,924 | OBJECTIVE: Validate R̄ → exp(-2) = 0.1353352832... as M → ∞
2025-10-31 16:23:20,924 | 
2025-10-31 16:23:20,924 | Configuration:
2025-10-31 16:23:20,924 |   N: 12289
2025-10-31 16:23:20,924 |   r_target: 2048
2025-10-31 16:23:20,924 |   ρ: 0.1667
2025-10-31 16:23:20,924 |   M values: [128, 256, 512]
2025-10-31 16:23:20,924 |   L: 16384, trials: 30
2025-10-31 16:23:20,924 |   Noise σ: 0.0
2025-10-31 16:23:20,924 |   Target: exp(-2) = 0.1353352832
2025-10-31 16:23:20,924 | 
2025-10-31 16:23:20,924 | Finding 1024 bases with order 2048...
2025-10-31 16:23:20,925 |   Found 50/1024 bases...
2025-10-31 16:23:20,925 |   Found 50/1024 bases...
2025-10-31 16:23:20,925 |   Found 50/1024 bases...
2025-10-31 16:23:20,925 |   Found 50/1024 bases...
2025-10-31 16:23:20,925 |   Found 50/1024 bases...
2025-10-31 16:23:20,925 |   Found 50/1024 bases...
2025-10-31 16:23:20,925 |   Found 50/1024 bases...
2025-10-31 16:23:20,925 |   Found 50/1024 bases...
2025-10-31 16:23:20,925 |   Found 50/1024 bases...
2025-10-31 16:23:20,925 |   Found 50/1024 bases...
2025-10-31 16:23:20,925 |   Found 50/1024 bases...
2025-10-31 16:23:20,925 |   Found 50/1024 bases...
2025-10-31 16:23:20,926 |   Found 100/1024 bases...
2025-10-31 16:23:20,926 |   Found 100/1024 bases...
2025-10-31 16:23:20,927 |   Found 150/1024 bases...
2025-10-31 16:23:20,929 |   Found 200/1024 bases...
2025-10-31 16:23:20,929 |   Found 200/1024 bases...
2025-10-31 16:23:20,929 |   Found 200/1024 bases...
2025-10-31 16:23:20,930 |   Found 250/1024 bases...
2025-10-31 16:23:20,930 |   Found 250/1024 bases...
2025-10-31 16:23:20,930 |   Found 250/1024 bases...
2025-10-31 16:23:20,931 |   Found 300/1024 bases...
2025-10-31 16:23:20,932 |   Found 350/1024 bases...
2025-10-31 16:23:20,932 |   Found 350/1024 bases...
2025-10-31 16:23:20,932 |   Found 350/1024 bases...
2025-10-31 16:23:20,932 |   Found 350/1024 bases...
2025-10-31 16:23:20,932 |   Found 350/1024 bases...
2025-10-31 16:23:20,932 |   Found 350/1024 bases...
2025-10-31 16:23:20,932 |   Found 350/1024 bases...
2025-10-31 16:23:20,932 |   Found 350/1024 bases...
2025-10-31 16:23:20,932 |   Found 350/1024 bases...
2025-10-31 16:23:20,933 |   Found 350/1024 bases...
2025-10-31 16:23:20,933 |   Found 350/1024 bases...
2025-10-31 16:23:20,933 |   Found 350/1024 bases...
2025-10-31 16:23:20,933 |   Found 350/1024 bases...
2025-10-31 16:23:20,933 |   Found 350/1024 bases...
2025-10-31 16:23:20,933 |   Found 350/1024 bases...
2025-10-31 16:23:20,933 |   Found 350/1024 bases...
2025-10-31 16:23:20,933 |   Found 350/1024 bases...
2025-10-31 16:23:20,933 |   Found 350/1024 bases...
2025-10-31 16:23:20,933 |   Found 350/1024 bases...
2025-10-31 16:23:20,934 |   Found 400/1024 bases...
2025-10-31 16:23:20,934 |   Found 400/1024 bases...
2025-10-31 16:23:20,935 |   Found 450/1024 bases...
2025-10-31 16:23:20,935 |   Found 450/1024 bases...
2025-10-31 16:23:20,935 |   Found 450/1024 bases...
2025-10-31 16:23:20,937 |   Found 500/1024 bases...
2025-10-31 16:23:20,937 |   Found 500/1024 bases...
2025-10-31 16:23:20,937 |   Found 500/1024 bases...
2025-10-31 16:23:20,937 |   Found 500/1024 bases...
2025-10-31 16:23:20,938 |   Found 550/1024 bases...
2025-10-31 16:23:20,938 |   Found 550/1024 bases...
2025-10-31 16:23:20,938 |   Found 550/1024 bases...
2025-10-31 16:23:20,938 |   Found 550/1024 bases...
2025-10-31 16:23:20,938 |   Found 550/1024 bases...
2025-10-31 16:23:20,938 |   Found 550/1024 bases...
2025-10-31 16:23:20,938 |   Found 550/1024 bases...
2025-10-31 16:23:20,938 |   Found 550/1024 bases...
2025-10-31 16:23:20,938 |   Found 550/1024 bases...
2025-10-31 16:23:20,939 |   Found 600/1024 bases...
2025-10-31 16:23:20,939 |   Found 600/1024 bases...
2025-10-31 16:23:20,939 |   Found 600/1024 bases...
2025-10-31 16:23:20,939 |   Found 600/1024 bases...
2025-10-31 16:23:20,939 |   Found 600/1024 bases...
2025-10-31 16:23:20,939 |   Found 600/1024 bases...
2025-10-31 16:23:20,939 |   Found 600/1024 bases...
2025-10-31 16:23:20,939 |   Found 600/1024 bases...
2025-10-31 16:23:20,939 |   Found 600/1024 bases...
2025-10-31 16:23:20,939 |   Found 600/1024 bases...
2025-10-31 16:23:20,939 |   Found 600/1024 bases...
2025-10-31 16:23:20,939 |   Found 600/1024 bases...
2025-10-31 16:23:20,940 |   Found 650/1024 bases...
2025-10-31 16:23:20,940 |   Found 650/1024 bases...
2025-10-31 16:23:20,940 |   Found 650/1024 bases...
2025-10-31 16:23:20,940 |   Found 650/1024 bases...
2025-10-31 16:23:20,942 |   Found 700/1024 bases...
2025-10-31 16:23:20,942 |   Found 700/1024 bases...
2025-10-31 16:23:20,942 |   Found 700/1024 bases...
2025-10-31 16:23:20,942 |   Found 700/1024 bases...
2025-10-31 16:23:20,942 |   Found 700/1024 bases...
2025-10-31 16:23:20,942 |   Found 700/1024 bases...
2025-10-31 16:23:20,942 |   Found 700/1024 bases...
2025-10-31 16:23:20,942 |   Found 700/1024 bases...
2025-10-31 16:23:20,942 |   Found 700/1024 bases...
2025-10-31 16:23:20,942 |   Found 700/1024 bases...
2025-10-31 16:23:20,942 |   Found 700/1024 bases...
2025-10-31 16:23:20,942 |   Found 700/1024 bases...
2025-10-31 16:23:20,942 |   Found 700/1024 bases...
2025-10-31 16:23:20,942 |   Found 700/1024 bases...
2025-10-31 16:23:20,942 |   Found 700/1024 bases...
2025-10-31 16:23:20,942 |   Found 700/1024 bases...
2025-10-31 16:23:20,942 |   Found 700/1024 bases...
2025-10-31 16:23:20,942 |   Found 700/1024 bases...
2025-10-31 16:23:20,942 |   Found 700/1024 bases...
2025-10-31 16:23:20,942 |   Found 700/1024 bases...
2025-10-31 16:23:20,942 |   Found 700/1024 bases...
2025-10-31 16:23:20,942 |   Found 700/1024 bases...
2025-10-31 16:23:20,942 |   Found 700/1024 bases...
2025-10-31 16:23:20,942 |   Found 700/1024 bases...
2025-10-31 16:23:20,942 |   Found 700/1024 bases...
2025-10-31 16:23:20,942 |   Found 700/1024 bases...
2025-10-31 16:23:20,943 |   Found 750/1024 bases...
2025-10-31 16:23:20,943 |   Found 750/1024 bases...
2025-10-31 16:23:20,943 |   Found 750/1024 bases...
2025-10-31 16:23:20,943 |   Found 750/1024 bases...
2025-10-31 16:23:20,943 |   Found 750/1024 bases...
2025-10-31 16:23:20,943 |   Found 750/1024 bases...
2025-10-31 16:23:20,943 |   Found 750/1024 bases...
2025-10-31 16:23:20,943 |   Found 750/1024 bases...
2025-10-31 16:23:20,943 |   Found 750/1024 bases...
2025-10-31 16:23:20,943 |   Found 750/1024 bases...
2025-10-31 16:23:20,943 |   Found 750/1024 bases...
2025-10-31 16:23:20,943 |   Found 750/1024 bases...
2025-10-31 16:23:20,943 |   Found 750/1024 bases...
2025-10-31 16:23:20,943 |   Found 750/1024 bases...
2025-10-31 16:23:20,943 |   Found 750/1024 bases...
2025-10-31 16:23:20,943 |   Found 750/1024 bases...
2025-10-31 16:23:20,943 |   Found 750/1024 bases...
2025-10-31 16:23:20,943 |   Found 750/1024 bases...
2025-10-31 16:23:20,945 |   Found 800/1024 bases...
2025-10-31 16:23:20,945 |   Found 800/1024 bases...
2025-10-31 16:23:20,945 |   Found 800/1024 bases...
2025-10-31 16:23:20,945 |   Found 800/1024 bases...
2025-10-31 16:23:20,945 |   Found 800/1024 bases...
2025-10-31 16:23:20,946 |   Found 850/1024 bases...
2025-10-31 16:23:20,946 |   Found 850/1024 bases...
2025-10-31 16:23:20,947 |   Found 900/1024 bases...
2025-10-31 16:23:20,947 |   Found 900/1024 bases...
2025-10-31 16:23:20,947 |   Found 900/1024 bases...
2025-10-31 16:23:20,947 |   Found 900/1024 bases...
2025-10-31 16:23:20,947 |   Found 900/1024 bases...
2025-10-31 16:23:20,947 |   Found 900/1024 bases...
2025-10-31 16:23:20,948 |   Found 950/1024 bases...
2025-10-31 16:23:20,948 |   Found 950/1024 bases...
2025-10-31 16:23:20,948 |   Found 950/1024 bases...
2025-10-31 16:23:20,948 |   Found 950/1024 bases...
2025-10-31 16:23:20,948 |   Found 950/1024 bases...
2025-10-31 16:23:20,948 |   Found 950/1024 bases...
2025-10-31 16:23:20,948 |   Found 950/1024 bases...
2025-10-31 16:23:20,948 |   Found 950/1024 bases...
2025-10-31 16:23:20,948 |   Found 950/1024 bases...
2025-10-31 16:23:20,948 |   Found 950/1024 bases...
2025-10-31 16:23:20,948 |   Found 950/1024 bases...
2025-10-31 16:23:20,948 |   Found 950/1024 bases...
2025-10-31 16:23:20,948 |   Found 950/1024 bases...
2025-10-31 16:23:20,948 |   Found 950/1024 bases...
2025-10-31 16:23:20,948 |   Found 950/1024 bases...
2025-10-31 16:23:20,948 |   Found 950/1024 bases...
2025-10-31 16:23:20,948 |   Found 950/1024 bases...
2025-10-31 16:23:20,948 |   Found 950/1024 bases...
2025-10-31 16:23:20,948 |   Found 950/1024 bases...
2025-10-31 16:23:20,948 |   Found 950/1024 bases...
2025-10-31 16:23:20,948 |   Found 950/1024 bases...
2025-10-31 16:23:20,948 |   Found 950/1024 bases...
2025-10-31 16:23:20,948 |   Found 950/1024 bases...
2025-10-31 16:23:20,948 |   Found 950/1024 bases...
2025-10-31 16:23:20,948 |   Found 950/1024 bases...
2025-10-31 16:23:20,948 |   Found 950/1024 bases...
2025-10-31 16:23:20,948 |   Found 950/1024 bases...
2025-10-31 16:23:20,948 |   Found 950/1024 bases...
2025-10-31 16:23:20,948 |   Found 950/1024 bases...
2025-10-31 16:23:20,948 |   Found 950/1024 bases...
2025-10-31 16:23:20,948 |   Found 950/1024 bases...
2025-10-31 16:23:20,948 |   Found 950/1024 bases...
2025-10-31 16:23:20,949 |   Found 950/1024 bases...
2025-10-31 16:23:20,949 |   Found 950/1024 bases...
2025-10-31 16:23:20,949 |   Found 950/1024 bases...
2025-10-31 16:23:20,949 |   Found 950/1024 bases...
2025-10-31 16:23:20,949 |   Found 950/1024 bases...
2025-10-31 16:23:20,949 |   Found 950/1024 bases...
2025-10-31 16:23:20,949 |   Found 950/1024 bases...
2025-10-31 16:23:20,950 |   Found 1000/1024 bases...
2025-10-31 16:23:20,950 |   Found 1000/1024 bases...
2025-10-31 16:23:20,950 |   Found 1000/1024 bases...
2025-10-31 16:23:20,950 |   Found 1000/1024 bases...
2025-10-31 16:23:20,950 |   Found 1000/1024 bases...
2025-10-31 16:23:20,950 |   Found 1024 bases
2025-10-31 16:23:20,950 | 
============================================================
2025-10-31 16:23:20,950 | Testing M = 128
2025-10-31 16:23:20,950 | ============================================================
2025-10-31 16:23:23,041 |     R̄: Ungated=0.095957 | Top-32=0.102024 | Weighted(p=1.5)=0.096789
2025-10-31 16:23:25,131 |     R̄: Ungated=0.097404 | Top-32=0.097888 | Weighted(p=1.5)=0.097247
2025-10-31 16:23:27,177 |     R̄: Ungated=0.097132 | Top-32=0.093510 | Weighted(p=1.5)=0.096834
2025-10-31 16:23:29,229 |     R̄: Ungated=0.088730 | Top-32=0.089376 | Weighted(p=1.5)=0.088477
2025-10-31 16:23:31,238 |     R̄: Ungated=0.076440 | Top-32=0.081948 | Weighted(p=1.5)=0.077121
2025-10-31 16:23:31,255 |   [5/90] Trial 5/30 | R̄=0.091294 (error: 32.54%) | Elapsed: 0.1m | ETA: 2.4m
2025-10-31 16:23:33,281 |     R̄: Ungated=0.104075 | Top-32=0.103672 | Weighted(p=1.5)=0.104013
2025-10-31 16:23:35,313 |     R̄: Ungated=0.086154 | Top-32=0.084554 | Weighted(p=1.5)=0.085608
2025-10-31 16:23:37,349 |     R̄: Ungated=0.084249 | Top-32=0.087301 | Weighted(p=1.5)=0.084237
2025-10-31 16:23:39,394 |     R̄: Ungated=0.082702 | Top-32=0.079877 | Weighted(p=1.5)=0.082326
2025-10-31 16:23:41,434 |     R̄: Ungated=0.079828 | Top-32=0.087522 | Weighted(p=1.5)=0.080194
2025-10-31 16:23:41,450 |   [10/90] Trial 10/30 | R̄=0.089285 (error: 34.03%) | Elapsed: 0.3m | ETA: 2.5m
2025-10-31 16:23:43,450 |     R̄: Ungated=0.097849 | Top-32=0.089264 | Weighted(p=1.5)=0.097366
2025-10-31 16:23:45,459 |     R̄: Ungated=0.089369 | Top-32=0.086703 | Weighted(p=1.5)=0.089102
2025-10-31 16:23:47,495 |     R̄: Ungated=0.095200 | Top-32=0.098278 | Weighted(p=1.5)=0.095453
2025-10-31 16:23:49,508 |     R̄: Ungated=0.086352 | Top-32=0.092839 | Weighted(p=1.5)=0.086662
2025-10-31 16:23:51,547 |     R̄: Ungated=0.093411 | Top-32=0.097368 | Weighted(p=1.5)=0.093777
2025-10-31 16:23:51,563 |   [15/90] Trial 15/30 | R̄=0.090347 (error: 33.24%) | Elapsed: 0.5m | ETA: 2.4m
2025-10-31 16:23:53,531 |     R̄: Ungated=0.091638 | Top-32=0.085311 | Weighted(p=1.5)=0.090649
