2025-10-31 15:32:44,321 | ======================================================================
2025-10-31 15:32:44,321 | T6-A1b: exp(-2) Convergence Validation (GPU)
2025-10-31 15:32:44,321 | ======================================================================
2025-10-31 15:32:44,321 | Log: ../../Data/Experiments/Tier6/T6A1b/T6A1b_gpu_20251031_153244.log
2025-10-31 15:32:44,321 | GPU: Compute Capability 121
2025-10-31 15:32:44,321 | Starting exp(-2) convergence validation...
2025-10-31 15:32:44,321 | 
2025-10-31 15:32:44,321 | OBJECTIVE: Validate R̄ → exp(-2) = 0.1353352832... as M → ∞
2025-10-31 15:32:44,321 | 
2025-10-31 15:32:44,321 | Configuration:
2025-10-31 15:32:44,321 |   N: 2003
2025-10-31 15:32:44,321 |   r_target: 182
2025-10-31 15:32:44,321 |   ρ: 0.0909
2025-10-31 15:32:44,321 |   M values: [128, 256, 512]
2025-10-31 15:32:44,321 |   L: 16384, trials: 30
2025-10-31 15:32:44,321 |   Noise σ: 0.0
2025-10-31 15:32:44,321 |   Target: exp(-2) = 0.1353352832
2025-10-31 15:32:44,321 | 
2025-10-31 15:32:44,321 | Finding 1024 bases with order 182...
2025-10-31 15:32:44,324 |   Found 50/1024 bases...
2025-10-31 15:32:44,327 |   Found 100/1024 bases...
2025-10-31 15:32:44,330 |   Found 150/1024 bases...
2025-10-31 15:32:44,330 |   Found 150/1024 bases...
2025-10-31 15:32:44,330 |   Found 150/1024 bases...
2025-10-31 15:32:44,330 |   Found 150/1024 bases...
2025-10-31 15:32:44,333 |   Found 200/1024 bases...
2025-10-31 15:32:44,333 |   Found 200/1024 bases...
2025-10-31 15:32:44,333 |   Found 200/1024 bases...
2025-10-31 15:32:44,333 |   Found 200/1024 bases...
2025-10-31 15:32:44,333 |   Found 200/1024 bases...
2025-10-31 15:32:44,333 |   Found 200/1024 bases...
2025-10-31 15:32:44,333 |   Found 200/1024 bases...
2025-10-31 15:32:44,333 |   Found 200/1024 bases...
2025-10-31 15:32:44,333 |   Found 200/1024 bases...
2025-10-31 15:32:44,333 |   Found 200/1024 bases...
2025-10-31 15:32:44,333 |   Found 200/1024 bases...
2025-10-31 15:32:44,333 |   Found 200/1024 bases...
2025-10-31 15:32:44,333 |   Found 200/1024 bases...
2025-10-31 15:32:44,333 |   Found 200/1024 bases...
2025-10-31 15:32:44,333 |   Found 200/1024 bases...
2025-10-31 15:32:44,333 |   Found 200/1024 bases...
2025-10-31 15:32:44,333 |   Found 200/1024 bases...
2025-10-31 15:32:44,333 |   Found 200/1024 bases...
2025-10-31 15:32:44,333 |   Found 200/1024 bases...
2025-10-31 15:32:44,333 |   Found 200/1024 bases...
2025-10-31 15:32:44,333 |   Found 200/1024 bases...
2025-10-31 15:32:44,333 |   Found 200/1024 bases...
2025-10-31 15:32:44,333 |   Found 200/1024 bases...
2025-10-31 15:32:44,334 |   Found 200/1024 bases...
2025-10-31 15:32:44,334 |   Found 200/1024 bases...
2025-10-31 15:32:44,334 |   Found 200/1024 bases...
2025-10-31 15:32:44,334 |   Found 200/1024 bases...
2025-10-31 15:32:44,334 |   Found 200/1024 bases...
2025-10-31 15:32:44,334 |   Found 200/1024 bases...
2025-10-31 15:32:44,334 |   Found 200/1024 bases...
2025-10-31 15:32:44,334 |   Found 200/1024 bases...
2025-10-31 15:32:44,334 |   Found 200/1024 bases...
2025-10-31 15:32:44,334 |   Found 200/1024 bases...
2025-10-31 15:32:44,334 |   Found 200/1024 bases...
2025-10-31 15:32:44,334 |   Found 200/1024 bases...
2025-10-31 15:32:44,334 |   Found 200/1024 bases...
2025-10-31 15:32:44,334 |   Found 200/1024 bases...
2025-10-31 15:32:44,334 |   Found 200/1024 bases...
2025-10-31 15:32:44,334 |   Found 200/1024 bases...
2025-10-31 15:32:44,334 |   Found 200/1024 bases...
2025-10-31 15:32:44,334 |   Found 200/1024 bases...
2025-10-31 15:32:44,334 |   Found 200/1024 bases...
2025-10-31 15:32:44,334 |   Found 200/1024 bases...
2025-10-31 15:32:44,334 |   Found 200/1024 bases...
2025-10-31 15:32:44,334 |   Found 200/1024 bases...
2025-10-31 15:32:44,334 |   Found 200/1024 bases...
2025-10-31 15:32:44,334 |   Found 200/1024 bases...
2025-10-31 15:32:44,337 |   Found 250/1024 bases...
2025-10-31 15:32:44,337 |   Found 250/1024 bases...
2025-10-31 15:32:44,337 |   Found 250/1024 bases...
2025-10-31 15:32:44,337 |   Found 250/1024 bases...
2025-10-31 15:32:44,337 |   Found 250/1024 bases...
2025-10-31 15:32:44,340 |   Found 300/1024 bases...
2025-10-31 15:32:44,340 |   Found 300/1024 bases...
2025-10-31 15:32:44,340 |   Found 300/1024 bases...
2025-10-31 15:32:44,340 |   Found 300/1024 bases...
2025-10-31 15:32:44,340 |   Found 300/1024 bases...
2025-10-31 15:32:44,340 |   Found 300/1024 bases...
2025-10-31 15:32:44,340 |   Found 300/1024 bases...
2025-10-31 15:32:44,340 |   Found 300/1024 bases...
2025-10-31 15:32:44,340 |   Found 300/1024 bases...
2025-10-31 15:32:44,340 |   Found 300/1024 bases...
2025-10-31 15:32:44,340 |   Found 300/1024 bases...
2025-10-31 15:32:44,340 |   Found 300/1024 bases...
2025-10-31 15:32:44,340 |   Found 300/1024 bases...
2025-10-31 15:32:44,340 |   Found 300/1024 bases...
2025-10-31 15:32:44,340 |   Found 300/1024 bases...
2025-10-31 15:32:44,340 |   Found 300/1024 bases...
2025-10-31 15:32:44,340 |   Found 300/1024 bases...
2025-10-31 15:32:44,340 |   Found 300/1024 bases...
2025-10-31 15:32:44,340 |   Found 300/1024 bases...
2025-10-31 15:32:44,340 |   Found 300/1024 bases...
2025-10-31 15:32:44,340 |   Found 300/1024 bases...
2025-10-31 15:32:44,343 |   Found 350/1024 bases...
2025-10-31 15:32:44,346 |   Found 400/1024 bases...
2025-10-31 15:32:44,346 |   Found 400/1024 bases...
2025-10-31 15:32:44,346 |   Found 400/1024 bases...
2025-10-31 15:32:44,348 |   Found 450/1024 bases...
2025-10-31 15:32:44,348 |   Found 450/1024 bases...
2025-10-31 15:32:44,348 |   Found 450/1024 bases...
2025-10-31 15:32:44,348 |   Found 450/1024 bases...
2025-10-31 15:32:44,348 |   Found 450/1024 bases...
2025-10-31 15:32:44,348 |   Found 450/1024 bases...
2025-10-31 15:32:44,348 |   Found 450/1024 bases...
2025-10-31 15:32:44,348 |   Found 450/1024 bases...
2025-10-31 15:32:44,348 |   Found 450/1024 bases...
2025-10-31 15:32:44,348 |   Found 450/1024 bases...
2025-10-31 15:32:44,348 |   Found 450/1024 bases...
2025-10-31 15:32:44,348 |   Found 450/1024 bases...
2025-10-31 15:32:44,348 |   Found 450/1024 bases...
2025-10-31 15:32:44,348 |   Found 450/1024 bases...
2025-10-31 15:32:44,348 |   Found 450/1024 bases...
2025-10-31 15:32:44,348 |   Found 450/1024 bases...
2025-10-31 15:32:44,348 |   Found 450/1024 bases...
2025-10-31 15:32:44,349 |   Found 450/1024 bases...
2025-10-31 15:32:44,349 |   Found 450/1024 bases...
2025-10-31 15:32:44,349 |   Found 450/1024 bases...
2025-10-31 15:32:44,349 |   Found 450/1024 bases...
2025-10-31 15:32:44,349 |   Found 450/1024 bases...
2025-10-31 15:32:44,349 |   Found 450/1024 bases...
2025-10-31 15:32:44,349 |   Found 450/1024 bases...
2025-10-31 15:32:44,349 |   Found 450/1024 bases...
2025-10-31 15:32:44,349 |   Found 450/1024 bases...
2025-10-31 15:32:44,349 |   Found 450/1024 bases...
2025-10-31 15:32:44,349 |   Found 450/1024 bases...
2025-10-31 15:32:44,349 |   Found 450/1024 bases...
2025-10-31 15:32:44,349 |   Found 450/1024 bases...
2025-10-31 15:32:44,349 |   Found 450/1024 bases...
2025-10-31 15:32:44,349 |   Found 450/1024 bases...
2025-10-31 15:32:44,349 |   Found 450/1024 bases...
2025-10-31 15:32:44,349 |   Found 450/1024 bases...
2025-10-31 15:32:44,349 |   Found 450/1024 bases...
2025-10-31 15:32:44,349 |   Found 450/1024 bases...
2025-10-31 15:32:44,349 |   Found 450/1024 bases...
2025-10-31 15:32:44,352 |   Found 500/1024 bases...
2025-10-31 15:32:44,352 |   Found 500/1024 bases...
2025-10-31 15:32:44,355 |   Found 550/1024 bases...
2025-10-31 15:32:44,355 |   Found 550/1024 bases...
2025-10-31 15:32:44,355 |   Found 550/1024 bases...
2025-10-31 15:32:44,355 |   Found 550/1024 bases...
2025-10-31 15:32:44,355 |   Found 550/1024 bases...
2025-10-31 15:32:44,355 |   Found 550/1024 bases...
2025-10-31 15:32:44,355 |   Found 550/1024 bases...
2025-10-31 15:32:44,355 |   Found 550/1024 bases...
2025-10-31 15:32:44,358 |   Found 600/1024 bases...
2025-10-31 15:32:44,358 |   Found 600/1024 bases...
2025-10-31 15:32:44,358 |   Found 600/1024 bases...
2025-10-31 15:32:44,358 |   Found 600/1024 bases...
2025-10-31 15:32:44,358 |   Found 600/1024 bases...
2025-10-31 15:32:44,358 |   Found 600/1024 bases...
2025-10-31 15:32:44,358 |   Found 600/1024 bases...
2025-10-31 15:32:44,358 |   Found 600/1024 bases...
2025-10-31 15:32:44,358 |   Found 600/1024 bases...
2025-10-31 15:32:44,358 |   Found 600/1024 bases...
2025-10-31 15:32:44,358 |   Found 600/1024 bases...
2025-10-31 15:32:44,358 |   Found 600/1024 bases...
2025-10-31 15:32:44,358 |   Found 600/1024 bases...
2025-10-31 15:32:44,358 |   Found 600/1024 bases...
2025-10-31 15:32:44,358 |   Found 600/1024 bases...
2025-10-31 15:32:44,358 |   Found 600/1024 bases...
2025-10-31 15:32:44,358 |   Found 600/1024 bases...
2025-10-31 15:32:44,358 |   Found 600/1024 bases...
2025-10-31 15:32:44,358 |   Found 600/1024 bases...
2025-10-31 15:32:44,358 |   Found 600/1024 bases...
2025-10-31 15:32:44,358 |   Found 600/1024 bases...
2025-10-31 15:32:44,360 |   Found 650/1024 bases...
2025-10-31 15:32:44,360 |   Found 650/1024 bases...
2025-10-31 15:32:44,360 |   Found 650/1024 bases...
2025-10-31 15:32:44,360 |   Found 650/1024 bases...
2025-10-31 15:32:44,360 |   Found 650/1024 bases...
2025-10-31 15:32:44,361 |   Found 650/1024 bases...
2025-10-31 15:32:44,364 |   Found 700/1024 bases...
2025-10-31 15:32:44,364 |   Found 700/1024 bases...
2025-10-31 15:32:44,364 |   Found 700/1024 bases...
2025-10-31 15:32:44,364 |   Found 700/1024 bases...
2025-10-31 15:32:44,364 |   Found 700/1024 bases...
2025-10-31 15:32:44,364 |   Found 700/1024 bases...
2025-10-31 15:32:44,364 |   Found 700/1024 bases...
2025-10-31 15:32:44,364 |   Found 700/1024 bases...
2025-10-31 15:32:44,364 |   Found 700/1024 bases...
2025-10-31 15:32:44,364 |   Found 700/1024 bases...
2025-10-31 15:32:44,364 |   Found 700/1024 bases...
2025-10-31 15:32:44,364 |   Found 700/1024 bases...
2025-10-31 15:32:44,364 |   Found 700/1024 bases...
2025-10-31 15:32:44,364 |   Found 700/1024 bases...
2025-10-31 15:32:44,364 |   Found 700/1024 bases...
2025-10-31 15:32:44,364 |   Found 700/1024 bases...
2025-10-31 15:32:44,364 |   Found 700/1024 bases...
2025-10-31 15:32:44,364 |   Found 700/1024 bases...
2025-10-31 15:32:44,364 |   Found 700/1024 bases...
2025-10-31 15:32:44,364 |   Found 700/1024 bases...
2025-10-31 15:32:44,364 |   Found 700/1024 bases...
2025-10-31 15:32:44,364 |   Found 700/1024 bases...
2025-10-31 15:32:44,364 |   Found 700/1024 bases...
2025-10-31 15:32:44,364 |   Found 700/1024 bases...
2025-10-31 15:32:44,364 |   Found 700/1024 bases...
2025-10-31 15:32:44,364 |   Found 700/1024 bases...
2025-10-31 15:32:44,364 |   Found 700/1024 bases...
2025-10-31 15:32:44,364 |   Found 700/1024 bases...
2025-10-31 15:32:44,364 |   Found 700/1024 bases...
2025-10-31 15:32:44,364 |   Found 700/1024 bases...
2025-10-31 15:32:44,364 |   Found 700/1024 bases...
2025-10-31 15:32:44,364 |   Found 700/1024 bases...
2025-10-31 15:32:44,364 |   Found 700/1024 bases...
2025-10-31 15:32:44,364 |   Found 700/1024 bases...
2025-10-31 15:32:44,364 |   Found 700/1024 bases...
2025-10-31 15:32:44,364 |   Found 700/1024 bases...
2025-10-31 15:32:44,364 |   Found 700/1024 bases...
2025-10-31 15:32:44,364 |   Found 700/1024 bases...
2025-10-31 15:32:44,365 |   Found 700/1024 bases...
2025-10-31 15:32:44,365 |   Found 700/1024 bases...
2025-10-31 15:32:44,365 |   Found 700/1024 bases...
2025-10-31 15:32:44,365 |   Found 700/1024 bases...
2025-10-31 15:32:44,365 |   Found 700/1024 bases...
2025-10-31 15:32:44,365 |   Found 700/1024 bases...
2025-10-31 15:32:44,368 |   Found 750/1024 bases...
2025-10-31 15:32:44,368 |   Found 750/1024 bases...
2025-10-31 15:32:44,368 |   Found 750/1024 bases...
2025-10-31 15:32:44,368 |   Found 750/1024 bases...
2025-10-31 15:32:44,368 |   Found 750/1024 bases...
2025-10-31 15:32:44,368 |   Found 750/1024 bases...
2025-10-31 15:32:44,368 |   Found 750/1024 bases...
2025-10-31 15:32:44,368 |   Found 750/1024 bases...
2025-10-31 15:32:44,368 |   Found 750/1024 bases...
2025-10-31 15:32:44,368 |   Found 750/1024 bases...
2025-10-31 15:32:44,368 |   Found 750/1024 bases...
2025-10-31 15:32:44,368 |   Found 750/1024 bases...
2025-10-31 15:32:44,368 |   Found 750/1024 bases...
2025-10-31 15:32:44,368 |   Found 750/1024 bases...
2025-10-31 15:32:44,368 |   Found 750/1024 bases...
2025-10-31 15:32:44,368 |   Found 750/1024 bases...
2025-10-31 15:32:44,368 |   Found 750/1024 bases...
2025-10-31 15:32:44,368 |   Found 750/1024 bases...
2025-10-31 15:32:44,371 |   Found 800/1024 bases...
2025-10-31 15:32:44,371 |   Found 800/1024 bases...
2025-10-31 15:32:44,371 |   Found 800/1024 bases...
2025-10-31 15:32:44,371 |   Found 800/1024 bases...
2025-10-31 15:32:44,371 |   Found 800/1024 bases...
2025-10-31 15:32:44,374 |   Found 850/1024 bases...
2025-10-31 15:32:44,374 |   Found 850/1024 bases...
2025-10-31 15:32:44,374 |   Found 850/1024 bases...
2025-10-31 15:32:44,374 |   Found 850/1024 bases...
2025-10-31 15:32:44,374 |   Found 850/1024 bases...
2025-10-31 15:32:44,374 |   Found 850/1024 bases...
2025-10-31 15:32:44,374 |   Found 850/1024 bases...
2025-10-31 15:32:44,374 |   Found 850/1024 bases...
2025-10-31 15:32:44,374 |   Found 850/1024 bases...
2025-10-31 15:32:44,374 |   Found 850/1024 bases...
2025-10-31 15:32:44,374 |   Found 850/1024 bases...
2025-10-31 15:32:44,374 |   Found 850/1024 bases...
2025-10-31 15:32:44,374 |   Found 850/1024 bases...
2025-10-31 15:32:44,374 |   Found 850/1024 bases...
2025-10-31 15:32:44,374 |   Found 850/1024 bases...
2025-10-31 15:32:44,374 |   Found 850/1024 bases...
2025-10-31 15:32:44,374 |   Found 850/1024 bases...
2025-10-31 15:32:44,374 |   Found 850/1024 bases...
2025-10-31 15:32:44,374 |   Found 850/1024 bases...
2025-10-31 15:32:44,374 |   Found 850/1024 bases...
2025-10-31 15:32:44,374 |   Found 850/1024 bases...
2025-10-31 15:32:44,374 |   Found 850/1024 bases...
2025-10-31 15:32:44,378 |   Found 900/1024 bases...
2025-10-31 15:32:44,378 |   Found 900/1024 bases...
2025-10-31 15:32:44,380 |   Found 950/1024 bases...
2025-10-31 15:32:44,380 |   Found 950/1024 bases...
2025-10-31 15:32:44,380 |   Found 950/1024 bases...
2025-10-31 15:32:44,380 |   Found 950/1024 bases...
2025-10-31 15:32:44,380 |   Found 950/1024 bases...
2025-10-31 15:32:44,381 |   Found 950/1024 bases...
2025-10-31 15:32:44,381 |   Found 950/1024 bases...
2025-10-31 15:32:44,381 |   Found 950/1024 bases...
2025-10-31 15:32:44,381 |   Found 950/1024 bases...
2025-10-31 15:32:44,381 |   Found 950/1024 bases...
2025-10-31 15:32:44,381 |   Found 950/1024 bases...
2025-10-31 15:32:44,381 |   Found 950/1024 bases...
2025-10-31 15:32:44,381 |   Found 950/1024 bases...
2025-10-31 15:32:44,381 |   Found 950/1024 bases...
2025-10-31 15:32:44,381 |   Found 950/1024 bases...
2025-10-31 15:32:44,381 |   Found 950/1024 bases...
2025-10-31 15:32:44,381 |   Found 950/1024 bases...
2025-10-31 15:32:44,381 |   Found 950/1024 bases...
2025-10-31 15:32:44,381 |   Found 950/1024 bases...
2025-10-31 15:32:44,381 |   Found 950/1024 bases...
2025-10-31 15:32:44,381 |   Found 950/1024 bases...
2025-10-31 15:32:44,381 |   Found 950/1024 bases...
2025-10-31 15:32:44,381 |   Found 950/1024 bases...
2025-10-31 15:32:44,381 |   Found 950/1024 bases...
2025-10-31 15:32:44,381 |   Found 950/1024 bases...
2025-10-31 15:32:44,381 |   Found 950/1024 bases...
2025-10-31 15:32:44,381 |   Found 950/1024 bases...
2025-10-31 15:32:44,381 |   Found 950/1024 bases...
2025-10-31 15:32:44,381 |   Found 950/1024 bases...
2025-10-31 15:32:44,381 |   Found 950/1024 bases...
2025-10-31 15:32:44,381 |   Found 950/1024 bases...
2025-10-31 15:32:44,381 |   Found 950/1024 bases...
2025-10-31 15:32:44,381 |   Found 950/1024 bases...
2025-10-31 15:32:44,381 |   Found 950/1024 bases...
2025-10-31 15:32:44,381 |   Found 950/1024 bases...
2025-10-31 15:32:44,381 |   Found 950/1024 bases...
2025-10-31 15:32:44,381 |   Found 950/1024 bases...
2025-10-31 15:32:44,381 |   Found 950/1024 bases...
2025-10-31 15:32:44,381 |   Found 950/1024 bases...
2025-10-31 15:32:44,381 |   Found 950/1024 bases...
2025-10-31 15:32:44,381 |   Found 950/1024 bases...
2025-10-31 15:32:44,381 |   Found 950/1024 bases...
2025-10-31 15:32:44,381 |   Found 950/1024 bases...
2025-10-31 15:32:44,381 |   Found 950/1024 bases...
2025-10-31 15:32:44,381 |   Found 950/1024 bases...
2025-10-31 15:32:44,381 |   Found 950/1024 bases...
2025-10-31 15:32:44,381 |   Found 950/1024 bases...
2025-10-31 15:32:44,381 |   Found 950/1024 bases...
2025-10-31 15:32:44,381 |   Found 950/1024 bases...
2025-10-31 15:32:44,381 |   Found 950/1024 bases...
2025-10-31 15:32:44,381 |   Found 950/1024 bases...
2025-10-31 15:32:44,381 |   Found 950/1024 bases...
2025-10-31 15:32:44,381 |   Found 950/1024 bases...
2025-10-31 15:32:44,381 |   Found 950/1024 bases...
2025-10-31 15:32:44,381 |   Found 950/1024 bases...
2025-10-31 15:32:44,381 |   Found 950/1024 bases...
2025-10-31 15:32:44,381 |   Found 950/1024 bases...
2025-10-31 15:32:44,381 |   Found 950/1024 bases...
2025-10-31 15:32:44,381 |   Found 950/1024 bases...
2025-10-31 15:32:44,381 |   Found 950/1024 bases...
2025-10-31 15:32:44,381 |   Found 950/1024 bases...
2025-10-31 15:32:44,381 |   Found 950/1024 bases...
2025-10-31 15:32:44,381 |   Found 950/1024 bases...
2025-10-31 15:32:44,381 |   Found 950/1024 bases...
2025-10-31 15:32:44,381 |   Found 950/1024 bases...
2025-10-31 15:32:44,381 |   Found 950/1024 bases...
2025-10-31 15:32:44,381 |   Found 950/1024 bases...
2025-10-31 15:32:44,381 |   Found 950/1024 bases...
2025-10-31 15:32:44,381 |   Found 950/1024 bases...
2025-10-31 15:32:44,381 |   Found 950/1024 bases...
2025-10-31 15:32:44,381 |   Found 950/1024 bases...
2025-10-31 15:32:44,381 |   Found 950/1024 bases...
2025-10-31 15:32:44,384 |   Found 1000/1024 bases...
2025-10-31 15:32:44,384 |   Found 1000/1024 bases...
2025-10-31 15:32:44,384 |   Found 1000/1024 bases...
2025-10-31 15:32:44,385 |   Found 1024 bases
2025-10-31 15:32:44,385 | 
============================================================
2025-10-31 15:32:44,385 | Testing M = 128
2025-10-31 15:32:44,385 | ============================================================
2025-10-31 15:32:59,398 |   [5/90] Trial 5/30 | R̄=0.138642 (error: 2.44%) | Elapsed: 0.2m | ETA: 3.4m
2025-10-31 15:33:14,019 |   [10/90] Trial 10/30 | R̄=0.141318 (error: 4.42%) | Elapsed: 0.4m | ETA: 3.6m
2025-10-31 15:33:28,645 |   [15/90] Trial 15/30 | R̄=0.140663 (error: 3.94%) | Elapsed: 0.7m | ETA: 3.4m
2025-10-31 15:33:43,335 |   [20/90] Trial 20/30 | R̄=0.140607 (error: 3.90%) | Elapsed: 0.9m | ETA: 3.3m
2025-10-31 15:33:58,079 |   [25/90] Trial 25/30 | R̄=0.139181 (error: 2.84%) | Elapsed: 1.2m | ETA: 3.1m
2025-10-31 15:34:12,851 |   [30/90] Trial 30/30 | R̄=0.139025 (error: 2.73%) | Elapsed: 1.4m | ETA: 2.8m
2025-10-31 15:34:12,851 | 
  M=128 → R̄ = 0.139025 ± 0.006809
2025-10-31 15:34:12,851 |   Δ from exp(-2): +0.003690 (+2.73%)
2025-10-31 15:34:12,851 | 
============================================================
2025-10-31 15:34:12,851 | Testing M = 256
2025-10-31 15:34:12,851 | ============================================================
2025-10-31 15:34:42,532 |   [35/90] Trial 5/30 | R̄=0.127434 (error: 5.84%) | Elapsed: 1.9m | ETA: 2.9m
2025-10-31 15:35:12,188 |   [40/90] Trial 10/30 | R̄=0.129022 (error: 4.66%) | Elapsed: 2.4m | ETA: 3.0m
2025-10-31 15:35:41,830 |   [45/90] Trial 15/30 | R̄=0.128386 (error: 5.13%) | Elapsed: 2.9m | ETA: 2.9m
2025-10-31 15:36:11,435 |   [50/90] Trial 20/30 | R̄=0.128478 (error: 5.07%) | Elapsed: 3.4m | ETA: 2.7m
2025-10-31 15:36:41,058 |   [55/90] Trial 25/30 | R̄=0.128618 (error: 4.96%) | Elapsed: 3.8m | ETA: 2.4m
2025-10-31 15:37:10,883 |   [60/90] Trial 30/30 | R̄=0.128476 (error: 5.07%) | Elapsed: 4.3m | ETA: 2.2m
2025-10-31 15:37:10,883 | 
  M=256 → R̄ = 0.128476 ± 0.005179
2025-10-31 15:37:10,883 |   Δ from exp(-2): -0.006859 (+5.07%)
2025-10-31 15:37:10,883 | 
============================================================
2025-10-31 15:37:10,883 | Testing M = 512
2025-10-31 15:37:10,883 | ============================================================
2025-10-31 15:38:10,317 |   [65/90] Trial 5/30 | R̄=0.120152 (error: 11.22%) | Elapsed: 5.2m | ETA: 2.0m
2025-10-31 15:39:09,334 |   [70/90] Trial 10/30 | R̄=0.119312 (error: 11.84%) | Elapsed: 6.2m | ETA: 1.8m
2025-10-31 15:40:08,657 |   [75/90] Trial 15/30 | R̄=0.119382 (error: 11.79%) | Elapsed: 7.2m | ETA: 1.4m
2025-10-31 15:41:07,955 |   [80/90] Trial 20/30 | R̄=0.119416 (error: 11.76%) | Elapsed: 8.2m | ETA: 1.0m
2025-10-31 15:42:07,634 |   [85/90] Trial 25/30 | R̄=0.119052 (error: 12.03%) | Elapsed: 9.2m | ETA: 0.5m
2025-10-31 15:43:07,113 |   [90/90] Trial 30/30 | R̄=0.119036 (error: 12.04%) | Elapsed: 10.2m | ETA: 0.0m
2025-10-31 15:43:07,113 | 
  M=512 → R̄ = 0.119036 ± 0.002116
2025-10-31 15:43:07,113 |   Δ from exp(-2): -0.016299 (+12.04%)
2025-10-31 15:43:07,116 | 
Elapsed: 622.8s (10.4m)
2025-10-31 15:43:07,116 | Data: ../../Data/Experiments/Tier6/T6A1b/T6A1b_exp_minus_2_results.json
2025-10-31 15:43:07,686 | 
Figure: ../../Figures/experiments/Tier6/T6A1b/T6A1b_exp_minus_2_validation.png
2025-10-31 15:43:07,686 | 
2025-10-31 15:43:07,686 | ======================================================================
2025-10-31 15:43:07,686 | T6-A1b COMPLETE!
2025-10-31 15:43:07,686 | ======================================================================
2025-10-31 15:43:07,686 | exp(-2) = 0.1353352832
2025-10-31 15:43:07,686 | M=512  → R̄ = 0.1190358385
2025-10-31 15:43:07,686 | Error: 12.044%
2025-10-31 15:43:07,686 | Convergence: R̄(M) = exp(-2) + 2678.19/M^33.20
2025-10-31 15:43:07,687 | Verdict: PARTIAL SUPPORT
2025-10-31 15:43:07,687 | ======================================================================
