2025-10-31 15:50:44,717 | ======================================================================
2025-10-31 15:50:44,717 | T6-A1b: exp(-2) Convergence Validation (GPU)
2025-10-31 15:50:44,717 | ======================================================================
2025-10-31 15:50:44,717 | Log: ../../Data/Experiments/Tier6/T6A1b/T6A1b_gpu_20251031_155044.log
2025-10-31 15:50:44,717 | GPU: Compute Capability 121
2025-10-31 15:50:44,717 | Starting exp(-2) convergence validation...
2025-10-31 15:50:44,717 | 
2025-10-31 15:50:44,717 | OBJECTIVE: Validate R̄ → exp(-2) = 0.1353352832... as M → ∞
2025-10-31 15:50:44,717 | 
2025-10-31 15:50:44,717 | Configuration:
2025-10-31 15:50:44,717 |   N: 10007
2025-10-31 15:50:44,717 |   r_target: 1501
2025-10-31 15:50:44,717 |   ρ: 0.1500
2025-10-31 15:50:44,717 |   M values: [128, 256, 512]
2025-10-31 15:50:44,717 |   L: 16384, trials: 30
2025-10-31 15:50:44,717 |   Noise σ: 0.0
2025-10-31 15:50:44,717 |   Target: exp(-2) = 0.1353352832
2025-10-31 15:50:44,717 | 
2025-10-31 15:50:44,717 | Finding 1024 bases with order 1501...
2025-10-31 15:50:45,863 |   Found 0 bases
2025-10-31 15:50:45,863 | Insufficient bases found (0 < 512)
2025-10-31 15:50:45,863 | No results collected. Exiting.
