2025-11-01 09:52:57,065 | ======================================================================
2025-11-01 09:52:57,065 | T6-A2: Shot-Complexity Reduction Bound (GPU, fixed)
2025-11-01 09:52:57,065 | ======================================================================
2025-11-01 09:52:57,065 | GPU available: True
2025-11-01 09:52:57,065 | Log file: ../../Data/Experiments/Tier6/T6A2/T6A2_GPU_log_20251101_095257.log
2025-11-01 09:52:57,065 | 
Starting experiment (fixed GLRT in cycles)…
2025-11-01 09:52:57,065 | Lattice: r ∈ [32, 512], r* = 168
2025-11-01 09:52:57,065 | Noise: σ = 0.0200 rad = 0.003183 cycles
2025-11-01 09:52:57,065 | Priors: hit_prob=0.55, K=12
2025-11-01 09:52:57,065 | Batch=256, Max shots=5000, Trials=300
2025-11-01 09:52:57,065 | Stops: conf ≥ 0.90 OR top2 margin ≥ 10.0
2025-11-01 09:52:57,383 | 
Running uniform prior trials...
2025-11-01 09:52:57,914 |   Trial   1/300 | Shots: 5000 | Mean: 5000.0±0.0 | Time: 0.53s | ETA: 2.6m
2025-11-01 09:52:57,956 |   Trial   2/300 | Shots: 5000 | Mean: 5000.0±0.0 | Time: 0.04s | ETA: 1.4m
2025-11-01 09:52:58,002 |   Trial   3/300 | Shots: 5000 | Mean: 5000.0±0.0 | Time: 0.05s | ETA: 1.0m
2025-11-01 09:52:58,043 |   Trial   4/300 | Shots: 5000 | Mean: 5000.0±0.0 | Time: 0.04s | ETA: 0.8m
2025-11-01 09:52:58,081 |   Trial   5/300 | Shots: 5000 | Mean: 5000.0±0.0 | Time: 0.04s | ETA: 0.7m
2025-11-01 09:52:58,112 |   Trial   6/300 | Shots: 5000 | Mean: 5000.0±0.0 | Time: 0.03s | ETA: 0.6m
2025-11-01 09:52:58,150 |   Trial   7/300 | Shots: 5000 | Mean: 5000.0±0.0 | Time: 0.04s | ETA: 0.5m
2025-11-01 09:52:58,188 |   Trial   8/300 | Shots: 5000 | Mean: 5000.0±0.0 | Time: 0.04s | ETA: 0.5m
2025-11-01 09:52:58,222 |   Trial   9/300 | Shots: 5000 | Mean: 5000.0±0.0 | Time: 0.03s | ETA: 0.5m
2025-11-01 09:52:58,255 |   Trial  10/300 | Shots: 5000 | Mean: 5000.0±0.0 | Time: 0.03s | ETA: 0.4m
2025-11-01 09:52:58,291 |   Trial  11/300 | Shots: 5000 | Mean: 5000.0±0.0 | Time: 0.04s | ETA: 0.4m
2025-11-01 09:52:58,307 |   Trial  12/300 | Shots: 5000 | Mean: 5000.0±0.0 | Time: 0.02s | ETA: 0.4m
2025-11-01 09:52:58,329 |   Trial  13/300 | Shots: 5000 | Mean: 5000.0±0.0 | Time: 0.02s | ETA: 0.3m
2025-11-01 09:52:58,340 |   Trial  14/300 | Shots: 5000 | Mean: 5000.0±0.0 | Time: 0.01s | ETA: 0.3m
2025-11-01 09:52:58,365 |   Trial  15/300 | Shots: 5000 | Mean: 5000.0±0.0 | Time: 0.03s | ETA: 0.3m
2025-11-01 09:52:58,395 |   Trial  16/300 | Shots: 5000 | Mean: 5000.0±0.0 | Time: 0.03s | ETA: 0.3m
2025-11-01 09:52:58,405 |   Trial  17/300 | Shots: 5000 | Mean: 5000.0±0.0 | Time: 0.01s | ETA: 0.3m
2025-11-01 09:52:58,418 |   Trial  18/300 | Shots: 5000 | Mean: 5000.0±0.0 | Time: 0.01s | ETA: 0.3m
2025-11-01 09:52:58,434 |   Trial  19/300 | Shots: 5000 | Mean: 5000.0±0.0 | Time: 0.02s | ETA: 0.3m
2025-11-01 09:52:58,461 |   Trial  20/300 | Shots: 5000 | Mean: 5000.0±0.0 | Time: 0.03s | ETA: 0.3m
2025-11-01 09:52:58,471 |   Trial  21/300 | Shots: 5000 | Mean: 5000.0±0.0 | Time: 0.01s | ETA: 0.2m
2025-11-01 09:52:58,480 |   Trial  22/300 | Shots: 5000 | Mean: 5000.0±0.0 | Time: 0.01s | ETA: 0.2m
2025-11-01 09:52:58,489 |   Trial  23/300 | Shots: 5000 | Mean: 5000.0±0.0 | Time: 0.01s | ETA: 0.2m
2025-11-01 09:52:58,498 |   Trial  24/300 | Shots: 5000 | Mean: 5000.0±0.0 | Time: 0.01s | ETA: 0.2m
2025-11-01 09:52:58,511 |   Trial  25/300 | Shots: 5000 | Mean: 5000.0±0.0 | Time: 0.01s | ETA: 0.2m
2025-11-01 09:52:58,531 |   Trial  26/300 | Shots: 5000 | Mean: 5000.0±0.0 | Time: 0.02s | ETA: 0.2m
2025-11-01 09:52:58,546 |   Trial  27/300 | Shots: 5000 | Mean: 5000.0±0.0 | Time: 0.02s | ETA: 0.2m
2025-11-01 09:52:58,566 |   Trial  28/300 | Shots: 5000 | Mean: 5000.0±0.0 | Time: 0.02s | ETA: 0.2m
2025-11-01 09:52:58,581 |   Trial  29/300 | Shots: 5000 | Mean: 5000.0±0.0 | Time: 0.01s | ETA: 0.2m
2025-11-01 09:52:58,597 |   Trial  30/300 | Shots: 5000 | Mean: 5000.0±0.0 | Time: 0.02s | ETA: 0.2m
2025-11-01 09:52:58,632 |   Trial  31/300 | Shots: 5000 | Mean: 5000.0±0.0 | Time: 0.03s | ETA: 0.2m
2025-11-01 09:52:58,664 |   Trial  32/300 | Shots: 4608 | Mean: 4987.8±68.2 | Time: 0.03s | ETA: 0.2m
2025-11-01 09:52:58,703 |   Trial  33/300 | Shots: 5000 | Mean: 4988.1±67.2 | Time: 0.04s | ETA: 0.2m
2025-11-01 09:52:58,773 |   Trial  34/300 | Shots: 5000 | Mean: 4988.5±66.2 | Time: 0.07s | ETA: 0.2m
2025-11-01 09:52:58,827 |   Trial  35/300 | Shots: 5000 | Mean: 4988.8±65.3 | Time: 0.05s | ETA: 0.2m
2025-11-01 09:52:58,890 |   Trial  36/300 | Shots: 5000 | Mean: 4989.1±64.4 | Time: 0.06s | ETA: 0.2m
2025-11-01 09:52:58,940 |   Trial  37/300 | Shots: 5000 | Mean: 4989.4±63.6 | Time: 0.05s | ETA: 0.2m
2025-11-01 09:52:58,988 |   Trial  38/300 | Shots: 5000 | Mean: 4989.7±62.7 | Time: 0.05s | ETA: 0.2m
2025-11-01 09:52:59,043 |   Trial  39/300 | Shots: 5000 | Mean: 4989.9±62.0 | Time: 0.05s | ETA: 0.2m
2025-11-01 09:52:59,099 |   Trial  40/300 | Shots: 5000 | Mean: 4990.2±61.2 | Time: 0.06s | ETA: 0.2m
2025-11-01 09:52:59,160 |   Trial  41/300 | Shots: 5000 | Mean: 4990.4±60.5 | Time: 0.06s | ETA: 0.2m
2025-11-01 09:52:59,218 |   Trial  42/300 | Shots: 5000 | Mean: 4990.7±59.8 | Time: 0.06s | ETA: 0.2m
2025-11-01 09:52:59,280 |   Trial  43/300 | Shots: 5000 | Mean: 4990.9±59.1 | Time: 0.06s | ETA: 0.2m
2025-11-01 09:52:59,340 |   Trial  44/300 | Shots: 5000 | Mean: 4991.1±58.4 | Time: 0.06s | ETA: 0.2m
2025-11-01 09:52:59,400 |   Trial  45/300 | Shots: 5000 | Mean: 4991.3±57.8 | Time: 0.06s | ETA: 0.2m
2025-11-01 09:52:59,460 |   Trial  46/300 | Shots: 5000 | Mean: 4991.5±57.2 | Time: 0.06s | ETA: 0.2m
2025-11-01 09:52:59,509 |   Trial  47/300 | Shots: 5000 | Mean: 4991.7±56.6 | Time: 0.05s | ETA: 0.2m
2025-11-01 09:52:59,573 |   Trial  48/300 | Shots: 5000 | Mean: 4991.8±56.0 | Time: 0.06s | ETA: 0.2m
2025-11-01 09:52:59,624 |   Trial  49/300 | Shots: 5000 | Mean: 4992.0±55.4 | Time: 0.05s | ETA: 0.2m
2025-11-01 09:52:59,662 |   Trial  50/300 | Shots: 5000 | Mean: 4992.2±54.9 | Time: 0.04s | ETA: 0.2m
2025-11-01 09:52:59,698 |   Trial  51/300 | Shots: 5000 | Mean: 4992.3±54.4 | Time: 0.04s | ETA: 0.2m
2025-11-01 09:52:59,764 |   Trial  52/300 | Shots: 5000 | Mean: 4992.5±53.8 | Time: 0.07s | ETA: 0.2m
2025-11-01 09:52:59,819 |   Trial  53/300 | Shots: 5000 | Mean: 4992.6±53.3 | Time: 0.06s | ETA: 0.2m
2025-11-01 09:52:59,892 |   Trial  54/300 | Shots: 5000 | Mean: 4992.7±52.8 | Time: 0.07s | ETA: 0.2m
2025-11-01 09:52:59,949 |   Trial  55/300 | Shots: 5000 | Mean: 4992.9±52.4 | Time: 0.06s | ETA: 0.2m
2025-11-01 09:52:59,999 |   Trial  56/300 | Shots: 5000 | Mean: 4993.0±51.9 | Time: 0.05s | ETA: 0.2m
2025-11-01 09:53:00,056 |   Trial  57/300 | Shots: 5000 | Mean: 4993.1±51.5 | Time: 0.06s | ETA: 0.2m
2025-11-01 09:53:00,103 |   Trial  58/300 | Shots: 5000 | Mean: 4993.2±51.0 | Time: 0.05s | ETA: 0.2m
2025-11-01 09:53:00,174 |   Trial  59/300 | Shots: 5000 | Mean: 4993.4±50.6 | Time: 0.07s | ETA: 0.2m
2025-11-01 09:53:00,221 |   Trial  60/300 | Shots: 5000 | Mean: 4993.5±50.2 | Time: 0.05s | ETA: 0.2m
2025-11-01 09:53:00,273 |   Trial  61/300 | Shots: 5000 | Mean: 4993.6±49.8 | Time: 0.05s | ETA: 0.2m
2025-11-01 09:53:00,312 |   Trial  62/300 | Shots: 5000 | Mean: 4993.7±49.4 | Time: 0.04s | ETA: 0.2m
2025-11-01 09:53:00,364 |   Trial  63/300 | Shots: 5000 | Mean: 4993.8±49.0 | Time: 0.05s | ETA: 0.2m
2025-11-01 09:53:00,422 |   Trial  64/300 | Shots: 5000 | Mean: 4993.9±48.6 | Time: 0.06s | ETA: 0.2m
2025-11-01 09:53:00,488 |   Trial  65/300 | Shots: 5000 | Mean: 4994.0±48.2 | Time: 0.07s | ETA: 0.2m
2025-11-01 09:53:00,527 |   Trial  66/300 | Shots: 5000 | Mean: 4994.1±47.9 | Time: 0.04s | ETA: 0.2m
2025-11-01 09:53:00,586 |   Trial  67/300 | Shots: 5000 | Mean: 4994.1±47.5 | Time: 0.06s | ETA: 0.2m
2025-11-01 09:53:00,632 |   Trial  68/300 | Shots: 5000 | Mean: 4994.2±47.2 | Time: 0.05s | ETA: 0.2m
2025-11-01 09:53:00,688 |   Trial  69/300 | Shots: 5000 | Mean: 4994.3±46.8 | Time: 0.06s | ETA: 0.2m
2025-11-01 09:53:00,721 |   Trial  70/300 | Shots: 5000 | Mean: 4994.4±46.5 | Time: 0.03s | ETA: 0.2m
2025-11-01 09:53:00,774 |   Trial  71/300 | Shots: 5000 | Mean: 4994.5±46.2 | Time: 0.05s | ETA: 0.2m
2025-11-01 09:53:00,817 |   Trial  72/300 | Shots: 5000 | Mean: 4994.6±45.9 | Time: 0.04s | ETA: 0.2m
2025-11-01 09:53:00,873 |   Trial  73/300 | Shots: 5000 | Mean: 4994.6±45.6 | Time: 0.06s | ETA: 0.2m
2025-11-01 09:53:00,913 |   Trial  74/300 | Shots: 5000 | Mean: 4994.7±45.3 | Time: 0.04s | ETA: 0.2m
2025-11-01 09:53:00,965 |   Trial  75/300 | Shots: 5000 | Mean: 4994.8±45.0 | Time: 0.05s | ETA: 0.2m
2025-11-01 09:53:01,004 |   Trial  76/300 | Shots: 5000 | Mean: 4994.8±44.7 | Time: 0.04s | ETA: 0.2m
2025-11-01 09:53:01,055 |   Trial  77/300 | Shots: 5000 | Mean: 4994.9±44.4 | Time: 0.05s | ETA: 0.2m
2025-11-01 09:53:01,101 |   Trial  78/300 | Shots: 5000 | Mean: 4995.0±44.1 | Time: 0.05s | ETA: 0.2m
2025-11-01 09:53:01,154 |   Trial  79/300 | Shots: 5000 | Mean: 4995.0±43.8 | Time: 0.05s | ETA: 0.2m
2025-11-01 09:53:01,205 |   Trial  80/300 | Shots: 5000 | Mean: 4995.1±43.6 | Time: 0.05s | ETA: 0.2m
2025-11-01 09:53:01,270 |   Trial  81/300 | Shots: 5000 | Mean: 4995.2±43.3 | Time: 0.06s | ETA: 0.2m
2025-11-01 09:53:01,317 |   Trial  82/300 | Shots: 5000 | Mean: 4995.2±43.0 | Time: 0.05s | ETA: 0.2m
2025-11-01 09:53:01,388 |   Trial  83/300 | Shots: 5000 | Mean: 4995.3±42.8 | Time: 0.07s | ETA: 0.2m
2025-11-01 09:53:01,435 |   Trial  84/300 | Shots: 5000 | Mean: 4995.3±42.5 | Time: 0.05s | ETA: 0.2m
2025-11-01 09:53:01,491 |   Trial  85/300 | Shots: 5000 | Mean: 4995.4±42.3 | Time: 0.06s | ETA: 0.2m
2025-11-01 09:53:01,527 |   Trial  86/300 | Shots: 5000 | Mean: 4995.4±42.0 | Time: 0.04s | ETA: 0.2m
2025-11-01 09:53:01,579 |   Trial  87/300 | Shots: 5000 | Mean: 4995.5±41.8 | Time: 0.05s | ETA: 0.2m
2025-11-01 09:53:01,620 |   Trial  88/300 | Shots: 5000 | Mean: 4995.5±41.5 | Time: 0.04s | ETA: 0.2m
2025-11-01 09:53:01,673 |   Trial  89/300 | Shots: 4864 | Mean: 4994.1±43.6 | Time: 0.05s | ETA: 0.2m
2025-11-01 09:53:01,722 |   Trial  90/300 | Shots: 5000 | Mean: 4994.1±43.3 | Time: 0.05s | ETA: 0.2m
2025-11-01 09:53:01,779 |   Trial  91/300 | Shots: 5000 | Mean: 4994.2±43.1 | Time: 0.06s | ETA: 0.2m
2025-11-01 09:53:01,827 |   Trial  92/300 | Shots: 5000 | Mean: 4994.3±42.9 | Time: 0.05s | ETA: 0.2m
2025-11-01 09:53:01,897 |   Trial  93/300 | Shots: 5000 | Mean: 4994.3±42.6 | Time: 0.07s | ETA: 0.2m
2025-11-01 09:53:01,948 |   Trial  94/300 | Shots: 5000 | Mean: 4994.4±42.4 | Time: 0.05s | ETA: 0.2m
2025-11-01 09:53:02,005 |   Trial  95/300 | Shots: 5000 | Mean: 4994.4±42.2 | Time: 0.06s | ETA: 0.2m
2025-11-01 09:53:02,064 |   Trial  96/300 | Shots: 5000 | Mean: 4994.5±42.0 | Time: 0.06s | ETA: 0.2m
2025-11-01 09:53:02,111 |   Trial  97/300 | Shots: 5000 | Mean: 4994.6±41.8 | Time: 0.05s | ETA: 0.2m
2025-11-01 09:53:02,164 |   Trial  98/300 | Shots: 5000 | Mean: 4994.6±41.6 | Time: 0.05s | ETA: 0.2m
2025-11-01 09:53:02,221 |   Trial  99/300 | Shots: 5000 | Mean: 4994.7±41.4 | Time: 0.06s | ETA: 0.2m
2025-11-01 09:53:02,286 |   Trial 100/300 | Shots: 5000 | Mean: 4994.7±41.2 | Time: 0.06s | ETA: 0.2m
2025-11-01 09:53:02,334 |   Trial 101/300 | Shots: 5000 | Mean: 4994.8±41.0 | Time: 0.05s | ETA: 0.2m
2025-11-01 09:53:02,397 |   Trial 102/300 | Shots: 5000 | Mean: 4994.8±40.8 | Time: 0.06s | ETA: 0.2m
2025-11-01 09:53:02,446 |   Trial 103/300 | Shots: 5000 | Mean: 4994.9±40.6 | Time: 0.05s | ETA: 0.2m
2025-11-01 09:53:02,504 |   Trial 104/300 | Shots: 5000 | Mean: 4994.9±40.4 | Time: 0.06s | ETA: 0.2m
2025-11-01 09:53:02,559 |   Trial 105/300 | Shots: 5000 | Mean: 4995.0±40.2 | Time: 0.05s | ETA: 0.2m
2025-11-01 09:53:02,596 |   Trial 106/300 | Shots: 3328 | Mean: 4979.2±166.0 | Time: 0.04s | ETA: 0.2m
2025-11-01 09:53:02,654 |   Trial 107/300 | Shots: 5000 | Mean: 4979.4±165.3 | Time: 0.06s | ETA: 0.2m
2025-11-01 09:53:02,706 |   Trial 108/300 | Shots: 5000 | Mean: 4979.6±164.5 | Time: 0.05s | ETA: 0.2m
2025-11-01 09:53:02,762 |   Trial 109/300 | Shots: 4608 | Mean: 4976.2±167.5 | Time: 0.06s | ETA: 0.2m
2025-11-01 09:53:02,807 |   Trial 110/300 | Shots: 5000 | Mean: 4976.4±166.8 | Time: 0.04s | ETA: 0.2m
2025-11-01 09:53:02,868 |   Trial 111/300 | Shots: 5000 | Mean: 4976.6±166.1 | Time: 0.06s | ETA: 0.2m
2025-11-01 09:53:02,917 |   Trial 112/300 | Shots: 5000 | Mean: 4976.9±165.3 | Time: 0.05s | ETA: 0.2m
2025-11-01 09:53:02,978 |   Trial 113/300 | Shots: 5000 | Mean: 4977.1±164.6 | Time: 0.06s | ETA: 0.2m
2025-11-01 09:53:03,021 |   Trial 114/300 | Shots: 5000 | Mean: 4977.3±163.9 | Time: 0.04s | ETA: 0.2m
2025-11-01 09:53:03,082 |   Trial 115/300 | Shots: 5000 | Mean: 4977.5±163.2 | Time: 0.06s | ETA: 0.2m
2025-11-01 09:53:03,129 |   Trial 116/300 | Shots: 5000 | Mean: 4977.7±162.5 | Time: 0.05s | ETA: 0.2m
2025-11-01 09:53:03,195 |   Trial 117/300 | Shots: 5000 | Mean: 4977.8±161.8 | Time: 0.07s | ETA: 0.2m
2025-11-01 09:53:03,252 |   Trial 118/300 | Shots: 5000 | Mean: 4978.0±161.2 | Time: 0.06s | ETA: 0.2m
2025-11-01 09:53:03,314 |   Trial 119/300 | Shots: 5000 | Mean: 4978.2±160.5 | Time: 0.06s | ETA: 0.2m
2025-11-01 09:53:03,364 |   Trial 120/300 | Shots: 5000 | Mean: 4978.4±159.8 | Time: 0.05s | ETA: 0.1m
2025-11-01 09:53:03,411 |   Trial 121/300 | Shots: 5000 | Mean: 4978.6±159.2 | Time: 0.05s | ETA: 0.1m
2025-11-01 09:53:03,469 |   Trial 122/300 | Shots: 5000 | Mean: 4978.8±158.5 | Time: 0.06s | ETA: 0.1m
2025-11-01 09:53:03,514 |   Trial 123/300 | Shots: 5000 | Mean: 4978.9±157.9 | Time: 0.04s | ETA: 0.1m
2025-11-01 09:53:03,577 |   Trial 124/300 | Shots: 5000 | Mean: 4979.1±157.3 | Time: 0.06s | ETA: 0.1m
2025-11-01 09:53:03,621 |   Trial 125/300 | Shots: 5000 | Mean: 4979.3±156.7 | Time: 0.04s | ETA: 0.1m
2025-11-01 09:53:03,657 |   Trial 126/300 | Shots: 5000 | Mean: 4979.4±156.0 | Time: 0.04s | ETA: 0.1m
2025-11-01 09:53:03,674 |   Trial 127/300 | Shots: 5000 | Mean: 4979.6±155.4 | Time: 0.02s | ETA: 0.1m
2025-11-01 09:53:03,683 |   Trial 128/300 | Shots: 5000 | Mean: 4979.8±154.8 | Time: 0.01s | ETA: 0.1m
2025-11-01 09:53:03,696 |   Trial 129/300 | Shots: 5000 | Mean: 4979.9±154.3 | Time: 0.01s | ETA: 0.1m
2025-11-01 09:53:03,706 |   Trial 130/300 | Shots: 5000 | Mean: 4980.1±153.7 | Time: 0.01s | ETA: 0.1m
2025-11-01 09:53:03,745 |   Trial 131/300 | Shots: 5000 | Mean: 4980.2±153.1 | Time: 0.04s | ETA: 0.1m
2025-11-01 09:53:03,779 |   Trial 132/300 | Shots: 5000 | Mean: 4980.4±152.5 | Time: 0.03s | ETA: 0.1m
2025-11-01 09:53:03,807 |   Trial 133/300 | Shots: 5000 | Mean: 4980.5±152.0 | Time: 0.03s | ETA: 0.1m
2025-11-01 09:53:03,832 |   Trial 134/300 | Shots: 5000 | Mean: 4980.7±151.4 | Time: 0.02s | ETA: 0.1m
2025-11-01 09:53:03,866 |   Trial 135/300 | Shots: 5000 | Mean: 4980.8±150.8 | Time: 0.03s | ETA: 0.1m
2025-11-01 09:53:03,891 |   Trial 136/300 | Shots: 5000 | Mean: 4980.9±150.3 | Time: 0.03s | ETA: 0.1m
2025-11-01 09:53:03,935 |   Trial 137/300 | Shots: 5000 | Mean: 4981.1±149.8 | Time: 0.04s | ETA: 0.1m
2025-11-01 09:53:03,985 |   Trial 138/300 | Shots: 5000 | Mean: 4981.2±149.2 | Time: 0.05s | ETA: 0.1m
2025-11-01 09:53:04,035 |   Trial 139/300 | Shots: 5000 | Mean: 4981.4±148.7 | Time: 0.05s | ETA: 0.1m
2025-11-01 09:53:04,089 |   Trial 140/300 | Shots: 5000 | Mean: 4981.5±148.2 | Time: 0.05s | ETA: 0.1m
2025-11-01 09:53:04,141 |   Trial 141/300 | Shots: 5000 | Mean: 4981.6±147.6 | Time: 0.05s | ETA: 0.1m
2025-11-01 09:53:04,194 |   Trial 142/300 | Shots: 5000 | Mean: 4981.7±147.1 | Time: 0.05s | ETA: 0.1m
2025-11-01 09:53:04,243 |   Trial 143/300 | Shots: 5000 | Mean: 4981.9±146.6 | Time: 0.05s | ETA: 0.1m
2025-11-01 09:53:04,303 |   Trial 144/300 | Shots: 5000 | Mean: 4982.0±146.1 | Time: 0.06s | ETA: 0.1m
2025-11-01 09:53:04,342 |   Trial 145/300 | Shots: 5000 | Mean: 4982.1±145.6 | Time: 0.04s | ETA: 0.1m
2025-11-01 09:53:04,405 |   Trial 146/300 | Shots: 5000 | Mean: 4982.2±145.1 | Time: 0.06s | ETA: 0.1m
2025-11-01 09:53:04,457 |   Trial 147/300 | Shots: 5000 | Mean: 4982.4±144.6 | Time: 0.05s | ETA: 0.1m
2025-11-01 09:53:04,509 |   Trial 148/300 | Shots: 5000 | Mean: 4982.5±144.2 | Time: 0.05s | ETA: 0.1m
2025-11-01 09:53:04,570 |   Trial 149/300 | Shots: 5000 | Mean: 4982.6±143.7 | Time: 0.06s | ETA: 0.1m
2025-11-01 09:53:04,618 |   Trial 150/300 | Shots: 5000 | Mean: 4982.7±143.2 | Time: 0.05s | ETA: 0.1m
2025-11-01 09:53:04,670 |   Trial 151/300 | Shots: 5000 | Mean: 4982.8±142.7 | Time: 0.05s | ETA: 0.1m
2025-11-01 09:53:04,709 |   Trial 152/300 | Shots: 5000 | Mean: 4982.9±142.3 | Time: 0.04s | ETA: 0.1m
2025-11-01 09:53:04,752 |   Trial 153/300 | Shots: 5000 | Mean: 4983.1±141.8 | Time: 0.04s | ETA: 0.1m
2025-11-01 09:53:04,803 |   Trial 154/300 | Shots: 5000 | Mean: 4983.2±141.4 | Time: 0.05s | ETA: 0.1m
2025-11-01 09:53:04,855 |   Trial 155/300 | Shots: 5000 | Mean: 4983.3±140.9 | Time: 0.05s | ETA: 0.1m
2025-11-01 09:53:04,910 |   Trial 156/300 | Shots: 5000 | Mean: 4983.4±140.5 | Time: 0.05s | ETA: 0.1m
2025-11-01 09:53:04,957 |   Trial 157/300 | Shots: 5000 | Mean: 4983.5±140.0 | Time: 0.05s | ETA: 0.1m
2025-11-01 09:53:05,009 |   Trial 158/300 | Shots: 5000 | Mean: 4983.6±139.6 | Time: 0.05s | ETA: 0.1m
2025-11-01 09:53:05,070 |   Trial 159/300 | Shots: 5000 | Mean: 4983.7±139.2 | Time: 0.06s | ETA: 0.1m
2025-11-01 09:53:05,115 |   Trial 160/300 | Shots: 5000 | Mean: 4983.8±138.7 | Time: 0.05s | ETA: 0.1m
2025-11-01 09:53:05,175 |   Trial 161/300 | Shots: 5000 | Mean: 4983.9±138.3 | Time: 0.06s | ETA: 0.1m
2025-11-01 09:53:05,221 |   Trial 162/300 | Shots: 5000 | Mean: 4984.0±137.9 | Time: 0.05s | ETA: 0.1m
2025-11-01 09:53:05,278 |   Trial 163/300 | Shots: 5000 | Mean: 4984.1±137.5 | Time: 0.06s | ETA: 0.1m
2025-11-01 09:53:05,324 |   Trial 164/300 | Shots: 5000 | Mean: 4984.2±137.1 | Time: 0.05s | ETA: 0.1m
2025-11-01 09:53:05,384 |   Trial 165/300 | Shots: 5000 | Mean: 4984.3±136.6 | Time: 0.06s | ETA: 0.1m
2025-11-01 09:53:05,432 |   Trial 166/300 | Shots: 5000 | Mean: 4984.4±136.2 | Time: 0.05s | ETA: 0.1m
2025-11-01 09:53:05,487 |   Trial 167/300 | Shots: 5000 | Mean: 4984.5±135.8 | Time: 0.05s | ETA: 0.1m
2025-11-01 09:53:05,531 |   Trial 168/300 | Shots: 5000 | Mean: 4984.6±135.4 | Time: 0.04s | ETA: 0.1m
2025-11-01 09:53:05,593 |   Trial 169/300 | Shots: 5000 | Mean: 4984.7±135.0 | Time: 0.06s | ETA: 0.1m
2025-11-01 09:53:05,641 |   Trial 170/300 | Shots: 5000 | Mean: 4984.8±134.6 | Time: 0.05s | ETA: 0.1m
2025-11-01 09:53:05,696 |   Trial 171/300 | Shots: 5000 | Mean: 4984.8±134.3 | Time: 0.06s | ETA: 0.1m
2025-11-01 09:53:05,745 |   Trial 172/300 | Shots: 5000 | Mean: 4984.9±133.9 | Time: 0.05s | ETA: 0.1m
2025-11-01 09:53:05,802 |   Trial 173/300 | Shots: 5000 | Mean: 4985.0±133.5 | Time: 0.06s | ETA: 0.1m
2025-11-01 09:53:05,850 |   Trial 174/300 | Shots: 5000 | Mean: 4985.1±133.1 | Time: 0.05s | ETA: 0.1m
2025-11-01 09:53:05,903 |   Trial 175/300 | Shots: 5000 | Mean: 4985.2±132.7 | Time: 0.05s | ETA: 0.1m
2025-11-01 09:53:05,956 |   Trial 176/300 | Shots: 5000 | Mean: 4985.3±132.4 | Time: 0.05s | ETA: 0.1m
2025-11-01 09:53:06,006 |   Trial 177/300 | Shots: 5000 | Mean: 4985.4±132.0 | Time: 0.05s | ETA: 0.1m
2025-11-01 09:53:06,059 |   Trial 178/300 | Shots: 5000 | Mean: 4985.4±131.6 | Time: 0.05s | ETA: 0.1m
2025-11-01 09:53:06,112 |   Trial 179/300 | Shots: 5000 | Mean: 4985.5±131.3 | Time: 0.05s | ETA: 0.1m
2025-11-01 09:53:06,167 |   Trial 180/300 | Shots: 5000 | Mean: 4985.6±130.9 | Time: 0.06s | ETA: 0.1m
2025-11-01 09:53:06,214 |   Trial 181/300 | Shots: 5000 | Mean: 4985.7±130.5 | Time: 0.05s | ETA: 0.1m
2025-11-01 09:53:06,276 |   Trial 182/300 | Shots: 5000 | Mean: 4985.8±130.2 | Time: 0.06s | ETA: 0.1m
2025-11-01 09:53:06,332 |   Trial 183/300 | Shots: 5000 | Mean: 4985.8±129.8 | Time: 0.06s | ETA: 0.1m
2025-11-01 09:53:06,391 |   Trial 184/300 | Shots: 5000 | Mean: 4985.9±129.5 | Time: 0.06s | ETA: 0.1m
2025-11-01 09:53:06,447 |   Trial 185/300 | Shots: 5000 | Mean: 4986.0±129.1 | Time: 0.06s | ETA: 0.1m
2025-11-01 09:53:06,507 |   Trial 186/300 | Shots: 5000 | Mean: 4986.1±128.8 | Time: 0.06s | ETA: 0.1m
2025-11-01 09:53:06,557 |   Trial 187/300 | Shots: 5000 | Mean: 4986.1±128.5 | Time: 0.05s | ETA: 0.1m
2025-11-01 09:53:06,607 |   Trial 188/300 | Shots: 5000 | Mean: 4986.2±128.1 | Time: 0.05s | ETA: 0.1m
2025-11-01 09:53:06,663 |   Trial 189/300 | Shots: 5000 | Mean: 4986.3±127.8 | Time: 0.06s | ETA: 0.1m
2025-11-01 09:53:06,709 |   Trial 190/300 | Shots: 4608 | Mean: 4984.3±130.3 | Time: 0.05s | ETA: 0.1m
2025-11-01 09:53:06,768 |   Trial 191/300 | Shots: 5000 | Mean: 4984.4±130.0 | Time: 0.06s | ETA: 0.1m
2025-11-01 09:53:06,813 |   Trial 192/300 | Shots: 5000 | Mean: 4984.5±129.7 | Time: 0.04s | ETA: 0.1m
2025-11-01 09:53:06,869 |   Trial 193/300 | Shots: 5000 | Mean: 4984.5±129.3 | Time: 0.06s | ETA: 0.1m
2025-11-01 09:53:06,914 |   Trial 194/300 | Shots: 5000 | Mean: 4984.6±129.0 | Time: 0.04s | ETA: 0.1m
2025-11-01 09:53:06,981 |   Trial 195/300 | Shots: 5000 | Mean: 4984.7±128.7 | Time: 0.07s | ETA: 0.1m
2025-11-01 09:53:07,028 |   Trial 196/300 | Shots: 5000 | Mean: 4984.8±128.4 | Time: 0.05s | ETA: 0.1m
2025-11-01 09:53:07,090 |   Trial 197/300 | Shots: 5000 | Mean: 4984.9±128.0 | Time: 0.06s | ETA: 0.1m
2025-11-01 09:53:07,142 |   Trial 198/300 | Shots: 5000 | Mean: 4984.9±127.7 | Time: 0.05s | ETA: 0.1m
2025-11-01 09:53:07,204 |   Trial 199/300 | Shots: 5000 | Mean: 4985.0±127.4 | Time: 0.06s | ETA: 0.1m
2025-11-01 09:53:07,242 |   Trial 200/300 | Shots: 5000 | Mean: 4985.1±127.1 | Time: 0.04s | ETA: 0.1m
2025-11-01 09:53:07,293 |   Trial 201/300 | Shots: 5000 | Mean: 4985.2±126.8 | Time: 0.05s | ETA: 0.1m
2025-11-01 09:53:07,321 |   Trial 202/300 | Shots: 5000 | Mean: 4985.2±126.5 | Time: 0.03s | ETA: 0.1m
2025-11-01 09:53:07,379 |   Trial 203/300 | Shots: 5000 | Mean: 4985.3±126.2 | Time: 0.06s | ETA: 0.1m
2025-11-01 09:53:07,445 |   Trial 204/300 | Shots: 5000 | Mean: 4985.4±125.9 | Time: 0.07s | ETA: 0.1m
2025-11-01 09:53:07,495 |   Trial 205/300 | Shots: 5000 | Mean: 4985.4±125.6 | Time: 0.05s | ETA: 0.1m
2025-11-01 09:53:07,550 |   Trial 206/300 | Shots: 5000 | Mean: 4985.5±125.3 | Time: 0.06s | ETA: 0.1m
2025-11-01 09:53:07,606 |   Trial 207/300 | Shots: 5000 | Mean: 4985.6±125.0 | Time: 0.06s | ETA: 0.1m
2025-11-01 09:53:07,653 |   Trial 208/300 | Shots: 5000 | Mean: 4985.7±124.7 | Time: 0.05s | ETA: 0.1m
2025-11-01 09:53:07,715 |   Trial 209/300 | Shots: 5000 | Mean: 4985.7±124.4 | Time: 0.06s | ETA: 0.1m
2025-11-01 09:53:07,777 |   Trial 210/300 | Shots: 5000 | Mean: 4985.8±124.1 | Time: 0.06s | ETA: 0.1m
2025-11-01 09:53:07,832 |   Trial 211/300 | Shots: 5000 | Mean: 4985.9±123.8 | Time: 0.06s | ETA: 0.1m
2025-11-01 09:53:07,897 |   Trial 212/300 | Shots: 5000 | Mean: 4985.9±123.5 | Time: 0.07s | ETA: 0.1m
2025-11-01 09:53:07,953 |   Trial 213/300 | Shots: 5000 | Mean: 4986.0±123.2 | Time: 0.06s | ETA: 0.1m
2025-11-01 09:53:08,002 |   Trial 214/300 | Shots: 5000 | Mean: 4986.1±122.9 | Time: 0.05s | ETA: 0.1m
2025-11-01 09:53:08,050 |   Trial 215/300 | Shots: 5000 | Mean: 4986.1±122.6 | Time: 0.05s | ETA: 0.1m
2025-11-01 09:53:08,116 |   Trial 216/300 | Shots: 5000 | Mean: 4986.2±122.4 | Time: 0.07s | ETA: 0.1m
2025-11-01 09:53:08,177 |   Trial 217/300 | Shots: 5000 | Mean: 4986.2±122.1 | Time: 0.06s | ETA: 0.1m
2025-11-01 09:53:08,218 |   Trial 218/300 | Shots: 5000 | Mean: 4986.3±121.8 | Time: 0.04s | ETA: 0.1m
2025-11-01 09:53:08,286 |   Trial 219/300 | Shots: 5000 | Mean: 4986.4±121.5 | Time: 0.07s | ETA: 0.1m
2025-11-01 09:53:08,326 |   Trial 220/300 | Shots: 5000 | Mean: 4986.4±121.3 | Time: 0.04s | ETA: 0.1m
2025-11-01 09:53:08,389 |   Trial 221/300 | Shots: 5000 | Mean: 4986.5±121.0 | Time: 0.06s | ETA: 0.1m
2025-11-01 09:53:08,432 |   Trial 222/300 | Shots: 5000 | Mean: 4986.6±120.7 | Time: 0.04s | ETA: 0.1m
2025-11-01 09:53:08,496 |   Trial 223/300 | Shots: 5000 | Mean: 4986.6±120.4 | Time: 0.06s | ETA: 0.1m
2025-11-01 09:53:08,547 |   Trial 224/300 | Shots: 5000 | Mean: 4986.7±120.2 | Time: 0.05s | ETA: 0.1m
2025-11-01 09:53:08,608 |   Trial 225/300 | Shots: 5000 | Mean: 4986.7±119.9 | Time: 0.06s | ETA: 0.1m
2025-11-01 09:53:08,650 |   Trial 226/300 | Shots: 5000 | Mean: 4986.8±119.7 | Time: 0.04s | ETA: 0.1m
2025-11-01 09:53:08,690 |   Trial 227/300 | Shots: 5000 | Mean: 4986.9±119.4 | Time: 0.04s | ETA: 0.1m
2025-11-01 09:53:08,727 |   Trial 228/300 | Shots: 5000 | Mean: 4986.9±119.1 | Time: 0.04s | ETA: 0.1m
2025-11-01 09:53:08,764 |   Trial 229/300 | Shots: 5000 | Mean: 4987.0±118.9 | Time: 0.04s | ETA: 0.1m
2025-11-01 09:53:08,801 |   Trial 230/300 | Shots: 5000 | Mean: 4987.0±118.6 | Time: 0.04s | ETA: 0.1m
2025-11-01 09:53:08,832 |   Trial 231/300 | Shots: 4864 | Mean: 4986.5±118.6 | Time: 0.03s | ETA: 0.1m
2025-11-01 09:53:08,869 |   Trial 232/300 | Shots: 5000 | Mean: 4986.6±118.4 | Time: 0.04s | ETA: 0.1m
2025-11-01 09:53:08,906 |   Trial 233/300 | Shots: 5000 | Mean: 4986.6±118.1 | Time: 0.04s | ETA: 0.1m
2025-11-01 09:53:08,938 |   Trial 234/300 | Shots: 5000 | Mean: 4986.7±117.9 | Time: 0.03s | ETA: 0.1m
2025-11-01 09:53:08,974 |   Trial 235/300 | Shots: 5000 | Mean: 4986.7±117.6 | Time: 0.04s | ETA: 0.1m
2025-11-01 09:53:09,009 |   Trial 236/300 | Shots: 5000 | Mean: 4986.8±117.4 | Time: 0.04s | ETA: 0.1m
2025-11-01 09:53:09,044 |   Trial 237/300 | Shots: 5000 | Mean: 4986.8±117.1 | Time: 0.03s | ETA: 0.1m
2025-11-01 09:53:09,083 |   Trial 238/300 | Shots: 5000 | Mean: 4986.9±116.9 | Time: 0.04s | ETA: 0.1m
2025-11-01 09:53:09,115 |   Trial 239/300 | Shots: 5000 | Mean: 4986.9±116.7 | Time: 0.03s | ETA: 0.0m
2025-11-01 09:53:09,151 |   Trial 240/300 | Shots: 5000 | Mean: 4987.0±116.4 | Time: 0.04s | ETA: 0.0m
2025-11-01 09:53:09,187 |   Trial 241/300 | Shots: 5000 | Mean: 4987.1±116.2 | Time: 0.04s | ETA: 0.0m
2025-11-01 09:53:09,215 |   Trial 242/300 | Shots: 5000 | Mean: 4987.1±115.9 | Time: 0.03s | ETA: 0.0m
2025-11-01 09:53:09,249 |   Trial 243/300 | Shots: 5000 | Mean: 4987.2±115.7 | Time: 0.03s | ETA: 0.0m
2025-11-01 09:53:09,282 |   Trial 244/300 | Shots: 5000 | Mean: 4987.2±115.5 | Time: 0.03s | ETA: 0.0m
2025-11-01 09:53:09,313 |   Trial 245/300 | Shots: 4864 | Mean: 4986.7±115.5 | Time: 0.03s | ETA: 0.0m
2025-11-01 09:53:09,345 |   Trial 246/300 | Shots: 5000 | Mean: 4986.8±115.3 | Time: 0.03s | ETA: 0.0m
2025-11-01 09:53:09,382 |   Trial 247/300 | Shots: 5000 | Mean: 4986.8±115.0 | Time: 0.04s | ETA: 0.0m
2025-11-01 09:53:09,416 |   Trial 248/300 | Shots: 5000 | Mean: 4986.9±114.8 | Time: 0.03s | ETA: 0.0m
2025-11-01 09:53:09,450 |   Trial 249/300 | Shots: 5000 | Mean: 4986.9±114.6 | Time: 0.03s | ETA: 0.0m
2025-11-01 09:53:09,485 |   Trial 250/300 | Shots: 5000 | Mean: 4987.0±114.4 | Time: 0.04s | ETA: 0.0m
2025-11-01 09:53:09,518 |   Trial 251/300 | Shots: 5000 | Mean: 4987.0±114.1 | Time: 0.03s | ETA: 0.0m
2025-11-01 09:53:09,554 |   Trial 252/300 | Shots: 5000 | Mean: 4987.1±113.9 | Time: 0.04s | ETA: 0.0m
2025-11-01 09:53:09,584 |   Trial 253/300 | Shots: 5000 | Mean: 4987.1±113.7 | Time: 0.03s | ETA: 0.0m
2025-11-01 09:53:09,616 |   Trial 254/300 | Shots: 5000 | Mean: 4987.2±113.5 | Time: 0.03s | ETA: 0.0m
2025-11-01 09:53:09,650 |   Trial 255/300 | Shots: 5000 | Mean: 4987.2±113.2 | Time: 0.03s | ETA: 0.0m
2025-11-01 09:53:09,690 |   Trial 256/300 | Shots: 5000 | Mean: 4987.3±113.0 | Time: 0.04s | ETA: 0.0m
2025-11-01 09:53:09,723 |   Trial 257/300 | Shots: 5000 | Mean: 4987.3±112.8 | Time: 0.03s | ETA: 0.0m
2025-11-01 09:53:09,761 |   Trial 258/300 | Shots: 5000 | Mean: 4987.4±112.6 | Time: 0.04s | ETA: 0.0m
2025-11-01 09:53:09,797 |   Trial 259/300 | Shots: 5000 | Mean: 4987.4±112.4 | Time: 0.04s | ETA: 0.0m
2025-11-01 09:53:09,828 |   Trial 260/300 | Shots: 5000 | Mean: 4987.5±112.2 | Time: 0.03s | ETA: 0.0m
2025-11-01 09:53:09,863 |   Trial 261/300 | Shots: 5000 | Mean: 4987.5±112.0 | Time: 0.03s | ETA: 0.0m
2025-11-01 09:53:09,896 |   Trial 262/300 | Shots: 5000 | Mean: 4987.6±111.7 | Time: 0.03s | ETA: 0.0m
2025-11-01 09:53:09,924 |   Trial 263/300 | Shots: 5000 | Mean: 4987.6±111.5 | Time: 0.03s | ETA: 0.0m
2025-11-01 09:53:09,960 |   Trial 264/300 | Shots: 5000 | Mean: 4987.7±111.3 | Time: 0.04s | ETA: 0.0m
2025-11-01 09:53:09,997 |   Trial 265/300 | Shots: 5000 | Mean: 4987.7±111.1 | Time: 0.04s | ETA: 0.0m
2025-11-01 09:53:10,027 |   Trial 266/300 | Shots: 5000 | Mean: 4987.8±110.9 | Time: 0.03s | ETA: 0.0m
2025-11-01 09:53:10,064 |   Trial 267/300 | Shots: 5000 | Mean: 4987.8±110.7 | Time: 0.04s | ETA: 0.0m
2025-11-01 09:53:10,098 |   Trial 268/300 | Shots: 5000 | Mean: 4987.9±110.5 | Time: 0.03s | ETA: 0.0m
2025-11-01 09:53:10,129 |   Trial 269/300 | Shots: 5000 | Mean: 4987.9±110.3 | Time: 0.03s | ETA: 0.0m
2025-11-01 09:53:10,164 |   Trial 270/300 | Shots: 5000 | Mean: 4987.9±110.1 | Time: 0.03s | ETA: 0.0m
2025-11-01 09:53:10,198 |   Trial 271/300 | Shots: 5000 | Mean: 4988.0±109.9 | Time: 0.03s | ETA: 0.0m
2025-11-01 09:53:10,227 |   Trial 272/300 | Shots: 5000 | Mean: 4988.0±109.7 | Time: 0.03s | ETA: 0.0m
2025-11-01 09:53:10,264 |   Trial 273/300 | Shots: 5000 | Mean: 4988.1±109.5 | Time: 0.04s | ETA: 0.0m
2025-11-01 09:53:10,298 |   Trial 274/300 | Shots: 5000 | Mean: 4988.1±109.3 | Time: 0.03s | ETA: 0.0m
2025-11-01 09:53:10,327 |   Trial 275/300 | Shots: 5000 | Mean: 4988.2±109.1 | Time: 0.03s | ETA: 0.0m
2025-11-01 09:53:10,364 |   Trial 276/300 | Shots: 4864 | Mean: 4987.7±109.2 | Time: 0.04s | ETA: 0.0m
2025-11-01 09:53:10,398 |   Trial 277/300 | Shots: 5000 | Mean: 4987.8±109.0 | Time: 0.03s | ETA: 0.0m
2025-11-01 09:53:10,429 |   Trial 278/300 | Shots: 5000 | Mean: 4987.8±108.8 | Time: 0.03s | ETA: 0.0m
2025-11-01 09:53:10,465 |   Trial 279/300 | Shots: 5000 | Mean: 4987.8±108.6 | Time: 0.04s | ETA: 0.0m
2025-11-01 09:53:10,501 |   Trial 280/300 | Shots: 5000 | Mean: 4987.9±108.4 | Time: 0.04s | ETA: 0.0m
2025-11-01 09:53:10,530 |   Trial 281/300 | Shots: 5000 | Mean: 4987.9±108.2 | Time: 0.03s | ETA: 0.0m
2025-11-01 09:53:10,566 |   Trial 282/300 | Shots: 5000 | Mean: 4988.0±108.0 | Time: 0.04s | ETA: 0.0m
2025-11-01 09:53:10,600 |   Trial 283/300 | Shots: 5000 | Mean: 4988.0±107.8 | Time: 0.03s | ETA: 0.0m
2025-11-01 09:53:10,633 |   Trial 284/300 | Shots: 5000 | Mean: 4988.1±107.6 | Time: 0.03s | ETA: 0.0m
2025-11-01 09:53:10,670 |   Trial 285/300 | Shots: 5000 | Mean: 4988.1±107.4 | Time: 0.04s | ETA: 0.0m
2025-11-01 09:53:10,704 |   Trial 286/300 | Shots: 5000 | Mean: 4988.1±107.3 | Time: 0.03s | ETA: 0.0m
2025-11-01 09:53:10,731 |   Trial 287/300 | Shots: 5000 | Mean: 4988.2±107.1 | Time: 0.03s | ETA: 0.0m
2025-11-01 09:53:10,757 |   Trial 288/300 | Shots: 5000 | Mean: 4988.2±106.9 | Time: 0.03s | ETA: 0.0m
2025-11-01 09:53:10,786 |   Trial 289/300 | Shots: 5000 | Mean: 4988.3±106.7 | Time: 0.03s | ETA: 0.0m
2025-11-01 09:53:10,800 |   Trial 290/300 | Shots: 5000 | Mean: 4988.3±106.5 | Time: 0.01s | ETA: 0.0m
2025-11-01 09:53:10,816 |   Trial 291/300 | Shots: 5000 | Mean: 4988.3±106.3 | Time: 0.02s | ETA: 0.0m
2025-11-01 09:53:10,826 |   Trial 292/300 | Shots: 5000 | Mean: 4988.4±106.2 | Time: 0.01s | ETA: 0.0m
2025-11-01 09:53:10,851 |   Trial 293/300 | Shots: 5000 | Mean: 4988.4±106.0 | Time: 0.02s | ETA: 0.0m
2025-11-01 09:53:10,869 |   Trial 294/300 | Shots: 5000 | Mean: 4988.5±105.8 | Time: 0.02s | ETA: 0.0m
2025-11-01 09:53:10,888 |   Trial 295/300 | Shots: 5000 | Mean: 4988.5±105.6 | Time: 0.02s | ETA: 0.0m
2025-11-01 09:53:10,911 |   Trial 296/300 | Shots: 5000 | Mean: 4988.5±105.5 | Time: 0.02s | ETA: 0.0m
2025-11-01 09:53:10,922 |   Trial 297/300 | Shots: 5000 | Mean: 4988.6±105.3 | Time: 0.01s | ETA: 0.0m
2025-11-01 09:53:10,961 |   Trial 298/300 | Shots: 5000 | Mean: 4988.6±105.1 | Time: 0.04s | ETA: 0.0m
2025-11-01 09:53:10,994 |   Trial 299/300 | Shots: 5000 | Mean: 4988.7±104.9 | Time: 0.03s | ETA: 0.0m
2025-11-01 09:53:11,009 |   Trial 300/300 | Shots: 5000 | Mean: 4988.7±104.8 | Time: 0.01s | ETA: 0.0m
2025-11-01 09:53:11,009 |   FINAL — Mean shots (uniform): 4988.7 ± 104.8
2025-11-01 09:53:11,009 | 
Running VRA prior trials...
2025-11-01 09:53:11,010 |   Trial   1/300 | Shots:  512 | Mean: 512.0±0.0 | Time: 0.00s | ETA: 0.0m
2025-11-01 09:53:11,011 |   Trial   2/300 | Shots:  512 | Mean: 512.0±0.0 | Time: 0.00s | ETA: 0.0m
2025-11-01 09:53:11,021 |   Trial   3/300 | Shots: 4864 | Mean: 1962.7±2051.6 | Time: 0.01s | ETA: 0.0m
2025-11-01 09:53:11,026 |   Trial   4/300 | Shots: 1792 | Mean: 1920.0±1778.2 | Time: 0.00s | ETA: 0.0m
2025-11-01 09:53:11,050 |   Trial   5/300 | Shots: 4608 | Mean: 2457.6±1919.8 | Time: 0.02s | ETA: 0.0m
2025-11-01 09:53:11,066 |   Trial   6/300 | Shots: 5000 | Mean: 2881.3±1992.3 | Time: 0.02s | ETA: 0.0m
2025-11-01 09:53:11,071 |   Trial   7/300 | Shots: 1792 | Mean: 2725.7±1883.5 | Time: 0.01s | ETA: 0.0m
2025-11-01 09:53:11,073 |   Trial   8/300 | Shots:  768 | Mean: 2481.0±1877.0 | Time: 0.00s | ETA: 0.0m
2025-11-01 09:53:11,074 |   Trial   9/300 | Shots:  512 | Mean: 2262.2±1874.7 | Time: 0.00s | ETA: 0.0m
2025-11-01 09:53:11,097 |   Trial  10/300 | Shots: 4096 | Mean: 2445.6±1861.7 | Time: 0.02s | ETA: 0.0m
2025-11-01 09:53:11,099 |   Trial  11/300 | Shots:  256 | Mean: 2246.5±1883.3 | Time: 0.00s | ETA: 0.0m
2025-11-01 09:53:11,101 |   Trial  12/300 | Shots:  256 | Mean: 2080.7±1885.2 | Time: 0.00s | ETA: 0.0m
2025-11-01 09:53:11,116 |   Trial  13/300 | Shots: 3584 | Mean: 2196.3±1855.0 | Time: 0.02s | ETA: 0.0m
2025-11-01 09:53:11,117 |   Trial  14/300 | Shots:  768 | Mean: 2094.3±1825.0 | Time: 0.00s | ETA: 0.0m
2025-11-01 09:53:11,119 |   Trial  15/300 | Shots:  768 | Mean: 2005.9±1793.9 | Time: 0.00s | ETA: 0.0m
2025-11-01 09:53:11,123 |   Trial  16/300 | Shots: 1792 | Mean: 1992.5±1737.7 | Time: 0.00s | ETA: 0.0m
2025-11-01 09:53:11,129 |   Trial  17/300 | Shots: 1024 | Mean: 1935.5±1701.2 | Time: 0.01s | ETA: 0.0m
2025-11-01 09:53:11,134 |   Trial  18/300 | Shots:  768 | Mean: 1870.7±1674.7 | Time: 0.01s | ETA: 0.0m
2025-11-01 09:53:11,138 |   Trial  19/300 | Shots:  512 | Mean: 1799.2±1658.0 | Time: 0.00s | ETA: 0.0m
2025-11-01 09:53:11,141 |   Trial  20/300 | Shots:  512 | Mean: 1734.8±1640.2 | Time: 0.00s | ETA: 0.0m
2025-11-01 09:53:11,165 |   Trial  21/300 | Shots: 4608 | Mean: 1871.6±1713.7 | Time: 0.02s | ETA: 0.0m
2025-11-01 09:53:11,166 |   Trial  22/300 | Shots:  256 | Mean: 1798.2±1707.7 | Time: 0.00s | ETA: 0.0m
2025-11-01 09:53:11,187 |   Trial  23/300 | Shots: 5000 | Mean: 1937.4±1793.3 | Time: 0.02s | ETA: 0.0m
2025-11-01 09:53:11,215 |   Trial  24/300 | Shots: 5000 | Mean: 2065.0±1859.2 | Time: 0.03s | ETA: 0.0m
2025-11-01 09:53:11,219 |   Trial  25/300 | Shots: 1536 | Mean: 2043.8±1824.5 | Time: 0.00s | ETA: 0.0m
2025-11-01 09:53:11,221 |   Trial  26/300 | Shots:  768 | Mean: 1994.8±1805.9 | Time: 0.00s | ETA: 0.0m
2025-11-01 09:53:11,225 |   Trial  27/300 | Shots: 1024 | Mean: 1958.8±1781.6 | Time: 0.00s | ETA: 0.0m
2025-11-01 09:53:11,245 |   Trial  28/300 | Shots: 3328 | Mean: 2007.7±1767.8 | Time: 0.02s | ETA: 0.0m
2025-11-01 09:53:11,254 |   Trial  29/300 | Shots: 1792 | Mean: 2000.3±1737.5 | Time: 0.01s | ETA: 0.0m
2025-11-01 09:53:11,273 |   Trial  30/300 | Shots: 5000 | Mean: 2100.3±1791.2 | Time: 0.02s | ETA: 0.0m
2025-11-01 09:53:11,279 |   Trial  31/300 | Shots:  768 | Mean: 2057.3±1777.7 | Time: 0.01s | ETA: 0.0m
2025-11-01 09:53:11,287 |   Trial  32/300 | Shots: 1024 | Mean: 2025.0±1758.9 | Time: 0.01s | ETA: 0.0m
2025-11-01 09:53:11,292 |   Trial  33/300 | Shots:  768 | Mean: 1986.9±1745.4 | Time: 0.01s | ETA: 0.0m
2025-11-01 09:53:11,298 |   Trial  34/300 | Shots:  512 | Mean: 1943.5±1737.5 | Time: 0.01s | ETA: 0.0m
2025-11-01 09:53:11,313 |   Trial  35/300 | Shots: 5000 | Mean: 2030.9±1786.6 | Time: 0.01s | ETA: 0.0m
2025-11-01 09:53:11,328 |   Trial  36/300 | Shots: 5000 | Mean: 2113.3±1827.9 | Time: 0.01s | ETA: 0.0m
2025-11-01 09:53:11,339 |   Trial  37/300 | Shots: 2048 | Mean: 2111.6±1803.1 | Time: 0.01s | ETA: 0.0m
2025-11-01 09:53:11,342 |   Trial  38/300 | Shots:  768 | Mean: 2076.2±1792.2 | Time: 0.00s | ETA: 0.0m
2025-11-01 09:53:11,350 |   Trial  39/300 | Shots: 1280 | Mean: 2055.8±1773.5 | Time: 0.01s | ETA: 0.0m
2025-11-01 09:53:11,371 |   Trial  40/300 | Shots: 3840 | Mean: 2100.4±1773.2 | Time: 0.02s | ETA: 0.0m
2025-11-01 09:53:11,374 |   Trial  41/300 | Shots:  512 | Mean: 2061.7±1768.5 | Time: 0.00s | ETA: 0.0m
2025-11-01 09:53:11,385 |   Trial  42/300 | Shots: 2048 | Mean: 2061.3±1747.3 | Time: 0.01s | ETA: 0.0m
2025-11-01 09:53:11,386 |   Trial  43/300 | Shots:  256 | Mean: 2019.3±1748.2 | Time: 0.00s | ETA: 0.0m
2025-11-01 09:53:11,398 |   Trial  44/300 | Shots: 2048 | Mean: 2020.0±1728.2 | Time: 0.01s | ETA: 0.0m
2025-11-01 09:53:11,414 |   Trial  45/300 | Shots: 3840 | Mean: 2060.4±1729.9 | Time: 0.02s | ETA: 0.0m
2025-11-01 09:53:11,418 |   Trial  46/300 | Shots: 1792 | Mean: 2054.6±1711.4 | Time: 0.00s | ETA: 0.0m
2025-11-01 09:53:11,435 |   Trial  47/300 | Shots: 3584 | Mean: 2087.1±1707.4 | Time: 0.02s | ETA: 0.0m
2025-11-01 09:53:11,449 |   Trial  48/300 | Shots: 3072 | Mean: 2107.7±1695.4 | Time: 0.01s | ETA: 0.0m
2025-11-01 09:53:11,458 |   Trial  49/300 | Shots: 1536 | Mean: 2096.0±1679.9 | Time: 0.01s | ETA: 0.0m
2025-11-01 09:53:11,462 |   Trial  50/300 | Shots:  512 | Mean: 2064.3±1677.8 | Time: 0.00s | ETA: 0.0m
2025-11-01 09:53:11,465 |   Trial  51/300 | Shots:  768 | Mean: 2038.9±1670.9 | Time: 0.00s | ETA: 0.0m
2025-11-01 09:53:11,490 |   Trial  52/300 | Shots: 5000 | Mean: 2095.8±1704.0 | Time: 0.02s | ETA: 0.0m
2025-11-01 09:53:11,491 |   Trial  53/300 | Shots:  512 | Mean: 2066.0±1701.6 | Time: 0.00s | ETA: 0.0m
2025-11-01 09:53:11,492 |   Trial  54/300 | Shots:  256 | Mean: 2032.4±1703.3 | Time: 0.00s | ETA: 0.0m
2025-11-01 09:53:11,506 |   Trial  55/300 | Shots: 5000 | Mean: 2086.4±1733.7 | Time: 0.01s | ETA: 0.0m
2025-11-01 09:53:11,509 |   Trial  56/300 | Shots: 1536 | Mean: 2076.6±1719.7 | Time: 0.00s | ETA: 0.0m
2025-11-01 09:53:11,522 |   Trial  57/300 | Shots: 5000 | Mean: 2127.9±1747.2 | Time: 0.01s | ETA: 0.0m
2025-11-01 09:53:11,544 |   Trial  58/300 | Shots: 2304 | Mean: 2130.9±1732.3 | Time: 0.02s | ETA: 0.0m
2025-11-01 09:53:11,548 |   Trial  59/300 | Shots:  256 | Mean: 2099.1±1734.5 | Time: 0.00s | ETA: 0.0m
2025-11-01 09:53:11,563 |   Trial  60/300 | Shots: 1280 | Mean: 2085.5±1723.2 | Time: 0.02s | ETA: 0.0m
2025-11-01 09:53:11,568 |   Trial  61/300 | Shots:  512 | Mean: 2059.7±1720.6 | Time: 0.01s | ETA: 0.0m
2025-11-01 09:53:11,615 |   Trial  62/300 | Shots: 5000 | Mean: 2107.1±1746.4 | Time: 0.05s | ETA: 0.0m
2025-11-01 09:53:11,620 |   Trial  63/300 | Shots: 1280 | Mean: 2094.0±1735.6 | Time: 0.00s | ETA: 0.0m
2025-11-01 09:53:11,627 |   Trial  64/300 | Shots:  768 | Mean: 2073.2±1729.8 | Time: 0.01s | ETA: 0.0m
2025-11-01 09:53:11,676 |   Trial  65/300 | Shots: 5000 | Mean: 2118.3±1753.8 | Time: 0.05s | ETA: 0.0m
2025-11-01 09:53:11,689 |   Trial  66/300 | Shots: 1024 | Mean: 2101.7±1745.6 | Time: 0.01s | ETA: 0.0m
2025-11-01 09:53:11,714 |   Trial  67/300 | Shots: 5000 | Mean: 2145.0±1767.8 | Time: 0.03s | ETA: 0.0m
2025-11-01 09:53:11,717 |   Trial  68/300 | Shots:  768 | Mean: 2124.7±1762.6 | Time: 0.00s | ETA: 0.0m
2025-11-01 09:53:11,721 |   Trial  69/300 | Shots: 1536 | Mean: 2116.2±1751.2 | Time: 0.00s | ETA: 0.0m
2025-11-01 09:53:11,772 |   Trial  70/300 | Shots: 4864 | Mean: 2155.4±1768.9 | Time: 0.05s | ETA: 0.0m
2025-11-01 09:53:11,778 |   Trial  71/300 | Shots: 1024 | Mean: 2139.5±1761.5 | Time: 0.01s | ETA: 0.0m
2025-11-01 09:53:11,784 |   Trial  72/300 | Shots: 1024 | Mean: 2124.0±1754.1 | Time: 0.01s | ETA: 0.0m
2025-11-01 09:53:11,787 |   Trial  73/300 | Shots:  256 | Mean: 2098.4±1755.5 | Time: 0.00s | ETA: 0.0m
2025-11-01 09:53:11,797 |   Trial  74/300 | Shots: 1280 | Mean: 2087.4±1746.2 | Time: 0.01s | ETA: 0.0m
2025-11-01 09:53:11,810 |   Trial  75/300 | Shots: 1280 | Mean: 2076.6±1737.0 | Time: 0.01s | ETA: 0.0m
2025-11-01 09:53:11,816 |   Trial  76/300 | Shots: 1280 | Mean: 2066.1±1727.9 | Time: 0.01s | ETA: 0.0m
2025-11-01 09:53:11,817 |   Trial  77/300 | Shots:  256 | Mean: 2042.6±1728.8 | Time: 0.00s | ETA: 0.0m
2025-11-01 09:53:11,821 |   Trial  78/300 | Shots: 1536 | Mean: 2036.1±1718.6 | Time: 0.00s | ETA: 0.0m
2025-11-01 09:53:11,827 |   Trial  79/300 | Shots: 1024 | Mean: 2023.3±1711.5 | Time: 0.01s | ETA: 0.0m
2025-11-01 09:53:11,857 |   Trial  80/300 | Shots: 3584 | Mean: 2042.8±1709.6 | Time: 0.03s | ETA: 0.0m
2025-11-01 09:53:11,860 |   Trial  81/300 | Shots:  256 | Mean: 2020.7±1710.4 | Time: 0.00s | ETA: 0.0m
2025-11-01 09:53:11,864 |   Trial  82/300 | Shots:  256 | Mean: 1999.2±1710.9 | Time: 0.00s | ETA: 0.0m
2025-11-01 09:53:11,882 |   Trial  83/300 | Shots: 1792 | Mean: 1996.7±1700.7 | Time: 0.02s | ETA: 0.0m
2025-11-01 09:53:11,899 |   Trial  84/300 | Shots: 2048 | Mean: 1997.3±1690.6 | Time: 0.02s | ETA: 0.0m
2025-11-01 09:53:11,907 |   Trial  85/300 | Shots:  768 | Mean: 1982.9±1685.8 | Time: 0.01s | ETA: 0.0m
2025-11-01 09:53:11,910 |   Trial  86/300 | Shots:  256 | Mean: 1962.8±1686.2 | Time: 0.00s | ETA: 0.0m
2025-11-01 09:53:11,915 |   Trial  87/300 | Shots:  512 | Mean: 1946.1±1683.6 | Time: 0.00s | ETA: 0.0m
2025-11-01 09:53:11,920 |   Trial  88/300 | Shots: 1792 | Mean: 1944.4±1674.1 | Time: 0.01s | ETA: 0.0m
2025-11-01 09:53:11,935 |   Trial  89/300 | Shots: 2048 | Mean: 1945.5±1664.7 | Time: 0.02s | ETA: 0.0m
2025-11-01 09:53:11,945 |   Trial  90/300 | Shots:  768 | Mean: 1932.4±1660.0 | Time: 0.01s | ETA: 0.0m
2025-11-01 09:53:11,947 |   Trial  91/300 | Shots:  256 | Mean: 1914.0±1660.1 | Time: 0.00s | ETA: 0.0m
2025-11-01 09:53:11,960 |   Trial  92/300 | Shots: 1280 | Mean: 1907.1±1652.4 | Time: 0.01s | ETA: 0.0m
2025-11-01 09:53:11,966 |   Trial  93/300 | Shots:  512 | Mean: 1892.1±1649.7 | Time: 0.01s | ETA: 0.0m
2025-11-01 09:53:11,983 |   Trial  94/300 | Shots: 5000 | Mean: 1925.2±1671.6 | Time: 0.02s | ETA: 0.0m
2025-11-01 09:53:11,989 |   Trial  95/300 | Shots: 1024 | Mean: 1915.7±1665.3 | Time: 0.01s | ETA: 0.0m
2025-11-01 09:53:11,996 |   Trial  96/300 | Shots: 1536 | Mean: 1911.8±1657.1 | Time: 0.01s | ETA: 0.0m
2025-11-01 09:53:11,997 |   Trial  97/300 | Shots:  512 | Mean: 1897.3±1654.6 | Time: 0.00s | ETA: 0.0m
2025-11-01 09:53:11,999 |   Trial  98/300 | Shots:  512 | Mean: 1883.2±1652.0 | Time: 0.00s | ETA: 0.0m
2025-11-01 09:53:12,001 |   Trial  99/300 | Shots:  512 | Mean: 1869.3±1649.3 | Time: 0.00s | ETA: 0.0m
2025-11-01 09:53:12,009 |   Trial 100/300 | Shots: 4352 | Mean: 1894.2±1659.6 | Time: 0.01s | ETA: 0.0m
2025-11-01 09:53:12,010 |   Trial 101/300 | Shots:  768 | Mean: 1883.0±1655.1 | Time: 0.00s | ETA: 0.0m
2025-11-01 09:53:12,017 |   Trial 102/300 | Shots: 3840 | Mean: 1902.2±1658.2 | Time: 0.01s | ETA: 0.0m
2025-11-01 09:53:12,017 |   Trial 103/300 | Shots:  256 | Mean: 1886.2±1658.0 | Time: 0.00s | ETA: 0.0m
2025-11-01 09:53:12,018 |   Trial 104/300 | Shots:  512 | Mean: 1873.0±1655.5 | Time: 0.00s | ETA: 0.0m
2025-11-01 09:53:12,020 |   Trial 105/300 | Shots:  768 | Mean: 1862.5±1651.0 | Time: 0.00s | ETA: 0.0m
2025-11-01 09:53:12,029 |   Trial 106/300 | Shots: 5000 | Mean: 1892.1±1671.0 | Time: 0.01s | ETA: 0.0m
2025-11-01 09:53:12,041 |   Trial 107/300 | Shots: 1536 | Mean: 1888.7±1663.5 | Time: 0.01s | ETA: 0.0m
2025-11-01 09:53:12,059 |   Trial 108/300 | Shots: 1536 | Mean: 1885.5±1656.2 | Time: 0.02s | ETA: 0.0m
2025-11-01 09:53:12,074 |   Trial 109/300 | Shots: 2560 | Mean: 1891.7±1649.8 | Time: 0.01s | ETA: 0.0m
2025-11-01 09:53:12,076 |   Trial 110/300 | Shots:  256 | Mean: 1876.8±1649.6 | Time: 0.00s | ETA: 0.0m
2025-11-01 09:53:12,089 |   Trial 111/300 | Shots: 1536 | Mean: 1873.7±1642.5 | Time: 0.01s | ETA: 0.0m
2025-11-01 09:53:12,095 |   Trial 112/300 | Shots:  768 | Mean: 1863.9±1638.4 | Time: 0.01s | ETA: 0.0m
2025-11-01 09:53:12,103 |   Trial 113/300 | Shots:  768 | Mean: 1854.2±1634.4 | Time: 0.01s | ETA: 0.0m
2025-11-01 09:53:12,127 |   Trial 114/300 | Shots: 5000 | Mean: 1881.8±1653.4 | Time: 0.02s | ETA: 0.0m
2025-11-01 09:53:12,172 |   Trial 115/300 | Shots: 5000 | Mean: 1908.9±1671.5 | Time: 0.05s | ETA: 0.0m
2025-11-01 09:53:12,176 |   Trial 116/300 | Shots:  512 | Mean: 1896.8±1669.3 | Time: 0.00s | ETA: 0.0m
2025-11-01 09:53:12,185 |   Trial 117/300 | Shots:  768 | Mean: 1887.2±1665.4 | Time: 0.01s | ETA: 0.0m
2025-11-01 09:53:12,191 |   Trial 118/300 | Shots: 1024 | Mean: 1879.9±1660.2 | Time: 0.01s | ETA: 0.0m
2025-11-01 09:53:12,208 |   Trial 119/300 | Shots: 2304 | Mean: 1883.4±1653.6 | Time: 0.02s | ETA: 0.0m
2025-11-01 09:53:12,216 |   Trial 120/300 | Shots: 1792 | Mean: 1882.7±1646.8 | Time: 0.01s | ETA: 0.0m
2025-11-01 09:53:12,219 |   Trial 121/300 | Shots: 1024 | Mean: 1875.6±1641.8 | Time: 0.00s | ETA: 0.0m
2025-11-01 09:53:12,234 |   Trial 122/300 | Shots: 3072 | Mean: 1885.4±1638.6 | Time: 0.01s | ETA: 0.0m
2025-11-01 09:53:12,264 |   Trial 123/300 | Shots: 4096 | Mean: 1903.3±1643.9 | Time: 0.03s | ETA: 0.0m
2025-11-01 09:53:12,271 |   Trial 124/300 | Shots:  512 | Mean: 1892.1±1642.0 | Time: 0.01s | ETA: 0.0m
2025-11-01 09:53:12,284 |   Trial 125/300 | Shots: 1536 | Mean: 1889.3±1635.8 | Time: 0.01s | ETA: 0.0m
2025-11-01 09:53:12,310 |   Trial 126/300 | Shots: 3584 | Mean: 1902.7±1636.2 | Time: 0.03s | ETA: 0.0m
2025-11-01 09:53:12,315 |   Trial 127/300 | Shots:  512 | Mean: 1891.8±1634.3 | Time: 0.00s | ETA: 0.0m
2025-11-01 09:53:12,318 |   Trial 128/300 | Shots:  768 | Mean: 1883.0±1631.0 | Time: 0.00s | ETA: 0.0m
2025-11-01 09:53:12,321 |   Trial 129/300 | Shots:  768 | Mean: 1874.4±1627.6 | Time: 0.00s | ETA: 0.0m
2025-11-01 09:53:12,351 |   Trial 130/300 | Shots: 5000 | Mean: 1898.4±1644.1 | Time: 0.03s | ETA: 0.0m
2025-11-01 09:53:12,358 |   Trial 131/300 | Shots:  768 | Mean: 1889.8±1640.8 | Time: 0.01s | ETA: 0.0m
2025-11-01 09:53:12,364 |   Trial 132/300 | Shots:  512 | Mean: 1879.3±1638.9 | Time: 0.01s | ETA: 0.0m
2025-11-01 09:53:12,374 |   Trial 133/300 | Shots:  768 | Mean: 1871.0±1635.6 | Time: 0.01s | ETA: 0.0m
2025-11-01 09:53:12,412 |   Trial 134/300 | Shots: 5000 | Mean: 1894.3±1651.6 | Time: 0.04s | ETA: 0.0m
2025-11-01 09:53:12,415 |   Trial 135/300 | Shots:  512 | Mean: 1884.1±1649.7 | Time: 0.00s | ETA: 0.0m
2025-11-01 09:53:12,419 |   Trial 136/300 | Shots:  768 | Mean: 1875.9±1646.4 | Time: 0.00s | ETA: 0.0m
2025-11-01 09:53:12,422 |   Trial 137/300 | Shots: 1536 | Mean: 1873.4±1640.6 | Time: 0.00s | ETA: 0.0m
2025-11-01 09:53:12,428 |   Trial 138/300 | Shots: 1536 | Mean: 1871.0±1634.9 | Time: 0.01s | ETA: 0.0m
2025-11-01 09:53:12,441 |   Trial 139/300 | Shots: 1280 | Mean: 1866.7±1629.8 | Time: 0.01s | ETA: 0.0m
2025-11-01 09:53:12,451 |   Trial 140/300 | Shots: 1792 | Mean: 1866.2±1624.0 | Time: 0.01s | ETA: 0.0m
2025-11-01 09:53:12,456 |   Trial 141/300 | Shots:  512 | Mean: 1856.6±1622.2 | Time: 0.00s | ETA: 0.0m
2025-11-01 09:53:12,467 |   Trial 142/300 | Shots: 5000 | Mean: 1878.7±1637.7 | Time: 0.01s | ETA: 0.0m
2025-11-01 09:53:12,468 |   Trial 143/300 | Shots:  256 | Mean: 1867.4±1637.6 | Time: 0.00s | ETA: 0.0m
2025-11-01 09:53:12,470 |   Trial 144/300 | Shots:  768 | Mean: 1859.7±1634.4 | Time: 0.00s | ETA: 0.0m
2025-11-01 09:53:12,478 |   Trial 145/300 | Shots: 1792 | Mean: 1859.3±1628.8 | Time: 0.01s | ETA: 0.0m
2025-11-01 09:53:12,482 |   Trial 146/300 | Shots: 1536 | Mean: 1857.0±1623.4 | Time: 0.00s | ETA: 0.0m
2025-11-01 09:53:12,484 |   Trial 147/300 | Shots:  256 | Mean: 1846.1±1623.2 | Time: 0.00s | ETA: 0.0m
2025-11-01 09:53:12,512 |   Trial 148/300 | Shots: 4608 | Mean: 1864.8±1633.5 | Time: 0.03s | ETA: 0.0m
2025-11-01 09:53:12,515 |   Trial 149/300 | Shots: 1536 | Mean: 1862.6±1628.2 | Time: 0.00s | ETA: 0.0m
2025-11-01 09:53:12,519 |   Trial 150/300 | Shots: 2304 | Mean: 1865.5±1623.2 | Time: 0.00s | ETA: 0.0m
2025-11-01 09:53:12,520 |   Trial 151/300 | Shots:  512 | Mean: 1856.6±1621.5 | Time: 0.00s | ETA: 0.0m
2025-11-01 09:53:12,521 |   Trial 152/300 | Shots:  256 | Mean: 1846.1±1621.3 | Time: 0.00s | ETA: 0.0m
2025-11-01 09:53:12,523 |   Trial 153/300 | Shots:  768 | Mean: 1839.0±1618.4 | Time: 0.00s | ETA: 0.0m
2025-11-01 09:53:12,535 |   Trial 154/300 | Shots: 3072 | Mean: 1847.0±1616.1 | Time: 0.01s | ETA: 0.0m
2025-11-01 09:53:12,537 |   Trial 155/300 | Shots:  768 | Mean: 1840.1±1613.2 | Time: 0.00s | ETA: 0.0m
2025-11-01 09:53:12,563 |   Trial 156/300 | Shots: 5000 | Mean: 1860.3±1627.7 | Time: 0.03s | ETA: 0.0m
2025-11-01 09:53:12,571 |   Trial 157/300 | Shots: 1024 | Mean: 1855.0±1623.9 | Time: 0.01s | ETA: 0.0m
2025-11-01 09:53:12,599 |   Trial 158/300 | Shots: 5000 | Mean: 1874.9±1637.8 | Time: 0.03s | ETA: 0.0m
2025-11-01 09:53:12,601 |   Trial 159/300 | Shots:  512 | Mean: 1866.3±1636.2 | Time: 0.00s | ETA: 0.0m
2025-11-01 09:53:12,603 |   Trial 160/300 | Shots:  256 | Mean: 1856.2±1636.0 | Time: 0.00s | ETA: 0.0m
2025-11-01 09:53:12,614 |   Trial 161/300 | Shots: 5000 | Mean: 1875.8±1649.5 | Time: 0.01s | ETA: 0.0m
2025-11-01 09:53:12,615 |   Trial 162/300 | Shots:  256 | Mean: 1865.8±1649.3 | Time: 0.00s | ETA: 0.0m
2025-11-01 09:53:12,616 |   Trial 163/300 | Shots:  512 | Mean: 1857.5±1647.6 | Time: 0.00s | ETA: 0.0m
2025-11-01 09:53:12,620 |   Trial 164/300 | Shots: 2048 | Mean: 1858.6±1642.7 | Time: 0.00s | ETA: 0.0m
2025-11-01 09:53:12,623 |   Trial 165/300 | Shots: 1792 | Mean: 1858.2±1637.7 | Time: 0.00s | ETA: 0.0m
2025-11-01 09:53:12,638 |   Trial 166/300 | Shots: 2560 | Mean: 1862.5±1633.7 | Time: 0.01s | ETA: 0.0m
2025-11-01 09:53:12,641 |   Trial 167/300 | Shots:  768 | Mean: 1855.9±1631.0 | Time: 0.00s | ETA: 0.0m
2025-11-01 09:53:12,647 |   Trial 168/300 | Shots: 1792 | Mean: 1855.5±1626.1 | Time: 0.01s | ETA: 0.0m
2025-11-01 09:53:12,660 |   Trial 169/300 | Shots: 2048 | Mean: 1856.7±1621.4 | Time: 0.01s | ETA: 0.0m
2025-11-01 09:53:12,671 |   Trial 170/300 | Shots: 3584 | Mean: 1866.8±1622.0 | Time: 0.01s | ETA: 0.0m
2025-11-01 09:53:12,672 |   Trial 171/300 | Shots:  256 | Mean: 1857.4±1621.9 | Time: 0.00s | ETA: 0.0m
2025-11-01 09:53:12,673 |   Trial 172/300 | Shots:  512 | Mean: 1849.6±1620.4 | Time: 0.00s | ETA: 0.0m
2025-11-01 09:53:12,676 |   Trial 173/300 | Shots: 2048 | Mean: 1850.7±1615.8 | Time: 0.00s | ETA: 0.0m
2025-11-01 09:53:12,677 |   Trial 174/300 | Shots:  512 | Mean: 1843.0±1614.3 | Time: 0.00s | ETA: 0.0m
2025-11-01 09:53:12,679 |   Trial 175/300 | Shots:  768 | Mean: 1836.9±1611.7 | Time: 0.00s | ETA: 0.0m
2025-11-01 09:53:12,681 |   Trial 176/300 | Shots: 1280 | Mean: 1833.7±1607.7 | Time: 0.00s | ETA: 0.0m
2025-11-01 09:53:12,683 |   Trial 177/300 | Shots:  768 | Mean: 1827.7±1605.1 | Time: 0.00s | ETA: 0.0m
2025-11-01 09:53:12,684 |   Trial 178/300 | Shots:  768 | Mean: 1821.8±1602.5 | Time: 0.00s | ETA: 0.0m
2025-11-01 09:53:12,687 |   Trial 179/300 | Shots: 1536 | Mean: 1820.2±1598.2 | Time: 0.00s | ETA: 0.0m
2025-11-01 09:53:12,689 |   Trial 180/300 | Shots: 1024 | Mean: 1815.7±1594.9 | Time: 0.00s | ETA: 0.0m
2025-11-01 09:53:12,690 |   Trial 181/300 | Shots:  256 | Mean: 1807.1±1594.6 | Time: 0.00s | ETA: 0.0m
2025-11-01 09:53:12,703 |   Trial 182/300 | Shots: 2304 | Mean: 1809.8±1590.7 | Time: 0.01s | ETA: 0.0m
2025-11-01 09:53:12,713 |   Trial 183/300 | Shots: 5000 | Mean: 1827.3±1603.7 | Time: 0.01s | ETA: 0.0m
2025-11-01 09:53:12,723 |   Trial 184/300 | Shots: 5000 | Mean: 1844.5±1616.2 | Time: 0.01s | ETA: 0.0m
2025-11-01 09:53:12,727 |   Trial 185/300 | Shots:  768 | Mean: 1838.7±1613.8 | Time: 0.00s | ETA: 0.0m
2025-11-01 09:53:12,734 |   Trial 186/300 | Shots:  768 | Mean: 1832.9±1611.3 | Time: 0.01s | ETA: 0.0m
2025-11-01 09:53:12,739 |   Trial 187/300 | Shots:  512 | Mean: 1825.9±1609.9 | Time: 0.00s | ETA: 0.0m
2025-11-01 09:53:12,741 |   Trial 188/300 | Shots:  256 | Mean: 1817.5±1609.7 | Time: 0.00s | ETA: 0.0m
2025-11-01 09:53:12,751 |   Trial 189/300 | Shots: 1280 | Mean: 1814.7±1605.9 | Time: 0.01s | ETA: 0.0m
2025-11-01 09:53:12,756 |   Trial 190/300 | Shots:  768 | Mean: 1809.2±1603.5 | Time: 0.00s | ETA: 0.0m
2025-11-01 09:53:12,758 |   Trial 191/300 | Shots:  256 | Mean: 1801.0±1603.2 | Time: 0.00s | ETA: 0.0m
2025-11-01 09:53:12,766 |   Trial 192/300 | Shots: 2304 | Mean: 1803.7±1599.4 | Time: 0.01s | ETA: 0.0m
2025-11-01 09:53:12,778 |   Trial 193/300 | Shots: 3328 | Mean: 1811.6±1599.0 | Time: 0.01s | ETA: 0.0m
2025-11-01 09:53:12,800 |   Trial 194/300 | Shots: 5000 | Mean: 1828.0±1611.1 | Time: 0.02s | ETA: 0.0m
2025-11-01 09:53:12,802 |   Trial 195/300 | Shots: 1280 | Mean: 1825.2±1607.5 | Time: 0.00s | ETA: 0.0m
2025-11-01 09:53:12,808 |   Trial 196/300 | Shots: 3072 | Mean: 1831.6±1605.8 | Time: 0.01s | ETA: 0.0m
2025-11-01 09:53:12,816 |   Trial 197/300 | Shots: 5000 | Mean: 1847.6±1617.5 | Time: 0.01s | ETA: 0.0m
2025-11-01 09:53:12,826 |   Trial 198/300 | Shots: 5000 | Mean: 1863.6±1628.8 | Time: 0.01s | ETA: 0.0m
2025-11-01 09:53:12,842 |   Trial 199/300 | Shots: 4352 | Mean: 1876.1±1634.2 | Time: 0.02s | ETA: 0.0m
2025-11-01 09:53:12,843 |   Trial 200/300 | Shots:  512 | Mean: 1869.2±1633.0 | Time: 0.00s | ETA: 0.0m
2025-11-01 09:53:12,845 |   Trial 201/300 | Shots:  512 | Mean: 1862.5±1631.7 | Time: 0.00s | ETA: 0.0m
2025-11-01 09:53:12,853 |   Trial 202/300 | Shots:  768 | Mean: 1857.1±1629.5 | Time: 0.01s | ETA: 0.0m
2025-11-01 09:53:12,868 |   Trial 203/300 | Shots: 5000 | Mean: 1872.6±1640.3 | Time: 0.01s | ETA: 0.0m
2025-11-01 09:53:12,874 |   Trial 204/300 | Shots: 1024 | Mean: 1868.4±1637.3 | Time: 0.01s | ETA: 0.0m
2025-11-01 09:53:12,879 |   Trial 205/300 | Shots:  768 | Mean: 1863.0±1635.1 | Time: 0.01s | ETA: 0.0m
2025-11-01 09:53:12,881 |   Trial 206/300 | Shots:  256 | Mean: 1855.2±1635.0 | Time: 0.00s | ETA: 0.0m
2025-11-01 09:53:12,885 |   Trial 207/300 | Shots:  512 | Mean: 1848.7±1633.7 | Time: 0.00s | ETA: 0.0m
2025-11-01 09:53:12,909 |   Trial 208/300 | Shots: 5000 | Mean: 1863.9±1644.2 | Time: 0.02s | ETA: 0.0m
2025-11-01 09:53:12,912 |   Trial 209/300 | Shots: 1792 | Mean: 1863.5±1640.3 | Time: 0.00s | ETA: 0.0m
2025-11-01 09:53:12,914 |   Trial 210/300 | Shots: 1024 | Mean: 1859.5±1637.4 | Time: 0.00s | ETA: 0.0m
2025-11-01 09:53:12,915 |   Trial 211/300 | Shots:  256 | Mean: 1851.9±1637.2 | Time: 0.00s | ETA: 0.0m
2025-11-01 09:53:12,916 |   Trial 212/300 | Shots:  768 | Mean: 1846.8±1635.1 | Time: 0.00s | ETA: 0.0m
2025-11-01 09:53:12,917 |   Trial 213/300 | Shots:  512 | Mean: 1840.6±1633.8 | Time: 0.00s | ETA: 0.0m
2025-11-01 09:53:12,920 |   Trial 214/300 | Shots: 1536 | Mean: 1839.1±1630.1 | Time: 0.00s | ETA: 0.0m
2025-11-01 09:53:12,930 |   Trial 215/300 | Shots: 5000 | Mean: 1853.8±1640.4 | Time: 0.01s | ETA: 0.0m
2025-11-01 09:53:12,931 |   Trial 216/300 | Shots:  256 | Mean: 1846.4±1640.2 | Time: 0.00s | ETA: 0.0m
2025-11-01 09:53:12,933 |   Trial 217/300 | Shots:  512 | Mean: 1840.3±1638.9 | Time: 0.00s | ETA: 0.0m
2025-11-01 09:53:12,936 |   Trial 218/300 | Shots:  512 | Mean: 1834.2±1637.6 | Time: 0.00s | ETA: 0.0m
2025-11-01 09:53:12,955 |   Trial 219/300 | Shots: 5000 | Mean: 1848.7±1647.8 | Time: 0.02s | ETA: 0.0m
2025-11-01 09:53:12,960 |   Trial 220/300 | Shots: 1792 | Mean: 1848.4±1644.0 | Time: 0.00s | ETA: 0.0m
2025-11-01 09:53:12,968 |   Trial 221/300 | Shots: 3072 | Mean: 1853.9±1642.4 | Time: 0.01s | ETA: 0.0m
2025-11-01 09:53:12,970 |   Trial 222/300 | Shots:  512 | Mean: 1847.9±1641.1 | Time: 0.00s | ETA: 0.0m
2025-11-01 09:53:12,986 |   Trial 223/300 | Shots: 4864 | Mean: 1861.4±1649.8 | Time: 0.02s | ETA: 0.0m
2025-11-01 09:53:12,989 |   Trial 224/300 | Shots:  512 | Mean: 1855.4±1648.6 | Time: 0.00s | ETA: 0.0m
2025-11-01 09:53:12,991 |   Trial 225/300 | Shots:  256 | Mean: 1848.3±1648.3 | Time: 0.00s | ETA: 0.0m
2025-11-01 09:53:13,001 |   Trial 226/300 | Shots: 2048 | Mean: 1849.2±1644.7 | Time: 0.01s | ETA: 0.0m
2025-11-01 09:53:13,008 |   Trial 227/300 | Shots: 1280 | Mean: 1846.7±1641.5 | Time: 0.01s | ETA: 0.0m
2025-11-01 09:53:13,012 |   Trial 228/300 | Shots: 1024 | Mean: 1843.1±1638.8 | Time: 0.00s | ETA: 0.0m
2025-11-01 09:53:13,013 |   Trial 229/300 | Shots:  512 | Mean: 1837.2±1637.6 | Time: 0.00s | ETA: 0.0m
2025-11-01 09:53:13,014 |   Trial 230/300 | Shots:  512 | Mean: 1831.5±1636.4 | Time: 0.00s | ETA: 0.0m
2025-11-01 09:53:13,017 |   Trial 231/300 | Shots: 1280 | Mean: 1829.1±1633.2 | Time: 0.00s | ETA: 0.0m
2025-11-01 09:53:13,020 |   Trial 232/300 | Shots: 1536 | Mean: 1827.8±1629.8 | Time: 0.00s | ETA: 0.0m
2025-11-01 09:53:13,022 |   Trial 233/300 | Shots: 1536 | Mean: 1826.6±1626.4 | Time: 0.00s | ETA: 0.0m
2025-11-01 09:53:13,025 |   Trial 234/300 | Shots: 1280 | Mean: 1824.2±1623.3 | Time: 0.00s | ETA: 0.0m
2025-11-01 09:53:13,030 |   Trial 235/300 | Shots:  768 | Mean: 1819.7±1621.3 | Time: 0.00s | ETA: 0.0m
2025-11-01 09:53:13,033 |   Trial 236/300 | Shots: 1280 | Mean: 1817.5±1618.3 | Time: 0.00s | ETA: 0.0m
2025-11-01 09:53:13,037 |   Trial 237/300 | Shots: 2048 | Mean: 1818.4±1614.9 | Time: 0.00s | ETA: 0.0m
2025-11-01 09:53:13,045 |   Trial 238/300 | Shots: 3584 | Mean: 1825.8±1615.6 | Time: 0.01s | ETA: 0.0m
2025-11-01 09:53:13,049 |   Trial 239/300 | Shots:  512 | Mean: 1820.4±1614.4 | Time: 0.00s | ETA: 0.0m
2025-11-01 09:53:13,060 |   Trial 240/300 | Shots: 1536 | Mean: 1819.2±1611.2 | Time: 0.01s | ETA: 0.0m
2025-11-01 09:53:13,062 |   Trial 241/300 | Shots:  512 | Mean: 1813.7±1610.0 | Time: 0.00s | ETA: 0.0m
2025-11-01 09:53:13,094 |   Trial 242/300 | Shots: 3328 | Mean: 1820.0±1609.6 | Time: 0.03s | ETA: 0.0m
2025-11-01 09:53:13,103 |   Trial 243/300 | Shots: 1024 | Mean: 1816.7±1607.1 | Time: 0.01s | ETA: 0.0m
2025-11-01 09:53:13,113 |   Trial 244/300 | Shots: 2048 | Mean: 1817.7±1603.9 | Time: 0.01s | ETA: 0.0m
2025-11-01 09:53:13,131 |   Trial 245/300 | Shots: 5000 | Mean: 1830.7±1613.4 | Time: 0.02s | ETA: 0.0m
2025-11-01 09:53:13,135 |   Trial 246/300 | Shots:  768 | Mean: 1826.3±1611.5 | Time: 0.00s | ETA: 0.0m
2025-11-01 09:53:13,145 |   Trial 247/300 | Shots: 1280 | Mean: 1824.1±1608.7 | Time: 0.01s | ETA: 0.0m
2025-11-01 09:53:13,191 |   Trial 248/300 | Shots: 5000 | Mean: 1836.9±1618.0 | Time: 0.05s | ETA: 0.0m
2025-11-01 09:53:13,198 |   Trial 249/300 | Shots: 1024 | Mean: 1833.7±1615.5 | Time: 0.01s | ETA: 0.0m
2025-11-01 09:53:13,204 |   Trial 250/300 | Shots:  768 | Mean: 1829.4±1613.7 | Time: 0.01s | ETA: 0.0m
2025-11-01 09:53:13,217 |   Trial 251/300 | Shots: 2304 | Mean: 1831.3±1610.8 | Time: 0.01s | ETA: 0.0m
2025-11-01 09:53:13,220 |   Trial 252/300 | Shots: 1280 | Mean: 1829.1±1607.9 | Time: 0.00s | ETA: 0.0m
2025-11-01 09:53:13,221 |   Trial 253/300 | Shots:  256 | Mean: 1822.9±1607.8 | Time: 0.00s | ETA: 0.0m
2025-11-01 09:53:13,249 |   Trial 254/300 | Shots: 5000 | Mean: 1835.4±1616.9 | Time: 0.03s | ETA: 0.0m
2025-11-01 09:53:13,253 |   Trial 255/300 | Shots: 1536 | Mean: 1834.2±1613.9 | Time: 0.00s | ETA: 0.0m
2025-11-01 09:53:13,259 |   Trial 256/300 | Shots: 2048 | Mean: 1835.1±1610.8 | Time: 0.01s | ETA: 0.0m
2025-11-01 09:53:13,264 |   Trial 257/300 | Shots: 1792 | Mean: 1834.9±1607.6 | Time: 0.00s | ETA: 0.0m
2025-11-01 09:53:13,265 |   Trial 258/300 | Shots:  256 | Mean: 1828.8±1607.5 | Time: 0.00s | ETA: 0.0m
2025-11-01 09:53:13,266 |   Trial 259/300 | Shots:  512 | Mean: 1823.7±1606.5 | Time: 0.00s | ETA: 0.0m
2025-11-01 09:53:13,269 |   Trial 260/300 | Shots:  512 | Mean: 1818.6±1605.4 | Time: 0.00s | ETA: 0.0m
2025-11-01 09:53:13,273 |   Trial 261/300 | Shots:  768 | Mean: 1814.6±1603.7 | Time: 0.00s | ETA: 0.0m
2025-11-01 09:53:13,276 |   Trial 262/300 | Shots:  512 | Mean: 1809.6±1602.6 | Time: 0.00s | ETA: 0.0m
2025-11-01 09:53:13,289 |   Trial 263/300 | Shots: 2816 | Mean: 1813.5±1600.8 | Time: 0.01s | ETA: 0.0m
2025-11-01 09:53:13,295 |   Trial 264/300 | Shots:  512 | Mean: 1808.5±1599.7 | Time: 0.01s | ETA: 0.0m
2025-11-01 09:53:13,298 |   Trial 265/300 | Shots:  512 | Mean: 1803.7±1598.7 | Time: 0.00s | ETA: 0.0m
2025-11-01 09:53:13,302 |   Trial 266/300 | Shots: 1024 | Mean: 1800.7±1596.4 | Time: 0.00s | ETA: 0.0m
2025-11-01 09:53:13,314 |   Trial 267/300 | Shots: 5000 | Mean: 1812.7±1605.3 | Time: 0.01s | ETA: 0.0m
2025-11-01 09:53:13,323 |   Trial 268/300 | Shots: 3072 | Mean: 1817.4±1604.2 | Time: 0.01s | ETA: 0.0m
2025-11-01 09:53:13,336 |   Trial 269/300 | Shots: 3584 | Mean: 1824.0±1604.8 | Time: 0.01s | ETA: 0.0m
2025-11-01 09:53:13,367 |   Trial 270/300 | Shots: 4864 | Mean: 1835.2±1612.4 | Time: 0.03s | ETA: 0.0m
2025-11-01 09:53:13,373 |   Trial 271/300 | Shots: 1024 | Mean: 1832.2±1610.2 | Time: 0.01s | ETA: 0.0m
2025-11-01 09:53:13,375 |   Trial 272/300 | Shots:  768 | Mean: 1828.3±1608.5 | Time: 0.00s | ETA: 0.0m
2025-11-01 09:53:13,379 |   Trial 273/300 | Shots: 2560 | Mean: 1831.0±1606.2 | Time: 0.00s | ETA: 0.0m
2025-11-01 09:53:13,384 |   Trial 274/300 | Shots:  512 | Mean: 1826.2±1605.2 | Time: 0.00s | ETA: 0.0m
2025-11-01 09:53:13,397 |   Trial 275/300 | Shots: 5000 | Mean: 1837.7±1613.7 | Time: 0.01s | ETA: 0.0m
2025-11-01 09:53:13,398 |   Trial 276/300 | Shots:  512 | Mean: 1832.9±1612.7 | Time: 0.00s | ETA: 0.0m
2025-11-01 09:53:13,400 |   Trial 277/300 | Shots: 1024 | Mean: 1830.0±1610.5 | Time: 0.00s | ETA: 0.0m
2025-11-01 09:53:13,402 |   Trial 278/300 | Shots: 1280 | Mean: 1828.0±1608.0 | Time: 0.00s | ETA: 0.0m
2025-11-01 09:53:13,404 |   Trial 279/300 | Shots:  512 | Mean: 1823.3±1607.0 | Time: 0.00s | ETA: 0.0m
2025-11-01 09:53:13,407 |   Trial 280/300 | Shots: 1536 | Mean: 1822.3±1604.2 | Time: 0.00s | ETA: 0.0m
2025-11-01 09:53:13,408 |   Trial 281/300 | Shots:  512 | Mean: 1817.6±1603.3 | Time: 0.00s | ETA: 0.0m
2025-11-01 09:53:13,411 |   Trial 282/300 | Shots: 1792 | Mean: 1817.5±1600.4 | Time: 0.00s | ETA: 0.0m
2025-11-01 09:53:13,413 |   Trial 283/300 | Shots: 1024 | Mean: 1814.7±1598.3 | Time: 0.00s | ETA: 0.0m
2025-11-01 09:53:13,418 |   Trial 284/300 | Shots: 2304 | Mean: 1816.5±1595.7 | Time: 0.00s | ETA: 0.0m
2025-11-01 09:53:13,419 |   Trial 285/300 | Shots:  512 | Mean: 1811.9±1594.8 | Time: 0.00s | ETA: 0.0m
2025-11-01 09:53:13,422 |   Trial 286/300 | Shots: 1792 | Mean: 1811.8±1592.0 | Time: 0.00s | ETA: 0.0m
2025-11-01 09:53:13,426 |   Trial 287/300 | Shots: 1280 | Mean: 1810.0±1589.5 | Time: 0.00s | ETA: 0.0m
2025-11-01 09:53:13,469 |   Trial 288/300 | Shots: 5000 | Mean: 1821.0±1597.8 | Time: 0.04s | ETA: 0.0m
2025-11-01 09:53:13,477 |   Trial 289/300 | Shots:  512 | Mean: 1816.5±1596.9 | Time: 0.01s | ETA: 0.0m
2025-11-01 09:53:13,489 |   Trial 290/300 | Shots: 1024 | Mean: 1813.8±1594.8 | Time: 0.01s | ETA: 0.0m
2025-11-01 09:53:13,507 |   Trial 291/300 | Shots: 2560 | Mean: 1816.3±1592.7 | Time: 0.02s | ETA: 0.0m
2025-11-01 09:53:13,509 |   Trial 292/300 | Shots:  768 | Mean: 1812.7±1591.1 | Time: 0.00s | ETA: 0.0m
2025-11-01 09:53:13,511 |   Trial 293/300 | Shots: 1024 | Mean: 1810.0±1589.1 | Time: 0.00s | ETA: 0.0m
2025-11-01 09:53:13,512 |   Trial 294/300 | Shots:  512 | Mean: 1805.6±1588.2 | Time: 0.00s | ETA: 0.0m
2025-11-01 09:53:13,516 |   Trial 295/300 | Shots: 1792 | Mean: 1805.6±1585.5 | Time: 0.00s | ETA: 0.0m
2025-11-01 09:53:13,519 |   Trial 296/300 | Shots: 1536 | Mean: 1804.7±1582.9 | Time: 0.00s | ETA: 0.0m
2025-11-01 09:53:13,522 |   Trial 297/300 | Shots: 1536 | Mean: 1803.8±1580.3 | Time: 0.00s | ETA: 0.0m
2025-11-01 09:53:13,524 |   Trial 298/300 | Shots:  256 | Mean: 1798.6±1580.2 | Time: 0.00s | ETA: 0.0m
2025-11-01 09:53:13,531 |   Trial 299/300 | Shots:  768 | Mean: 1795.1±1578.7 | Time: 0.01s | ETA: 0.0m
2025-11-01 09:53:13,564 |   Trial 300/300 | Shots: 2560 | Mean: 1797.7±1576.6 | Time: 0.03s | ETA: 0.0m
2025-11-01 09:53:13,565 |   FINAL — Mean shots (VRA): 1797.7 ± 1576.6
2025-11-01 09:53:13,565 | 
======================================================================
2025-11-01 09:53:13,565 | RESULTS
2025-11-01 09:53:13,565 | ======================================================================
2025-11-01 09:53:13,565 | Mean shots — Uniform: 4988.7
2025-11-01 09:53:13,565 | Mean shots — VRA    : 1797.7
2025-11-01 09:53:13,565 | Reduction (VRA vs Uniform): 64.0%
2025-11-01 09:53:13,565 | 
Results saved to ../../Data/Experiments/Tier6/T6A2/T6A2_GPU_results.json
2025-11-01 09:53:13,565 | ======================================================================
2025-11-01 09:53:13,565 | T6-A2 GPU (fixed) COMPLETE
