2025-10-31 13:35:47,309 | ======================================================================
2025-10-31 13:35:47,310 | T6-B1: M Scaling Law Verification (GPU) - SNR ∝ M
2025-10-31 13:35:47,310 | ======================================================================
2025-10-31 13:35:47,310 | Log: ../../Data/Experiments/Tier6/T6B1/T6B1_gpu_20251031_133547.log
2025-10-31 13:35:47,310 | GPU: Compute Capability 121
2025-10-31 13:35:47,310 | Starting GPU-accelerated √M scaling experiment...
2025-10-31 13:35:47,310 | 
2025-10-31 13:35:47,310 | Configuration:
2025-10-31 13:35:47,310 |   N: 2003
2025-10-31 13:35:47,310 |   r_target: 182
2025-10-31 13:35:47,310 |   M values: [4, 8, 16, 32, 64, 128]
2025-10-31 13:35:47,310 |   L: 8192, trials: 50
2025-10-31 13:35:47,310 |   Noise σ: 0.3
2025-10-31 13:35:47,310 | 
2025-10-31 13:35:47,310 | Finding bases with order 182...
2025-10-31 13:35:47,324 |   Found 256 bases
2025-10-31 13:35:47,324 | 
============================================================
2025-10-31 13:35:47,324 | Testing M = 4
2025-10-31 13:35:47,324 | ============================================================
2025-10-31 13:35:47,813 |   [10/300] Trial 10/50 | SNR=27.17 dB | Elapsed: 0.0m | ETA: 0.2m
2025-10-31 13:35:48,310 |   [20/300] Trial 20/50 | SNR=26.27 dB | Elapsed: 0.0m | ETA: 0.2m
2025-10-31 13:35:48,802 |   [30/300] Trial 30/50 | SNR=26.06 dB | Elapsed: 0.0m | ETA: 0.2m
2025-10-31 13:35:49,297 |   [40/300] Trial 40/50 | SNR=25.95 dB | Elapsed: 0.0m | ETA: 0.2m
2025-10-31 13:35:49,796 |   [50/300] Trial 50/50 | SNR=25.93 dB | Elapsed: 0.0m | ETA: 0.2m
2025-10-31 13:35:49,796 | 
  M=4 → SNR = 25.93 ± 1.55 dB
2025-10-31 13:35:49,796 |   Theoretical √M gain: 6.02 dB
2025-10-31 13:35:49,796 | 
============================================================
2025-10-31 13:35:49,796 | Testing M = 8
2025-10-31 13:35:49,796 | ============================================================
2025-10-31 13:35:50,739 |   [60/300] Trial 10/50 | SNR=26.23 dB | Elapsed: 0.1m | ETA: 0.2m
2025-10-31 13:35:51,686 |   [70/300] Trial 20/50 | SNR=26.15 dB | Elapsed: 0.1m | ETA: 0.2m
2025-10-31 13:35:52,633 |   [80/300] Trial 30/50 | SNR=26.18 dB | Elapsed: 0.1m | ETA: 0.2m
2025-10-31 13:35:53,572 |   [90/300] Trial 40/50 | SNR=26.16 dB | Elapsed: 0.1m | ETA: 0.2m
2025-10-31 13:35:54,506 |   [100/300] Trial 50/50 | SNR=26.12 dB | Elapsed: 0.1m | ETA: 0.2m
2025-10-31 13:35:54,506 | 
  M=8 → SNR = 26.12 ± 1.65 dB
2025-10-31 13:35:54,506 |   Theoretical √M gain: 9.03 dB
2025-10-31 13:35:54,506 | 
============================================================
2025-10-31 13:35:54,506 | Testing M = 16
2025-10-31 13:35:54,506 | ============================================================
2025-10-31 13:35:56,338 |   [110/300] Trial 10/50 | SNR=26.62 dB | Elapsed: 0.1m | ETA: 0.3m
2025-10-31 13:35:58,181 |   [120/300] Trial 20/50 | SNR=26.30 dB | Elapsed: 0.2m | ETA: 0.3m
2025-10-31 13:36:00,032 |   [130/300] Trial 30/50 | SNR=26.44 dB | Elapsed: 0.2m | ETA: 0.3m
2025-10-31 13:36:01,879 |   [140/300] Trial 40/50 | SNR=26.21 dB | Elapsed: 0.2m | ETA: 0.3m
2025-10-31 13:36:03,725 |   [150/300] Trial 50/50 | SNR=26.12 dB | Elapsed: 0.3m | ETA: 0.3m
2025-10-31 13:36:03,725 | 
  M=16 → SNR = 26.12 ± 1.70 dB
2025-10-31 13:36:03,725 |   Theoretical √M gain: 12.04 dB
2025-10-31 13:36:03,725 | 
============================================================
2025-10-31 13:36:03,725 | Testing M = 32
2025-10-31 13:36:03,725 | ============================================================
2025-10-31 13:36:07,396 |   [160/300] Trial 10/50 | SNR=25.79 dB | Elapsed: 0.3m | ETA: 0.3m
2025-10-31 13:36:11,058 |   [170/300] Trial 20/50 | SNR=26.41 dB | Elapsed: 0.4m | ETA: 0.3m
2025-10-31 13:36:14,717 |   [180/300] Trial 30/50 | SNR=26.28 dB | Elapsed: 0.5m | ETA: 0.3m
2025-10-31 13:36:18,384 |   [190/300] Trial 40/50 | SNR=26.02 dB | Elapsed: 0.5m | ETA: 0.3m
2025-10-31 13:36:22,042 |   [200/300] Trial 50/50 | SNR=26.09 dB | Elapsed: 0.6m | ETA: 0.3m
2025-10-31 13:36:22,042 | 
  M=32 → SNR = 26.09 ± 2.02 dB
2025-10-31 13:36:22,042 |   Theoretical √M gain: 15.05 dB
2025-10-31 13:36:22,042 | 
============================================================
2025-10-31 13:36:22,042 | Testing M = 64
2025-10-31 13:36:22,042 | ============================================================
2025-10-31 13:36:29,371 |   [210/300] Trial 10/50 | SNR=26.32 dB | Elapsed: 0.7m | ETA: 0.3m
2025-10-31 13:36:36,675 |   [220/300] Trial 20/50 | SNR=26.25 dB | Elapsed: 0.8m | ETA: 0.3m
2025-10-31 13:36:43,965 |   [230/300] Trial 30/50 | SNR=26.52 dB | Elapsed: 0.9m | ETA: 0.3m
2025-10-31 13:36:51,242 |   [240/300] Trial 40/50 | SNR=26.82 dB | Elapsed: 1.1m | ETA: 0.3m
2025-10-31 13:36:58,521 |   [250/300] Trial 50/50 | SNR=26.74 dB | Elapsed: 1.2m | ETA: 0.2m
2025-10-31 13:36:58,521 | 
  M=64 → SNR = 26.74 ± 1.27 dB
2025-10-31 13:36:58,521 |   Theoretical √M gain: 18.06 dB
2025-10-31 13:36:58,521 | 
============================================================
2025-10-31 13:36:58,521 | Testing M = 128
2025-10-31 13:36:58,521 | ============================================================
2025-10-31 13:37:13,149 |   [260/300] Trial 10/50 | SNR=27.95 dB | Elapsed: 1.4m | ETA: 0.2m
2025-10-31 13:37:27,733 |   [270/300] Trial 20/50 | SNR=27.65 dB | Elapsed: 1.6m | ETA: 0.2m
2025-10-31 13:37:42,278 |   [280/300] Trial 30/50 | SNR=27.66 dB | Elapsed: 1.9m | ETA: 0.1m
2025-10-31 13:37:56,817 |   [290/300] Trial 40/50 | SNR=27.68 dB | Elapsed: 2.1m | ETA: 0.1m
2025-10-31 13:38:11,363 |   [300/300] Trial 50/50 | SNR=27.58 dB | Elapsed: 2.4m | ETA: 0.0m
2025-10-31 13:38:11,363 | 
  M=128 → SNR = 27.58 ± 1.06 dB
2025-10-31 13:38:11,363 |   Theoretical √M gain: 21.07 dB
2025-10-31 13:38:11,365 | 
Elapsed: 144.1s (2.4m)
2025-10-31 13:38:11,366 | Data: ../../Data/Experiments/Tier6/T6B1/T6B1_sqrt_M_gpu_results.json
2025-10-31 13:38:11,949 | 
Figure: ../../Figures/experiments/Tier6/T6B1/T6B1_sqrt_M_gpu_summary.png
2025-10-31 13:38:11,949 | 
2025-10-31 13:38:11,949 | ======================================================================
2025-10-31 13:38:11,949 | T6-B1 GPU COMPLETE!
2025-10-31 13:38:11,949 | ======================================================================
2025-10-31 13:38:11,949 | M Scaling R²: -147.1190
2025-10-31 13:38:11,949 | Verdict: FAIL
2025-10-31 13:38:11,949 | ======================================================================
