2025-10-31 12:50:42,750 | ======================================================================
2025-10-31 12:50:42,750 | T6-B1: √M Scaling Law Verification (GPU)
2025-10-31 12:50:42,750 | ======================================================================
2025-10-31 12:50:42,750 | Log: ../../Data/Experiments/Tier6/T6B1/T6B1_gpu_20251031_125042.log
2025-10-31 12:50:42,750 | GPU: Compute Capability 121
2025-10-31 12:50:42,750 | Starting GPU-accelerated √M scaling experiment...
2025-10-31 12:50:42,750 | 
2025-10-31 12:50:42,750 | Configuration:
2025-10-31 12:50:42,750 |   N: 2003
2025-10-31 12:50:42,750 |   r_target: 182
2025-10-31 12:50:42,750 |   M values: [4, 8, 16, 32, 64, 128]
2025-10-31 12:50:42,750 |   L: 8192, trials: 50
2025-10-31 12:50:42,750 |   Noise σ: 0.05
2025-10-31 12:50:42,751 | 
2025-10-31 12:50:42,751 | Finding bases with order 182...
2025-10-31 12:50:42,766 |   Found 256 bases
2025-10-31 12:50:42,766 | 
============================================================
2025-10-31 12:50:42,766 | Testing M = 4
2025-10-31 12:50:42,766 | ============================================================
2025-10-31 12:50:43,346 |   [10/300] Trial 10/50 | SNR=33.02 dB | Elapsed: 0.0m | ETA: 0.3m
2025-10-31 12:50:43,825 |   [20/300] Trial 20/50 | SNR=33.08 dB | Elapsed: 0.0m | ETA: 0.2m
2025-10-31 12:50:44,296 |   [30/300] Trial 30/50 | SNR=32.93 dB | Elapsed: 0.0m | ETA: 0.2m
2025-10-31 12:50:44,768 |   [40/300] Trial 40/50 | SNR=33.19 dB | Elapsed: 0.0m | ETA: 0.2m
2025-10-31 12:50:45,241 |   [50/300] Trial 50/50 | SNR=33.18 dB | Elapsed: 0.0m | ETA: 0.2m
2025-10-31 12:50:45,242 | 
  M=4 → SNR = 33.18 ± 1.54 dB
2025-10-31 12:50:45,242 |   Theoretical √M gain: 6.02 dB
2025-10-31 12:50:45,242 | 
============================================================
2025-10-31 12:50:45,242 | Testing M = 8
2025-10-31 12:50:45,242 | ============================================================
2025-10-31 12:50:46,173 |   [60/300] Trial 10/50 | SNR=32.68 dB | Elapsed: 0.1m | ETA: 0.2m
2025-10-31 12:50:47,100 |   [70/300] Trial 20/50 | SNR=32.60 dB | Elapsed: 0.1m | ETA: 0.2m
2025-10-31 12:50:48,038 |   [80/300] Trial 30/50 | SNR=32.84 dB | Elapsed: 0.1m | ETA: 0.2m
2025-10-31 12:50:48,974 |   [90/300] Trial 40/50 | SNR=32.93 dB | Elapsed: 0.1m | ETA: 0.2m
2025-10-31 12:50:49,917 |   [100/300] Trial 50/50 | SNR=32.85 dB | Elapsed: 0.1m | ETA: 0.2m
2025-10-31 12:50:49,918 | 
  M=8 → SNR = 32.85 ± 1.78 dB
2025-10-31 12:50:49,918 |   Theoretical √M gain: 9.03 dB
2025-10-31 12:50:49,918 | 
============================================================
2025-10-31 12:50:49,918 | Testing M = 16
2025-10-31 12:50:49,918 | ============================================================
2025-10-31 12:50:51,772 |   [110/300] Trial 10/50 | SNR=31.96 dB | Elapsed: 0.1m | ETA: 0.3m
2025-10-31 12:50:53,620 |   [120/300] Trial 20/50 | SNR=31.68 dB | Elapsed: 0.2m | ETA: 0.3m
2025-10-31 12:50:55,479 |   [130/300] Trial 30/50 | SNR=31.82 dB | Elapsed: 0.2m | ETA: 0.3m
2025-10-31 12:50:57,329 |   [140/300] Trial 40/50 | SNR=32.05 dB | Elapsed: 0.2m | ETA: 0.3m
2025-10-31 12:50:59,184 |   [150/300] Trial 50/50 | SNR=32.20 dB | Elapsed: 0.3m | ETA: 0.3m
2025-10-31 12:50:59,184 | 
  M=16 → SNR = 32.20 ± 1.48 dB
2025-10-31 12:50:59,184 |   Theoretical √M gain: 12.04 dB
2025-10-31 12:50:59,184 | 
============================================================
2025-10-31 12:50:59,184 | Testing M = 32
2025-10-31 12:50:59,184 | ============================================================
2025-10-31 12:51:02,839 |   [160/300] Trial 10/50 | SNR=30.59 dB | Elapsed: 0.3m | ETA: 0.3m
2025-10-31 12:51:06,490 |   [170/300] Trial 20/50 | SNR=30.99 dB | Elapsed: 0.4m | ETA: 0.3m
2025-10-31 12:51:10,140 |   [180/300] Trial 30/50 | SNR=31.38 dB | Elapsed: 0.5m | ETA: 0.3m
2025-10-31 12:51:13,787 |   [190/300] Trial 40/50 | SNR=31.69 dB | Elapsed: 0.5m | ETA: 0.3m
2025-10-31 12:51:17,431 |   [200/300] Trial 50/50 | SNR=31.85 dB | Elapsed: 0.6m | ETA: 0.3m
2025-10-31 12:51:17,431 | 
  M=32 → SNR = 31.85 ± 1.76 dB
2025-10-31 12:51:17,431 |   Theoretical √M gain: 15.05 dB
2025-10-31 12:51:17,431 | 
============================================================
2025-10-31 12:51:17,431 | Testing M = 64
2025-10-31 12:51:17,431 | ============================================================
2025-10-31 12:51:24,694 |   [210/300] Trial 10/50 | SNR=31.56 dB | Elapsed: 0.7m | ETA: 0.3m
2025-10-31 12:51:31,956 |   [220/300] Trial 20/50 | SNR=31.64 dB | Elapsed: 0.8m | ETA: 0.3m
2025-10-31 12:51:39,220 |   [230/300] Trial 30/50 | SNR=31.51 dB | Elapsed: 0.9m | ETA: 0.3m
2025-10-31 12:51:46,480 |   [240/300] Trial 40/50 | SNR=31.65 dB | Elapsed: 1.0m | ETA: 0.3m
2025-10-31 12:51:53,735 |   [250/300] Trial 50/50 | SNR=31.64 dB | Elapsed: 1.2m | ETA: 0.2m
2025-10-31 12:51:53,735 | 
  M=64 → SNR = 31.64 ± 1.09 dB
2025-10-31 12:51:53,735 |   Theoretical √M gain: 18.06 dB
2025-10-31 12:51:53,735 | 
============================================================
2025-10-31 12:51:53,735 | Testing M = 128
2025-10-31 12:51:53,735 | ============================================================
2025-10-31 12:52:08,368 |   [260/300] Trial 10/50 | SNR=30.92 dB | Elapsed: 1.4m | ETA: 0.2m
2025-10-31 12:52:22,940 |   [270/300] Trial 20/50 | SNR=30.94 dB | Elapsed: 1.6m | ETA: 0.2m
2025-10-31 12:52:37,450 |   [280/300] Trial 30/50 | SNR=30.92 dB | Elapsed: 1.9m | ETA: 0.1m
2025-10-31 12:52:51,979 |   [290/300] Trial 40/50 | SNR=30.88 dB | Elapsed: 2.1m | ETA: 0.1m
2025-10-31 12:53:06,488 |   [300/300] Trial 50/50 | SNR=30.87 dB | Elapsed: 2.4m | ETA: 0.0m
2025-10-31 12:53:06,488 | 
  M=128 → SNR = 30.87 ± 1.08 dB
2025-10-31 12:53:06,488 |   Theoretical √M gain: 21.07 dB
2025-10-31 12:53:06,490 | 
Elapsed: 143.7s (2.4m)
2025-10-31 12:53:06,491 | Data: ../../Data/Experiments/Tier6/T6B1/T6B1_sqrt_M_gpu_results.json
2025-10-31 12:53:07,059 | 
Figure: ../../Figures/experiments/Tier6/T6B1/T6B1_sqrt_M_gpu_summary.png
2025-10-31 12:53:07,059 | 
2025-10-31 12:53:07,059 | ======================================================================
2025-10-31 12:53:07,059 | T6-B1 GPU COMPLETE!
2025-10-31 12:53:07,059 | ======================================================================
2025-10-31 12:53:07,059 | √M Scaling R²: -26.9618
2025-10-31 12:53:07,059 | Verdict: FAIL
2025-10-31 12:53:07,059 | ======================================================================
