2025-10-31 13:40:21,810 | ======================================================================
2025-10-31 13:40:21,810 | T6-B2: L² Scaling Law Verification (GPU) - SNR ∝ L²
2025-10-31 13:40:21,810 | ======================================================================
2025-10-31 13:40:21,810 | Log: ../../Data/Experiments/Tier6/T6B2/T6B2_gpu_20251031_134021.log
2025-10-31 13:40:21,810 | GPU: Compute Capability 121
2025-10-31 13:40:21,810 | Starting GPU-accelerated √L scaling experiment...
2025-10-31 13:40:21,810 | 
2025-10-31 13:40:21,810 | Configuration:
2025-10-31 13:40:21,810 |   N: 2003
2025-10-31 13:40:21,810 |   r_target: 182
2025-10-31 13:40:21,810 |   L values: [2048, 4096, 8192, 16384, 32768]
2025-10-31 13:40:21,810 |   M: 16 (fixed), trials: 40
2025-10-31 13:40:21,810 |   Noise σ: 0.03
2025-10-31 13:40:21,810 | 
2025-10-31 13:40:21,810 | Finding 16 bases with order 182...
2025-10-31 13:40:21,811 |   Found 16 bases
2025-10-31 13:40:21,811 | 
============================================================
2025-10-31 13:40:21,811 | Testing L = 2048
2025-10-31 13:40:21,811 | ============================================================
2025-10-31 13:40:22,106 |   [10/200] Trial 10/40 | SNR=21.41 dB | Elapsed: 0.0m | ETA: 0.1m
2025-10-31 13:40:22,387 |   [20/200] Trial 20/40 | SNR=21.42 dB | Elapsed: 0.0m | ETA: 0.1m
2025-10-31 13:40:22,671 |   [30/200] Trial 30/40 | SNR=21.42 dB | Elapsed: 0.0m | ETA: 0.1m
2025-10-31 13:40:22,959 |   [40/200] Trial 40/40 | SNR=21.42 dB | Elapsed: 0.0m | ETA: 0.1m
2025-10-31 13:40:22,959 | 
  L=2048 → SNR = 21.42 ± 0.06 dB
2025-10-31 13:40:22,959 |   Theoretical L² gain vs L=2048: 0.00 dB
2025-10-31 13:40:22,959 | 
============================================================
2025-10-31 13:40:22,959 | Testing L = 4096
2025-10-31 13:40:22,959 | ============================================================
2025-10-31 13:40:23,526 |   [50/200] Trial 10/40 | SNR=26.19 dB | Elapsed: 0.0m | ETA: 0.1m
2025-10-31 13:40:24,099 |   [60/200] Trial 20/40 | SNR=26.17 dB | Elapsed: 0.0m | ETA: 0.1m
2025-10-31 13:40:24,664 |   [70/200] Trial 30/40 | SNR=26.17 dB | Elapsed: 0.0m | ETA: 0.1m
2025-10-31 13:40:25,222 |   [80/200] Trial 40/40 | SNR=26.18 dB | Elapsed: 0.1m | ETA: 0.1m
2025-10-31 13:40:25,222 | 
  L=4096 → SNR = 26.18 ± 0.07 dB
2025-10-31 13:40:25,222 |   Theoretical L² gain vs L=2048: 6.02 dB
2025-10-31 13:40:25,222 | 
============================================================
2025-10-31 13:40:25,222 | Testing L = 8192
2025-10-31 13:40:25,222 | ============================================================
2025-10-31 13:40:26,303 |   [90/200] Trial 10/40 | SNR=34.23 dB | Elapsed: 0.1m | ETA: 0.1m
2025-10-31 13:40:27,395 |   [100/200] Trial 20/40 | SNR=34.22 dB | Elapsed: 0.1m | ETA: 0.1m
2025-10-31 13:40:28,485 |   [110/200] Trial 30/40 | SNR=34.21 dB | Elapsed: 0.1m | ETA: 0.1m
2025-10-31 13:40:29,568 |   [120/200] Trial 40/40 | SNR=34.21 dB | Elapsed: 0.1m | ETA: 0.1m
2025-10-31 13:40:29,568 | 
  L=8192 → SNR = 34.21 ± 0.06 dB
2025-10-31 13:40:29,568 |   Theoretical L² gain vs L=2048: 12.04 dB
2025-10-31 13:40:29,568 | 
============================================================
2025-10-31 13:40:29,568 | Testing L = 16384
2025-10-31 13:40:29,568 | ============================================================
2025-10-31 13:40:31,723 |   [130/200] Trial 10/40 | SNR=39.79 dB | Elapsed: 0.2m | ETA: 0.1m
2025-10-31 13:40:33,866 |   [140/200] Trial 20/40 | SNR=39.78 dB | Elapsed: 0.2m | ETA: 0.1m
2025-10-31 13:40:36,021 |   [150/200] Trial 30/40 | SNR=39.78 dB | Elapsed: 0.2m | ETA: 0.1m
2025-10-31 13:40:38,191 |   [160/200] Trial 40/40 | SNR=39.79 dB | Elapsed: 0.3m | ETA: 0.1m
2025-10-31 13:40:38,192 | 
  L=16384 → SNR = 39.79 ± 0.04 dB
2025-10-31 13:40:38,192 |   Theoretical L² gain vs L=2048: 18.06 dB
2025-10-31 13:40:38,192 | 
============================================================
2025-10-31 13:40:38,192 | Testing L = 32768
2025-10-31 13:40:38,192 | ============================================================
2025-10-31 13:40:42,500 |   [170/200] Trial 10/40 | SNR=45.32 dB | Elapsed: 0.3m | ETA: 0.1m
2025-10-31 13:40:46,762 |   [180/200] Trial 20/40 | SNR=45.33 dB | Elapsed: 0.4m | ETA: 0.0m
2025-10-31 13:40:51,022 |   [190/200] Trial 30/40 | SNR=45.33 dB | Elapsed: 0.5m | ETA: 0.0m
2025-10-31 13:40:55,279 |   [200/200] Trial 40/40 | SNR=45.33 dB | Elapsed: 0.6m | ETA: 0.0m
2025-10-31 13:40:55,279 | 
  L=32768 → SNR = 45.33 ± 0.04 dB
2025-10-31 13:40:55,279 |   Theoretical L² gain vs L=2048: 24.08 dB
2025-10-31 13:40:55,280 | 
Elapsed: 33.5s (0.6m)
2025-10-31 13:40:55,280 | Data: ../../Data/Experiments/Tier6/T6B2/T6B2_sqrt_L_gpu_results.json
2025-10-31 13:40:55,862 | 
Figure: ../../Figures/experiments/Tier6/T6B2/T6B2_sqrt_L_gpu_summary.png
2025-10-31 13:40:55,862 | 
2025-10-31 13:40:55,862 | ======================================================================
2025-10-31 13:40:55,862 | T6-B2 GPU COMPLETE!
2025-10-31 13:40:55,862 | ======================================================================
2025-10-31 13:40:55,862 | L² Scaling R²: 0.9940
2025-10-31 13:40:55,862 | Verdict: PASS
2025-10-31 13:40:55,862 | ======================================================================
