2025-10-31 12:54:49,194 | ======================================================================
2025-10-31 12:54:49,194 | T6-B2: √L Scaling Law Verification (GPU)
2025-10-31 12:54:49,194 | ======================================================================
2025-10-31 12:54:49,194 | Log: ../../Data/Experiments/Tier6/T6B2/T6B2_gpu_20251031_125449.log
2025-10-31 12:54:49,194 | GPU: Compute Capability 121
2025-10-31 12:54:49,194 | Starting GPU-accelerated √L scaling experiment...
2025-10-31 12:54:49,194 | 
2025-10-31 12:54:49,194 | Configuration:
2025-10-31 12:54:49,194 |   N: 2003
2025-10-31 12:54:49,194 |   r_target: 182
2025-10-31 12:54:49,194 |   L values: [1024, 2048, 4096, 8192, 16384]
2025-10-31 12:54:49,194 |   M: 16 (fixed), trials: 40
2025-10-31 12:54:49,194 |   Noise σ: 0.03
2025-10-31 12:54:49,194 | 
2025-10-31 12:54:49,194 | Finding 16 bases with order 182...
2025-10-31 12:54:49,195 |   Found 16 bases
2025-10-31 12:54:49,195 | 
============================================================
2025-10-31 12:54:49,195 | Testing L = 1024
2025-10-31 12:54:49,195 | ============================================================
2025-10-31 12:54:49,384 |   [10/200] Trial 10/40 | SNR=2.21 dB | Elapsed: 0.0m | ETA: 0.1m
2025-10-31 12:54:49,530 |   [20/200] Trial 20/40 | SNR=2.25 dB | Elapsed: 0.0m | ETA: 0.0m
2025-10-31 12:54:49,672 |   [30/200] Trial 30/40 | SNR=2.29 dB | Elapsed: 0.0m | ETA: 0.0m
2025-10-31 12:54:49,813 |   [40/200] Trial 40/40 | SNR=2.21 dB | Elapsed: 0.0m | ETA: 0.0m
2025-10-31 12:54:49,813 | 
  L=1024 → SNR = 2.21 ± 0.44 dB
2025-10-31 12:54:49,813 |   Theoretical √L gain vs L=1024: 0.00 dB
2025-10-31 12:54:49,813 | 
============================================================
2025-10-31 12:54:49,813 | Testing L = 2048
2025-10-31 12:54:49,813 | ============================================================
2025-10-31 12:54:50,131 |   [50/200] Trial 10/40 | SNR=14.98 dB | Elapsed: 0.0m | ETA: 0.0m
2025-10-31 12:54:50,414 |   [60/200] Trial 20/40 | SNR=14.97 dB | Elapsed: 0.0m | ETA: 0.0m
2025-10-31 12:54:50,700 |   [70/200] Trial 30/40 | SNR=14.97 dB | Elapsed: 0.0m | ETA: 0.0m
2025-10-31 12:54:50,981 |   [80/200] Trial 40/40 | SNR=14.97 dB | Elapsed: 0.0m | ETA: 0.0m
2025-10-31 12:54:50,982 | 
  L=2048 → SNR = 14.97 ± 0.09 dB
2025-10-31 12:54:50,982 |   Theoretical √L gain vs L=1024: 1.51 dB
2025-10-31 12:54:50,982 | 
============================================================
2025-10-31 12:54:50,982 | Testing L = 4096
2025-10-31 12:54:50,982 | ============================================================
2025-10-31 12:54:51,541 |   [90/200] Trial 10/40 | SNR=25.83 dB | Elapsed: 0.0m | ETA: 0.0m
2025-10-31 12:54:52,091 |   [100/200] Trial 20/40 | SNR=25.82 dB | Elapsed: 0.0m | ETA: 0.0m
2025-10-31 12:54:52,654 |   [110/200] Trial 30/40 | SNR=25.81 dB | Elapsed: 0.1m | ETA: 0.0m
2025-10-31 12:54:53,209 |   [120/200] Trial 40/40 | SNR=25.81 dB | Elapsed: 0.1m | ETA: 0.0m
2025-10-31 12:54:53,209 | 
  L=4096 → SNR = 25.81 ± 0.06 dB
2025-10-31 12:54:53,209 |   Theoretical √L gain vs L=1024: 3.01 dB
2025-10-31 12:54:53,210 | 
============================================================
2025-10-31 12:54:53,210 | Testing L = 8192
2025-10-31 12:54:53,210 | ============================================================
2025-10-31 12:54:54,292 |   [130/200] Trial 10/40 | SNR=32.82 dB | Elapsed: 0.1m | ETA: 0.0m
2025-10-31 12:54:55,398 |   [140/200] Trial 20/40 | SNR=32.80 dB | Elapsed: 0.1m | ETA: 0.0m
2025-10-31 12:54:56,514 |   [150/200] Trial 30/40 | SNR=32.80 dB | Elapsed: 0.1m | ETA: 0.0m
2025-10-31 12:54:57,621 |   [160/200] Trial 40/40 | SNR=32.79 dB | Elapsed: 0.1m | ETA: 0.0m
2025-10-31 12:54:57,621 | 
  L=8192 → SNR = 32.79 ± 0.06 dB
2025-10-31 12:54:57,621 |   Theoretical √L gain vs L=1024: 4.52 dB
2025-10-31 12:54:57,621 | 
============================================================
2025-10-31 12:54:57,621 | Testing L = 16384
2025-10-31 12:54:57,621 | ============================================================
2025-10-31 12:54:59,790 |   [170/200] Trial 10/40 | SNR=38.49 dB | Elapsed: 0.2m | ETA: 0.0m
2025-10-31 12:55:01,954 |   [180/200] Trial 20/40 | SNR=38.49 dB | Elapsed: 0.2m | ETA: 0.0m
2025-10-31 12:55:04,122 |   [190/200] Trial 30/40 | SNR=38.48 dB | Elapsed: 0.2m | ETA: 0.0m
2025-10-31 12:55:06,283 |   [200/200] Trial 40/40 | SNR=38.47 dB | Elapsed: 0.3m | ETA: 0.0m
2025-10-31 12:55:06,283 | 
  L=16384 → SNR = 38.47 ± 0.05 dB
2025-10-31 12:55:06,283 |   Theoretical √L gain vs L=1024: 6.02 dB
2025-10-31 12:55:06,283 | 
Elapsed: 17.1s (0.3m)
2025-10-31 12:55:06,283 | Data: ../../Data/Experiments/Tier6/T6B2/T6B2_sqrt_L_gpu_results.json
2025-10-31 12:55:06,881 | 
Figure: ../../Figures/experiments/Tier6/T6B2/T6B2_sqrt_L_gpu_summary.png
2025-10-31 12:55:06,881 | 
2025-10-31 12:55:06,881 | ======================================================================
2025-10-31 12:55:06,881 | T6-B2 GPU COMPLETE!
2025-10-31 12:55:06,881 | ======================================================================
2025-10-31 12:55:06,881 | √L Scaling R²: -0.3724
2025-10-31 12:55:06,881 | Verdict: FAIL
2025-10-31 12:55:06,881 | ======================================================================
