2025-10-31 18:36:44,000 | ======================================================================
2025-10-31 18:36:44,000 | T6-B3: Matter/Antimatter CP-Phase Toy Model
2025-10-31 18:36:44,000 | ======================================================================
2025-10-31 18:36:44,000 | Log file: ../../Data/Experiments/Tier6/T6B3/T6B3_log_20251031_183643.log
2025-10-31 18:36:44,000 | 
2025-10-31 18:36:44,000 | Starting CP-phase scan...
2025-10-31 18:36:44,000 | φ values: [0.    0.001 0.002 0.005 0.01  0.02  0.05  0.1   0.2  ]
2025-10-31 18:36:44,000 | N primes: [997, 2003, 5003]
2025-10-31 18:36:44,000 | L values: [4096, 16384, 65536]
2025-10-31 18:36:44,000 | M bases: 16, trials: 50
2025-10-31 18:36:44,000 | 
2025-10-31 18:36:44,000 | 
Testing N=997, r=166 (ρ=0.1665)
2025-10-31 18:36:44,000 |   L=4096...
2025-10-31 18:36:59,151 |     [5/81] φ=0.0100: S=0.075978±0.676421 | ETA: 3.1m
2025-10-31 18:37:11,247 |     [9/81] φ=0.2000: S=0.019464±0.698872 | ETA: 3.2m
2025-10-31 18:37:11,247 |   L=16384...
2025-10-31 18:37:23,383 |     [10/81] φ=0.0000: S=0.100718±0.660297 | ETA: 3.2m
2025-10-31 18:38:23,893 |     [15/81] φ=0.0200: S=0.094737±0.662806 | ETA: 6.4m
2025-10-31 18:39:00,153 |     [18/81] φ=0.2000: S=0.035305±0.692083 | ETA: 7.2m
2025-10-31 18:39:00,153 |   L=65536...
2025-10-31 18:40:36,996 |     [20/81] φ=0.0010: S=0.113569±0.657642 | ETA: 9.4m
2025-10-31 18:44:39,322 |     [25/81] φ=0.0500: S=0.097375±0.662744 | ETA: 15.9m
2025-10-31 18:46:16,272 |     [27/81] φ=0.2000: S=0.042703±0.684341 | ETA: 17.5m
2025-10-31 18:46:16,272 | 
Testing N=2003, r=286 (ρ=0.1428)
2025-10-31 18:46:16,272 |   L=4096...
2025-10-31 18:46:25,357 |     [30/81] φ=0.0020: S=0.226414±0.691026 | ETA: 16.4m
2025-10-31 18:46:40,437 |     [35/81] φ=0.1000: S=0.221949±0.675883 | ETA: 13.0m
2025-10-31 18:46:43,466 |     [36/81] φ=0.2000: S=0.208634±0.662165 | ETA: 12.4m
2025-10-31 18:46:43,467 |   L=16384...
2025-10-31 18:47:31,786 |     [40/81] φ=0.0050: S=0.233544±0.689548 | ETA: 10.9m
2025-10-31 18:48:33,573 |     [45/81] φ=0.2000: S=0.217743±0.658263 | ETA: 9.3m
2025-10-31 18:48:33,573 |   L=65536...
2025-10-31 18:52:35,620 |     [50/81] φ=0.0100: S=0.218041±0.702140 | ETA: 9.3m
2025-10-31 18:55:49,408 |     [54/81] φ=0.2000: S=0.204208±0.664386 | ETA: 9.1m
2025-10-31 18:55:49,409 | 
Testing N=5003, r=715 (ρ=0.1429)
2025-10-31 18:55:49,409 |   L=4096...
2025-10-31 18:55:49,427 | Only found 0/16 bases for N=5003, r=715
2025-10-31 18:55:49,446 | Only found 0/16 bases for N=5003, r=715
2025-10-31 18:55:49,465 | Only found 0/16 bases for N=5003, r=715
2025-10-31 18:55:49,483 | Only found 0/16 bases for N=5003, r=715
2025-10-31 18:55:49,502 | Only found 0/16 bases for N=5003, r=715
2025-10-31 18:55:49,521 | Only found 0/16 bases for N=5003, r=715
2025-10-31 18:55:49,539 | Only found 0/16 bases for N=5003, r=715
2025-10-31 18:55:49,558 | Only found 0/16 bases for N=5003, r=715
2025-10-31 18:55:49,577 | Only found 0/16 bases for N=5003, r=715
2025-10-31 18:55:49,595 | Only found 0/16 bases for N=5003, r=715
2025-10-31 18:55:49,614 | Only found 0/16 bases for N=5003, r=715
2025-10-31 18:55:49,632 | Only found 0/16 bases for N=5003, r=715
2025-10-31 18:55:49,651 | Only found 0/16 bases for N=5003, r=715
2025-10-31 18:55:49,669 | Only found 0/16 bases for N=5003, r=715
2025-10-31 18:55:49,687 | Only found 0/16 bases for N=5003, r=715
2025-10-31 18:55:49,706 | Only found 0/16 bases for N=5003, r=715
2025-10-31 18:55:49,724 | Only found 0/16 bases for N=5003, r=715
2025-10-31 18:55:49,742 | Only found 0/16 bases for N=5003, r=715
2025-10-31 18:55:49,761 | Only found 0/16 bases for N=5003, r=715
2025-10-31 18:55:49,779 | Only found 0/16 bases for N=5003, r=715
2025-10-31 18:55:49,797 | Only found 0/16 bases for N=5003, r=715
2025-10-31 18:55:49,816 | Only found 0/16 bases for N=5003, r=715
2025-10-31 18:55:49,834 | Only found 0/16 bases for N=5003, r=715
2025-10-31 18:55:49,852 | Only found 0/16 bases for N=5003, r=715
2025-10-31 18:55:49,871 | Only found 0/16 bases for N=5003, r=715
2025-10-31 18:55:49,889 | Only found 0/16 bases for N=5003, r=715
2025-10-31 18:55:49,907 | Only found 0/16 bases for N=5003, r=715
2025-10-31 18:55:49,926 | Only found 0/16 bases for N=5003, r=715
2025-10-31 18:55:49,944 | Only found 0/16 bases for N=5003, r=715
2025-10-31 18:55:49,962 | Only found 0/16 bases for N=5003, r=715
2025-10-31 18:55:49,981 | Only found 0/16 bases for N=5003, r=715
2025-10-31 18:55:49,999 | Only found 0/16 bases for N=5003, r=715
2025-10-31 18:55:50,017 | Only found 0/16 bases for N=5003, r=715
2025-10-31 18:55:50,036 | Only found 0/16 bases for N=5003, r=715
2025-10-31 18:55:50,054 | Only found 0/16 bases for N=5003, r=715
2025-10-31 18:55:50,072 | Only found 0/16 bases for N=5003, r=715
2025-10-31 18:55:50,090 | Only found 0/16 bases for N=5003, r=715
2025-10-31 18:55:50,109 | Only found 0/16 bases for N=5003, r=715
2025-10-31 18:55:50,127 | Only found 0/16 bases for N=5003, r=715
2025-10-31 18:55:50,145 | Only found 0/16 bases for N=5003, r=715
2025-10-31 18:55:50,163 | Only found 0/16 bases for N=5003, r=715
2025-10-31 18:55:50,182 | Only found 0/16 bases for N=5003, r=715
2025-10-31 18:55:50,200 | Only found 0/16 bases for N=5003, r=715
2025-10-31 18:55:50,218 | Only found 0/16 bases for N=5003, r=715
2025-10-31 18:55:50,237 | Only found 0/16 bases for N=5003, r=715
2025-10-31 18:55:50,255 | Only found 0/16 bases for N=5003, r=715
2025-10-31 18:55:50,273 | Only found 0/16 bases for N=5003, r=715
2025-10-31 18:55:50,291 | Only found 0/16 bases for N=5003, r=715
2025-10-31 18:55:50,310 | Only found 0/16 bases for N=5003, r=715
2025-10-31 18:55:50,328 | Only found 0/16 bases for N=5003, r=715
2025-10-31 18:55:50,328 |     [55/81] φ=0.0000: S=nan±nan | ETA: 9.0m
2025-10-31 18:55:50,346 | Only found 0/16 bases for N=5003, r=715
2025-10-31 18:55:50,365 | Only found 0/16 bases for N=5003, r=715
2025-10-31 18:55:50,383 | Only found 0/16 bases for N=5003, r=715
2025-10-31 18:55:50,401 | Only found 0/16 bases for N=5003, r=715
2025-10-31 18:55:50,420 | Only found 0/16 bases for N=5003, r=715
2025-10-31 18:55:50,438 | Only found 0/16 bases for N=5003, r=715
2025-10-31 18:55:50,456 | Only found 0/16 bases for N=5003, r=715
2025-10-31 18:55:50,475 | Only found 0/16 bases for N=5003, r=715
2025-10-31 18:55:50,493 | Only found 0/16 bases for N=5003, r=715
2025-10-31 18:55:50,511 | Only found 0/16 bases for N=5003, r=715
2025-10-31 18:55:50,529 | Only found 0/16 bases for N=5003, r=715
2025-10-31 18:55:50,548 | Only found 0/16 bases for N=5003, r=715
2025-10-31 18:55:50,566 | Only found 0/16 bases for N=5003, r=715
2025-10-31 18:55:50,584 | Only found 0/16 bases for N=5003, r=715
2025-10-31 18:55:50,603 | Only found 0/16 bases for N=5003, r=715
2025-10-31 18:55:50,621 | Only found 0/16 bases for N=5003, r=715
2025-10-31 18:55:50,639 | Only found 0/16 bases for N=5003, r=715
2025-10-31 18:55:50,658 | Only found 0/16 bases for N=5003, r=715
2025-10-31 18:55:50,676 | Only found 0/16 bases for N=5003, r=715
2025-10-31 18:55:50,694 | Only found 0/16 bases for N=5003, r=715
2025-10-31 18:55:50,712 | Only found 0/16 bases for N=5003, r=715
2025-10-31 18:55:50,731 | Only found 0/16 bases for N=5003, r=715
2025-10-31 18:55:50,749 | Only found 0/16 bases for N=5003, r=715
2025-10-31 18:55:50,767 | Only found 0/16 bases for N=5003, r=715
2025-10-31 18:55:50,786 | Only found 0/16 bases for N=5003, r=715
2025-10-31 18:55:50,804 | Only found 0/16 bases for N=5003, r=715
2025-10-31 18:55:50,822 | Only found 0/16 bases for N=5003, r=715
2025-10-31 18:55:50,841 | Only found 0/16 bases for N=5003, r=715
2025-10-31 18:55:50,859 | Only found 0/16 bases for N=5003, r=715
2025-10-31 18:55:50,877 | Only found 0/16 bases for N=5003, r=715
2025-10-31 18:55:50,895 | Only found 0/16 bases for N=5003, r=715
2025-10-31 18:55:50,914 | Only found 0/16 bases for N=5003, r=715
2025-10-31 18:55:50,932 | Only found 0/16 bases for N=5003, r=715
2025-10-31 18:55:50,950 | Only found 0/16 bases for N=5003, r=715
2025-10-31 18:55:50,969 | Only found 0/16 bases for N=5003, r=715
2025-10-31 18:55:50,987 | Only found 0/16 bases for N=5003, r=715
2025-10-31 18:55:51,005 | Only found 0/16 bases for N=5003, r=715
2025-10-31 18:55:51,023 | Only found 0/16 bases for N=5003, r=715
2025-10-31 18:55:51,042 | Only found 0/16 bases for N=5003, r=715
2025-10-31 18:55:51,060 | Only found 0/16 bases for N=5003, r=715
2025-10-31 18:55:51,078 | Only found 0/16 bases for N=5003, r=715
2025-10-31 18:55:51,097 | Only found 0/16 bases for N=5003, r=715
2025-10-31 18:55:51,115 | Only found 0/16 bases for N=5003, r=715
2025-10-31 18:55:51,133 | Only found 0/16 bases for N=5003, r=715
2025-10-31 18:55:51,151 | Only found 0/16 bases for N=5003, r=715
2025-10-31 18:55:51,170 | Only found 0/16 bases for N=5003, r=715
2025-10-31 18:55:51,188 | Only found 0/16 bases for N=5003, r=715
2025-10-31 18:55:51,206 | Only found 0/16 bases for N=5003, r=715
2025-10-31 18:55:51,225 | Only found 0/16 bases for N=5003, r=715
2025-10-31 18:55:51,243 | Only found 0/16 bases for N=5003, r=715
2025-10-31 18:55:51,261 | Only found 0/16 bases for N=5003, r=715
2025-10-31 18:55:51,280 | Only found 0/16 bases for N=5003, r=715
2025-10-31 18:55:51,298 | Only found 0/16 bases for N=5003, r=715
2025-10-31 18:55:51,316 | Only found 0/16 bases for N=5003, r=715
2025-10-31 18:55:51,334 | Only found 0/16 bases for N=5003, r=715
2025-10-31 18:55:51,353 | Only found 0/16 bases for N=5003, r=715
2025-10-31 18:55:51,371 | Only found 0/16 bases for N=5003, r=715
2025-10-31 18:55:51,389 | Only found 0/16 bases for N=5003, r=715
2025-10-31 18:55:51,408 | Only found 0/16 bases for N=5003, r=715
2025-10-31 18:55:51,426 | Only found 0/16 bases for N=5003, r=715
2025-10-31 18:55:51,444 | Only found 0/16 bases for N=5003, r=715
2025-10-31 18:55:51,462 | Only found 0/16 bases for N=5003, r=715
2025-10-31 18:55:51,481 | Only found 0/16 bases for N=5003, r=715
2025-10-31 18:55:51,499 | Only found 0/16 bases for N=5003, r=715
2025-10-31 18:55:51,517 | Only found 0/16 bases for N=5003, r=715
2025-10-31 18:55:51,535 | Only found 0/16 bases for N=5003, r=715
2025-10-31 18:55:51,554 | Only found 0/16 bases for N=5003, r=715
2025-10-31 18:55:51,572 | Only found 0/16 bases for N=5003, r=715
2025-10-31 18:55:51,590 | Only found 0/16 bases for N=5003, r=715
2025-10-31 18:55:51,608 | Only found 0/16 bases for N=5003, r=715
2025-10-31 18:55:51,627 | Only found 0/16 bases for N=5003, r=715
2025-10-31 18:55:51,645 | Only found 0/16 bases for N=5003, r=715
2025-10-31 18:55:51,663 | Only found 0/16 bases for N=5003, r=715
2025-10-31 18:55:51,682 | Only found 0/16 bases for N=5003, r=715
2025-10-31 18:55:51,700 | Only found 0/16 bases for N=5003, r=715
2025-10-31 18:55:51,718 | Only found 0/16 bases for N=5003, r=715
2025-10-31 18:55:51,736 | Only found 0/16 bases for N=5003, r=715
2025-10-31 18:55:51,755 | Only found 0/16 bases for N=5003, r=715
2025-10-31 18:55:51,773 | Only found 0/16 bases for N=5003, r=715
2025-10-31 18:55:51,791 | Only found 0/16 bases for N=5003, r=715
2025-10-31 18:55:51,810 | Only found 0/16 bases for N=5003, r=715
2025-10-31 18:55:51,828 | Only found 0/16 bases for N=5003, r=715
2025-10-31 18:55:51,846 | Only found 0/16 bases for N=5003, r=715
2025-10-31 18:55:51,865 | Only found 0/16 bases for N=5003, r=715
2025-10-31 18:55:51,883 | Only found 0/16 bases for N=5003, r=715
2025-10-31 18:55:51,901 | Only found 0/16 bases for N=5003, r=715
2025-10-31 18:55:51,919 | Only found 0/16 bases for N=5003, r=715
2025-10-31 18:55:51,938 | Only found 0/16 bases for N=5003, r=715
2025-10-31 18:55:51,956 | Only found 0/16 bases for N=5003, r=715
2025-10-31 18:55:51,974 | Only found 0/16 bases for N=5003, r=715
2025-10-31 18:55:51,992 | Only found 0/16 bases for N=5003, r=715
2025-10-31 18:55:52,011 | Only found 0/16 bases for N=5003, r=715
2025-10-31 18:55:52,029 | Only found 0/16 bases for N=5003, r=715
2025-10-31 18:55:52,047 | Only found 0/16 bases for N=5003, r=715
2025-10-31 18:55:52,066 | Only found 0/16 bases for N=5003, r=715
2025-10-31 18:55:52,084 | Only found 0/16 bases for N=5003, r=715
2025-10-31 18:55:52,102 | Only found 0/16 bases for N=5003, r=715
2025-10-31 18:55:52,120 | Only found 0/16 bases for N=5003, r=715
2025-10-31 18:55:52,139 | Only found 0/16 bases for N=5003, r=715
2025-10-31 18:55:52,157 | Only found 0/16 bases for N=5003, r=715
2025-10-31 18:55:52,175 | Only found 0/16 bases for N=5003, r=715
2025-10-31 18:55:52,193 | Only found 0/16 bases for N=5003, r=715
2025-10-31 18:55:52,212 | Only found 0/16 bases for N=5003, r=715
2025-10-31 18:55:52,230 | Only found 0/16 bases for N=5003, r=715
2025-10-31 18:55:52,248 | Only found 0/16 bases for N=5003, r=715
2025-10-31 18:55:52,267 | Only found 0/16 bases for N=5003, r=715
2025-10-31 18:55:52,285 | Only found 0/16 bases for N=5003, r=715
2025-10-31 18:55:52,303 | Only found 0/16 bases for N=5003, r=715
2025-10-31 18:55:52,322 | Only found 0/16 bases for N=5003, r=715
2025-10-31 18:55:52,340 | Only found 0/16 bases for N=5003, r=715
2025-10-31 18:55:52,358 | Only found 0/16 bases for N=5003, r=715
2025-10-31 18:55:52,377 | Only found 0/16 bases for N=5003, r=715
2025-10-31 18:55:52,395 | Only found 0/16 bases for N=5003, r=715
2025-10-31 18:55:52,413 | Only found 0/16 bases for N=5003, r=715
2025-10-31 18:55:52,431 | Only found 0/16 bases for N=5003, r=715
2025-10-31 18:55:52,450 | Only found 0/16 bases for N=5003, r=715
2025-10-31 18:55:52,468 | Only found 0/16 bases for N=5003, r=715
2025-10-31 18:55:52,486 | Only found 0/16 bases for N=5003, r=715
2025-10-31 18:55:52,505 | Only found 0/16 bases for N=5003, r=715
2025-10-31 18:55:52,523 | Only found 0/16 bases for N=5003, r=715
2025-10-31 18:55:52,541 | Only found 0/16 bases for N=5003, r=715
2025-10-31 18:55:52,560 | Only found 0/16 bases for N=5003, r=715
2025-10-31 18:55:52,578 | Only found 0/16 bases for N=5003, r=715
2025-10-31 18:55:52,596 | Only found 0/16 bases for N=5003, r=715
2025-10-31 18:55:52,615 | Only found 0/16 bases for N=5003, r=715
2025-10-31 18:55:52,633 | Only found 0/16 bases for N=5003, r=715
2025-10-31 18:55:52,651 | Only found 0/16 bases for N=5003, r=715
2025-10-31 18:55:52,669 | Only found 0/16 bases for N=5003, r=715
2025-10-31 18:55:52,688 | Only found 0/16 bases for N=5003, r=715
2025-10-31 18:55:52,706 | Only found 0/16 bases for N=5003, r=715
2025-10-31 18:55:52,724 | Only found 0/16 bases for N=5003, r=715
2025-10-31 18:55:52,742 | Only found 0/16 bases for N=5003, r=715
2025-10-31 18:55:52,761 | Only found 0/16 bases for N=5003, r=715
2025-10-31 18:55:52,779 | Only found 0/16 bases for N=5003, r=715
2025-10-31 18:55:52,797 | Only found 0/16 bases for N=5003, r=715
2025-10-31 18:55:52,816 | Only found 0/16 bases for N=5003, r=715
2025-10-31 18:55:52,834 | Only found 0/16 bases for N=5003, r=715
2025-10-31 18:55:52,852 | Only found 0/16 bases for N=5003, r=715
2025-10-31 18:55:52,871 | Only found 0/16 bases for N=5003, r=715
2025-10-31 18:55:52,889 | Only found 0/16 bases for N=5003, r=715
2025-10-31 18:55:52,907 | Only found 0/16 bases for N=5003, r=715
2025-10-31 18:55:52,925 | Only found 0/16 bases for N=5003, r=715
2025-10-31 18:55:52,944 | Only found 0/16 bases for N=5003, r=715
2025-10-31 18:55:52,962 | Only found 0/16 bases for N=5003, r=715
2025-10-31 18:55:52,980 | Only found 0/16 bases for N=5003, r=715
2025-10-31 18:55:52,999 | Only found 0/16 bases for N=5003, r=715
2025-10-31 18:55:53,017 | Only found 0/16 bases for N=5003, r=715
2025-10-31 18:55:53,035 | Only found 0/16 bases for N=5003, r=715
2025-10-31 18:55:53,054 | Only found 0/16 bases for N=5003, r=715
2025-10-31 18:55:53,072 | Only found 0/16 bases for N=5003, r=715
2025-10-31 18:55:53,090 | Only found 0/16 bases for N=5003, r=715
2025-10-31 18:55:53,108 | Only found 0/16 bases for N=5003, r=715
2025-10-31 18:55:53,127 | Only found 0/16 bases for N=5003, r=715
2025-10-31 18:55:53,145 | Only found 0/16 bases for N=5003, r=715
2025-10-31 18:55:53,163 | Only found 0/16 bases for N=5003, r=715
2025-10-31 18:55:53,182 | Only found 0/16 bases for N=5003, r=715
2025-10-31 18:55:53,200 | Only found 0/16 bases for N=5003, r=715
2025-10-31 18:55:53,218 | Only found 0/16 bases for N=5003, r=715
2025-10-31 18:55:53,236 | Only found 0/16 bases for N=5003, r=715
2025-10-31 18:55:53,255 | Only found 0/16 bases for N=5003, r=715
2025-10-31 18:55:53,273 | Only found 0/16 bases for N=5003, r=715
2025-10-31 18:55:53,291 | Only found 0/16 bases for N=5003, r=715
2025-10-31 18:55:53,309 | Only found 0/16 bases for N=5003, r=715
2025-10-31 18:55:53,328 | Only found 0/16 bases for N=5003, r=715
2025-10-31 18:55:53,346 | Only found 0/16 bases for N=5003, r=715
2025-10-31 18:55:53,364 | Only found 0/16 bases for N=5003, r=715
2025-10-31 18:55:53,382 | Only found 0/16 bases for N=5003, r=715
2025-10-31 18:55:53,401 | Only found 0/16 bases for N=5003, r=715
2025-10-31 18:55:53,419 | Only found 0/16 bases for N=5003, r=715
2025-10-31 18:55:53,437 | Only found 0/16 bases for N=5003, r=715
2025-10-31 18:55:53,455 | Only found 0/16 bases for N=5003, r=715
2025-10-31 18:55:53,474 | Only found 0/16 bases for N=5003, r=715
2025-10-31 18:55:53,492 | Only found 0/16 bases for N=5003, r=715
2025-10-31 18:55:53,510 | Only found 0/16 bases for N=5003, r=715
2025-10-31 18:55:53,529 | Only found 0/16 bases for N=5003, r=715
2025-10-31 18:55:53,547 | Only found 0/16 bases for N=5003, r=715
2025-10-31 18:55:53,565 | Only found 0/16 bases for N=5003, r=715
2025-10-31 18:55:53,583 | Only found 0/16 bases for N=5003, r=715
2025-10-31 18:55:53,602 | Only found 0/16 bases for N=5003, r=715
2025-10-31 18:55:53,620 | Only found 0/16 bases for N=5003, r=715
2025-10-31 18:55:53,638 | Only found 0/16 bases for N=5003, r=715
2025-10-31 18:55:53,657 | Only found 0/16 bases for N=5003, r=715
2025-10-31 18:55:53,675 | Only found 0/16 bases for N=5003, r=715
2025-10-31 18:55:53,693 | Only found 0/16 bases for N=5003, r=715
2025-10-31 18:55:53,711 | Only found 0/16 bases for N=5003, r=715
2025-10-31 18:55:53,730 | Only found 0/16 bases for N=5003, r=715
2025-10-31 18:55:53,748 | Only found 0/16 bases for N=5003, r=715
2025-10-31 18:55:53,766 | Only found 0/16 bases for N=5003, r=715
2025-10-31 18:55:53,785 | Only found 0/16 bases for N=5003, r=715
2025-10-31 18:55:53,803 | Only found 0/16 bases for N=5003, r=715
2025-10-31 18:55:53,821 | Only found 0/16 bases for N=5003, r=715
2025-10-31 18:55:53,839 | Only found 0/16 bases for N=5003, r=715
2025-10-31 18:55:53,858 | Only found 0/16 bases for N=5003, r=715
2025-10-31 18:55:53,876 | Only found 0/16 bases for N=5003, r=715
2025-10-31 18:55:53,894 | Only found 0/16 bases for N=5003, r=715
2025-10-31 18:55:53,913 | Only found 0/16 bases for N=5003, r=715
2025-10-31 18:55:53,931 | Only found 0/16 bases for N=5003, r=715
2025-10-31 18:55:53,949 | Only found 0/16 bases for N=5003, r=715
2025-10-31 18:55:53,967 | Only found 0/16 bases for N=5003, r=715
2025-10-31 18:55:53,986 | Only found 0/16 bases for N=5003, r=715
2025-10-31 18:55:54,004 | Only found 0/16 bases for N=5003, r=715
2025-10-31 18:55:54,023 | Only found 0/16 bases for N=5003, r=715
2025-10-31 18:55:54,042 | Only found 0/16 bases for N=5003, r=715
2025-10-31 18:55:54,060 | Only found 0/16 bases for N=5003, r=715
2025-10-31 18:55:54,079 | Only found 0/16 bases for N=5003, r=715
2025-10-31 18:55:54,097 | Only found 0/16 bases for N=5003, r=715
2025-10-31 18:55:54,116 | Only found 0/16 bases for N=5003, r=715
2025-10-31 18:55:54,134 | Only found 0/16 bases for N=5003, r=715
2025-10-31 18:55:54,153 | Only found 0/16 bases for N=5003, r=715
2025-10-31 18:55:54,171 | Only found 0/16 bases for N=5003, r=715
2025-10-31 18:55:54,190 | Only found 0/16 bases for N=5003, r=715
2025-10-31 18:55:54,208 | Only found 0/16 bases for N=5003, r=715
2025-10-31 18:55:54,226 | Only found 0/16 bases for N=5003, r=715
2025-10-31 18:55:54,244 | Only found 0/16 bases for N=5003, r=715
2025-10-31 18:55:54,263 | Only found 0/16 bases for N=5003, r=715
2025-10-31 18:55:54,281 | Only found 0/16 bases for N=5003, r=715
2025-10-31 18:55:54,299 | Only found 0/16 bases for N=5003, r=715
2025-10-31 18:55:54,317 | Only found 0/16 bases for N=5003, r=715
2025-10-31 18:55:54,336 | Only found 0/16 bases for N=5003, r=715
2025-10-31 18:55:54,354 | Only found 0/16 bases for N=5003, r=715
2025-10-31 18:55:54,372 | Only found 0/16 bases for N=5003, r=715
2025-10-31 18:55:54,390 | Only found 0/16 bases for N=5003, r=715
2025-10-31 18:55:54,409 | Only found 0/16 bases for N=5003, r=715
2025-10-31 18:55:54,427 | Only found 0/16 bases for N=5003, r=715
2025-10-31 18:55:54,445 | Only found 0/16 bases for N=5003, r=715
2025-10-31 18:55:54,464 | Only found 0/16 bases for N=5003, r=715
2025-10-31 18:55:54,482 | Only found 0/16 bases for N=5003, r=715
2025-10-31 18:55:54,500 | Only found 0/16 bases for N=5003, r=715
2025-10-31 18:55:54,518 | Only found 0/16 bases for N=5003, r=715
2025-10-31 18:55:54,537 | Only found 0/16 bases for N=5003, r=715
2025-10-31 18:55:54,555 | Only found 0/16 bases for N=5003, r=715
2025-10-31 18:55:54,573 | Only found 0/16 bases for N=5003, r=715
2025-10-31 18:55:54,591 | Only found 0/16 bases for N=5003, r=715
2025-10-31 18:55:54,610 | Only found 0/16 bases for N=5003, r=715
2025-10-31 18:55:54,628 | Only found 0/16 bases for N=5003, r=715
2025-10-31 18:55:54,646 | Only found 0/16 bases for N=5003, r=715
2025-10-31 18:55:54,664 | Only found 0/16 bases for N=5003, r=715
2025-10-31 18:55:54,683 | Only found 0/16 bases for N=5003, r=715
2025-10-31 18:55:54,701 | Only found 0/16 bases for N=5003, r=715
2025-10-31 18:55:54,719 | Only found 0/16 bases for N=5003, r=715
2025-10-31 18:55:54,737 | Only found 0/16 bases for N=5003, r=715
2025-10-31 18:55:54,756 | Only found 0/16 bases for N=5003, r=715
2025-10-31 18:55:54,774 | Only found 0/16 bases for N=5003, r=715
2025-10-31 18:55:54,792 | Only found 0/16 bases for N=5003, r=715
2025-10-31 18:55:54,810 | Only found 0/16 bases for N=5003, r=715
2025-10-31 18:55:54,829 | Only found 0/16 bases for N=5003, r=715
2025-10-31 18:55:54,847 | Only found 0/16 bases for N=5003, r=715
2025-10-31 18:55:54,865 | Only found 0/16 bases for N=5003, r=715
2025-10-31 18:55:54,883 | Only found 0/16 bases for N=5003, r=715
2025-10-31 18:55:54,902 | Only found 0/16 bases for N=5003, r=715
2025-10-31 18:55:54,902 |     [60/81] φ=0.0200: S=nan±nan | ETA: 6.7m
2025-10-31 18:55:54,920 | Only found 0/16 bases for N=5003, r=715
2025-10-31 18:55:54,939 | Only found 0/16 bases for N=5003, r=715
2025-10-31 18:55:54,957 | Only found 0/16 bases for N=5003, r=715
2025-10-31 18:55:54,975 | Only found 0/16 bases for N=5003, r=715
2025-10-31 18:55:54,993 | Only found 0/16 bases for N=5003, r=715
2025-10-31 18:55:55,012 | Only found 0/16 bases for N=5003, r=715
2025-10-31 18:55:55,031 | Only found 0/16 bases for N=5003, r=715
2025-10-31 18:55:55,049 | Only found 0/16 bases for N=5003, r=715
2025-10-31 18:55:55,068 | Only found 0/16 bases for N=5003, r=715
2025-10-31 18:55:55,086 | Only found 0/16 bases for N=5003, r=715
2025-10-31 18:55:55,104 | Only found 0/16 bases for N=5003, r=715
2025-10-31 18:55:55,123 | Only found 0/16 bases for N=5003, r=715
2025-10-31 18:55:55,141 | Only found 0/16 bases for N=5003, r=715
2025-10-31 18:55:55,159 | Only found 0/16 bases for N=5003, r=715
2025-10-31 18:55:55,178 | Only found 0/16 bases for N=5003, r=715
2025-10-31 18:55:55,196 | Only found 0/16 bases for N=5003, r=715
2025-10-31 18:55:55,214 | Only found 0/16 bases for N=5003, r=715
2025-10-31 18:55:55,232 | Only found 0/16 bases for N=5003, r=715
2025-10-31 18:55:55,251 | Only found 0/16 bases for N=5003, r=715
2025-10-31 18:55:55,269 | Only found 0/16 bases for N=5003, r=715
2025-10-31 18:55:55,287 | Only found 0/16 bases for N=5003, r=715
2025-10-31 18:55:55,306 | Only found 0/16 bases for N=5003, r=715
2025-10-31 18:55:55,324 | Only found 0/16 bases for N=5003, r=715
2025-10-31 18:55:55,342 | Only found 0/16 bases for N=5003, r=715
2025-10-31 18:55:55,361 | Only found 0/16 bases for N=5003, r=715
2025-10-31 18:55:55,379 | Only found 0/16 bases for N=5003, r=715
2025-10-31 18:55:55,397 | Only found 0/16 bases for N=5003, r=715
2025-10-31 18:55:55,416 | Only found 0/16 bases for N=5003, r=715
2025-10-31 18:55:55,434 | Only found 0/16 bases for N=5003, r=715
2025-10-31 18:55:55,452 | Only found 0/16 bases for N=5003, r=715
2025-10-31 18:55:55,470 | Only found 0/16 bases for N=5003, r=715
2025-10-31 18:55:55,489 | Only found 0/16 bases for N=5003, r=715
2025-10-31 18:55:55,507 | Only found 0/16 bases for N=5003, r=715
2025-10-31 18:55:55,525 | Only found 0/16 bases for N=5003, r=715
2025-10-31 18:55:55,544 | Only found 0/16 bases for N=5003, r=715
2025-10-31 18:55:55,562 | Only found 0/16 bases for N=5003, r=715
2025-10-31 18:55:55,580 | Only found 0/16 bases for N=5003, r=715
2025-10-31 18:55:55,598 | Only found 0/16 bases for N=5003, r=715
2025-10-31 18:55:55,617 | Only found 0/16 bases for N=5003, r=715
2025-10-31 18:55:55,635 | Only found 0/16 bases for N=5003, r=715
2025-10-31 18:55:55,653 | Only found 0/16 bases for N=5003, r=715
2025-10-31 18:55:55,672 | Only found 0/16 bases for N=5003, r=715
2025-10-31 18:55:55,690 | Only found 0/16 bases for N=5003, r=715
2025-10-31 18:55:55,708 | Only found 0/16 bases for N=5003, r=715
2025-10-31 18:55:55,726 | Only found 0/16 bases for N=5003, r=715
2025-10-31 18:55:55,745 | Only found 0/16 bases for N=5003, r=715
2025-10-31 18:55:55,763 | Only found 0/16 bases for N=5003, r=715
2025-10-31 18:55:55,781 | Only found 0/16 bases for N=5003, r=715
2025-10-31 18:55:55,800 | Only found 0/16 bases for N=5003, r=715
2025-10-31 18:55:55,818 | Only found 0/16 bases for N=5003, r=715
2025-10-31 18:55:55,836 | Only found 0/16 bases for N=5003, r=715
2025-10-31 18:55:55,854 | Only found 0/16 bases for N=5003, r=715
2025-10-31 18:55:55,873 | Only found 0/16 bases for N=5003, r=715
2025-10-31 18:55:55,891 | Only found 0/16 bases for N=5003, r=715
2025-10-31 18:55:55,909 | Only found 0/16 bases for N=5003, r=715
2025-10-31 18:55:55,928 | Only found 0/16 bases for N=5003, r=715
2025-10-31 18:55:55,946 | Only found 0/16 bases for N=5003, r=715
2025-10-31 18:55:55,964 | Only found 0/16 bases for N=5003, r=715
2025-10-31 18:55:55,983 | Only found 0/16 bases for N=5003, r=715
2025-10-31 18:55:56,001 | Only found 0/16 bases for N=5003, r=715
2025-10-31 18:55:56,019 | Only found 0/16 bases for N=5003, r=715
2025-10-31 18:55:56,038 | Only found 0/16 bases for N=5003, r=715
2025-10-31 18:55:56,056 | Only found 0/16 bases for N=5003, r=715
2025-10-31 18:55:56,074 | Only found 0/16 bases for N=5003, r=715
2025-10-31 18:55:56,093 | Only found 0/16 bases for N=5003, r=715
2025-10-31 18:55:56,111 | Only found 0/16 bases for N=5003, r=715
2025-10-31 18:55:56,129 | Only found 0/16 bases for N=5003, r=715
2025-10-31 18:55:56,148 | Only found 0/16 bases for N=5003, r=715
2025-10-31 18:55:56,166 | Only found 0/16 bases for N=5003, r=715
2025-10-31 18:55:56,185 | Only found 0/16 bases for N=5003, r=715
2025-10-31 18:55:56,203 | Only found 0/16 bases for N=5003, r=715
2025-10-31 18:55:56,222 | Only found 0/16 bases for N=5003, r=715
2025-10-31 18:55:56,240 | Only found 0/16 bases for N=5003, r=715
2025-10-31 18:55:56,258 | Only found 0/16 bases for N=5003, r=715
2025-10-31 18:55:56,277 | Only found 0/16 bases for N=5003, r=715
2025-10-31 18:55:56,295 | Only found 0/16 bases for N=5003, r=715
2025-10-31 18:55:56,313 | Only found 0/16 bases for N=5003, r=715
2025-10-31 18:55:56,332 | Only found 0/16 bases for N=5003, r=715
2025-10-31 18:55:56,350 | Only found 0/16 bases for N=5003, r=715
2025-10-31 18:55:56,368 | Only found 0/16 bases for N=5003, r=715
2025-10-31 18:55:56,387 | Only found 0/16 bases for N=5003, r=715
2025-10-31 18:55:56,405 | Only found 0/16 bases for N=5003, r=715
2025-10-31 18:55:56,424 | Only found 0/16 bases for N=5003, r=715
2025-10-31 18:55:56,442 | Only found 0/16 bases for N=5003, r=715
2025-10-31 18:55:56,460 | Only found 0/16 bases for N=5003, r=715
2025-10-31 18:55:56,479 | Only found 0/16 bases for N=5003, r=715
2025-10-31 18:55:56,497 | Only found 0/16 bases for N=5003, r=715
2025-10-31 18:55:56,515 | Only found 0/16 bases for N=5003, r=715
2025-10-31 18:55:56,534 | Only found 0/16 bases for N=5003, r=715
2025-10-31 18:55:56,552 | Only found 0/16 bases for N=5003, r=715
2025-10-31 18:55:56,570 | Only found 0/16 bases for N=5003, r=715
2025-10-31 18:55:56,589 | Only found 0/16 bases for N=5003, r=715
2025-10-31 18:55:56,607 | Only found 0/16 bases for N=5003, r=715
2025-10-31 18:55:56,625 | Only found 0/16 bases for N=5003, r=715
2025-10-31 18:55:56,644 | Only found 0/16 bases for N=5003, r=715
2025-10-31 18:55:56,662 | Only found 0/16 bases for N=5003, r=715
2025-10-31 18:55:56,681 | Only found 0/16 bases for N=5003, r=715
2025-10-31 18:55:56,699 | Only found 0/16 bases for N=5003, r=715
2025-10-31 18:55:56,717 | Only found 0/16 bases for N=5003, r=715
2025-10-31 18:55:56,736 | Only found 0/16 bases for N=5003, r=715
2025-10-31 18:55:56,754 | Only found 0/16 bases for N=5003, r=715
2025-10-31 18:55:56,773 | Only found 0/16 bases for N=5003, r=715
2025-10-31 18:55:56,791 | Only found 0/16 bases for N=5003, r=715
2025-10-31 18:55:56,809 | Only found 0/16 bases for N=5003, r=715
2025-10-31 18:55:56,828 | Only found 0/16 bases for N=5003, r=715
2025-10-31 18:55:56,846 | Only found 0/16 bases for N=5003, r=715
2025-10-31 18:55:56,864 | Only found 0/16 bases for N=5003, r=715
2025-10-31 18:55:56,883 | Only found 0/16 bases for N=5003, r=715
2025-10-31 18:55:56,901 | Only found 0/16 bases for N=5003, r=715
2025-10-31 18:55:56,919 | Only found 0/16 bases for N=5003, r=715
2025-10-31 18:55:56,938 | Only found 0/16 bases for N=5003, r=715
2025-10-31 18:55:56,956 | Only found 0/16 bases for N=5003, r=715
2025-10-31 18:55:56,974 | Only found 0/16 bases for N=5003, r=715
2025-10-31 18:55:56,992 | Only found 0/16 bases for N=5003, r=715
2025-10-31 18:55:57,011 | Only found 0/16 bases for N=5003, r=715
2025-10-31 18:55:57,029 | Only found 0/16 bases for N=5003, r=715
2025-10-31 18:55:57,047 | Only found 0/16 bases for N=5003, r=715
2025-10-31 18:55:57,066 | Only found 0/16 bases for N=5003, r=715
2025-10-31 18:55:57,084 | Only found 0/16 bases for N=5003, r=715
2025-10-31 18:55:57,102 | Only found 0/16 bases for N=5003, r=715
2025-10-31 18:55:57,121 | Only found 0/16 bases for N=5003, r=715
2025-10-31 18:55:57,139 | Only found 0/16 bases for N=5003, r=715
2025-10-31 18:55:57,157 | Only found 0/16 bases for N=5003, r=715
2025-10-31 18:55:57,176 | Only found 0/16 bases for N=5003, r=715
2025-10-31 18:55:57,194 | Only found 0/16 bases for N=5003, r=715
2025-10-31 18:55:57,212 | Only found 0/16 bases for N=5003, r=715
2025-10-31 18:55:57,231 | Only found 0/16 bases for N=5003, r=715
2025-10-31 18:55:57,249 | Only found 0/16 bases for N=5003, r=715
2025-10-31 18:55:57,267 | Only found 0/16 bases for N=5003, r=715
2025-10-31 18:55:57,286 | Only found 0/16 bases for N=5003, r=715
2025-10-31 18:55:57,304 | Only found 0/16 bases for N=5003, r=715
2025-10-31 18:55:57,322 | Only found 0/16 bases for N=5003, r=715
2025-10-31 18:55:57,341 | Only found 0/16 bases for N=5003, r=715
2025-10-31 18:55:57,359 | Only found 0/16 bases for N=5003, r=715
2025-10-31 18:55:57,377 | Only found 0/16 bases for N=5003, r=715
2025-10-31 18:55:57,396 | Only found 0/16 bases for N=5003, r=715
2025-10-31 18:55:57,414 | Only found 0/16 bases for N=5003, r=715
2025-10-31 18:55:57,432 | Only found 0/16 bases for N=5003, r=715
2025-10-31 18:55:57,451 | Only found 0/16 bases for N=5003, r=715
2025-10-31 18:55:57,469 | Only found 0/16 bases for N=5003, r=715
2025-10-31 18:55:57,487 | Only found 0/16 bases for N=5003, r=715
2025-10-31 18:55:57,506 | Only found 0/16 bases for N=5003, r=715
2025-10-31 18:55:57,524 | Only found 0/16 bases for N=5003, r=715
2025-10-31 18:55:57,542 | Only found 0/16 bases for N=5003, r=715
2025-10-31 18:55:57,561 | Only found 0/16 bases for N=5003, r=715
2025-10-31 18:55:57,579 | Only found 0/16 bases for N=5003, r=715
2025-10-31 18:55:57,597 | Only found 0/16 bases for N=5003, r=715
2025-10-31 18:55:57,616 | Only found 0/16 bases for N=5003, r=715
2025-10-31 18:55:57,634 | Only found 0/16 bases for N=5003, r=715
2025-10-31 18:55:57,652 | Only found 0/16 bases for N=5003, r=715
2025-10-31 18:55:57,652 |     [63/81] φ=0.2000: S=nan±nan | ETA: 5.5m
2025-10-31 18:55:57,652 |   L=16384...
2025-10-31 18:55:57,671 | Only found 0/16 bases for N=5003, r=715
2025-10-31 18:55:57,689 | Only found 0/16 bases for N=5003, r=715
2025-10-31 18:55:57,707 | Only found 0/16 bases for N=5003, r=715
2025-10-31 18:55:57,726 | Only found 0/16 bases for N=5003, r=715
2025-10-31 18:55:57,744 | Only found 0/16 bases for N=5003, r=715
2025-10-31 18:55:57,762 | Only found 0/16 bases for N=5003, r=715
2025-10-31 18:55:57,781 | Only found 0/16 bases for N=5003, r=715
2025-10-31 18:55:57,799 | Only found 0/16 bases for N=5003, r=715
2025-10-31 18:55:57,817 | Only found 0/16 bases for N=5003, r=715
2025-10-31 18:55:57,836 | Only found 0/16 bases for N=5003, r=715
2025-10-31 18:55:57,854 | Only found 0/16 bases for N=5003, r=715
2025-10-31 18:55:57,872 | Only found 0/16 bases for N=5003, r=715
2025-10-31 18:55:57,891 | Only found 0/16 bases for N=5003, r=715
2025-10-31 18:55:57,909 | Only found 0/16 bases for N=5003, r=715
2025-10-31 18:55:57,927 | Only found 0/16 bases for N=5003, r=715
2025-10-31 18:55:57,946 | Only found 0/16 bases for N=5003, r=715
2025-10-31 18:55:57,964 | Only found 0/16 bases for N=5003, r=715
2025-10-31 18:55:57,982 | Only found 0/16 bases for N=5003, r=715
2025-10-31 18:55:58,000 | Only found 0/16 bases for N=5003, r=715
2025-10-31 18:55:58,019 | Only found 0/16 bases for N=5003, r=715
2025-10-31 18:55:58,037 | Only found 0/16 bases for N=5003, r=715
2025-10-31 18:55:58,056 | Only found 0/16 bases for N=5003, r=715
2025-10-31 18:55:58,074 | Only found 0/16 bases for N=5003, r=715
2025-10-31 18:55:58,092 | Only found 0/16 bases for N=5003, r=715
2025-10-31 18:55:58,110 | Only found 0/16 bases for N=5003, r=715
2025-10-31 18:55:58,129 | Only found 0/16 bases for N=5003, r=715
2025-10-31 18:55:58,147 | Only found 0/16 bases for N=5003, r=715
2025-10-31 18:55:58,166 | Only found 0/16 bases for N=5003, r=715
2025-10-31 18:55:58,184 | Only found 0/16 bases for N=5003, r=715
2025-10-31 18:55:58,202 | Only found 0/16 bases for N=5003, r=715
2025-10-31 18:55:58,221 | Only found 0/16 bases for N=5003, r=715
2025-10-31 18:55:58,239 | Only found 0/16 bases for N=5003, r=715
2025-10-31 18:55:58,257 | Only found 0/16 bases for N=5003, r=715
2025-10-31 18:55:58,276 | Only found 0/16 bases for N=5003, r=715
2025-10-31 18:55:58,294 | Only found 0/16 bases for N=5003, r=715
2025-10-31 18:55:58,312 | Only found 0/16 bases for N=5003, r=715
2025-10-31 18:55:58,330 | Only found 0/16 bases for N=5003, r=715
2025-10-31 18:55:58,349 | Only found 0/16 bases for N=5003, r=715
2025-10-31 18:55:58,367 | Only found 0/16 bases for N=5003, r=715
2025-10-31 18:55:58,386 | Only found 0/16 bases for N=5003, r=715
2025-10-31 18:55:58,404 | Only found 0/16 bases for N=5003, r=715
2025-10-31 18:55:58,422 | Only found 0/16 bases for N=5003, r=715
2025-10-31 18:55:58,441 | Only found 0/16 bases for N=5003, r=715
2025-10-31 18:55:58,459 | Only found 0/16 bases for N=5003, r=715
2025-10-31 18:55:58,477 | Only found 0/16 bases for N=5003, r=715
2025-10-31 18:55:58,496 | Only found 0/16 bases for N=5003, r=715
2025-10-31 18:55:58,514 | Only found 0/16 bases for N=5003, r=715
2025-10-31 18:55:58,532 | Only found 0/16 bases for N=5003, r=715
2025-10-31 18:55:58,551 | Only found 0/16 bases for N=5003, r=715
2025-10-31 18:55:58,569 | Only found 0/16 bases for N=5003, r=715
2025-10-31 18:55:58,587 | Only found 0/16 bases for N=5003, r=715
2025-10-31 18:55:58,606 | Only found 0/16 bases for N=5003, r=715
2025-10-31 18:55:58,624 | Only found 0/16 bases for N=5003, r=715
2025-10-31 18:55:58,642 | Only found 0/16 bases for N=5003, r=715
2025-10-31 18:55:58,661 | Only found 0/16 bases for N=5003, r=715
2025-10-31 18:55:58,679 | Only found 0/16 bases for N=5003, r=715
2025-10-31 18:55:58,697 | Only found 0/16 bases for N=5003, r=715
2025-10-31 18:55:58,716 | Only found 0/16 bases for N=5003, r=715
2025-10-31 18:55:58,734 | Only found 0/16 bases for N=5003, r=715
2025-10-31 18:55:58,753 | Only found 0/16 bases for N=5003, r=715
2025-10-31 18:55:58,771 | Only found 0/16 bases for N=5003, r=715
2025-10-31 18:55:58,789 | Only found 0/16 bases for N=5003, r=715
2025-10-31 18:55:58,808 | Only found 0/16 bases for N=5003, r=715
2025-10-31 18:55:58,826 | Only found 0/16 bases for N=5003, r=715
2025-10-31 18:55:58,844 | Only found 0/16 bases for N=5003, r=715
2025-10-31 18:55:58,862 | Only found 0/16 bases for N=5003, r=715
2025-10-31 18:55:58,881 | Only found 0/16 bases for N=5003, r=715
2025-10-31 18:55:58,899 | Only found 0/16 bases for N=5003, r=715
2025-10-31 18:55:58,917 | Only found 0/16 bases for N=5003, r=715
2025-10-31 18:55:58,936 | Only found 0/16 bases for N=5003, r=715
2025-10-31 18:55:58,954 | Only found 0/16 bases for N=5003, r=715
2025-10-31 18:55:58,972 | Only found 0/16 bases for N=5003, r=715
2025-10-31 18:55:58,991 | Only found 0/16 bases for N=5003, r=715
2025-10-31 18:55:59,009 | Only found 0/16 bases for N=5003, r=715
2025-10-31 18:55:59,027 | Only found 0/16 bases for N=5003, r=715
2025-10-31 18:55:59,046 | Only found 0/16 bases for N=5003, r=715
2025-10-31 18:55:59,064 | Only found 0/16 bases for N=5003, r=715
2025-10-31 18:55:59,082 | Only found 0/16 bases for N=5003, r=715
2025-10-31 18:55:59,101 | Only found 0/16 bases for N=5003, r=715
2025-10-31 18:55:59,119 | Only found 0/16 bases for N=5003, r=715
2025-10-31 18:55:59,137 | Only found 0/16 bases for N=5003, r=715
2025-10-31 18:55:59,156 | Only found 0/16 bases for N=5003, r=715
2025-10-31 18:55:59,174 | Only found 0/16 bases for N=5003, r=715
2025-10-31 18:55:59,192 | Only found 0/16 bases for N=5003, r=715
2025-10-31 18:55:59,211 | Only found 0/16 bases for N=5003, r=715
2025-10-31 18:55:59,229 | Only found 0/16 bases for N=5003, r=715
2025-10-31 18:55:59,247 | Only found 0/16 bases for N=5003, r=715
2025-10-31 18:55:59,265 | Only found 0/16 bases for N=5003, r=715
2025-10-31 18:55:59,284 | Only found 0/16 bases for N=5003, r=715
2025-10-31 18:55:59,302 | Only found 0/16 bases for N=5003, r=715
2025-10-31 18:55:59,320 | Only found 0/16 bases for N=5003, r=715
2025-10-31 18:55:59,339 | Only found 0/16 bases for N=5003, r=715
2025-10-31 18:55:59,357 | Only found 0/16 bases for N=5003, r=715
2025-10-31 18:55:59,375 | Only found 0/16 bases for N=5003, r=715
2025-10-31 18:55:59,394 | Only found 0/16 bases for N=5003, r=715
2025-10-31 18:55:59,412 | Only found 0/16 bases for N=5003, r=715
2025-10-31 18:55:59,430 | Only found 0/16 bases for N=5003, r=715
2025-10-31 18:55:59,449 | Only found 0/16 bases for N=5003, r=715
2025-10-31 18:55:59,467 | Only found 0/16 bases for N=5003, r=715
2025-10-31 18:55:59,485 | Only found 0/16 bases for N=5003, r=715
2025-10-31 18:55:59,485 |     [65/81] φ=0.0010: S=nan±nan | ETA: 4.7m
2025-10-31 18:55:59,504 | Only found 0/16 bases for N=5003, r=715
2025-10-31 18:55:59,522 | Only found 0/16 bases for N=5003, r=715
2025-10-31 18:55:59,540 | Only found 0/16 bases for N=5003, r=715
2025-10-31 18:55:59,559 | Only found 0/16 bases for N=5003, r=715
2025-10-31 18:55:59,577 | Only found 0/16 bases for N=5003, r=715
2025-10-31 18:55:59,595 | Only found 0/16 bases for N=5003, r=715
2025-10-31 18:55:59,614 | Only found 0/16 bases for N=5003, r=715
2025-10-31 18:55:59,632 | Only found 0/16 bases for N=5003, r=715
2025-10-31 18:55:59,650 | Only found 0/16 bases for N=5003, r=715
2025-10-31 18:55:59,669 | Only found 0/16 bases for N=5003, r=715
2025-10-31 18:55:59,687 | Only found 0/16 bases for N=5003, r=715
2025-10-31 18:55:59,705 | Only found 0/16 bases for N=5003, r=715
2025-10-31 18:55:59,724 | Only found 0/16 bases for N=5003, r=715
2025-10-31 18:55:59,742 | Only found 0/16 bases for N=5003, r=715
2025-10-31 18:55:59,760 | Only found 0/16 bases for N=5003, r=715
2025-10-31 18:55:59,779 | Only found 0/16 bases for N=5003, r=715
2025-10-31 18:55:59,797 | Only found 0/16 bases for N=5003, r=715
2025-10-31 18:55:59,815 | Only found 0/16 bases for N=5003, r=715
2025-10-31 18:55:59,834 | Only found 0/16 bases for N=5003, r=715
2025-10-31 18:55:59,852 | Only found 0/16 bases for N=5003, r=715
2025-10-31 18:55:59,870 | Only found 0/16 bases for N=5003, r=715
2025-10-31 18:55:59,888 | Only found 0/16 bases for N=5003, r=715
2025-10-31 18:55:59,907 | Only found 0/16 bases for N=5003, r=715
2025-10-31 18:55:59,925 | Only found 0/16 bases for N=5003, r=715
2025-10-31 18:55:59,943 | Only found 0/16 bases for N=5003, r=715
2025-10-31 18:55:59,962 | Only found 0/16 bases for N=5003, r=715
2025-10-31 18:55:59,980 | Only found 0/16 bases for N=5003, r=715
2025-10-31 18:55:59,998 | Only found 0/16 bases for N=5003, r=715
2025-10-31 18:56:00,017 | Only found 0/16 bases for N=5003, r=715
2025-10-31 18:56:00,035 | Only found 0/16 bases for N=5003, r=715
2025-10-31 18:56:00,053 | Only found 0/16 bases for N=5003, r=715
2025-10-31 18:56:00,072 | Only found 0/16 bases for N=5003, r=715
2025-10-31 18:56:00,090 | Only found 0/16 bases for N=5003, r=715
2025-10-31 18:56:00,108 | Only found 0/16 bases for N=5003, r=715
2025-10-31 18:56:00,126 | Only found 0/16 bases for N=5003, r=715
2025-10-31 18:56:00,145 | Only found 0/16 bases for N=5003, r=715
2025-10-31 18:56:00,163 | Only found 0/16 bases for N=5003, r=715
2025-10-31 18:56:00,181 | Only found 0/16 bases for N=5003, r=715
2025-10-31 18:56:00,200 | Only found 0/16 bases for N=5003, r=715
2025-10-31 18:56:00,218 | Only found 0/16 bases for N=5003, r=715
2025-10-31 18:56:00,236 | Only found 0/16 bases for N=5003, r=715
2025-10-31 18:56:00,255 | Only found 0/16 bases for N=5003, r=715
2025-10-31 18:56:00,273 | Only found 0/16 bases for N=5003, r=715
2025-10-31 18:56:00,291 | Only found 0/16 bases for N=5003, r=715
2025-10-31 18:56:00,310 | Only found 0/16 bases for N=5003, r=715
2025-10-31 18:56:00,328 | Only found 0/16 bases for N=5003, r=715
2025-10-31 18:56:00,346 | Only found 0/16 bases for N=5003, r=715
2025-10-31 18:56:00,365 | Only found 0/16 bases for N=5003, r=715
2025-10-31 18:56:00,383 | Only found 0/16 bases for N=5003, r=715
2025-10-31 18:56:00,401 | Only found 0/16 bases for N=5003, r=715
2025-10-31 18:56:00,420 | Only found 0/16 bases for N=5003, r=715
2025-10-31 18:56:00,438 | Only found 0/16 bases for N=5003, r=715
2025-10-31 18:56:00,456 | Only found 0/16 bases for N=5003, r=715
2025-10-31 18:56:00,475 | Only found 0/16 bases for N=5003, r=715
2025-10-31 18:56:00,493 | Only found 0/16 bases for N=5003, r=715
2025-10-31 18:56:00,511 | Only found 0/16 bases for N=5003, r=715
2025-10-31 18:56:00,530 | Only found 0/16 bases for N=5003, r=715
2025-10-31 18:56:00,548 | Only found 0/16 bases for N=5003, r=715
2025-10-31 18:56:00,566 | Only found 0/16 bases for N=5003, r=715
2025-10-31 18:56:00,585 | Only found 0/16 bases for N=5003, r=715
2025-10-31 18:56:00,603 | Only found 0/16 bases for N=5003, r=715
2025-10-31 18:56:00,621 | Only found 0/16 bases for N=5003, r=715
2025-10-31 18:56:00,640 | Only found 0/16 bases for N=5003, r=715
2025-10-31 18:56:00,658 | Only found 0/16 bases for N=5003, r=715
2025-10-31 18:56:00,676 | Only found 0/16 bases for N=5003, r=715
2025-10-31 18:56:00,695 | Only found 0/16 bases for N=5003, r=715
2025-10-31 18:56:00,713 | Only found 0/16 bases for N=5003, r=715
2025-10-31 18:56:00,731 | Only found 0/16 bases for N=5003, r=715
2025-10-31 18:56:00,750 | Only found 0/16 bases for N=5003, r=715
2025-10-31 18:56:00,768 | Only found 0/16 bases for N=5003, r=715
2025-10-31 18:56:00,786 | Only found 0/16 bases for N=5003, r=715
2025-10-31 18:56:00,805 | Only found 0/16 bases for N=5003, r=715
2025-10-31 18:56:00,823 | Only found 0/16 bases for N=5003, r=715
2025-10-31 18:56:00,841 | Only found 0/16 bases for N=5003, r=715
2025-10-31 18:56:00,860 | Only found 0/16 bases for N=5003, r=715
2025-10-31 18:56:00,878 | Only found 0/16 bases for N=5003, r=715
2025-10-31 18:56:00,896 | Only found 0/16 bases for N=5003, r=715
2025-10-31 18:56:00,915 | Only found 0/16 bases for N=5003, r=715
2025-10-31 18:56:00,933 | Only found 0/16 bases for N=5003, r=715
2025-10-31 18:56:00,951 | Only found 0/16 bases for N=5003, r=715
2025-10-31 18:56:00,969 | Only found 0/16 bases for N=5003, r=715
2025-10-31 18:56:00,988 | Only found 0/16 bases for N=5003, r=715
2025-10-31 18:56:01,006 | Only found 0/16 bases for N=5003, r=715
2025-10-31 18:56:01,024 | Only found 0/16 bases for N=5003, r=715
2025-10-31 18:56:01,043 | Only found 0/16 bases for N=5003, r=715
2025-10-31 18:56:01,061 | Only found 0/16 bases for N=5003, r=715
2025-10-31 18:56:01,079 | Only found 0/16 bases for N=5003, r=715
2025-10-31 18:56:01,098 | Only found 0/16 bases for N=5003, r=715
2025-10-31 18:56:01,116 | Only found 0/16 bases for N=5003, r=715
2025-10-31 18:56:01,134 | Only found 0/16 bases for N=5003, r=715
2025-10-31 18:56:01,153 | Only found 0/16 bases for N=5003, r=715
2025-10-31 18:56:01,171 | Only found 0/16 bases for N=5003, r=715
2025-10-31 18:56:01,189 | Only found 0/16 bases for N=5003, r=715
2025-10-31 18:56:01,208 | Only found 0/16 bases for N=5003, r=715
2025-10-31 18:56:01,226 | Only found 0/16 bases for N=5003, r=715
2025-10-31 18:56:01,244 | Only found 0/16 bases for N=5003, r=715
2025-10-31 18:56:01,262 | Only found 0/16 bases for N=5003, r=715
2025-10-31 18:56:01,281 | Only found 0/16 bases for N=5003, r=715
2025-10-31 18:56:01,299 | Only found 0/16 bases for N=5003, r=715
2025-10-31 18:56:01,317 | Only found 0/16 bases for N=5003, r=715
2025-10-31 18:56:01,336 | Only found 0/16 bases for N=5003, r=715
2025-10-31 18:56:01,354 | Only found 0/16 bases for N=5003, r=715
2025-10-31 18:56:01,372 | Only found 0/16 bases for N=5003, r=715
2025-10-31 18:56:01,391 | Only found 0/16 bases for N=5003, r=715
2025-10-31 18:56:01,409 | Only found 0/16 bases for N=5003, r=715
2025-10-31 18:56:01,428 | Only found 0/16 bases for N=5003, r=715
2025-10-31 18:56:01,446 | Only found 0/16 bases for N=5003, r=715
2025-10-31 18:56:01,464 | Only found 0/16 bases for N=5003, r=715
2025-10-31 18:56:01,482 | Only found 0/16 bases for N=5003, r=715
2025-10-31 18:56:01,501 | Only found 0/16 bases for N=5003, r=715
2025-10-31 18:56:01,519 | Only found 0/16 bases for N=5003, r=715
2025-10-31 18:56:01,537 | Only found 0/16 bases for N=5003, r=715
2025-10-31 18:56:01,556 | Only found 0/16 bases for N=5003, r=715
2025-10-31 18:56:01,574 | Only found 0/16 bases for N=5003, r=715
2025-10-31 18:56:01,592 | Only found 0/16 bases for N=5003, r=715
2025-10-31 18:56:01,611 | Only found 0/16 bases for N=5003, r=715
2025-10-31 18:56:01,629 | Only found 0/16 bases for N=5003, r=715
2025-10-31 18:56:01,647 | Only found 0/16 bases for N=5003, r=715
2025-10-31 18:56:01,666 | Only found 0/16 bases for N=5003, r=715
2025-10-31 18:56:01,684 | Only found 0/16 bases for N=5003, r=715
2025-10-31 18:56:01,702 | Only found 0/16 bases for N=5003, r=715
2025-10-31 18:56:01,721 | Only found 0/16 bases for N=5003, r=715
2025-10-31 18:56:01,739 | Only found 0/16 bases for N=5003, r=715
2025-10-31 18:56:01,757 | Only found 0/16 bases for N=5003, r=715
2025-10-31 18:56:01,776 | Only found 0/16 bases for N=5003, r=715
2025-10-31 18:56:01,794 | Only found 0/16 bases for N=5003, r=715
2025-10-31 18:56:01,812 | Only found 0/16 bases for N=5003, r=715
2025-10-31 18:56:01,831 | Only found 0/16 bases for N=5003, r=715
2025-10-31 18:56:01,849 | Only found 0/16 bases for N=5003, r=715
2025-10-31 18:56:01,867 | Only found 0/16 bases for N=5003, r=715
2025-10-31 18:56:01,885 | Only found 0/16 bases for N=5003, r=715
2025-10-31 18:56:01,904 | Only found 0/16 bases for N=5003, r=715
2025-10-31 18:56:01,922 | Only found 0/16 bases for N=5003, r=715
2025-10-31 18:56:01,940 | Only found 0/16 bases for N=5003, r=715
2025-10-31 18:56:01,959 | Only found 0/16 bases for N=5003, r=715
2025-10-31 18:56:01,977 | Only found 0/16 bases for N=5003, r=715
2025-10-31 18:56:01,995 | Only found 0/16 bases for N=5003, r=715
2025-10-31 18:56:02,014 | Only found 0/16 bases for N=5003, r=715
2025-10-31 18:56:02,032 | Only found 0/16 bases for N=5003, r=715
2025-10-31 18:56:02,050 | Only found 0/16 bases for N=5003, r=715
2025-10-31 18:56:02,069 | Only found 0/16 bases for N=5003, r=715
2025-10-31 18:56:02,087 | Only found 0/16 bases for N=5003, r=715
2025-10-31 18:56:02,105 | Only found 0/16 bases for N=5003, r=715
2025-10-31 18:56:02,123 | Only found 0/16 bases for N=5003, r=715
2025-10-31 18:56:02,142 | Only found 0/16 bases for N=5003, r=715
2025-10-31 18:56:02,160 | Only found 0/16 bases for N=5003, r=715
2025-10-31 18:56:02,178 | Only found 0/16 bases for N=5003, r=715
2025-10-31 18:56:02,197 | Only found 0/16 bases for N=5003, r=715
2025-10-31 18:56:02,215 | Only found 0/16 bases for N=5003, r=715
2025-10-31 18:56:02,233 | Only found 0/16 bases for N=5003, r=715
2025-10-31 18:56:02,252 | Only found 0/16 bases for N=5003, r=715
2025-10-31 18:56:02,270 | Only found 0/16 bases for N=5003, r=715
2025-10-31 18:56:02,289 | Only found 0/16 bases for N=5003, r=715
2025-10-31 18:56:02,307 | Only found 0/16 bases for N=5003, r=715
2025-10-31 18:56:02,325 | Only found 0/16 bases for N=5003, r=715
2025-10-31 18:56:02,344 | Only found 0/16 bases for N=5003, r=715
2025-10-31 18:56:02,362 | Only found 0/16 bases for N=5003, r=715
2025-10-31 18:56:02,380 | Only found 0/16 bases for N=5003, r=715
2025-10-31 18:56:02,399 | Only found 0/16 bases for N=5003, r=715
2025-10-31 18:56:02,417 | Only found 0/16 bases for N=5003, r=715
2025-10-31 18:56:02,436 | Only found 0/16 bases for N=5003, r=715
2025-10-31 18:56:02,454 | Only found 0/16 bases for N=5003, r=715
2025-10-31 18:56:02,473 | Only found 0/16 bases for N=5003, r=715
2025-10-31 18:56:02,491 | Only found 0/16 bases for N=5003, r=715
2025-10-31 18:56:02,509 | Only found 0/16 bases for N=5003, r=715
2025-10-31 18:56:02,528 | Only found 0/16 bases for N=5003, r=715
2025-10-31 18:56:02,546 | Only found 0/16 bases for N=5003, r=715
2025-10-31 18:56:02,565 | Only found 0/16 bases for N=5003, r=715
2025-10-31 18:56:02,583 | Only found 0/16 bases for N=5003, r=715
2025-10-31 18:56:02,601 | Only found 0/16 bases for N=5003, r=715
2025-10-31 18:56:02,620 | Only found 0/16 bases for N=5003, r=715
2025-10-31 18:56:02,638 | Only found 0/16 bases for N=5003, r=715
2025-10-31 18:56:02,657 | Only found 0/16 bases for N=5003, r=715
2025-10-31 18:56:02,675 | Only found 0/16 bases for N=5003, r=715
2025-10-31 18:56:02,693 | Only found 0/16 bases for N=5003, r=715
2025-10-31 18:56:02,712 | Only found 0/16 bases for N=5003, r=715
2025-10-31 18:56:02,730 | Only found 0/16 bases for N=5003, r=715
2025-10-31 18:56:02,749 | Only found 0/16 bases for N=5003, r=715
2025-10-31 18:56:02,767 | Only found 0/16 bases for N=5003, r=715
2025-10-31 18:56:02,785 | Only found 0/16 bases for N=5003, r=715
2025-10-31 18:56:02,804 | Only found 0/16 bases for N=5003, r=715
2025-10-31 18:56:02,822 | Only found 0/16 bases for N=5003, r=715
2025-10-31 18:56:02,841 | Only found 0/16 bases for N=5003, r=715
2025-10-31 18:56:02,859 | Only found 0/16 bases for N=5003, r=715
2025-10-31 18:56:02,878 | Only found 0/16 bases for N=5003, r=715
2025-10-31 18:56:02,897 | Only found 0/16 bases for N=5003, r=715
2025-10-31 18:56:02,916 | Only found 0/16 bases for N=5003, r=715
2025-10-31 18:56:02,934 | Only found 0/16 bases for N=5003, r=715
2025-10-31 18:56:02,953 | Only found 0/16 bases for N=5003, r=715
2025-10-31 18:56:02,972 | Only found 0/16 bases for N=5003, r=715
2025-10-31 18:56:02,990 | Only found 0/16 bases for N=5003, r=715
2025-10-31 18:56:03,009 | Only found 0/16 bases for N=5003, r=715
2025-10-31 18:56:03,028 | Only found 0/16 bases for N=5003, r=715
2025-10-31 18:56:03,046 | Only found 0/16 bases for N=5003, r=715
2025-10-31 18:56:03,065 | Only found 0/16 bases for N=5003, r=715
2025-10-31 18:56:03,083 | Only found 0/16 bases for N=5003, r=715
2025-10-31 18:56:03,102 | Only found 0/16 bases for N=5003, r=715
2025-10-31 18:56:03,120 | Only found 0/16 bases for N=5003, r=715
2025-10-31 18:56:03,138 | Only found 0/16 bases for N=5003, r=715
2025-10-31 18:56:03,157 | Only found 0/16 bases for N=5003, r=715
2025-10-31 18:56:03,175 | Only found 0/16 bases for N=5003, r=715
2025-10-31 18:56:03,193 | Only found 0/16 bases for N=5003, r=715
2025-10-31 18:56:03,212 | Only found 0/16 bases for N=5003, r=715
2025-10-31 18:56:03,230 | Only found 0/16 bases for N=5003, r=715
2025-10-31 18:56:03,248 | Only found 0/16 bases for N=5003, r=715
2025-10-31 18:56:03,267 | Only found 0/16 bases for N=5003, r=715
2025-10-31 18:56:03,285 | Only found 0/16 bases for N=5003, r=715
2025-10-31 18:56:03,303 | Only found 0/16 bases for N=5003, r=715
2025-10-31 18:56:03,322 | Only found 0/16 bases for N=5003, r=715
2025-10-31 18:56:03,340 | Only found 0/16 bases for N=5003, r=715
2025-10-31 18:56:03,358 | Only found 0/16 bases for N=5003, r=715
2025-10-31 18:56:03,377 | Only found 0/16 bases for N=5003, r=715
2025-10-31 18:56:03,395 | Only found 0/16 bases for N=5003, r=715
2025-10-31 18:56:03,413 | Only found 0/16 bases for N=5003, r=715
2025-10-31 18:56:03,431 | Only found 0/16 bases for N=5003, r=715
2025-10-31 18:56:03,450 | Only found 0/16 bases for N=5003, r=715
2025-10-31 18:56:03,468 | Only found 0/16 bases for N=5003, r=715
2025-10-31 18:56:03,486 | Only found 0/16 bases for N=5003, r=715
2025-10-31 18:56:03,505 | Only found 0/16 bases for N=5003, r=715
2025-10-31 18:56:03,523 | Only found 0/16 bases for N=5003, r=715
2025-10-31 18:56:03,541 | Only found 0/16 bases for N=5003, r=715
2025-10-31 18:56:03,559 | Only found 0/16 bases for N=5003, r=715
2025-10-31 18:56:03,578 | Only found 0/16 bases for N=5003, r=715
2025-10-31 18:56:03,596 | Only found 0/16 bases for N=5003, r=715
2025-10-31 18:56:03,614 | Only found 0/16 bases for N=5003, r=715
2025-10-31 18:56:03,633 | Only found 0/16 bases for N=5003, r=715
2025-10-31 18:56:03,651 | Only found 0/16 bases for N=5003, r=715
2025-10-31 18:56:03,669 | Only found 0/16 bases for N=5003, r=715
2025-10-31 18:56:03,687 | Only found 0/16 bases for N=5003, r=715
2025-10-31 18:56:03,706 | Only found 0/16 bases for N=5003, r=715
2025-10-31 18:56:03,724 | Only found 0/16 bases for N=5003, r=715
2025-10-31 18:56:03,742 | Only found 0/16 bases for N=5003, r=715
2025-10-31 18:56:03,761 | Only found 0/16 bases for N=5003, r=715
2025-10-31 18:56:03,779 | Only found 0/16 bases for N=5003, r=715
2025-10-31 18:56:03,797 | Only found 0/16 bases for N=5003, r=715
2025-10-31 18:56:03,816 | Only found 0/16 bases for N=5003, r=715
2025-10-31 18:56:03,834 | Only found 0/16 bases for N=5003, r=715
2025-10-31 18:56:03,852 | Only found 0/16 bases for N=5003, r=715
2025-10-31 18:56:03,870 | Only found 0/16 bases for N=5003, r=715
2025-10-31 18:56:03,889 | Only found 0/16 bases for N=5003, r=715
2025-10-31 18:56:03,907 | Only found 0/16 bases for N=5003, r=715
2025-10-31 18:56:03,925 | Only found 0/16 bases for N=5003, r=715
2025-10-31 18:56:03,944 | Only found 0/16 bases for N=5003, r=715
2025-10-31 18:56:03,962 | Only found 0/16 bases for N=5003, r=715
2025-10-31 18:56:03,980 | Only found 0/16 bases for N=5003, r=715
2025-10-31 18:56:03,998 | Only found 0/16 bases for N=5003, r=715
2025-10-31 18:56:04,017 | Only found 0/16 bases for N=5003, r=715
2025-10-31 18:56:04,035 | Only found 0/16 bases for N=5003, r=715
2025-10-31 18:56:04,053 | Only found 0/16 bases for N=5003, r=715
2025-10-31 18:56:04,072 | Only found 0/16 bases for N=5003, r=715
2025-10-31 18:56:04,072 |     [70/81] φ=0.0500: S=nan±nan | ETA: 3.0m
2025-10-31 18:56:04,090 | Only found 0/16 bases for N=5003, r=715
2025-10-31 18:56:04,108 | Only found 0/16 bases for N=5003, r=715
2025-10-31 18:56:04,127 | Only found 0/16 bases for N=5003, r=715
2025-10-31 18:56:04,145 | Only found 0/16 bases for N=5003, r=715
2025-10-31 18:56:04,163 | Only found 0/16 bases for N=5003, r=715
2025-10-31 18:56:04,182 | Only found 0/16 bases for N=5003, r=715
2025-10-31 18:56:04,200 | Only found 0/16 bases for N=5003, r=715
2025-10-31 18:56:04,218 | Only found 0/16 bases for N=5003, r=715
2025-10-31 18:56:04,236 | Only found 0/16 bases for N=5003, r=715
2025-10-31 18:56:04,255 | Only found 0/16 bases for N=5003, r=715
2025-10-31 18:56:04,273 | Only found 0/16 bases for N=5003, r=715
2025-10-31 18:56:04,291 | Only found 0/16 bases for N=5003, r=715
2025-10-31 18:56:04,310 | Only found 0/16 bases for N=5003, r=715
2025-10-31 18:56:04,328 | Only found 0/16 bases for N=5003, r=715
2025-10-31 18:56:04,346 | Only found 0/16 bases for N=5003, r=715
2025-10-31 18:56:04,365 | Only found 0/16 bases for N=5003, r=715
2025-10-31 18:56:04,383 | Only found 0/16 bases for N=5003, r=715
2025-10-31 18:56:04,401 | Only found 0/16 bases for N=5003, r=715
2025-10-31 18:56:04,419 | Only found 0/16 bases for N=5003, r=715
2025-10-31 18:56:04,438 | Only found 0/16 bases for N=5003, r=715
2025-10-31 18:56:04,456 | Only found 0/16 bases for N=5003, r=715
2025-10-31 18:56:04,474 | Only found 0/16 bases for N=5003, r=715
2025-10-31 18:56:04,493 | Only found 0/16 bases for N=5003, r=715
2025-10-31 18:56:04,511 | Only found 0/16 bases for N=5003, r=715
2025-10-31 18:56:04,529 | Only found 0/16 bases for N=5003, r=715
2025-10-31 18:56:04,547 | Only found 0/16 bases for N=5003, r=715
2025-10-31 18:56:04,566 | Only found 0/16 bases for N=5003, r=715
2025-10-31 18:56:04,584 | Only found 0/16 bases for N=5003, r=715
2025-10-31 18:56:04,602 | Only found 0/16 bases for N=5003, r=715
2025-10-31 18:56:04,621 | Only found 0/16 bases for N=5003, r=715
2025-10-31 18:56:04,639 | Only found 0/16 bases for N=5003, r=715
2025-10-31 18:56:04,657 | Only found 0/16 bases for N=5003, r=715
2025-10-31 18:56:04,675 | Only found 0/16 bases for N=5003, r=715
2025-10-31 18:56:04,694 | Only found 0/16 bases for N=5003, r=715
2025-10-31 18:56:04,712 | Only found 0/16 bases for N=5003, r=715
2025-10-31 18:56:04,730 | Only found 0/16 bases for N=5003, r=715
2025-10-31 18:56:04,748 | Only found 0/16 bases for N=5003, r=715
2025-10-31 18:56:04,766 | Only found 0/16 bases for N=5003, r=715
2025-10-31 18:56:04,785 | Only found 0/16 bases for N=5003, r=715
2025-10-31 18:56:04,803 | Only found 0/16 bases for N=5003, r=715
2025-10-31 18:56:04,821 | Only found 0/16 bases for N=5003, r=715
2025-10-31 18:56:04,839 | Only found 0/16 bases for N=5003, r=715
2025-10-31 18:56:04,858 | Only found 0/16 bases for N=5003, r=715
2025-10-31 18:56:04,876 | Only found 0/16 bases for N=5003, r=715
2025-10-31 18:56:04,894 | Only found 0/16 bases for N=5003, r=715
2025-10-31 18:56:04,912 | Only found 0/16 bases for N=5003, r=715
2025-10-31 18:56:04,930 | Only found 0/16 bases for N=5003, r=715
2025-10-31 18:56:04,949 | Only found 0/16 bases for N=5003, r=715
2025-10-31 18:56:04,967 | Only found 0/16 bases for N=5003, r=715
2025-10-31 18:56:04,985 | Only found 0/16 bases for N=5003, r=715
2025-10-31 18:56:05,004 | Only found 0/16 bases for N=5003, r=715
2025-10-31 18:56:05,022 | Only found 0/16 bases for N=5003, r=715
2025-10-31 18:56:05,040 | Only found 0/16 bases for N=5003, r=715
2025-10-31 18:56:05,059 | Only found 0/16 bases for N=5003, r=715
2025-10-31 18:56:05,077 | Only found 0/16 bases for N=5003, r=715
2025-10-31 18:56:05,095 | Only found 0/16 bases for N=5003, r=715
2025-10-31 18:56:05,113 | Only found 0/16 bases for N=5003, r=715
2025-10-31 18:56:05,131 | Only found 0/16 bases for N=5003, r=715
2025-10-31 18:56:05,150 | Only found 0/16 bases for N=5003, r=715
2025-10-31 18:56:05,168 | Only found 0/16 bases for N=5003, r=715
2025-10-31 18:56:05,186 | Only found 0/16 bases for N=5003, r=715
2025-10-31 18:56:05,204 | Only found 0/16 bases for N=5003, r=715
2025-10-31 18:56:05,223 | Only found 0/16 bases for N=5003, r=715
2025-10-31 18:56:05,241 | Only found 0/16 bases for N=5003, r=715
2025-10-31 18:56:05,259 | Only found 0/16 bases for N=5003, r=715
2025-10-31 18:56:05,277 | Only found 0/16 bases for N=5003, r=715
2025-10-31 18:56:05,296 | Only found 0/16 bases for N=5003, r=715
2025-10-31 18:56:05,314 | Only found 0/16 bases for N=5003, r=715
2025-10-31 18:56:05,332 | Only found 0/16 bases for N=5003, r=715
2025-10-31 18:56:05,350 | Only found 0/16 bases for N=5003, r=715
2025-10-31 18:56:05,369 | Only found 0/16 bases for N=5003, r=715
2025-10-31 18:56:05,387 | Only found 0/16 bases for N=5003, r=715
2025-10-31 18:56:05,405 | Only found 0/16 bases for N=5003, r=715
2025-10-31 18:56:05,423 | Only found 0/16 bases for N=5003, r=715
2025-10-31 18:56:05,442 | Only found 0/16 bases for N=5003, r=715
2025-10-31 18:56:05,460 | Only found 0/16 bases for N=5003, r=715
2025-10-31 18:56:05,478 | Only found 0/16 bases for N=5003, r=715
2025-10-31 18:56:05,496 | Only found 0/16 bases for N=5003, r=715
2025-10-31 18:56:05,515 | Only found 0/16 bases for N=5003, r=715
2025-10-31 18:56:05,533 | Only found 0/16 bases for N=5003, r=715
2025-10-31 18:56:05,551 | Only found 0/16 bases for N=5003, r=715
2025-10-31 18:56:05,569 | Only found 0/16 bases for N=5003, r=715
2025-10-31 18:56:05,588 | Only found 0/16 bases for N=5003, r=715
2025-10-31 18:56:05,606 | Only found 0/16 bases for N=5003, r=715
2025-10-31 18:56:05,624 | Only found 0/16 bases for N=5003, r=715
2025-10-31 18:56:05,642 | Only found 0/16 bases for N=5003, r=715
2025-10-31 18:56:05,661 | Only found 0/16 bases for N=5003, r=715
2025-10-31 18:56:05,679 | Only found 0/16 bases for N=5003, r=715
2025-10-31 18:56:05,697 | Only found 0/16 bases for N=5003, r=715
2025-10-31 18:56:05,715 | Only found 0/16 bases for N=5003, r=715
2025-10-31 18:56:05,734 | Only found 0/16 bases for N=5003, r=715
2025-10-31 18:56:05,752 | Only found 0/16 bases for N=5003, r=715
2025-10-31 18:56:05,770 | Only found 0/16 bases for N=5003, r=715
2025-10-31 18:56:05,788 | Only found 0/16 bases for N=5003, r=715
2025-10-31 18:56:05,806 | Only found 0/16 bases for N=5003, r=715
2025-10-31 18:56:05,825 | Only found 0/16 bases for N=5003, r=715
2025-10-31 18:56:05,843 | Only found 0/16 bases for N=5003, r=715
2025-10-31 18:56:05,861 | Only found 0/16 bases for N=5003, r=715
2025-10-31 18:56:05,880 | Only found 0/16 bases for N=5003, r=715
2025-10-31 18:56:05,898 | Only found 0/16 bases for N=5003, r=715
2025-10-31 18:56:05,898 |     [72/81] φ=0.2000: S=nan±nan | ETA: 2.4m
2025-10-31 18:56:05,898 |   L=65536...
2025-10-31 18:56:05,916 | Only found 0/16 bases for N=5003, r=715
2025-10-31 18:56:05,935 | Only found 0/16 bases for N=5003, r=715
2025-10-31 18:56:05,953 | Only found 0/16 bases for N=5003, r=715
2025-10-31 18:56:05,972 | Only found 0/16 bases for N=5003, r=715
2025-10-31 18:56:05,990 | Only found 0/16 bases for N=5003, r=715
2025-10-31 18:56:06,008 | Only found 0/16 bases for N=5003, r=715
2025-10-31 18:56:06,027 | Only found 0/16 bases for N=5003, r=715
2025-10-31 18:56:06,045 | Only found 0/16 bases for N=5003, r=715
2025-10-31 18:56:06,063 | Only found 0/16 bases for N=5003, r=715
2025-10-31 18:56:06,082 | Only found 0/16 bases for N=5003, r=715
2025-10-31 18:56:06,100 | Only found 0/16 bases for N=5003, r=715
2025-10-31 18:56:06,118 | Only found 0/16 bases for N=5003, r=715
2025-10-31 18:56:06,136 | Only found 0/16 bases for N=5003, r=715
2025-10-31 18:56:06,155 | Only found 0/16 bases for N=5003, r=715
2025-10-31 18:56:06,173 | Only found 0/16 bases for N=5003, r=715
2025-10-31 18:56:06,191 | Only found 0/16 bases for N=5003, r=715
2025-10-31 18:56:06,210 | Only found 0/16 bases for N=5003, r=715
2025-10-31 18:56:06,228 | Only found 0/16 bases for N=5003, r=715
2025-10-31 18:56:06,246 | Only found 0/16 bases for N=5003, r=715
2025-10-31 18:56:06,264 | Only found 0/16 bases for N=5003, r=715
2025-10-31 18:56:06,283 | Only found 0/16 bases for N=5003, r=715
2025-10-31 18:56:06,301 | Only found 0/16 bases for N=5003, r=715
2025-10-31 18:56:06,319 | Only found 0/16 bases for N=5003, r=715
2025-10-31 18:56:06,338 | Only found 0/16 bases for N=5003, r=715
2025-10-31 18:56:06,356 | Only found 0/16 bases for N=5003, r=715
2025-10-31 18:56:06,374 | Only found 0/16 bases for N=5003, r=715
2025-10-31 18:56:06,393 | Only found 0/16 bases for N=5003, r=715
2025-10-31 18:56:06,411 | Only found 0/16 bases for N=5003, r=715
2025-10-31 18:56:06,429 | Only found 0/16 bases for N=5003, r=715
2025-10-31 18:56:06,448 | Only found 0/16 bases for N=5003, r=715
2025-10-31 18:56:06,466 | Only found 0/16 bases for N=5003, r=715
2025-10-31 18:56:06,484 | Only found 0/16 bases for N=5003, r=715
2025-10-31 18:56:06,502 | Only found 0/16 bases for N=5003, r=715
2025-10-31 18:56:06,521 | Only found 0/16 bases for N=5003, r=715
2025-10-31 18:56:06,539 | Only found 0/16 bases for N=5003, r=715
2025-10-31 18:56:06,557 | Only found 0/16 bases for N=5003, r=715
2025-10-31 18:56:06,576 | Only found 0/16 bases for N=5003, r=715
2025-10-31 18:56:06,594 | Only found 0/16 bases for N=5003, r=715
2025-10-31 18:56:06,612 | Only found 0/16 bases for N=5003, r=715
2025-10-31 18:56:06,630 | Only found 0/16 bases for N=5003, r=715
2025-10-31 18:56:06,649 | Only found 0/16 bases for N=5003, r=715
2025-10-31 18:56:06,667 | Only found 0/16 bases for N=5003, r=715
2025-10-31 18:56:06,685 | Only found 0/16 bases for N=5003, r=715
2025-10-31 18:56:06,704 | Only found 0/16 bases for N=5003, r=715
2025-10-31 18:56:06,722 | Only found 0/16 bases for N=5003, r=715
2025-10-31 18:56:06,740 | Only found 0/16 bases for N=5003, r=715
2025-10-31 18:56:06,758 | Only found 0/16 bases for N=5003, r=715
2025-10-31 18:56:06,777 | Only found 0/16 bases for N=5003, r=715
2025-10-31 18:56:06,795 | Only found 0/16 bases for N=5003, r=715
2025-10-31 18:56:06,813 | Only found 0/16 bases for N=5003, r=715
2025-10-31 18:56:06,832 | Only found 0/16 bases for N=5003, r=715
2025-10-31 18:56:06,850 | Only found 0/16 bases for N=5003, r=715
2025-10-31 18:56:06,868 | Only found 0/16 bases for N=5003, r=715
2025-10-31 18:56:06,887 | Only found 0/16 bases for N=5003, r=715
2025-10-31 18:56:06,905 | Only found 0/16 bases for N=5003, r=715
2025-10-31 18:56:06,923 | Only found 0/16 bases for N=5003, r=715
2025-10-31 18:56:06,942 | Only found 0/16 bases for N=5003, r=715
2025-10-31 18:56:06,960 | Only found 0/16 bases for N=5003, r=715
2025-10-31 18:56:06,979 | Only found 0/16 bases for N=5003, r=715
2025-10-31 18:56:06,997 | Only found 0/16 bases for N=5003, r=715
2025-10-31 18:56:07,015 | Only found 0/16 bases for N=5003, r=715
2025-10-31 18:56:07,034 | Only found 0/16 bases for N=5003, r=715
2025-10-31 18:56:07,052 | Only found 0/16 bases for N=5003, r=715
2025-10-31 18:56:07,070 | Only found 0/16 bases for N=5003, r=715
2025-10-31 18:56:07,089 | Only found 0/16 bases for N=5003, r=715
2025-10-31 18:56:07,107 | Only found 0/16 bases for N=5003, r=715
2025-10-31 18:56:07,125 | Only found 0/16 bases for N=5003, r=715
2025-10-31 18:56:07,144 | Only found 0/16 bases for N=5003, r=715
2025-10-31 18:56:07,162 | Only found 0/16 bases for N=5003, r=715
2025-10-31 18:56:07,181 | Only found 0/16 bases for N=5003, r=715
2025-10-31 18:56:07,199 | Only found 0/16 bases for N=5003, r=715
2025-10-31 18:56:07,218 | Only found 0/16 bases for N=5003, r=715
2025-10-31 18:56:07,236 | Only found 0/16 bases for N=5003, r=715
2025-10-31 18:56:07,254 | Only found 0/16 bases for N=5003, r=715
2025-10-31 18:56:07,273 | Only found 0/16 bases for N=5003, r=715
2025-10-31 18:56:07,291 | Only found 0/16 bases for N=5003, r=715
2025-10-31 18:56:07,309 | Only found 0/16 bases for N=5003, r=715
2025-10-31 18:56:07,328 | Only found 0/16 bases for N=5003, r=715
2025-10-31 18:56:07,346 | Only found 0/16 bases for N=5003, r=715
2025-10-31 18:56:07,364 | Only found 0/16 bases for N=5003, r=715
2025-10-31 18:56:07,383 | Only found 0/16 bases for N=5003, r=715
2025-10-31 18:56:07,401 | Only found 0/16 bases for N=5003, r=715
2025-10-31 18:56:07,420 | Only found 0/16 bases for N=5003, r=715
2025-10-31 18:56:07,438 | Only found 0/16 bases for N=5003, r=715
2025-10-31 18:56:07,456 | Only found 0/16 bases for N=5003, r=715
2025-10-31 18:56:07,475 | Only found 0/16 bases for N=5003, r=715
2025-10-31 18:56:07,493 | Only found 0/16 bases for N=5003, r=715
2025-10-31 18:56:07,512 | Only found 0/16 bases for N=5003, r=715
2025-10-31 18:56:07,530 | Only found 0/16 bases for N=5003, r=715
2025-10-31 18:56:07,548 | Only found 0/16 bases for N=5003, r=715
2025-10-31 18:56:07,567 | Only found 0/16 bases for N=5003, r=715
2025-10-31 18:56:07,585 | Only found 0/16 bases for N=5003, r=715
2025-10-31 18:56:07,604 | Only found 0/16 bases for N=5003, r=715
2025-10-31 18:56:07,622 | Only found 0/16 bases for N=5003, r=715
2025-10-31 18:56:07,640 | Only found 0/16 bases for N=5003, r=715
2025-10-31 18:56:07,659 | Only found 0/16 bases for N=5003, r=715
2025-10-31 18:56:07,677 | Only found 0/16 bases for N=5003, r=715
2025-10-31 18:56:07,696 | Only found 0/16 bases for N=5003, r=715
2025-10-31 18:56:07,714 | Only found 0/16 bases for N=5003, r=715
2025-10-31 18:56:07,732 | Only found 0/16 bases for N=5003, r=715
2025-10-31 18:56:07,751 | Only found 0/16 bases for N=5003, r=715
2025-10-31 18:56:07,769 | Only found 0/16 bases for N=5003, r=715
2025-10-31 18:56:07,787 | Only found 0/16 bases for N=5003, r=715
2025-10-31 18:56:07,806 | Only found 0/16 bases for N=5003, r=715
2025-10-31 18:56:07,824 | Only found 0/16 bases for N=5003, r=715
2025-10-31 18:56:07,842 | Only found 0/16 bases for N=5003, r=715
2025-10-31 18:56:07,861 | Only found 0/16 bases for N=5003, r=715
2025-10-31 18:56:07,879 | Only found 0/16 bases for N=5003, r=715
2025-10-31 18:56:07,897 | Only found 0/16 bases for N=5003, r=715
2025-10-31 18:56:07,916 | Only found 0/16 bases for N=5003, r=715
2025-10-31 18:56:07,934 | Only found 0/16 bases for N=5003, r=715
2025-10-31 18:56:07,952 | Only found 0/16 bases for N=5003, r=715
2025-10-31 18:56:07,971 | Only found 0/16 bases for N=5003, r=715
2025-10-31 18:56:07,989 | Only found 0/16 bases for N=5003, r=715
2025-10-31 18:56:08,007 | Only found 0/16 bases for N=5003, r=715
2025-10-31 18:56:08,026 | Only found 0/16 bases for N=5003, r=715
2025-10-31 18:56:08,044 | Only found 0/16 bases for N=5003, r=715
2025-10-31 18:56:08,062 | Only found 0/16 bases for N=5003, r=715
2025-10-31 18:56:08,081 | Only found 0/16 bases for N=5003, r=715
2025-10-31 18:56:08,099 | Only found 0/16 bases for N=5003, r=715
2025-10-31 18:56:08,117 | Only found 0/16 bases for N=5003, r=715
2025-10-31 18:56:08,136 | Only found 0/16 bases for N=5003, r=715
2025-10-31 18:56:08,154 | Only found 0/16 bases for N=5003, r=715
2025-10-31 18:56:08,173 | Only found 0/16 bases for N=5003, r=715
2025-10-31 18:56:08,191 | Only found 0/16 bases for N=5003, r=715
2025-10-31 18:56:08,209 | Only found 0/16 bases for N=5003, r=715
2025-10-31 18:56:08,227 | Only found 0/16 bases for N=5003, r=715
2025-10-31 18:56:08,246 | Only found 0/16 bases for N=5003, r=715
2025-10-31 18:56:08,264 | Only found 0/16 bases for N=5003, r=715
2025-10-31 18:56:08,282 | Only found 0/16 bases for N=5003, r=715
2025-10-31 18:56:08,301 | Only found 0/16 bases for N=5003, r=715
2025-10-31 18:56:08,319 | Only found 0/16 bases for N=5003, r=715
2025-10-31 18:56:08,337 | Only found 0/16 bases for N=5003, r=715
2025-10-31 18:56:08,356 | Only found 0/16 bases for N=5003, r=715
2025-10-31 18:56:08,374 | Only found 0/16 bases for N=5003, r=715
2025-10-31 18:56:08,393 | Only found 0/16 bases for N=5003, r=715
2025-10-31 18:56:08,411 | Only found 0/16 bases for N=5003, r=715
2025-10-31 18:56:08,429 | Only found 0/16 bases for N=5003, r=715
2025-10-31 18:56:08,448 | Only found 0/16 bases for N=5003, r=715
2025-10-31 18:56:08,466 | Only found 0/16 bases for N=5003, r=715
2025-10-31 18:56:08,484 | Only found 0/16 bases for N=5003, r=715
2025-10-31 18:56:08,503 | Only found 0/16 bases for N=5003, r=715
2025-10-31 18:56:08,521 | Only found 0/16 bases for N=5003, r=715
2025-10-31 18:56:08,539 | Only found 0/16 bases for N=5003, r=715
2025-10-31 18:56:08,558 | Only found 0/16 bases for N=5003, r=715
2025-10-31 18:56:08,576 | Only found 0/16 bases for N=5003, r=715
2025-10-31 18:56:08,594 | Only found 0/16 bases for N=5003, r=715
2025-10-31 18:56:08,613 | Only found 0/16 bases for N=5003, r=715
2025-10-31 18:56:08,631 | Only found 0/16 bases for N=5003, r=715
2025-10-31 18:56:08,649 | Only found 0/16 bases for N=5003, r=715
2025-10-31 18:56:08,649 |     [75/81] φ=0.0020: S=nan±nan | ETA: 1.6m
2025-10-31 18:56:08,668 | Only found 0/16 bases for N=5003, r=715
2025-10-31 18:56:08,686 | Only found 0/16 bases for N=5003, r=715
2025-10-31 18:56:08,705 | Only found 0/16 bases for N=5003, r=715
2025-10-31 18:56:08,723 | Only found 0/16 bases for N=5003, r=715
2025-10-31 18:56:08,741 | Only found 0/16 bases for N=5003, r=715
2025-10-31 18:56:08,760 | Only found 0/16 bases for N=5003, r=715
2025-10-31 18:56:08,778 | Only found 0/16 bases for N=5003, r=715
2025-10-31 18:56:08,796 | Only found 0/16 bases for N=5003, r=715
2025-10-31 18:56:08,815 | Only found 0/16 bases for N=5003, r=715
2025-10-31 18:56:08,833 | Only found 0/16 bases for N=5003, r=715
2025-10-31 18:56:08,851 | Only found 0/16 bases for N=5003, r=715
2025-10-31 18:56:08,870 | Only found 0/16 bases for N=5003, r=715
2025-10-31 18:56:08,888 | Only found 0/16 bases for N=5003, r=715
2025-10-31 18:56:08,906 | Only found 0/16 bases for N=5003, r=715
2025-10-31 18:56:08,925 | Only found 0/16 bases for N=5003, r=715
2025-10-31 18:56:08,943 | Only found 0/16 bases for N=5003, r=715
2025-10-31 18:56:08,961 | Only found 0/16 bases for N=5003, r=715
2025-10-31 18:56:08,980 | Only found 0/16 bases for N=5003, r=715
2025-10-31 18:56:08,998 | Only found 0/16 bases for N=5003, r=715
2025-10-31 18:56:09,016 | Only found 0/16 bases for N=5003, r=715
2025-10-31 18:56:09,035 | Only found 0/16 bases for N=5003, r=715
2025-10-31 18:56:09,053 | Only found 0/16 bases for N=5003, r=715
2025-10-31 18:56:09,071 | Only found 0/16 bases for N=5003, r=715
2025-10-31 18:56:09,090 | Only found 0/16 bases for N=5003, r=715
2025-10-31 18:56:09,108 | Only found 0/16 bases for N=5003, r=715
2025-10-31 18:56:09,126 | Only found 0/16 bases for N=5003, r=715
2025-10-31 18:56:09,145 | Only found 0/16 bases for N=5003, r=715
2025-10-31 18:56:09,163 | Only found 0/16 bases for N=5003, r=715
2025-10-31 18:56:09,181 | Only found 0/16 bases for N=5003, r=715
2025-10-31 18:56:09,200 | Only found 0/16 bases for N=5003, r=715
2025-10-31 18:56:09,218 | Only found 0/16 bases for N=5003, r=715
2025-10-31 18:56:09,236 | Only found 0/16 bases for N=5003, r=715
2025-10-31 18:56:09,255 | Only found 0/16 bases for N=5003, r=715
2025-10-31 18:56:09,273 | Only found 0/16 bases for N=5003, r=715
2025-10-31 18:56:09,291 | Only found 0/16 bases for N=5003, r=715
2025-10-31 18:56:09,310 | Only found 0/16 bases for N=5003, r=715
2025-10-31 18:56:09,328 | Only found 0/16 bases for N=5003, r=715
2025-10-31 18:56:09,346 | Only found 0/16 bases for N=5003, r=715
2025-10-31 18:56:09,365 | Only found 0/16 bases for N=5003, r=715
2025-10-31 18:56:09,383 | Only found 0/16 bases for N=5003, r=715
2025-10-31 18:56:09,401 | Only found 0/16 bases for N=5003, r=715
2025-10-31 18:56:09,420 | Only found 0/16 bases for N=5003, r=715
2025-10-31 18:56:09,438 | Only found 0/16 bases for N=5003, r=715
2025-10-31 18:56:09,456 | Only found 0/16 bases for N=5003, r=715
2025-10-31 18:56:09,475 | Only found 0/16 bases for N=5003, r=715
2025-10-31 18:56:09,493 | Only found 0/16 bases for N=5003, r=715
2025-10-31 18:56:09,511 | Only found 0/16 bases for N=5003, r=715
2025-10-31 18:56:09,530 | Only found 0/16 bases for N=5003, r=715
2025-10-31 18:56:09,548 | Only found 0/16 bases for N=5003, r=715
2025-10-31 18:56:09,566 | Only found 0/16 bases for N=5003, r=715
2025-10-31 18:56:09,585 | Only found 0/16 bases for N=5003, r=715
2025-10-31 18:56:09,603 | Only found 0/16 bases for N=5003, r=715
2025-10-31 18:56:09,622 | Only found 0/16 bases for N=5003, r=715
2025-10-31 18:56:09,640 | Only found 0/16 bases for N=5003, r=715
2025-10-31 18:56:09,658 | Only found 0/16 bases for N=5003, r=715
2025-10-31 18:56:09,677 | Only found 0/16 bases for N=5003, r=715
2025-10-31 18:56:09,695 | Only found 0/16 bases for N=5003, r=715
2025-10-31 18:56:09,713 | Only found 0/16 bases for N=5003, r=715
2025-10-31 18:56:09,732 | Only found 0/16 bases for N=5003, r=715
2025-10-31 18:56:09,750 | Only found 0/16 bases for N=5003, r=715
2025-10-31 18:56:09,768 | Only found 0/16 bases for N=5003, r=715
2025-10-31 18:56:09,787 | Only found 0/16 bases for N=5003, r=715
2025-10-31 18:56:09,805 | Only found 0/16 bases for N=5003, r=715
2025-10-31 18:56:09,823 | Only found 0/16 bases for N=5003, r=715
2025-10-31 18:56:09,842 | Only found 0/16 bases for N=5003, r=715
2025-10-31 18:56:09,860 | Only found 0/16 bases for N=5003, r=715
2025-10-31 18:56:09,878 | Only found 0/16 bases for N=5003, r=715
2025-10-31 18:56:09,897 | Only found 0/16 bases for N=5003, r=715
2025-10-31 18:56:09,915 | Only found 0/16 bases for N=5003, r=715
2025-10-31 18:56:09,933 | Only found 0/16 bases for N=5003, r=715
2025-10-31 18:56:09,952 | Only found 0/16 bases for N=5003, r=715
2025-10-31 18:56:09,970 | Only found 0/16 bases for N=5003, r=715
2025-10-31 18:56:09,988 | Only found 0/16 bases for N=5003, r=715
2025-10-31 18:56:10,007 | Only found 0/16 bases for N=5003, r=715
2025-10-31 18:56:10,025 | Only found 0/16 bases for N=5003, r=715
2025-10-31 18:56:10,043 | Only found 0/16 bases for N=5003, r=715
2025-10-31 18:56:10,062 | Only found 0/16 bases for N=5003, r=715
2025-10-31 18:56:10,080 | Only found 0/16 bases for N=5003, r=715
2025-10-31 18:56:10,098 | Only found 0/16 bases for N=5003, r=715
2025-10-31 18:56:10,117 | Only found 0/16 bases for N=5003, r=715
2025-10-31 18:56:10,135 | Only found 0/16 bases for N=5003, r=715
2025-10-31 18:56:10,153 | Only found 0/16 bases for N=5003, r=715
2025-10-31 18:56:10,172 | Only found 0/16 bases for N=5003, r=715
2025-10-31 18:56:10,190 | Only found 0/16 bases for N=5003, r=715
2025-10-31 18:56:10,208 | Only found 0/16 bases for N=5003, r=715
2025-10-31 18:56:10,227 | Only found 0/16 bases for N=5003, r=715
2025-10-31 18:56:10,245 | Only found 0/16 bases for N=5003, r=715
2025-10-31 18:56:10,263 | Only found 0/16 bases for N=5003, r=715
2025-10-31 18:56:10,282 | Only found 0/16 bases for N=5003, r=715
2025-10-31 18:56:10,300 | Only found 0/16 bases for N=5003, r=715
2025-10-31 18:56:10,318 | Only found 0/16 bases for N=5003, r=715
2025-10-31 18:56:10,337 | Only found 0/16 bases for N=5003, r=715
2025-10-31 18:56:10,355 | Only found 0/16 bases for N=5003, r=715
2025-10-31 18:56:10,373 | Only found 0/16 bases for N=5003, r=715
2025-10-31 18:56:10,392 | Only found 0/16 bases for N=5003, r=715
2025-10-31 18:56:10,410 | Only found 0/16 bases for N=5003, r=715
2025-10-31 18:56:10,428 | Only found 0/16 bases for N=5003, r=715
2025-10-31 18:56:10,447 | Only found 0/16 bases for N=5003, r=715
2025-10-31 18:56:10,465 | Only found 0/16 bases for N=5003, r=715
2025-10-31 18:56:10,483 | Only found 0/16 bases for N=5003, r=715
2025-10-31 18:56:10,502 | Only found 0/16 bases for N=5003, r=715
2025-10-31 18:56:10,520 | Only found 0/16 bases for N=5003, r=715
2025-10-31 18:56:10,538 | Only found 0/16 bases for N=5003, r=715
2025-10-31 18:56:10,557 | Only found 0/16 bases for N=5003, r=715
2025-10-31 18:56:10,575 | Only found 0/16 bases for N=5003, r=715
2025-10-31 18:56:10,593 | Only found 0/16 bases for N=5003, r=715
2025-10-31 18:56:10,612 | Only found 0/16 bases for N=5003, r=715
2025-10-31 18:56:10,630 | Only found 0/16 bases for N=5003, r=715
2025-10-31 18:56:10,648 | Only found 0/16 bases for N=5003, r=715
2025-10-31 18:56:10,667 | Only found 0/16 bases for N=5003, r=715
2025-10-31 18:56:10,685 | Only found 0/16 bases for N=5003, r=715
2025-10-31 18:56:10,703 | Only found 0/16 bases for N=5003, r=715
2025-10-31 18:56:10,722 | Only found 0/16 bases for N=5003, r=715
2025-10-31 18:56:10,740 | Only found 0/16 bases for N=5003, r=715
2025-10-31 18:56:10,758 | Only found 0/16 bases for N=5003, r=715
2025-10-31 18:56:10,777 | Only found 0/16 bases for N=5003, r=715
2025-10-31 18:56:10,795 | Only found 0/16 bases for N=5003, r=715
2025-10-31 18:56:10,813 | Only found 0/16 bases for N=5003, r=715
2025-10-31 18:56:10,832 | Only found 0/16 bases for N=5003, r=715
2025-10-31 18:56:10,850 | Only found 0/16 bases for N=5003, r=715
2025-10-31 18:56:10,868 | Only found 0/16 bases for N=5003, r=715
2025-10-31 18:56:10,887 | Only found 0/16 bases for N=5003, r=715
2025-10-31 18:56:10,905 | Only found 0/16 bases for N=5003, r=715
2025-10-31 18:56:10,923 | Only found 0/16 bases for N=5003, r=715
2025-10-31 18:56:10,942 | Only found 0/16 bases for N=5003, r=715
2025-10-31 18:56:10,960 | Only found 0/16 bases for N=5003, r=715
2025-10-31 18:56:10,978 | Only found 0/16 bases for N=5003, r=715
2025-10-31 18:56:10,997 | Only found 0/16 bases for N=5003, r=715
2025-10-31 18:56:11,015 | Only found 0/16 bases for N=5003, r=715
2025-10-31 18:56:11,033 | Only found 0/16 bases for N=5003, r=715
2025-10-31 18:56:11,052 | Only found 0/16 bases for N=5003, r=715
2025-10-31 18:56:11,070 | Only found 0/16 bases for N=5003, r=715
2025-10-31 18:56:11,088 | Only found 0/16 bases for N=5003, r=715
2025-10-31 18:56:11,107 | Only found 0/16 bases for N=5003, r=715
2025-10-31 18:56:11,125 | Only found 0/16 bases for N=5003, r=715
2025-10-31 18:56:11,143 | Only found 0/16 bases for N=5003, r=715
2025-10-31 18:56:11,162 | Only found 0/16 bases for N=5003, r=715
2025-10-31 18:56:11,180 | Only found 0/16 bases for N=5003, r=715
2025-10-31 18:56:11,198 | Only found 0/16 bases for N=5003, r=715
2025-10-31 18:56:11,217 | Only found 0/16 bases for N=5003, r=715
2025-10-31 18:56:11,235 | Only found 0/16 bases for N=5003, r=715
2025-10-31 18:56:11,253 | Only found 0/16 bases for N=5003, r=715
2025-10-31 18:56:11,272 | Only found 0/16 bases for N=5003, r=715
2025-10-31 18:56:11,290 | Only found 0/16 bases for N=5003, r=715
2025-10-31 18:56:11,308 | Only found 0/16 bases for N=5003, r=715
2025-10-31 18:56:11,327 | Only found 0/16 bases for N=5003, r=715
2025-10-31 18:56:11,345 | Only found 0/16 bases for N=5003, r=715
2025-10-31 18:56:11,364 | Only found 0/16 bases for N=5003, r=715
2025-10-31 18:56:11,382 | Only found 0/16 bases for N=5003, r=715
2025-10-31 18:56:11,400 | Only found 0/16 bases for N=5003, r=715
2025-10-31 18:56:11,419 | Only found 0/16 bases for N=5003, r=715
2025-10-31 18:56:11,437 | Only found 0/16 bases for N=5003, r=715
2025-10-31 18:56:11,455 | Only found 0/16 bases for N=5003, r=715
2025-10-31 18:56:11,474 | Only found 0/16 bases for N=5003, r=715
2025-10-31 18:56:11,492 | Only found 0/16 bases for N=5003, r=715
2025-10-31 18:56:11,511 | Only found 0/16 bases for N=5003, r=715
2025-10-31 18:56:11,529 | Only found 0/16 bases for N=5003, r=715
2025-10-31 18:56:11,547 | Only found 0/16 bases for N=5003, r=715
2025-10-31 18:56:11,566 | Only found 0/16 bases for N=5003, r=715
2025-10-31 18:56:11,584 | Only found 0/16 bases for N=5003, r=715
2025-10-31 18:56:11,602 | Only found 0/16 bases for N=5003, r=715
2025-10-31 18:56:11,621 | Only found 0/16 bases for N=5003, r=715
2025-10-31 18:56:11,639 | Only found 0/16 bases for N=5003, r=715
2025-10-31 18:56:11,657 | Only found 0/16 bases for N=5003, r=715
2025-10-31 18:56:11,676 | Only found 0/16 bases for N=5003, r=715
2025-10-31 18:56:11,695 | Only found 0/16 bases for N=5003, r=715
2025-10-31 18:56:11,714 | Only found 0/16 bases for N=5003, r=715
2025-10-31 18:56:11,733 | Only found 0/16 bases for N=5003, r=715
2025-10-31 18:56:11,751 | Only found 0/16 bases for N=5003, r=715
2025-10-31 18:56:11,770 | Only found 0/16 bases for N=5003, r=715
2025-10-31 18:56:11,788 | Only found 0/16 bases for N=5003, r=715
2025-10-31 18:56:11,807 | Only found 0/16 bases for N=5003, r=715
2025-10-31 18:56:11,826 | Only found 0/16 bases for N=5003, r=715
2025-10-31 18:56:11,844 | Only found 0/16 bases for N=5003, r=715
2025-10-31 18:56:11,863 | Only found 0/16 bases for N=5003, r=715
2025-10-31 18:56:11,881 | Only found 0/16 bases for N=5003, r=715
2025-10-31 18:56:11,899 | Only found 0/16 bases for N=5003, r=715
2025-10-31 18:56:11,918 | Only found 0/16 bases for N=5003, r=715
2025-10-31 18:56:11,936 | Only found 0/16 bases for N=5003, r=715
2025-10-31 18:56:11,954 | Only found 0/16 bases for N=5003, r=715
2025-10-31 18:56:11,973 | Only found 0/16 bases for N=5003, r=715
2025-10-31 18:56:11,991 | Only found 0/16 bases for N=5003, r=715
2025-10-31 18:56:12,009 | Only found 0/16 bases for N=5003, r=715
2025-10-31 18:56:12,028 | Only found 0/16 bases for N=5003, r=715
2025-10-31 18:56:12,046 | Only found 0/16 bases for N=5003, r=715
2025-10-31 18:56:12,064 | Only found 0/16 bases for N=5003, r=715
2025-10-31 18:56:12,083 | Only found 0/16 bases for N=5003, r=715
2025-10-31 18:56:12,101 | Only found 0/16 bases for N=5003, r=715
2025-10-31 18:56:12,119 | Only found 0/16 bases for N=5003, r=715
2025-10-31 18:56:12,138 | Only found 0/16 bases for N=5003, r=715
2025-10-31 18:56:12,156 | Only found 0/16 bases for N=5003, r=715
2025-10-31 18:56:12,174 | Only found 0/16 bases for N=5003, r=715
2025-10-31 18:56:12,193 | Only found 0/16 bases for N=5003, r=715
2025-10-31 18:56:12,211 | Only found 0/16 bases for N=5003, r=715
2025-10-31 18:56:12,229 | Only found 0/16 bases for N=5003, r=715
2025-10-31 18:56:12,247 | Only found 0/16 bases for N=5003, r=715
2025-10-31 18:56:12,266 | Only found 0/16 bases for N=5003, r=715
2025-10-31 18:56:12,284 | Only found 0/16 bases for N=5003, r=715
2025-10-31 18:56:12,302 | Only found 0/16 bases for N=5003, r=715
2025-10-31 18:56:12,321 | Only found 0/16 bases for N=5003, r=715
2025-10-31 18:56:12,339 | Only found 0/16 bases for N=5003, r=715
2025-10-31 18:56:12,357 | Only found 0/16 bases for N=5003, r=715
2025-10-31 18:56:12,376 | Only found 0/16 bases for N=5003, r=715
2025-10-31 18:56:12,394 | Only found 0/16 bases for N=5003, r=715
2025-10-31 18:56:12,412 | Only found 0/16 bases for N=5003, r=715
2025-10-31 18:56:12,431 | Only found 0/16 bases for N=5003, r=715
2025-10-31 18:56:12,449 | Only found 0/16 bases for N=5003, r=715
2025-10-31 18:56:12,467 | Only found 0/16 bases for N=5003, r=715
2025-10-31 18:56:12,486 | Only found 0/16 bases for N=5003, r=715
2025-10-31 18:56:12,504 | Only found 0/16 bases for N=5003, r=715
2025-10-31 18:56:12,522 | Only found 0/16 bases for N=5003, r=715
2025-10-31 18:56:12,541 | Only found 0/16 bases for N=5003, r=715
2025-10-31 18:56:12,559 | Only found 0/16 bases for N=5003, r=715
2025-10-31 18:56:12,577 | Only found 0/16 bases for N=5003, r=715
2025-10-31 18:56:12,595 | Only found 0/16 bases for N=5003, r=715
2025-10-31 18:56:12,614 | Only found 0/16 bases for N=5003, r=715
2025-10-31 18:56:12,632 | Only found 0/16 bases for N=5003, r=715
2025-10-31 18:56:12,650 | Only found 0/16 bases for N=5003, r=715
2025-10-31 18:56:12,669 | Only found 0/16 bases for N=5003, r=715
2025-10-31 18:56:12,687 | Only found 0/16 bases for N=5003, r=715
2025-10-31 18:56:12,705 | Only found 0/16 bases for N=5003, r=715
2025-10-31 18:56:12,724 | Only found 0/16 bases for N=5003, r=715
2025-10-31 18:56:12,742 | Only found 0/16 bases for N=5003, r=715
2025-10-31 18:56:12,760 | Only found 0/16 bases for N=5003, r=715
2025-10-31 18:56:12,779 | Only found 0/16 bases for N=5003, r=715
2025-10-31 18:56:12,797 | Only found 0/16 bases for N=5003, r=715
2025-10-31 18:56:12,816 | Only found 0/16 bases for N=5003, r=715
2025-10-31 18:56:12,834 | Only found 0/16 bases for N=5003, r=715
2025-10-31 18:56:12,852 | Only found 0/16 bases for N=5003, r=715
2025-10-31 18:56:12,871 | Only found 0/16 bases for N=5003, r=715
2025-10-31 18:56:12,889 | Only found 0/16 bases for N=5003, r=715
2025-10-31 18:56:12,907 | Only found 0/16 bases for N=5003, r=715
2025-10-31 18:56:12,925 | Only found 0/16 bases for N=5003, r=715
2025-10-31 18:56:12,944 | Only found 0/16 bases for N=5003, r=715
2025-10-31 18:56:12,962 | Only found 0/16 bases for N=5003, r=715
2025-10-31 18:56:12,980 | Only found 0/16 bases for N=5003, r=715
2025-10-31 18:56:12,999 | Only found 0/16 bases for N=5003, r=715
2025-10-31 18:56:13,017 | Only found 0/16 bases for N=5003, r=715
2025-10-31 18:56:13,035 | Only found 0/16 bases for N=5003, r=715
2025-10-31 18:56:13,054 | Only found 0/16 bases for N=5003, r=715
2025-10-31 18:56:13,072 | Only found 0/16 bases for N=5003, r=715
2025-10-31 18:56:13,090 | Only found 0/16 bases for N=5003, r=715
2025-10-31 18:56:13,109 | Only found 0/16 bases for N=5003, r=715
2025-10-31 18:56:13,127 | Only found 0/16 bases for N=5003, r=715
2025-10-31 18:56:13,145 | Only found 0/16 bases for N=5003, r=715
2025-10-31 18:56:13,164 | Only found 0/16 bases for N=5003, r=715
2025-10-31 18:56:13,182 | Only found 0/16 bases for N=5003, r=715
2025-10-31 18:56:13,200 | Only found 0/16 bases for N=5003, r=715
2025-10-31 18:56:13,219 | Only found 0/16 bases for N=5003, r=715
2025-10-31 18:56:13,237 | Only found 0/16 bases for N=5003, r=715
2025-10-31 18:56:13,237 |     [80/81] φ=0.1000: S=nan±nan | ETA: 0.2m
2025-10-31 18:56:13,256 | Only found 0/16 bases for N=5003, r=715
2025-10-31 18:56:13,274 | Only found 0/16 bases for N=5003, r=715
2025-10-31 18:56:13,292 | Only found 0/16 bases for N=5003, r=715
2025-10-31 18:56:13,310 | Only found 0/16 bases for N=5003, r=715
2025-10-31 18:56:13,329 | Only found 0/16 bases for N=5003, r=715
2025-10-31 18:56:13,347 | Only found 0/16 bases for N=5003, r=715
2025-10-31 18:56:13,365 | Only found 0/16 bases for N=5003, r=715
2025-10-31 18:56:13,384 | Only found 0/16 bases for N=5003, r=715
2025-10-31 18:56:13,402 | Only found 0/16 bases for N=5003, r=715
2025-10-31 18:56:13,420 | Only found 0/16 bases for N=5003, r=715
2025-10-31 18:56:13,439 | Only found 0/16 bases for N=5003, r=715
2025-10-31 18:56:13,457 | Only found 0/16 bases for N=5003, r=715
2025-10-31 18:56:13,475 | Only found 0/16 bases for N=5003, r=715
2025-10-31 18:56:13,494 | Only found 0/16 bases for N=5003, r=715
2025-10-31 18:56:13,512 | Only found 0/16 bases for N=5003, r=715
2025-10-31 18:56:13,530 | Only found 0/16 bases for N=5003, r=715
2025-10-31 18:56:13,548 | Only found 0/16 bases for N=5003, r=715
2025-10-31 18:56:13,567 | Only found 0/16 bases for N=5003, r=715
2025-10-31 18:56:13,585 | Only found 0/16 bases for N=5003, r=715
2025-10-31 18:56:13,603 | Only found 0/16 bases for N=5003, r=715
2025-10-31 18:56:13,622 | Only found 0/16 bases for N=5003, r=715
2025-10-31 18:56:13,640 | Only found 0/16 bases for N=5003, r=715
2025-10-31 18:56:13,658 | Only found 0/16 bases for N=5003, r=715
2025-10-31 18:56:13,677 | Only found 0/16 bases for N=5003, r=715
2025-10-31 18:56:13,695 | Only found 0/16 bases for N=5003, r=715
2025-10-31 18:56:13,713 | Only found 0/16 bases for N=5003, r=715
2025-10-31 18:56:13,732 | Only found 0/16 bases for N=5003, r=715
2025-10-31 18:56:13,750 | Only found 0/16 bases for N=5003, r=715
2025-10-31 18:56:13,768 | Only found 0/16 bases for N=5003, r=715
2025-10-31 18:56:13,787 | Only found 0/16 bases for N=5003, r=715
2025-10-31 18:56:13,805 | Only found 0/16 bases for N=5003, r=715
2025-10-31 18:56:13,824 | Only found 0/16 bases for N=5003, r=715
2025-10-31 18:56:13,842 | Only found 0/16 bases for N=5003, r=715
2025-10-31 18:56:13,860 | Only found 0/16 bases for N=5003, r=715
2025-10-31 18:56:13,878 | Only found 0/16 bases for N=5003, r=715
2025-10-31 18:56:13,897 | Only found 0/16 bases for N=5003, r=715
2025-10-31 18:56:13,915 | Only found 0/16 bases for N=5003, r=715
2025-10-31 18:56:13,934 | Only found 0/16 bases for N=5003, r=715
2025-10-31 18:56:13,952 | Only found 0/16 bases for N=5003, r=715
2025-10-31 18:56:13,970 | Only found 0/16 bases for N=5003, r=715
2025-10-31 18:56:13,989 | Only found 0/16 bases for N=5003, r=715
2025-10-31 18:56:14,007 | Only found 0/16 bases for N=5003, r=715
2025-10-31 18:56:14,026 | Only found 0/16 bases for N=5003, r=715
2025-10-31 18:56:14,044 | Only found 0/16 bases for N=5003, r=715
2025-10-31 18:56:14,062 | Only found 0/16 bases for N=5003, r=715
2025-10-31 18:56:14,081 | Only found 0/16 bases for N=5003, r=715
2025-10-31 18:56:14,099 | Only found 0/16 bases for N=5003, r=715
2025-10-31 18:56:14,117 | Only found 0/16 bases for N=5003, r=715
2025-10-31 18:56:14,136 | Only found 0/16 bases for N=5003, r=715
2025-10-31 18:56:14,154 | Only found 0/16 bases for N=5003, r=715
2025-10-31 18:56:14,154 |     [81/81] φ=0.2000: S=nan±nan | ETA: 0.0m
2025-10-31 18:56:14,154 | 
Scan complete: 1170.2s (19.5m)
2025-10-31 18:56:14,156 | 
Data saved: ../../Data/Experiments/Tier6/T6B3/T6B3_results.json
2025-10-31 18:56:14,156 | 
2025-10-31 18:56:14,156 | ======================================================================
2025-10-31 18:56:14,156 | LINEARITY ANALYSIS: S(φ) = c·φ + b
2025-10-31 18:56:14,156 | ======================================================================
2025-10-31 18:56:14,157 | N=997, L=4096: S(φ) = -0.2952·φ + 0.078966
2025-10-31 18:56:14,157 |   R² = 0.999654, p = 2.24e-13
2025-10-31 18:56:14,157 |   Sensitivity c = -0.2952 (should be > 0 and consistent)
2025-10-31 18:56:14,157 | N=997, L=16384: S(φ) = -0.3256·φ + 0.101056
2025-10-31 18:56:14,157 |   R² = 0.999463, p = 1.05e-12
2025-10-31 18:56:14,157 |   Sensitivity c = -0.3256 (should be > 0 and consistent)
2025-10-31 18:56:14,157 | N=997, L=65536: S(φ) = -0.3542·φ + 0.114275
2025-10-31 18:56:14,157 |   R² = 0.999400, p = 1.54e-12
2025-10-31 18:56:14,157 |   Sensitivity c = -0.3542 (should be > 0 and consistent)
2025-10-31 18:56:14,157 | N=2003, L=4096: S(φ) = -0.0839·φ + 0.227412
2025-10-31 18:56:14,157 |   R² = 0.927115, p = 3.13e-05
2025-10-31 18:56:14,157 |   Sensitivity c = -0.0839 (should be > 0 and consistent)
2025-10-31 18:56:14,157 | N=2003, L=16384: S(φ) = -0.0735·φ + 0.234520
2025-10-31 18:56:14,157 |   R² = 0.900862, p = 9.30e-05
2025-10-31 18:56:14,157 |   Sensitivity c = -0.0735 (should be > 0 and consistent)
2025-10-31 18:56:14,157 | N=2003, L=65536: S(φ) = -0.0636·φ + 0.218871
2025-10-31 18:56:14,157 |   R² = 0.886059, p = 1.52e-04
2025-10-31 18:56:14,157 |   Sensitivity c = -0.0636 (should be > 0 and consistent)
2025-10-31 18:56:14,158 | N=5003, L=4096: S(φ) = nan·φ + nan
2025-10-31 18:56:14,158 |   R² = nan, p = nan
2025-10-31 18:56:14,158 |   Sensitivity c = nan (should be > 0 and consistent)
2025-10-31 18:56:14,158 | N=5003, L=16384: S(φ) = nan·φ + nan
2025-10-31 18:56:14,158 |   R² = nan, p = nan
2025-10-31 18:56:14,158 |   Sensitivity c = nan (should be > 0 and consistent)
2025-10-31 18:56:14,158 | N=5003, L=65536: S(φ) = nan·φ + nan
2025-10-31 18:56:14,158 |   R² = nan, p = nan
2025-10-31 18:56:14,158 |   Sensitivity c = nan (should be > 0 and consistent)
2025-10-31 18:56:14,158 | 
2025-10-31 18:56:14,158 | VERDICT: FAIL — No consistent linear relationship
2025-10-31 18:56:14,158 | 
2025-10-31 18:56:14,158 | Generating figures...
2025-10-31 18:56:14,508 | Figure saved: ../../Figures/experiments/Tier6/T6B3/T6B3_cp_phase_summary.png
2025-10-31 18:56:14,508 | 
2025-10-31 18:56:14,508 | ======================================================================
2025-10-31 18:56:14,508 | T6-B3 COMPLETE
2025-10-31 18:56:14,508 | ======================================================================
2025-10-31 18:56:14,508 | Total runtime: 1170.2s (19.5m)
2025-10-31 18:56:14,508 | Configurations tested: 81
2025-10-31 18:56:14,508 | Hypothesis: S(φ) = c·φ (linear, odd)
2025-10-31 18:56:14,508 | Mean R²: nan
2025-10-31 18:56:14,508 | All slopes positive: False
2025-10-31 18:56:14,508 | VERDICT: FAIL
2025-10-31 18:56:14,508 | ======================================================================
