2025-10-31 19:47:46,764 | ======================================================================
2025-10-31 19:47:46,764 | T6-B3 FIXED: Matter/Antimatter CP-Phase Toy Model
2025-10-31 19:47:46,764 | ======================================================================
2025-10-31 19:47:46,764 | Log file: ../../Data/Experiments/Tier6/T6B3/T6B3_fixed_log_20251031_194746.log
2025-10-31 19:47:46,764 | 
2025-10-31 19:47:46,764 | Starting CP-phase scan...
2025-10-31 19:47:46,764 | φ values: [0.    0.001 0.002 0.005 0.01  0.02  0.05  0.1   0.2  ]
2025-10-31 19:47:46,764 | N primes: [997, 2003, 5003]
2025-10-31 19:47:46,764 | L values: [4096, 16384, 65536]
2025-10-31 19:47:46,764 | M bases: 16, trials: 50
2025-10-31 19:47:46,764 | 
2025-10-31 19:47:46,764 | 
Testing N=997, r=166 (ρ=0.1665)
2025-10-31 19:47:46,764 |   L=4096...
2025-10-31 19:48:13,252 |     [5/81] φ=0.0100: S=0.019999±0.000060 | ETA: 5.6m
2025-10-31 19:48:31,055 |     [9/81] φ=0.2000: S=0.389418±0.000055 | ETA: 5.3m
2025-10-31 19:48:31,055 |   L=16384...
2025-10-31 19:49:06,128 |     [10/81] φ=0.0000: S=0.000000±0.000037 | ETA: 7.3m
2025-10-31 19:50:35,637 |     [15/81] φ=0.0200: S=0.039989±0.000037 | ETA: 11.1m
2025-10-31 19:51:29,872 |     [18/81] φ=0.2000: S=0.389418±0.000034 | ETA: 12.0m
2025-10-31 19:51:29,872 |   L=65536...
2025-10-31 19:54:59,982 |     [20/81] φ=0.0010: S=0.002000±0.000020 | ETA: 18.5m
2025-10-31 20:00:44,983 |     [25/81] φ=0.0500: S=0.099833±0.000020 | ETA: 26.5m
2025-10-31 20:03:03,009 |     [27/81] φ=0.2000: S=0.389419±0.000018 | ETA: 28.2m
2025-10-31 20:03:03,010 | 
Testing N=2003, r=286 (ρ=0.1428)
2025-10-31 20:03:03,010 |   L=4096...
2025-10-31 20:03:21,152 |     [30/81] φ=0.0020: S=0.004000±0.000060 | ETA: 26.3m
2025-10-31 20:03:44,343 |     [35/81] φ=0.1000: S=0.198669±0.000059 | ETA: 20.9m
2025-10-31 20:03:49,125 |     [36/81] φ=0.2000: S=0.389418±0.000055 | ETA: 19.9m
2025-10-31 20:03:49,126 |   L=16384...
2025-10-31 20:05:19,215 |     [40/81] φ=0.0050: S=0.010000±0.000037 | ETA: 17.7m
2025-10-31 20:07:10,384 |     [45/81] φ=0.2000: S=0.389418±0.000034 | ETA: 15.2m
2025-10-31 20:07:10,384 |   L=65536...
2025-10-31 20:14:28,079 |     [50/81] φ=0.0100: S=0.019999±0.000020 | ETA: 15.8m
2025-10-31 20:19:12,640 |     [54/81] φ=0.2000: S=0.389419±0.000018 | ETA: 15.1m
2025-10-31 20:19:12,641 | 
Testing N=5003, r=122 (ρ=0.0244)
2025-10-31 20:19:12,641 |   L=4096...
2025-10-31 20:19:21,605 |     [55/81] φ=0.0000: S=0.000000±0.000060 | ETA: 14.9m
2025-10-31 20:19:44,020 |     [60/81] φ=0.0200: S=0.039989±0.000060 | ETA: 11.2m
2025-10-31 20:19:57,345 |     [63/81] φ=0.2000: S=0.389418±0.000055 | ETA: 9.2m
2025-10-31 20:19:57,345 |   L=16384...
2025-10-31 20:20:51,350 |     [65/81] φ=0.0010: S=0.002000±0.000037 | ETA: 8.1m
2025-10-31 20:22:19,890 |     [70/81] φ=0.0500: S=0.099833±0.000037 | ETA: 5.4m
2025-10-31 20:22:55,291 |     [72/81] φ=0.2000: S=0.389418±0.000034 | ETA: 4.4m
2025-10-31 20:22:55,291 |   L=65536...
2025-10-31 20:27:32,683 |     [75/81] φ=0.0020: S=0.004000±0.000020 | ETA: 3.1m
2025-10-31 20:33:18,018 |     [80/81] φ=0.1000: S=0.198669±0.000019 | ETA: 0.6m
2025-10-31 20:34:27,029 |     [81/81] φ=0.2000: S=0.389419±0.000018 | ETA: 0.0m
2025-10-31 20:34:27,029 | 
Scan complete: 2800.3s (46.7m)
2025-10-31 20:34:27,032 | 
Data saved: ../../Data/Experiments/Tier6/T6B3/T6B3_fixed_results.json
2025-10-31 20:34:27,032 | 
2025-10-31 20:34:27,032 | ======================================================================
2025-10-31 20:34:27,032 | LINEARITY ANALYSIS: S(φ) = c·φ
2025-10-31 20:34:27,032 | ======================================================================
2025-10-31 20:34:27,032 | N=997, L=4096: c = 1.9564 (sign=+), R² = 0.9999
2025-10-31 20:34:27,032 | N=997, L=16384: c = 1.9564 (sign=+), R² = 0.9999
2025-10-31 20:34:27,032 | N=997, L=65536: c = 1.9564 (sign=+), R² = 0.9999
2025-10-31 20:34:27,032 | N=2003, L=4096: c = 1.9564 (sign=+), R² = 0.9999
2025-10-31 20:34:27,032 | N=2003, L=16384: c = 1.9564 (sign=+), R² = 0.9999
2025-10-31 20:34:27,032 | N=2003, L=65536: c = 1.9564 (sign=+), R² = 0.9999
2025-10-31 20:34:27,032 | N=5003, L=4096: c = 1.9564 (sign=+), R² = 0.9999
2025-10-31 20:34:27,032 | N=5003, L=16384: c = 1.9564 (sign=+), R² = 0.9999
2025-10-31 20:34:27,032 | N=5003, L=65536: c = 1.9564 (sign=+), R² = 0.9999
2025-10-31 20:34:27,032 | 
2025-10-31 20:34:27,033 | Generating figures...
2025-10-31 20:34:27,365 | 
Figure saved: ../../Figures/experiments/Tier6/T6B3/T6B3_fixed_cp_asymmetry.png
2025-10-31 20:34:27,365 | 
2025-10-31 20:34:27,365 | ======================================================================
2025-10-31 20:34:27,365 | T6-B3 FIXED COMPLETE
2025-10-31 20:34:27,365 | ======================================================================
2025-10-31 20:34:27,365 | Sensitivity: c = 1.9564 ± 0.0000
2025-10-31 20:34:27,365 | Linearity: <R²> = 0.9999
2025-10-31 20:34:27,365 | VERDICT: PASS - Linear CP asymmetry detected
2025-10-31 20:34:27,365 | ======================================================================
