2025-10-31 17:56:45,962 | ======================================================================
2025-10-31 17:56:45,962 | T6-B3: Matter/Antimatter CP-Phase Toy Model
2025-10-31 17:56:45,962 | ======================================================================
2025-10-31 17:56:45,962 | Log file: ../../Data/Experiments/Tier6/T6B3/T6B3_log_20251031_175645.log
2025-10-31 17:56:45,962 | 
2025-10-31 17:56:45,962 | Starting CP-phase scan...
2025-10-31 17:56:45,962 | φ values: [0.    0.001 0.002 0.005 0.01  0.02  0.05  0.1   0.2  ]
2025-10-31 17:56:45,962 | N primes: [997, 2003, 5003]
2025-10-31 17:56:45,962 | L values: [4096, 16384, 65536]
2025-10-31 17:56:45,962 | M bases: 16, trials: 50
2025-10-31 17:56:45,962 | 
2025-10-31 17:56:45,962 | 
Testing N=997, r=166 (ρ=0.1665)
2025-10-31 17:56:45,962 |   L=4096...
2025-10-31 17:57:01,090 |     [5/81] φ=0.0100: S=0.075978±0.676421 | ETA: 3.1m
2025-10-31 17:57:13,217 |     [9/81] φ=0.2000: S=0.019464±0.698872 | ETA: 3.2m
2025-10-31 17:57:13,217 |   L=16384...
2025-10-31 17:57:25,357 |     [10/81] φ=0.0000: S=0.100718±0.660297 | ETA: 3.2m
2025-10-31 17:58:26,008 |     [15/81] φ=0.0200: S=0.094737±0.662806 | ETA: 6.4m
2025-10-31 17:59:02,483 |     [18/81] φ=0.2000: S=0.035305±0.692083 | ETA: 7.3m
2025-10-31 17:59:02,483 |   L=65536...
2025-10-31 18:00:39,920 |     [20/81] φ=0.0010: S=0.113569±0.657642 | ETA: 9.4m
2025-10-31 18:04:42,936 |     [25/81] φ=0.0500: S=0.097375±0.662744 | ETA: 16.0m
2025-10-31 18:06:20,337 |     [27/81] φ=0.2000: S=0.042703±0.684341 | ETA: 17.5m
2025-10-31 18:06:20,337 | 
Testing N=2003, r=300 (ρ=0.1498)
2025-10-31 18:06:20,337 |   L=4096...
2025-10-31 18:06:20,355 | Only found 6/16 bases for N=2003, r=300
2025-10-31 18:06:20,395 | Only found 5/16 bases for N=2003, r=300
2025-10-31 18:06:20,432 | Only found 2/16 bases for N=2003, r=300
2025-10-31 18:06:20,457 | Only found 5/16 bases for N=2003, r=300
2025-10-31 18:06:20,494 | Only found 3/16 bases for N=2003, r=300
2025-10-31 18:06:20,523 | Only found 4/16 bases for N=2003, r=300
2025-10-31 18:06:20,555 | Only found 8/16 bases for N=2003, r=300
2025-10-31 18:06:20,603 | Only found 3/16 bases for N=2003, r=300
2025-10-31 18:06:20,632 | Only found 6/16 bases for N=2003, r=300
2025-10-31 18:06:20,672 | Only found 4/16 bases for N=2003, r=300
2025-10-31 18:06:20,705 | Only found 6/16 bases for N=2003, r=300
2025-10-31 18:06:20,745 | Only found 6/16 bases for N=2003, r=300
2025-10-31 18:06:20,785 | Only found 9/16 bases for N=2003, r=300
2025-10-31 18:06:20,837 | Only found 7/16 bases for N=2003, r=300
2025-10-31 18:06:20,881 | Only found 7/16 bases for N=2003, r=300
2025-10-31 18:06:20,925 | Only found 6/16 bases for N=2003, r=300
2025-10-31 18:06:20,965 | Only found 6/16 bases for N=2003, r=300
2025-10-31 18:06:21,005 | Only found 7/16 bases for N=2003, r=300
2025-10-31 18:06:21,049 | Only found 1/16 bases for N=2003, r=300
2025-10-31 18:06:21,071 | Only found 10/16 bases for N=2003, r=300
2025-10-31 18:06:21,127 | Only found 5/16 bases for N=2003, r=300
2025-10-31 18:06:21,163 | Only found 3/16 bases for N=2003, r=300
2025-10-31 18:06:21,192 | Only found 1/16 bases for N=2003, r=300
2025-10-31 18:06:21,213 | Only found 2/16 bases for N=2003, r=300
2025-10-31 18:06:21,239 | Only found 7/16 bases for N=2003, r=300
2025-10-31 18:06:21,282 | Only found 3/16 bases for N=2003, r=300
2025-10-31 18:06:21,311 | Only found 3/16 bases for N=2003, r=300
2025-10-31 18:06:21,340 | Only found 3/16 bases for N=2003, r=300
2025-10-31 18:06:21,369 | Only found 5/16 bases for N=2003, r=300
2025-10-31 18:06:21,406 | Only found 4/16 bases for N=2003, r=300
2025-10-31 18:06:21,438 | Only found 3/16 bases for N=2003, r=300
2025-10-31 18:06:21,467 | Only found 2/16 bases for N=2003, r=300
2025-10-31 18:06:21,492 | Only found 10/16 bases for N=2003, r=300
2025-10-31 18:06:21,548 | Only found 7/16 bases for N=2003, r=300
2025-10-31 18:06:21,592 | Only found 6/16 bases for N=2003, r=300
2025-10-31 18:06:21,632 | Only found 7/16 bases for N=2003, r=300
2025-10-31 18:06:21,676 | Only found 3/16 bases for N=2003, r=300
2025-10-31 18:06:21,705 | Only found 6/16 bases for N=2003, r=300
2025-10-31 18:06:21,745 | Only found 5/16 bases for N=2003, r=300
2025-10-31 18:06:21,782 | Only found 2/16 bases for N=2003, r=300
2025-10-31 18:06:21,807 | Only found 5/16 bases for N=2003, r=300
2025-10-31 18:06:21,843 | Only found 1/16 bases for N=2003, r=300
2025-10-31 18:06:21,865 | Only found 3/16 bases for N=2003, r=300
2025-10-31 18:06:21,894 | Only found 4/16 bases for N=2003, r=300
2025-10-31 18:06:21,926 | Only found 5/16 bases for N=2003, r=300
2025-10-31 18:06:21,963 | Only found 7/16 bases for N=2003, r=300
2025-10-31 18:06:22,007 | Only found 6/16 bases for N=2003, r=300
2025-10-31 18:06:22,047 | Only found 3/16 bases for N=2003, r=300
2025-10-31 18:06:22,076 | Only found 5/16 bases for N=2003, r=300
2025-10-31 18:06:22,112 | Only found 6/16 bases for N=2003, r=300
2025-10-31 18:06:22,152 | Only found 6/16 bases for N=2003, r=300
2025-10-31 18:06:22,193 | Only found 5/16 bases for N=2003, r=300
2025-10-31 18:06:22,229 | Only found 2/16 bases for N=2003, r=300
2025-10-31 18:06:22,254 | Only found 5/16 bases for N=2003, r=300
2025-10-31 18:06:22,291 | Only found 3/16 bases for N=2003, r=300
2025-10-31 18:06:22,320 | Only found 4/16 bases for N=2003, r=300
2025-10-31 18:06:22,353 | Only found 8/16 bases for N=2003, r=300
2025-10-31 18:06:22,400 | Only found 3/16 bases for N=2003, r=300
2025-10-31 18:06:22,429 | Only found 6/16 bases for N=2003, r=300
2025-10-31 18:06:22,469 | Only found 4/16 bases for N=2003, r=300
2025-10-31 18:06:22,502 | Only found 6/16 bases for N=2003, r=300
2025-10-31 18:06:22,542 | Only found 6/16 bases for N=2003, r=300
2025-10-31 18:06:22,582 | Only found 9/16 bases for N=2003, r=300
2025-10-31 18:06:22,634 | Only found 7/16 bases for N=2003, r=300
2025-10-31 18:06:22,678 | Only found 7/16 bases for N=2003, r=300
2025-10-31 18:06:22,722 | Only found 6/16 bases for N=2003, r=300
2025-10-31 18:06:22,762 | Only found 6/16 bases for N=2003, r=300
2025-10-31 18:06:22,802 | Only found 7/16 bases for N=2003, r=300
2025-10-31 18:06:22,846 | Only found 1/16 bases for N=2003, r=300
2025-10-31 18:06:22,867 | Only found 10/16 bases for N=2003, r=300
2025-10-31 18:06:22,922 | Only found 5/16 bases for N=2003, r=300
2025-10-31 18:06:22,959 | Only found 3/16 bases for N=2003, r=300
2025-10-31 18:06:22,988 | Only found 1/16 bases for N=2003, r=300
2025-10-31 18:06:23,009 | Only found 2/16 bases for N=2003, r=300
2025-10-31 18:06:23,034 | Only found 7/16 bases for N=2003, r=300
2025-10-31 18:06:23,078 | Only found 3/16 bases for N=2003, r=300
2025-10-31 18:06:23,107 | Only found 3/16 bases for N=2003, r=300
2025-10-31 18:06:23,136 | Only found 3/16 bases for N=2003, r=300
2025-10-31 18:06:23,165 | Only found 5/16 bases for N=2003, r=300
2025-10-31 18:06:23,202 | Only found 4/16 bases for N=2003, r=300
2025-10-31 18:06:23,234 | Only found 3/16 bases for N=2003, r=300
2025-10-31 18:06:23,263 | Only found 2/16 bases for N=2003, r=300
2025-10-31 18:06:23,288 | Only found 10/16 bases for N=2003, r=300
2025-10-31 18:06:23,344 | Only found 7/16 bases for N=2003, r=300
2025-10-31 18:06:23,388 | Only found 6/16 bases for N=2003, r=300
2025-10-31 18:06:23,428 | Only found 7/16 bases for N=2003, r=300
2025-10-31 18:06:23,472 | Only found 3/16 bases for N=2003, r=300
2025-10-31 18:06:23,501 | Only found 6/16 bases for N=2003, r=300
2025-10-31 18:06:23,541 | Only found 5/16 bases for N=2003, r=300
2025-10-31 18:06:23,578 | Only found 2/16 bases for N=2003, r=300
2025-10-31 18:06:23,603 | Only found 5/16 bases for N=2003, r=300
2025-10-31 18:06:23,639 | Only found 1/16 bases for N=2003, r=300
2025-10-31 18:06:23,661 | Only found 3/16 bases for N=2003, r=300
2025-10-31 18:06:23,689 | Only found 4/16 bases for N=2003, r=300
2025-10-31 18:06:23,722 | Only found 5/16 bases for N=2003, r=300
2025-10-31 18:06:23,758 | Only found 7/16 bases for N=2003, r=300
2025-10-31 18:06:23,802 | Only found 6/16 bases for N=2003, r=300
2025-10-31 18:06:23,842 | Only found 3/16 bases for N=2003, r=300
2025-10-31 18:06:23,871 | Only found 5/16 bases for N=2003, r=300
2025-10-31 18:06:23,908 | Only found 6/16 bases for N=2003, r=300
2025-10-31 18:06:23,948 | Only found 6/16 bases for N=2003, r=300
2025-10-31 18:06:23,989 | Only found 5/16 bases for N=2003, r=300
2025-10-31 18:06:24,025 | Only found 2/16 bases for N=2003, r=300
2025-10-31 18:06:24,050 | Only found 5/16 bases for N=2003, r=300
2025-10-31 18:06:24,087 | Only found 3/16 bases for N=2003, r=300
2025-10-31 18:06:24,115 | Only found 4/16 bases for N=2003, r=300
2025-10-31 18:06:24,148 | Only found 8/16 bases for N=2003, r=300
2025-10-31 18:06:24,196 | Only found 3/16 bases for N=2003, r=300
2025-10-31 18:06:24,225 | Only found 6/16 bases for N=2003, r=300
2025-10-31 18:06:24,265 | Only found 4/16 bases for N=2003, r=300
2025-10-31 18:06:24,298 | Only found 6/16 bases for N=2003, r=300
2025-10-31 18:06:24,338 | Only found 6/16 bases for N=2003, r=300
2025-10-31 18:06:24,378 | Only found 9/16 bases for N=2003, r=300
2025-10-31 18:06:24,429 | Only found 7/16 bases for N=2003, r=300
2025-10-31 18:06:24,473 | Only found 7/16 bases for N=2003, r=300
2025-10-31 18:06:24,517 | Only found 6/16 bases for N=2003, r=300
2025-10-31 18:06:24,557 | Only found 6/16 bases for N=2003, r=300
2025-10-31 18:06:24,598 | Only found 7/16 bases for N=2003, r=300
2025-10-31 18:06:24,641 | Only found 1/16 bases for N=2003, r=300
2025-10-31 18:06:24,663 | Only found 10/16 bases for N=2003, r=300
2025-10-31 18:06:24,718 | Only found 5/16 bases for N=2003, r=300
2025-10-31 18:06:24,754 | Only found 3/16 bases for N=2003, r=300
2025-10-31 18:06:24,783 | Only found 1/16 bases for N=2003, r=300
2025-10-31 18:06:24,804 | Only found 2/16 bases for N=2003, r=300
2025-10-31 18:06:24,829 | Only found 7/16 bases for N=2003, r=300
2025-10-31 18:06:24,873 | Only found 3/16 bases for N=2003, r=300
2025-10-31 18:06:24,902 | Only found 3/16 bases for N=2003, r=300
2025-10-31 18:06:24,931 | Only found 3/16 bases for N=2003, r=300
2025-10-31 18:06:24,960 | Only found 5/16 bases for N=2003, r=300
2025-10-31 18:06:24,996 | Only found 4/16 bases for N=2003, r=300
2025-10-31 18:06:25,029 | Only found 3/16 bases for N=2003, r=300
2025-10-31 18:06:25,057 | Only found 2/16 bases for N=2003, r=300
2025-10-31 18:06:25,082 | Only found 10/16 bases for N=2003, r=300
2025-10-31 18:06:25,138 | Only found 7/16 bases for N=2003, r=300
2025-10-31 18:06:25,181 | Only found 6/16 bases for N=2003, r=300
2025-10-31 18:06:25,221 | Only found 7/16 bases for N=2003, r=300
2025-10-31 18:06:25,265 | Only found 3/16 bases for N=2003, r=300
2025-10-31 18:06:25,294 | Only found 6/16 bases for N=2003, r=300
2025-10-31 18:06:25,334 | Only found 5/16 bases for N=2003, r=300
2025-10-31 18:06:25,370 | Only found 2/16 bases for N=2003, r=300
2025-10-31 18:06:25,395 | Only found 5/16 bases for N=2003, r=300
2025-10-31 18:06:25,432 | Only found 1/16 bases for N=2003, r=300
2025-10-31 18:06:25,453 | Only found 3/16 bases for N=2003, r=300
2025-10-31 18:06:25,482 | Only found 4/16 bases for N=2003, r=300
2025-10-31 18:06:25,514 | Only found 5/16 bases for N=2003, r=300
2025-10-31 18:06:25,551 | Only found 7/16 bases for N=2003, r=300
2025-10-31 18:06:25,594 | Only found 6/16 bases for N=2003, r=300
2025-10-31 18:06:25,634 | Only found 3/16 bases for N=2003, r=300
2025-10-31 18:06:25,663 | Only found 5/16 bases for N=2003, r=300
2025-10-31 18:06:25,700 | Only found 6/16 bases for N=2003, r=300
2025-10-31 18:06:25,722 |     [30/81] φ=0.0020: S=nan±nan | ETA: 16.4m
2025-10-31 18:06:25,740 | Only found 6/16 bases for N=2003, r=300
2025-10-31 18:06:25,780 | Only found 5/16 bases for N=2003, r=300
2025-10-31 18:06:25,817 | Only found 2/16 bases for N=2003, r=300
2025-10-31 18:06:25,842 | Only found 5/16 bases for N=2003, r=300
2025-10-31 18:06:25,879 | Only found 3/16 bases for N=2003, r=300
2025-10-31 18:06:25,908 | Only found 4/16 bases for N=2003, r=300
2025-10-31 18:06:25,941 | Only found 8/16 bases for N=2003, r=300
2025-10-31 18:06:25,989 | Only found 3/16 bases for N=2003, r=300
2025-10-31 18:06:26,018 | Only found 6/16 bases for N=2003, r=300
2025-10-31 18:06:26,059 | Only found 4/16 bases for N=2003, r=300
2025-10-31 18:06:26,091 | Only found 6/16 bases for N=2003, r=300
2025-10-31 18:06:26,132 | Only found 6/16 bases for N=2003, r=300
2025-10-31 18:06:26,173 | Only found 9/16 bases for N=2003, r=300
2025-10-31 18:06:26,224 | Only found 7/16 bases for N=2003, r=300
2025-10-31 18:06:26,268 | Only found 7/16 bases for N=2003, r=300
2025-10-31 18:06:26,313 | Only found 6/16 bases for N=2003, r=300
2025-10-31 18:06:26,353 | Only found 6/16 bases for N=2003, r=300
2025-10-31 18:06:26,394 | Only found 7/16 bases for N=2003, r=300
2025-10-31 18:06:26,438 | Only found 1/16 bases for N=2003, r=300
2025-10-31 18:06:26,459 | Only found 10/16 bases for N=2003, r=300
2025-10-31 18:06:26,515 | Only found 5/16 bases for N=2003, r=300
2025-10-31 18:06:26,552 | Only found 3/16 bases for N=2003, r=300
2025-10-31 18:06:26,581 | Only found 1/16 bases for N=2003, r=300
2025-10-31 18:06:26,602 | Only found 2/16 bases for N=2003, r=300
2025-10-31 18:06:26,628 | Only found 7/16 bases for N=2003, r=300
2025-10-31 18:06:26,672 | Only found 3/16 bases for N=2003, r=300
2025-10-31 18:06:26,701 | Only found 3/16 bases for N=2003, r=300
2025-10-31 18:06:26,730 | Only found 3/16 bases for N=2003, r=300
2025-10-31 18:06:26,759 | Only found 5/16 bases for N=2003, r=300
2025-10-31 18:06:26,795 | Only found 4/16 bases for N=2003, r=300
2025-10-31 18:06:26,828 | Only found 3/16 bases for N=2003, r=300
2025-10-31 18:06:26,857 | Only found 2/16 bases for N=2003, r=300
2025-10-31 18:06:26,882 | Only found 10/16 bases for N=2003, r=300
2025-10-31 18:06:26,937 | Only found 7/16 bases for N=2003, r=300
2025-10-31 18:06:26,982 | Only found 6/16 bases for N=2003, r=300
2025-10-31 18:06:27,022 | Only found 7/16 bases for N=2003, r=300
2025-10-31 18:06:27,066 | Only found 3/16 bases for N=2003, r=300
2025-10-31 18:06:27,095 | Only found 6/16 bases for N=2003, r=300
2025-10-31 18:06:27,135 | Only found 5/16 bases for N=2003, r=300
2025-10-31 18:06:27,172 | Only found 2/16 bases for N=2003, r=300
2025-10-31 18:06:27,197 | Only found 5/16 bases for N=2003, r=300
2025-10-31 18:06:27,233 | Only found 1/16 bases for N=2003, r=300
2025-10-31 18:06:27,255 | Only found 3/16 bases for N=2003, r=300
2025-10-31 18:06:27,283 | Only found 4/16 bases for N=2003, r=300
2025-10-31 18:06:27,316 | Only found 5/16 bases for N=2003, r=300
2025-10-31 18:06:27,352 | Only found 7/16 bases for N=2003, r=300
2025-10-31 18:06:27,396 | Only found 6/16 bases for N=2003, r=300
2025-10-31 18:06:27,437 | Only found 3/16 bases for N=2003, r=300
2025-10-31 18:06:27,465 | Only found 5/16 bases for N=2003, r=300
2025-10-31 18:06:27,502 | Only found 6/16 bases for N=2003, r=300
2025-10-31 18:06:27,542 | Only found 6/16 bases for N=2003, r=300
2025-10-31 18:06:27,582 | Only found 5/16 bases for N=2003, r=300
2025-10-31 18:06:27,619 | Only found 2/16 bases for N=2003, r=300
2025-10-31 18:06:27,644 | Only found 5/16 bases for N=2003, r=300
2025-10-31 18:06:27,680 | Only found 3/16 bases for N=2003, r=300
2025-10-31 18:06:27,709 | Only found 4/16 bases for N=2003, r=300
2025-10-31 18:06:27,741 | Only found 8/16 bases for N=2003, r=300
2025-10-31 18:06:27,789 | Only found 3/16 bases for N=2003, r=300
2025-10-31 18:06:27,818 | Only found 6/16 bases for N=2003, r=300
2025-10-31 18:06:27,858 | Only found 4/16 bases for N=2003, r=300
2025-10-31 18:06:27,890 | Only found 6/16 bases for N=2003, r=300
2025-10-31 18:06:27,931 | Only found 6/16 bases for N=2003, r=300
2025-10-31 18:06:27,971 | Only found 9/16 bases for N=2003, r=300
2025-10-31 18:06:28,022 | Only found 7/16 bases for N=2003, r=300
2025-10-31 18:06:28,066 | Only found 7/16 bases for N=2003, r=300
2025-10-31 18:06:28,110 | Only found 6/16 bases for N=2003, r=300
2025-10-31 18:06:28,150 | Only found 6/16 bases for N=2003, r=300
2025-10-31 18:06:28,190 | Only found 7/16 bases for N=2003, r=300
2025-10-31 18:06:28,234 | Only found 1/16 bases for N=2003, r=300
2025-10-31 18:06:28,255 | Only found 10/16 bases for N=2003, r=300
2025-10-31 18:06:28,310 | Only found 5/16 bases for N=2003, r=300
2025-10-31 18:06:28,346 | Only found 3/16 bases for N=2003, r=300
2025-10-31 18:06:28,375 | Only found 1/16 bases for N=2003, r=300
2025-10-31 18:06:28,396 | Only found 2/16 bases for N=2003, r=300
2025-10-31 18:06:28,422 | Only found 7/16 bases for N=2003, r=300
2025-10-31 18:06:28,465 | Only found 3/16 bases for N=2003, r=300
2025-10-31 18:06:28,494 | Only found 3/16 bases for N=2003, r=300
2025-10-31 18:06:28,523 | Only found 3/16 bases for N=2003, r=300
2025-10-31 18:06:28,552 | Only found 5/16 bases for N=2003, r=300
2025-10-31 18:06:28,588 | Only found 4/16 bases for N=2003, r=300
2025-10-31 18:06:28,621 | Only found 3/16 bases for N=2003, r=300
2025-10-31 18:06:28,650 | Only found 2/16 bases for N=2003, r=300
2025-10-31 18:06:28,675 | Only found 10/16 bases for N=2003, r=300
2025-10-31 18:06:28,730 | Only found 7/16 bases for N=2003, r=300
2025-10-31 18:06:28,774 | Only found 6/16 bases for N=2003, r=300
2025-10-31 18:06:28,814 | Only found 7/16 bases for N=2003, r=300
2025-10-31 18:06:28,857 | Only found 3/16 bases for N=2003, r=300
2025-10-31 18:06:28,886 | Only found 6/16 bases for N=2003, r=300
2025-10-31 18:06:28,926 | Only found 5/16 bases for N=2003, r=300
2025-10-31 18:06:28,963 | Only found 2/16 bases for N=2003, r=300
2025-10-31 18:06:28,988 | Only found 5/16 bases for N=2003, r=300
2025-10-31 18:06:29,024 | Only found 1/16 bases for N=2003, r=300
2025-10-31 18:06:29,045 | Only found 3/16 bases for N=2003, r=300
2025-10-31 18:06:29,074 | Only found 4/16 bases for N=2003, r=300
2025-10-31 18:06:29,107 | Only found 5/16 bases for N=2003, r=300
2025-10-31 18:06:29,143 | Only found 7/16 bases for N=2003, r=300
2025-10-31 18:06:29,187 | Only found 6/16 bases for N=2003, r=300
2025-10-31 18:06:29,227 | Only found 3/16 bases for N=2003, r=300
2025-10-31 18:06:29,256 | Only found 5/16 bases for N=2003, r=300
2025-10-31 18:06:29,292 | Only found 6/16 bases for N=2003, r=300
2025-10-31 18:06:29,332 | Only found 6/16 bases for N=2003, r=300
2025-10-31 18:06:29,372 | Only found 5/16 bases for N=2003, r=300
2025-10-31 18:06:29,409 | Only found 2/16 bases for N=2003, r=300
2025-10-31 18:06:29,434 | Only found 5/16 bases for N=2003, r=300
2025-10-31 18:06:29,470 | Only found 3/16 bases for N=2003, r=300
2025-10-31 18:06:29,499 | Only found 4/16 bases for N=2003, r=300
2025-10-31 18:06:29,531 | Only found 8/16 bases for N=2003, r=300
2025-10-31 18:06:29,579 | Only found 3/16 bases for N=2003, r=300
2025-10-31 18:06:29,608 | Only found 6/16 bases for N=2003, r=300
2025-10-31 18:06:29,648 | Only found 4/16 bases for N=2003, r=300
2025-10-31 18:06:29,680 | Only found 6/16 bases for N=2003, r=300
2025-10-31 18:06:29,720 | Only found 6/16 bases for N=2003, r=300
2025-10-31 18:06:29,760 | Only found 9/16 bases for N=2003, r=300
2025-10-31 18:06:29,812 | Only found 7/16 bases for N=2003, r=300
2025-10-31 18:06:29,855 | Only found 7/16 bases for N=2003, r=300
2025-10-31 18:06:29,899 | Only found 6/16 bases for N=2003, r=300
2025-10-31 18:06:29,939 | Only found 6/16 bases for N=2003, r=300
2025-10-31 18:06:29,979 | Only found 7/16 bases for N=2003, r=300
2025-10-31 18:06:30,023 | Only found 1/16 bases for N=2003, r=300
2025-10-31 18:06:30,044 | Only found 10/16 bases for N=2003, r=300
2025-10-31 18:06:30,100 | Only found 5/16 bases for N=2003, r=300
2025-10-31 18:06:30,136 | Only found 3/16 bases for N=2003, r=300
2025-10-31 18:06:30,165 | Only found 1/16 bases for N=2003, r=300
2025-10-31 18:06:30,186 | Only found 2/16 bases for N=2003, r=300
2025-10-31 18:06:30,211 | Only found 7/16 bases for N=2003, r=300
2025-10-31 18:06:30,255 | Only found 3/16 bases for N=2003, r=300
2025-10-31 18:06:30,284 | Only found 3/16 bases for N=2003, r=300
2025-10-31 18:06:30,313 | Only found 3/16 bases for N=2003, r=300
2025-10-31 18:06:30,342 | Only found 5/16 bases for N=2003, r=300
2025-10-31 18:06:30,378 | Only found 4/16 bases for N=2003, r=300
2025-10-31 18:06:30,411 | Only found 3/16 bases for N=2003, r=300
2025-10-31 18:06:30,439 | Only found 2/16 bases for N=2003, r=300
2025-10-31 18:06:30,464 | Only found 10/16 bases for N=2003, r=300
2025-10-31 18:06:30,520 | Only found 7/16 bases for N=2003, r=300
2025-10-31 18:06:30,563 | Only found 6/16 bases for N=2003, r=300
2025-10-31 18:06:30,603 | Only found 7/16 bases for N=2003, r=300
2025-10-31 18:06:30,647 | Only found 3/16 bases for N=2003, r=300
2025-10-31 18:06:30,676 | Only found 6/16 bases for N=2003, r=300
2025-10-31 18:06:30,716 | Only found 5/16 bases for N=2003, r=300
2025-10-31 18:06:30,752 | Only found 2/16 bases for N=2003, r=300
2025-10-31 18:06:30,777 | Only found 5/16 bases for N=2003, r=300
2025-10-31 18:06:30,814 | Only found 1/16 bases for N=2003, r=300
2025-10-31 18:06:30,835 | Only found 3/16 bases for N=2003, r=300
2025-10-31 18:06:30,864 | Only found 4/16 bases for N=2003, r=300
2025-10-31 18:06:30,896 | Only found 5/16 bases for N=2003, r=300
2025-10-31 18:06:30,933 | Only found 7/16 bases for N=2003, r=300
2025-10-31 18:06:30,976 | Only found 6/16 bases for N=2003, r=300
2025-10-31 18:06:31,017 | Only found 3/16 bases for N=2003, r=300
2025-10-31 18:06:31,045 | Only found 5/16 bases for N=2003, r=300
2025-10-31 18:06:31,082 | Only found 6/16 bases for N=2003, r=300
2025-10-31 18:06:31,122 | Only found 6/16 bases for N=2003, r=300
2025-10-31 18:06:31,162 | Only found 5/16 bases for N=2003, r=300
2025-10-31 18:06:31,199 | Only found 2/16 bases for N=2003, r=300
2025-10-31 18:06:31,224 | Only found 5/16 bases for N=2003, r=300
2025-10-31 18:06:31,260 | Only found 3/16 bases for N=2003, r=300
2025-10-31 18:06:31,289 | Only found 4/16 bases for N=2003, r=300
2025-10-31 18:06:31,321 | Only found 8/16 bases for N=2003, r=300
2025-10-31 18:06:31,369 | Only found 3/16 bases for N=2003, r=300
2025-10-31 18:06:31,397 | Only found 6/16 bases for N=2003, r=300
2025-10-31 18:06:31,437 | Only found 4/16 bases for N=2003, r=300
2025-10-31 18:06:31,470 | Only found 6/16 bases for N=2003, r=300
2025-10-31 18:06:31,510 | Only found 6/16 bases for N=2003, r=300
2025-10-31 18:06:31,550 | Only found 9/16 bases for N=2003, r=300
2025-10-31 18:06:31,601 | Only found 7/16 bases for N=2003, r=300
2025-10-31 18:06:31,645 | Only found 7/16 bases for N=2003, r=300
2025-10-31 18:06:31,689 | Only found 6/16 bases for N=2003, r=300
2025-10-31 18:06:31,729 | Only found 6/16 bases for N=2003, r=300
2025-10-31 18:06:31,769 | Only found 7/16 bases for N=2003, r=300
2025-10-31 18:06:31,813 | Only found 1/16 bases for N=2003, r=300
2025-10-31 18:06:31,834 | Only found 10/16 bases for N=2003, r=300
2025-10-31 18:06:31,889 | Only found 5/16 bases for N=2003, r=300
2025-10-31 18:06:31,925 | Only found 3/16 bases for N=2003, r=300
2025-10-31 18:06:31,954 | Only found 1/16 bases for N=2003, r=300
2025-10-31 18:06:31,975 | Only found 2/16 bases for N=2003, r=300
2025-10-31 18:06:32,000 | Only found 7/16 bases for N=2003, r=300
2025-10-31 18:06:32,044 | Only found 3/16 bases for N=2003, r=300
2025-10-31 18:06:32,073 | Only found 3/16 bases for N=2003, r=300
2025-10-31 18:06:32,101 | Only found 3/16 bases for N=2003, r=300
2025-10-31 18:06:32,130 | Only found 5/16 bases for N=2003, r=300
2025-10-31 18:06:32,166 | Only found 4/16 bases for N=2003, r=300
2025-10-31 18:06:32,199 | Only found 3/16 bases for N=2003, r=300
2025-10-31 18:06:32,228 | Only found 2/16 bases for N=2003, r=300
2025-10-31 18:06:32,253 | Only found 10/16 bases for N=2003, r=300
2025-10-31 18:06:32,308 | Only found 7/16 bases for N=2003, r=300
2025-10-31 18:06:32,352 | Only found 6/16 bases for N=2003, r=300
2025-10-31 18:06:32,392 | Only found 7/16 bases for N=2003, r=300
2025-10-31 18:06:32,435 | Only found 3/16 bases for N=2003, r=300
2025-10-31 18:06:32,464 | Only found 6/16 bases for N=2003, r=300
2025-10-31 18:06:32,504 | Only found 5/16 bases for N=2003, r=300
2025-10-31 18:06:32,540 | Only found 2/16 bases for N=2003, r=300
2025-10-31 18:06:32,565 | Only found 5/16 bases for N=2003, r=300
2025-10-31 18:06:32,601 | Only found 1/16 bases for N=2003, r=300
2025-10-31 18:06:32,623 | Only found 3/16 bases for N=2003, r=300
2025-10-31 18:06:32,651 | Only found 4/16 bases for N=2003, r=300
2025-10-31 18:06:32,684 | Only found 5/16 bases for N=2003, r=300
2025-10-31 18:06:32,720 | Only found 7/16 bases for N=2003, r=300
2025-10-31 18:06:32,764 | Only found 6/16 bases for N=2003, r=300
2025-10-31 18:06:32,804 | Only found 3/16 bases for N=2003, r=300
2025-10-31 18:06:32,833 | Only found 5/16 bases for N=2003, r=300
2025-10-31 18:06:32,869 | Only found 6/16 bases for N=2003, r=300
2025-10-31 18:06:32,909 | Only found 6/16 bases for N=2003, r=300
2025-10-31 18:06:32,949 | Only found 5/16 bases for N=2003, r=300
2025-10-31 18:06:32,985 | Only found 2/16 bases for N=2003, r=300
2025-10-31 18:06:33,010 | Only found 5/16 bases for N=2003, r=300
2025-10-31 18:06:33,047 | Only found 3/16 bases for N=2003, r=300
2025-10-31 18:06:33,076 | Only found 4/16 bases for N=2003, r=300
2025-10-31 18:06:33,108 | Only found 8/16 bases for N=2003, r=300
2025-10-31 18:06:33,155 | Only found 3/16 bases for N=2003, r=300
2025-10-31 18:06:33,184 | Only found 6/16 bases for N=2003, r=300
2025-10-31 18:06:33,224 | Only found 4/16 bases for N=2003, r=300
2025-10-31 18:06:33,257 | Only found 6/16 bases for N=2003, r=300
2025-10-31 18:06:33,297 | Only found 6/16 bases for N=2003, r=300
2025-10-31 18:06:33,337 | Only found 9/16 bases for N=2003, r=300
2025-10-31 18:06:33,388 | Only found 7/16 bases for N=2003, r=300
2025-10-31 18:06:33,432 | Only found 7/16 bases for N=2003, r=300
2025-10-31 18:06:33,476 | Only found 6/16 bases for N=2003, r=300
2025-10-31 18:06:33,516 | Only found 6/16 bases for N=2003, r=300
2025-10-31 18:06:33,556 | Only found 7/16 bases for N=2003, r=300
2025-10-31 18:06:33,600 | Only found 1/16 bases for N=2003, r=300
2025-10-31 18:06:33,621 | Only found 10/16 bases for N=2003, r=300
2025-10-31 18:06:33,676 | Only found 5/16 bases for N=2003, r=300
2025-10-31 18:06:33,713 | Only found 3/16 bases for N=2003, r=300
2025-10-31 18:06:33,741 | Only found 1/16 bases for N=2003, r=300
2025-10-31 18:06:33,763 | Only found 2/16 bases for N=2003, r=300
2025-10-31 18:06:33,788 | Only found 7/16 bases for N=2003, r=300
2025-10-31 18:06:33,831 | Only found 3/16 bases for N=2003, r=300
2025-10-31 18:06:33,860 | Only found 3/16 bases for N=2003, r=300
2025-10-31 18:06:33,889 | Only found 3/16 bases for N=2003, r=300
2025-10-31 18:06:33,918 | Only found 5/16 bases for N=2003, r=300
2025-10-31 18:06:33,954 | Only found 4/16 bases for N=2003, r=300
2025-10-31 18:06:33,987 | Only found 3/16 bases for N=2003, r=300
2025-10-31 18:06:34,015 | Only found 2/16 bases for N=2003, r=300
2025-10-31 18:06:34,040 | Only found 10/16 bases for N=2003, r=300
2025-10-31 18:06:34,096 | Only found 7/16 bases for N=2003, r=300
2025-10-31 18:06:34,139 | Only found 6/16 bases for N=2003, r=300
2025-10-31 18:06:34,180 | Only found 7/16 bases for N=2003, r=300
2025-10-31 18:06:34,224 | Only found 3/16 bases for N=2003, r=300
2025-10-31 18:06:34,252 | Only found 6/16 bases for N=2003, r=300
2025-10-31 18:06:34,292 | Only found 5/16 bases for N=2003, r=300
2025-10-31 18:06:34,329 | Only found 2/16 bases for N=2003, r=300
2025-10-31 18:06:34,354 | Only found 5/16 bases for N=2003, r=300
2025-10-31 18:06:34,390 | Only found 1/16 bases for N=2003, r=300
2025-10-31 18:06:34,412 | Only found 3/16 bases for N=2003, r=300
2025-10-31 18:06:34,440 | Only found 4/16 bases for N=2003, r=300
2025-10-31 18:06:34,473 | Only found 5/16 bases for N=2003, r=300
2025-10-31 18:06:34,509 | Only found 7/16 bases for N=2003, r=300
2025-10-31 18:06:34,553 | Only found 6/16 bases for N=2003, r=300
2025-10-31 18:06:34,593 | Only found 3/16 bases for N=2003, r=300
2025-10-31 18:06:34,622 | Only found 5/16 bases for N=2003, r=300
2025-10-31 18:06:34,658 | Only found 6/16 bases for N=2003, r=300
2025-10-31 18:06:34,681 |     [35/81] φ=0.1000: S=nan±nan | ETA: 12.9m
2025-10-31 18:06:34,699 | Only found 6/16 bases for N=2003, r=300
2025-10-31 18:06:34,739 | Only found 5/16 bases for N=2003, r=300
2025-10-31 18:06:34,775 | Only found 2/16 bases for N=2003, r=300
2025-10-31 18:06:34,800 | Only found 5/16 bases for N=2003, r=300
2025-10-31 18:06:34,837 | Only found 3/16 bases for N=2003, r=300
2025-10-31 18:06:34,866 | Only found 4/16 bases for N=2003, r=300
2025-10-31 18:06:34,898 | Only found 8/16 bases for N=2003, r=300
2025-10-31 18:06:34,946 | Only found 3/16 bases for N=2003, r=300
2025-10-31 18:06:34,975 | Only found 6/16 bases for N=2003, r=300
2025-10-31 18:06:35,015 | Only found 4/16 bases for N=2003, r=300
2025-10-31 18:06:35,047 | Only found 6/16 bases for N=2003, r=300
2025-10-31 18:06:35,087 | Only found 6/16 bases for N=2003, r=300
2025-10-31 18:06:35,127 | Only found 9/16 bases for N=2003, r=300
2025-10-31 18:06:35,179 | Only found 7/16 bases for N=2003, r=300
2025-10-31 18:06:35,223 | Only found 7/16 bases for N=2003, r=300
2025-10-31 18:06:35,267 | Only found 6/16 bases for N=2003, r=300
2025-10-31 18:06:35,307 | Only found 6/16 bases for N=2003, r=300
2025-10-31 18:06:35,347 | Only found 7/16 bases for N=2003, r=300
2025-10-31 18:06:35,391 | Only found 1/16 bases for N=2003, r=300
2025-10-31 18:06:35,412 | Only found 10/16 bases for N=2003, r=300
2025-10-31 18:06:35,467 | Only found 5/16 bases for N=2003, r=300
2025-10-31 18:06:35,504 | Only found 3/16 bases for N=2003, r=300
2025-10-31 18:06:35,532 | Only found 1/16 bases for N=2003, r=300
2025-10-31 18:06:35,554 | Only found 2/16 bases for N=2003, r=300
2025-10-31 18:06:35,579 | Only found 7/16 bases for N=2003, r=300
2025-10-31 18:06:35,623 | Only found 3/16 bases for N=2003, r=300
2025-10-31 18:06:35,651 | Only found 3/16 bases for N=2003, r=300
2025-10-31 18:06:35,680 | Only found 3/16 bases for N=2003, r=300
2025-10-31 18:06:35,709 | Only found 5/16 bases for N=2003, r=300
2025-10-31 18:06:35,745 | Only found 4/16 bases for N=2003, r=300
2025-10-31 18:06:35,778 | Only found 3/16 bases for N=2003, r=300
2025-10-31 18:06:35,807 | Only found 2/16 bases for N=2003, r=300
2025-10-31 18:06:35,832 | Only found 10/16 bases for N=2003, r=300
2025-10-31 18:06:35,887 | Only found 7/16 bases for N=2003, r=300
2025-10-31 18:06:35,931 | Only found 6/16 bases for N=2003, r=300
2025-10-31 18:06:35,971 | Only found 7/16 bases for N=2003, r=300
2025-10-31 18:06:36,015 | Only found 3/16 bases for N=2003, r=300
2025-10-31 18:06:36,043 | Only found 6/16 bases for N=2003, r=300
2025-10-31 18:06:36,083 | Only found 5/16 bases for N=2003, r=300
2025-10-31 18:06:36,120 | Only found 2/16 bases for N=2003, r=300
2025-10-31 18:06:36,145 | Only found 5/16 bases for N=2003, r=300
2025-10-31 18:06:36,181 | Only found 1/16 bases for N=2003, r=300
2025-10-31 18:06:36,202 | Only found 3/16 bases for N=2003, r=300
2025-10-31 18:06:36,231 | Only found 4/16 bases for N=2003, r=300
2025-10-31 18:06:36,264 | Only found 5/16 bases for N=2003, r=300
2025-10-31 18:06:36,300 | Only found 7/16 bases for N=2003, r=300
2025-10-31 18:06:36,344 | Only found 6/16 bases for N=2003, r=300
2025-10-31 18:06:36,384 | Only found 3/16 bases for N=2003, r=300
2025-10-31 18:06:36,413 | Only found 5/16 bases for N=2003, r=300
2025-10-31 18:06:36,449 | Only found 6/16 bases for N=2003, r=300
2025-10-31 18:06:36,472 |     [36/81] φ=0.2000: S=nan±nan | ETA: 12.3m
2025-10-31 18:06:36,472 |   L=16384...
2025-10-31 18:06:36,490 | Only found 6/16 bases for N=2003, r=300
2025-10-31 18:06:36,600 | Only found 5/16 bases for N=2003, r=300
2025-10-31 18:06:36,693 | Only found 2/16 bases for N=2003, r=300
2025-10-31 18:06:36,740 | Only found 5/16 bases for N=2003, r=300
2025-10-31 18:06:36,833 | Only found 3/16 bases for N=2003, r=300
2025-10-31 18:06:36,896 | Only found 4/16 bases for N=2003, r=300
2025-10-31 18:06:36,974 | Only found 8/16 bases for N=2003, r=300
2025-10-31 18:06:37,112 | Only found 3/16 bases for N=2003, r=300
2025-10-31 18:06:37,175 | Only found 6/16 bases for N=2003, r=300
2025-10-31 18:06:37,282 | Only found 4/16 bases for N=2003, r=300
2025-10-31 18:06:37,360 | Only found 6/16 bases for N=2003, r=300
2025-10-31 18:06:37,468 | Only found 6/16 bases for N=2003, r=300
2025-10-31 18:06:37,576 | Only found 9/16 bases for N=2003, r=300
2025-10-31 18:06:37,729 | Only found 7/16 bases for N=2003, r=300
2025-10-31 18:06:37,858 | Only found 7/16 bases for N=2003, r=300
2025-10-31 18:06:37,978 | Only found 6/16 bases for N=2003, r=300
2025-10-31 18:06:38,084 | Only found 6/16 bases for N=2003, r=300
2025-10-31 18:06:38,189 | Only found 7/16 bases for N=2003, r=300
2025-10-31 18:06:38,309 | Only found 1/16 bases for N=2003, r=300
2025-10-31 18:06:38,341 | Only found 10/16 bases for N=2003, r=300
2025-10-31 18:06:38,506 | Only found 5/16 bases for N=2003, r=300
2025-10-31 18:06:38,597 | Only found 3/16 bases for N=2003, r=300
2025-10-31 18:06:38,658 | Only found 1/16 bases for N=2003, r=300
2025-10-31 18:06:38,690 | Only found 2/16 bases for N=2003, r=300
2025-10-31 18:06:38,737 | Only found 7/16 bases for N=2003, r=300
2025-10-31 18:06:38,857 | Only found 3/16 bases for N=2003, r=300
2025-10-31 18:06:38,918 | Only found 3/16 bases for N=2003, r=300
2025-10-31 18:06:38,980 | Only found 3/16 bases for N=2003, r=300
2025-10-31 18:06:39,041 | Only found 5/16 bases for N=2003, r=300
2025-10-31 18:06:39,132 | Only found 4/16 bases for N=2003, r=300
2025-10-31 18:06:39,208 | Only found 3/16 bases for N=2003, r=300
2025-10-31 18:06:39,269 | Only found 2/16 bases for N=2003, r=300
2025-10-31 18:06:39,315 | Only found 10/16 bases for N=2003, r=300
2025-10-31 18:06:39,480 | Only found 7/16 bases for N=2003, r=300
2025-10-31 18:06:39,600 | Only found 6/16 bases for N=2003, r=300
2025-10-31 18:06:39,705 | Only found 7/16 bases for N=2003, r=300
2025-10-31 18:06:39,825 | Only found 3/16 bases for N=2003, r=300
2025-10-31 18:06:39,886 | Only found 6/16 bases for N=2003, r=300
2025-10-31 18:06:39,992 | Only found 5/16 bases for N=2003, r=300
2025-10-31 18:06:40,082 | Only found 2/16 bases for N=2003, r=300
2025-10-31 18:06:40,129 | Only found 5/16 bases for N=2003, r=300
2025-10-31 18:06:40,219 | Only found 1/16 bases for N=2003, r=300
2025-10-31 18:06:40,251 | Only found 3/16 bases for N=2003, r=300
2025-10-31 18:06:40,313 | Only found 4/16 bases for N=2003, r=300
2025-10-31 18:06:40,389 | Only found 5/16 bases for N=2003, r=300
2025-10-31 18:06:40,480 | Only found 7/16 bases for N=2003, r=300
2025-10-31 18:06:40,600 | Only found 6/16 bases for N=2003, r=300
2025-10-31 18:06:40,706 | Only found 3/16 bases for N=2003, r=300
2025-10-31 18:06:40,768 | Only found 5/16 bases for N=2003, r=300
2025-10-31 18:06:40,858 | Only found 6/16 bases for N=2003, r=300
2025-10-31 18:06:40,964 | Only found 6/16 bases for N=2003, r=300
2025-10-31 18:06:41,070 | Only found 5/16 bases for N=2003, r=300
2025-10-31 18:06:41,161 | Only found 2/16 bases for N=2003, r=300
2025-10-31 18:06:41,208 | Only found 5/16 bases for N=2003, r=300
2025-10-31 18:06:41,299 | Only found 3/16 bases for N=2003, r=300
2025-10-31 18:06:41,360 | Only found 4/16 bases for N=2003, r=300
2025-10-31 18:06:41,436 | Only found 8/16 bases for N=2003, r=300
2025-10-31 18:06:41,572 | Only found 3/16 bases for N=2003, r=300
2025-10-31 18:06:41,633 | Only found 6/16 bases for N=2003, r=300
2025-10-31 18:06:41,739 | Only found 4/16 bases for N=2003, r=300
2025-10-31 18:06:41,815 | Only found 6/16 bases for N=2003, r=300
2025-10-31 18:06:41,920 | Only found 6/16 bases for N=2003, r=300
2025-10-31 18:06:42,026 | Only found 9/16 bases for N=2003, r=300
2025-10-31 18:06:42,176 | Only found 7/16 bases for N=2003, r=300
2025-10-31 18:06:42,297 | Only found 7/16 bases for N=2003, r=300
2025-10-31 18:06:42,418 | Only found 6/16 bases for N=2003, r=300
2025-10-31 18:06:42,524 | Only found 6/16 bases for N=2003, r=300
2025-10-31 18:06:42,630 | Only found 7/16 bases for N=2003, r=300
2025-10-31 18:06:42,751 | Only found 1/16 bases for N=2003, r=300
2025-10-31 18:06:42,783 | Only found 10/16 bases for N=2003, r=300
2025-10-31 18:06:42,948 | Only found 5/16 bases for N=2003, r=300
2025-10-31 18:06:43,039 | Only found 3/16 bases for N=2003, r=300
2025-10-31 18:06:43,101 | Only found 1/16 bases for N=2003, r=300
2025-10-31 18:06:43,133 | Only found 2/16 bases for N=2003, r=300
2025-10-31 18:06:43,180 | Only found 7/16 bases for N=2003, r=300
2025-10-31 18:06:43,301 | Only found 3/16 bases for N=2003, r=300
2025-10-31 18:06:43,362 | Only found 3/16 bases for N=2003, r=300
2025-10-31 18:06:43,424 | Only found 3/16 bases for N=2003, r=300
2025-10-31 18:06:43,486 | Only found 5/16 bases for N=2003, r=300
2025-10-31 18:06:43,577 | Only found 4/16 bases for N=2003, r=300
2025-10-31 18:06:43,653 | Only found 3/16 bases for N=2003, r=300
2025-10-31 18:06:43,715 | Only found 2/16 bases for N=2003, r=300
2025-10-31 18:06:43,761 | Only found 10/16 bases for N=2003, r=300
2025-10-31 18:06:43,926 | Only found 7/16 bases for N=2003, r=300
2025-10-31 18:06:44,046 | Only found 6/16 bases for N=2003, r=300
2025-10-31 18:06:44,151 | Only found 7/16 bases for N=2003, r=300
2025-10-31 18:06:44,272 | Only found 3/16 bases for N=2003, r=300
2025-10-31 18:06:44,333 | Only found 6/16 bases for N=2003, r=300
2025-10-31 18:06:44,439 | Only found 5/16 bases for N=2003, r=300
2025-10-31 18:06:44,530 | Only found 2/16 bases for N=2003, r=300
2025-10-31 18:06:44,576 | Only found 5/16 bases for N=2003, r=300
2025-10-31 18:06:44,667 | Only found 1/16 bases for N=2003, r=300
2025-10-31 18:06:44,699 | Only found 3/16 bases for N=2003, r=300
2025-10-31 18:06:44,760 | Only found 4/16 bases for N=2003, r=300
2025-10-31 18:06:44,836 | Only found 5/16 bases for N=2003, r=300
2025-10-31 18:06:44,926 | Only found 7/16 bases for N=2003, r=300
2025-10-31 18:06:45,046 | Only found 6/16 bases for N=2003, r=300
2025-10-31 18:06:45,151 | Only found 3/16 bases for N=2003, r=300
2025-10-31 18:06:45,213 | Only found 5/16 bases for N=2003, r=300
2025-10-31 18:06:45,304 | Only found 6/16 bases for N=2003, r=300
2025-10-31 18:06:45,410 | Only found 6/16 bases for N=2003, r=300
2025-10-31 18:06:45,516 | Only found 5/16 bases for N=2003, r=300
2025-10-31 18:06:45,607 | Only found 2/16 bases for N=2003, r=300
2025-10-31 18:06:45,653 | Only found 5/16 bases for N=2003, r=300
2025-10-31 18:06:45,744 | Only found 3/16 bases for N=2003, r=300
2025-10-31 18:06:45,805 | Only found 4/16 bases for N=2003, r=300
2025-10-31 18:06:45,881 | Only found 8/16 bases for N=2003, r=300
2025-10-31 18:06:46,016 | Only found 3/16 bases for N=2003, r=300
2025-10-31 18:06:46,077 | Only found 6/16 bases for N=2003, r=300
2025-10-31 18:06:46,182 | Only found 4/16 bases for N=2003, r=300
2025-10-31 18:06:46,257 | Only found 6/16 bases for N=2003, r=300
2025-10-31 18:06:46,363 | Only found 6/16 bases for N=2003, r=300
2025-10-31 18:06:46,469 | Only found 9/16 bases for N=2003, r=300
2025-10-31 18:06:46,618 | Only found 7/16 bases for N=2003, r=300
2025-10-31 18:06:46,739 | Only found 7/16 bases for N=2003, r=300
2025-10-31 18:06:46,859 | Only found 6/16 bases for N=2003, r=300
2025-10-31 18:06:46,964 | Only found 6/16 bases for N=2003, r=300
2025-10-31 18:06:47,069 | Only found 7/16 bases for N=2003, r=300
2025-10-31 18:06:47,189 | Only found 1/16 bases for N=2003, r=300
2025-10-31 18:06:47,221 | Only found 10/16 bases for N=2003, r=300
2025-10-31 18:06:47,385 | Only found 5/16 bases for N=2003, r=300
2025-10-31 18:06:47,475 | Only found 3/16 bases for N=2003, r=300
2025-10-31 18:06:47,536 | Only found 1/16 bases for N=2003, r=300
2025-10-31 18:06:47,568 | Only found 2/16 bases for N=2003, r=300
2025-10-31 18:06:47,615 | Only found 7/16 bases for N=2003, r=300
2025-10-31 18:06:47,735 | Only found 3/16 bases for N=2003, r=300
2025-10-31 18:06:47,797 | Only found 3/16 bases for N=2003, r=300
2025-10-31 18:06:47,858 | Only found 3/16 bases for N=2003, r=300
2025-10-31 18:06:47,919 | Only found 5/16 bases for N=2003, r=300
2025-10-31 18:06:48,009 | Only found 4/16 bases for N=2003, r=300
2025-10-31 18:06:48,085 | Only found 3/16 bases for N=2003, r=300
2025-10-31 18:06:48,147 | Only found 2/16 bases for N=2003, r=300
2025-10-31 18:06:48,193 | Only found 10/16 bases for N=2003, r=300
2025-10-31 18:06:48,358 | Only found 7/16 bases for N=2003, r=300
2025-10-31 18:06:48,478 | Only found 6/16 bases for N=2003, r=300
2025-10-31 18:06:48,584 | Only found 7/16 bases for N=2003, r=300
2025-10-31 18:06:48,704 | Only found 3/16 bases for N=2003, r=300
2025-10-31 18:06:48,765 | Only found 6/16 bases for N=2003, r=300
2025-10-31 18:06:48,871 | Only found 5/16 bases for N=2003, r=300
2025-10-31 18:06:48,961 | Only found 2/16 bases for N=2003, r=300
2025-10-31 18:06:49,008 | Only found 5/16 bases for N=2003, r=300
2025-10-31 18:06:49,098 | Only found 1/16 bases for N=2003, r=300
2025-10-31 18:06:49,131 | Only found 3/16 bases for N=2003, r=300
2025-10-31 18:06:49,192 | Only found 4/16 bases for N=2003, r=300
2025-10-31 18:06:49,267 | Only found 5/16 bases for N=2003, r=300
2025-10-31 18:06:49,358 | Only found 7/16 bases for N=2003, r=300
2025-10-31 18:06:49,479 | Only found 6/16 bases for N=2003, r=300
2025-10-31 18:06:49,584 | Only found 3/16 bases for N=2003, r=300
2025-10-31 18:06:49,645 | Only found 5/16 bases for N=2003, r=300
2025-10-31 18:06:49,736 | Only found 6/16 bases for N=2003, r=300
2025-10-31 18:06:49,841 | Only found 6/16 bases for N=2003, r=300
2025-10-31 18:06:49,947 | Only found 5/16 bases for N=2003, r=300
2025-10-31 18:06:50,038 | Only found 2/16 bases for N=2003, r=300
2025-10-31 18:06:50,084 | Only found 5/16 bases for N=2003, r=300
2025-10-31 18:06:50,175 | Only found 3/16 bases for N=2003, r=300
2025-10-31 18:06:50,236 | Only found 4/16 bases for N=2003, r=300
2025-10-31 18:06:50,312 | Only found 8/16 bases for N=2003, r=300
2025-10-31 18:06:50,447 | Only found 3/16 bases for N=2003, r=300
2025-10-31 18:06:50,509 | Only found 6/16 bases for N=2003, r=300
2025-10-31 18:06:50,614 | Only found 4/16 bases for N=2003, r=300
2025-10-31 18:06:50,689 | Only found 6/16 bases for N=2003, r=300
2025-10-31 18:06:50,794 | Only found 6/16 bases for N=2003, r=300
2025-10-31 18:06:50,900 | Only found 9/16 bases for N=2003, r=300
2025-10-31 18:06:51,049 | Only found 7/16 bases for N=2003, r=300
2025-10-31 18:06:51,170 | Only found 7/16 bases for N=2003, r=300
2025-10-31 18:06:51,289 | Only found 6/16 bases for N=2003, r=300
2025-10-31 18:06:51,395 | Only found 6/16 bases for N=2003, r=300
2025-10-31 18:06:51,501 | Only found 7/16 bases for N=2003, r=300
2025-10-31 18:06:51,621 | Only found 1/16 bases for N=2003, r=300
2025-10-31 18:06:51,653 | Only found 10/16 bases for N=2003, r=300
2025-10-31 18:06:51,817 | Only found 5/16 bases for N=2003, r=300
2025-10-31 18:06:51,907 | Only found 3/16 bases for N=2003, r=300
2025-10-31 18:06:51,968 | Only found 1/16 bases for N=2003, r=300
2025-10-31 18:06:52,000 | Only found 2/16 bases for N=2003, r=300
2025-10-31 18:06:52,047 | Only found 7/16 bases for N=2003, r=300
2025-10-31 18:06:52,167 | Only found 3/16 bases for N=2003, r=300
2025-10-31 18:06:52,228 | Only found 3/16 bases for N=2003, r=300
2025-10-31 18:06:52,289 | Only found 3/16 bases for N=2003, r=300
2025-10-31 18:06:52,350 | Only found 5/16 bases for N=2003, r=300
2025-10-31 18:06:52,441 | Only found 4/16 bases for N=2003, r=300
2025-10-31 18:06:52,517 | Only found 3/16 bases for N=2003, r=300
2025-10-31 18:06:52,579 | Only found 2/16 bases for N=2003, r=300
2025-10-31 18:06:52,625 | Only found 10/16 bases for N=2003, r=300
2025-10-31 18:06:52,791 | Only found 7/16 bases for N=2003, r=300
2025-10-31 18:06:52,912 | Only found 6/16 bases for N=2003, r=300
2025-10-31 18:06:53,018 | Only found 7/16 bases for N=2003, r=300
2025-10-31 18:06:53,139 | Only found 3/16 bases for N=2003, r=300
2025-10-31 18:06:53,201 | Only found 6/16 bases for N=2003, r=300
2025-10-31 18:06:53,307 | Only found 5/16 bases for N=2003, r=300
2025-10-31 18:06:53,398 | Only found 2/16 bases for N=2003, r=300
2025-10-31 18:06:53,446 | Only found 5/16 bases for N=2003, r=300
2025-10-31 18:06:53,536 | Only found 1/16 bases for N=2003, r=300
2025-10-31 18:06:53,569 | Only found 3/16 bases for N=2003, r=300
2025-10-31 18:06:53,630 | Only found 4/16 bases for N=2003, r=300
2025-10-31 18:06:53,706 | Only found 5/16 bases for N=2003, r=300
2025-10-31 18:06:53,797 | Only found 7/16 bases for N=2003, r=300
2025-10-31 18:06:53,917 | Only found 6/16 bases for N=2003, r=300
2025-10-31 18:06:54,022 | Only found 3/16 bases for N=2003, r=300
2025-10-31 18:06:54,084 | Only found 5/16 bases for N=2003, r=300
2025-10-31 18:06:54,174 | Only found 6/16 bases for N=2003, r=300
2025-10-31 18:06:54,262 |     [40/81] φ=0.0050: S=nan±nan | ETA: 10.3m
2025-10-31 18:06:54,280 | Only found 6/16 bases for N=2003, r=300
2025-10-31 18:06:54,387 | Only found 5/16 bases for N=2003, r=300
2025-10-31 18:06:54,477 | Only found 2/16 bases for N=2003, r=300
2025-10-31 18:06:54,524 | Only found 5/16 bases for N=2003, r=300
2025-10-31 18:06:54,615 | Only found 3/16 bases for N=2003, r=300
2025-10-31 18:06:54,676 | Only found 4/16 bases for N=2003, r=300
2025-10-31 18:06:54,753 | Only found 8/16 bases for N=2003, r=300
2025-10-31 18:06:54,887 | Only found 3/16 bases for N=2003, r=300
2025-10-31 18:06:54,949 | Only found 6/16 bases for N=2003, r=300
2025-10-31 18:06:55,054 | Only found 4/16 bases for N=2003, r=300
2025-10-31 18:06:55,130 | Only found 6/16 bases for N=2003, r=300
2025-10-31 18:06:55,235 | Only found 6/16 bases for N=2003, r=300
2025-10-31 18:06:55,340 | Only found 9/16 bases for N=2003, r=300
2025-10-31 18:06:55,491 | Only found 7/16 bases for N=2003, r=300
2025-10-31 18:06:55,611 | Only found 7/16 bases for N=2003, r=300
2025-10-31 18:06:55,731 | Only found 6/16 bases for N=2003, r=300
2025-10-31 18:06:55,836 | Only found 6/16 bases for N=2003, r=300
2025-10-31 18:06:55,942 | Only found 7/16 bases for N=2003, r=300
2025-10-31 18:06:56,062 | Only found 1/16 bases for N=2003, r=300
2025-10-31 18:06:56,094 | Only found 10/16 bases for N=2003, r=300
2025-10-31 18:06:56,259 | Only found 5/16 bases for N=2003, r=300
2025-10-31 18:06:56,349 | Only found 3/16 bases for N=2003, r=300
2025-10-31 18:06:56,410 | Only found 1/16 bases for N=2003, r=300
2025-10-31 18:06:56,442 | Only found 2/16 bases for N=2003, r=300
2025-10-31 18:06:56,489 | Only found 7/16 bases for N=2003, r=300
2025-10-31 18:06:56,609 | Only found 3/16 bases for N=2003, r=300
2025-10-31 18:06:56,670 | Only found 3/16 bases for N=2003, r=300
2025-10-31 18:06:56,732 | Only found 3/16 bases for N=2003, r=300
2025-10-31 18:06:56,793 | Only found 5/16 bases for N=2003, r=300
2025-10-31 18:06:56,883 | Only found 4/16 bases for N=2003, r=300
2025-10-31 18:06:56,959 | Only found 3/16 bases for N=2003, r=300
2025-10-31 18:06:57,020 | Only found 2/16 bases for N=2003, r=300
2025-10-31 18:06:57,067 | Only found 10/16 bases for N=2003, r=300
2025-10-31 18:06:57,230 | Only found 7/16 bases for N=2003, r=300
2025-10-31 18:06:57,351 | Only found 6/16 bases for N=2003, r=300
2025-10-31 18:06:57,456 | Only found 7/16 bases for N=2003, r=300
2025-10-31 18:06:57,576 | Only found 3/16 bases for N=2003, r=300
2025-10-31 18:06:57,638 | Only found 6/16 bases for N=2003, r=300
2025-10-31 18:06:57,743 | Only found 5/16 bases for N=2003, r=300
2025-10-31 18:06:57,834 | Only found 2/16 bases for N=2003, r=300
2025-10-31 18:06:57,880 | Only found 5/16 bases for N=2003, r=300
2025-10-31 18:06:57,970 | Only found 1/16 bases for N=2003, r=300
2025-10-31 18:06:58,002 | Only found 3/16 bases for N=2003, r=300
2025-10-31 18:06:58,064 | Only found 4/16 bases for N=2003, r=300
2025-10-31 18:06:58,139 | Only found 5/16 bases for N=2003, r=300
2025-10-31 18:06:58,230 | Only found 7/16 bases for N=2003, r=300
2025-10-31 18:06:58,350 | Only found 6/16 bases for N=2003, r=300
2025-10-31 18:06:58,455 | Only found 3/16 bases for N=2003, r=300
2025-10-31 18:06:58,516 | Only found 5/16 bases for N=2003, r=300
2025-10-31 18:06:58,607 | Only found 6/16 bases for N=2003, r=300
2025-10-31 18:06:58,712 | Only found 6/16 bases for N=2003, r=300
2025-10-31 18:06:58,818 | Only found 5/16 bases for N=2003, r=300
2025-10-31 18:06:58,909 | Only found 2/16 bases for N=2003, r=300
2025-10-31 18:06:58,956 | Only found 5/16 bases for N=2003, r=300
2025-10-31 18:06:59,047 | Only found 3/16 bases for N=2003, r=300
2025-10-31 18:06:59,108 | Only found 4/16 bases for N=2003, r=300
2025-10-31 18:06:59,184 | Only found 8/16 bases for N=2003, r=300
2025-10-31 18:06:59,319 | Only found 3/16 bases for N=2003, r=300
2025-10-31 18:06:59,380 | Only found 6/16 bases for N=2003, r=300
2025-10-31 18:06:59,485 | Only found 4/16 bases for N=2003, r=300
2025-10-31 18:06:59,561 | Only found 6/16 bases for N=2003, r=300
2025-10-31 18:06:59,666 | Only found 6/16 bases for N=2003, r=300
2025-10-31 18:06:59,772 | Only found 9/16 bases for N=2003, r=300
2025-10-31 18:06:59,920 | Only found 7/16 bases for N=2003, r=300
2025-10-31 18:07:00,040 | Only found 7/16 bases for N=2003, r=300
2025-10-31 18:07:00,160 | Only found 6/16 bases for N=2003, r=300
2025-10-31 18:07:00,265 | Only found 6/16 bases for N=2003, r=300
2025-10-31 18:07:00,370 | Only found 7/16 bases for N=2003, r=300
2025-10-31 18:07:00,491 | Only found 1/16 bases for N=2003, r=300
2025-10-31 18:07:00,522 | Only found 10/16 bases for N=2003, r=300
2025-10-31 18:07:00,685 | Only found 5/16 bases for N=2003, r=300
2025-10-31 18:07:00,777 | Only found 3/16 bases for N=2003, r=300
2025-10-31 18:07:00,838 | Only found 1/16 bases for N=2003, r=300
2025-10-31 18:07:00,870 | Only found 2/16 bases for N=2003, r=300
2025-10-31 18:07:00,916 | Only found 7/16 bases for N=2003, r=300
2025-10-31 18:07:01,036 | Only found 3/16 bases for N=2003, r=300
2025-10-31 18:07:01,098 | Only found 3/16 bases for N=2003, r=300
2025-10-31 18:07:01,159 | Only found 3/16 bases for N=2003, r=300
2025-10-31 18:07:01,220 | Only found 5/16 bases for N=2003, r=300
2025-10-31 18:07:01,310 | Only found 4/16 bases for N=2003, r=300
2025-10-31 18:07:01,386 | Only found 3/16 bases for N=2003, r=300
2025-10-31 18:07:01,447 | Only found 2/16 bases for N=2003, r=300
2025-10-31 18:07:01,494 | Only found 10/16 bases for N=2003, r=300
2025-10-31 18:07:01,658 | Only found 7/16 bases for N=2003, r=300
2025-10-31 18:07:01,778 | Only found 6/16 bases for N=2003, r=300
2025-10-31 18:07:01,883 | Only found 7/16 bases for N=2003, r=300
2025-10-31 18:07:02,004 | Only found 3/16 bases for N=2003, r=300
2025-10-31 18:07:02,065 | Only found 6/16 bases for N=2003, r=300
2025-10-31 18:07:02,170 | Only found 5/16 bases for N=2003, r=300
2025-10-31 18:07:02,261 | Only found 2/16 bases for N=2003, r=300
2025-10-31 18:07:02,307 | Only found 5/16 bases for N=2003, r=300
2025-10-31 18:07:02,398 | Only found 1/16 bases for N=2003, r=300
2025-10-31 18:07:02,430 | Only found 3/16 bases for N=2003, r=300
2025-10-31 18:07:02,491 | Only found 4/16 bases for N=2003, r=300
2025-10-31 18:07:02,567 | Only found 5/16 bases for N=2003, r=300
2025-10-31 18:07:02,658 | Only found 7/16 bases for N=2003, r=300
2025-10-31 18:07:02,778 | Only found 6/16 bases for N=2003, r=300
2025-10-31 18:07:02,883 | Only found 3/16 bases for N=2003, r=300
2025-10-31 18:07:02,944 | Only found 5/16 bases for N=2003, r=300
2025-10-31 18:07:03,035 | Only found 6/16 bases for N=2003, r=300
2025-10-31 18:07:03,140 | Only found 6/16 bases for N=2003, r=300
2025-10-31 18:07:03,245 | Only found 5/16 bases for N=2003, r=300
2025-10-31 18:07:03,336 | Only found 2/16 bases for N=2003, r=300
2025-10-31 18:07:03,383 | Only found 5/16 bases for N=2003, r=300
2025-10-31 18:07:03,474 | Only found 3/16 bases for N=2003, r=300
2025-10-31 18:07:03,536 | Only found 4/16 bases for N=2003, r=300
2025-10-31 18:07:03,612 | Only found 8/16 bases for N=2003, r=300
2025-10-31 18:07:03,747 | Only found 3/16 bases for N=2003, r=300
2025-10-31 18:07:03,809 | Only found 6/16 bases for N=2003, r=300
2025-10-31 18:07:03,914 | Only found 4/16 bases for N=2003, r=300
2025-10-31 18:07:03,990 | Only found 6/16 bases for N=2003, r=300
2025-10-31 18:07:04,096 | Only found 6/16 bases for N=2003, r=300
2025-10-31 18:07:04,201 | Only found 9/16 bases for N=2003, r=300
2025-10-31 18:07:04,350 | Only found 7/16 bases for N=2003, r=300
2025-10-31 18:07:04,470 | Only found 7/16 bases for N=2003, r=300
2025-10-31 18:07:04,590 | Only found 6/16 bases for N=2003, r=300
2025-10-31 18:07:04,695 | Only found 6/16 bases for N=2003, r=300
2025-10-31 18:07:04,800 | Only found 7/16 bases for N=2003, r=300
2025-10-31 18:07:04,920 | Only found 1/16 bases for N=2003, r=300
2025-10-31 18:07:04,952 | Only found 10/16 bases for N=2003, r=300
2025-10-31 18:07:05,116 | Only found 5/16 bases for N=2003, r=300
2025-10-31 18:07:05,206 | Only found 3/16 bases for N=2003, r=300
2025-10-31 18:07:05,268 | Only found 1/16 bases for N=2003, r=300
2025-10-31 18:07:05,299 | Only found 2/16 bases for N=2003, r=300
2025-10-31 18:07:05,346 | Only found 7/16 bases for N=2003, r=300
2025-10-31 18:07:05,466 | Only found 3/16 bases for N=2003, r=300
2025-10-31 18:07:05,527 | Only found 3/16 bases for N=2003, r=300
2025-10-31 18:07:05,588 | Only found 3/16 bases for N=2003, r=300
2025-10-31 18:07:05,649 | Only found 5/16 bases for N=2003, r=300
2025-10-31 18:07:05,739 | Only found 4/16 bases for N=2003, r=300
2025-10-31 18:07:05,815 | Only found 3/16 bases for N=2003, r=300
2025-10-31 18:07:05,876 | Only found 2/16 bases for N=2003, r=300
2025-10-31 18:07:05,923 | Only found 10/16 bases for N=2003, r=300
2025-10-31 18:07:06,086 | Only found 7/16 bases for N=2003, r=300
2025-10-31 18:07:06,206 | Only found 6/16 bases for N=2003, r=300
2025-10-31 18:07:06,312 | Only found 7/16 bases for N=2003, r=300
2025-10-31 18:07:06,432 | Only found 3/16 bases for N=2003, r=300
2025-10-31 18:07:06,493 | Only found 6/16 bases for N=2003, r=300
2025-10-31 18:07:06,599 | Only found 5/16 bases for N=2003, r=300
2025-10-31 18:07:06,689 | Only found 2/16 bases for N=2003, r=300
2025-10-31 18:07:06,736 | Only found 5/16 bases for N=2003, r=300
2025-10-31 18:07:06,826 | Only found 1/16 bases for N=2003, r=300
2025-10-31 18:07:06,858 | Only found 3/16 bases for N=2003, r=300
2025-10-31 18:07:06,919 | Only found 4/16 bases for N=2003, r=300
2025-10-31 18:07:06,995 | Only found 5/16 bases for N=2003, r=300
2025-10-31 18:07:07,085 | Only found 7/16 bases for N=2003, r=300
2025-10-31 18:07:07,205 | Only found 6/16 bases for N=2003, r=300
2025-10-31 18:07:07,311 | Only found 3/16 bases for N=2003, r=300
2025-10-31 18:07:07,372 | Only found 5/16 bases for N=2003, r=300
2025-10-31 18:07:07,463 | Only found 6/16 bases for N=2003, r=300
2025-10-31 18:07:07,569 | Only found 6/16 bases for N=2003, r=300
2025-10-31 18:07:07,675 | Only found 5/16 bases for N=2003, r=300
2025-10-31 18:07:07,765 | Only found 2/16 bases for N=2003, r=300
2025-10-31 18:07:07,819 | Only found 5/16 bases for N=2003, r=300
2025-10-31 18:07:07,910 | Only found 3/16 bases for N=2003, r=300
2025-10-31 18:07:07,972 | Only found 4/16 bases for N=2003, r=300
2025-10-31 18:07:08,049 | Only found 8/16 bases for N=2003, r=300
2025-10-31 18:07:08,185 | Only found 3/16 bases for N=2003, r=300
2025-10-31 18:07:08,246 | Only found 6/16 bases for N=2003, r=300
2025-10-31 18:07:08,353 | Only found 4/16 bases for N=2003, r=300
2025-10-31 18:07:08,429 | Only found 6/16 bases for N=2003, r=300
2025-10-31 18:07:08,536 | Only found 6/16 bases for N=2003, r=300
2025-10-31 18:07:08,642 | Only found 9/16 bases for N=2003, r=300
2025-10-31 18:07:08,793 | Only found 7/16 bases for N=2003, r=300
2025-10-31 18:07:08,914 | Only found 7/16 bases for N=2003, r=300
2025-10-31 18:07:09,035 | Only found 6/16 bases for N=2003, r=300
2025-10-31 18:07:09,140 | Only found 6/16 bases for N=2003, r=300
2025-10-31 18:07:09,246 | Only found 7/16 bases for N=2003, r=300
2025-10-31 18:07:09,366 | Only found 1/16 bases for N=2003, r=300
2025-10-31 18:07:09,398 | Only found 10/16 bases for N=2003, r=300
2025-10-31 18:07:09,562 | Only found 5/16 bases for N=2003, r=300
2025-10-31 18:07:09,653 | Only found 3/16 bases for N=2003, r=300
2025-10-31 18:07:09,715 | Only found 1/16 bases for N=2003, r=300
2025-10-31 18:07:09,747 | Only found 2/16 bases for N=2003, r=300
2025-10-31 18:07:09,794 | Only found 7/16 bases for N=2003, r=300
2025-10-31 18:07:09,913 | Only found 3/16 bases for N=2003, r=300
2025-10-31 18:07:09,975 | Only found 3/16 bases for N=2003, r=300
2025-10-31 18:07:10,036 | Only found 3/16 bases for N=2003, r=300
2025-10-31 18:07:10,098 | Only found 5/16 bases for N=2003, r=300
2025-10-31 18:07:10,188 | Only found 4/16 bases for N=2003, r=300
2025-10-31 18:07:10,264 | Only found 3/16 bases for N=2003, r=300
2025-10-31 18:07:10,326 | Only found 2/16 bases for N=2003, r=300
2025-10-31 18:07:10,373 | Only found 10/16 bases for N=2003, r=300
2025-10-31 18:07:10,537 | Only found 7/16 bases for N=2003, r=300
2025-10-31 18:07:10,657 | Only found 6/16 bases for N=2003, r=300
2025-10-31 18:07:10,762 | Only found 7/16 bases for N=2003, r=300
2025-10-31 18:07:10,883 | Only found 3/16 bases for N=2003, r=300
2025-10-31 18:07:10,944 | Only found 6/16 bases for N=2003, r=300
2025-10-31 18:07:11,049 | Only found 5/16 bases for N=2003, r=300
2025-10-31 18:07:11,140 | Only found 2/16 bases for N=2003, r=300
2025-10-31 18:07:11,187 | Only found 5/16 bases for N=2003, r=300
2025-10-31 18:07:11,277 | Only found 1/16 bases for N=2003, r=300
2025-10-31 18:07:11,309 | Only found 3/16 bases for N=2003, r=300
2025-10-31 18:07:11,371 | Only found 4/16 bases for N=2003, r=300
2025-10-31 18:07:11,447 | Only found 5/16 bases for N=2003, r=300
2025-10-31 18:07:11,538 | Only found 7/16 bases for N=2003, r=300
2025-10-31 18:07:11,659 | Only found 6/16 bases for N=2003, r=300
2025-10-31 18:07:11,765 | Only found 3/16 bases for N=2003, r=300
2025-10-31 18:07:11,826 | Only found 5/16 bases for N=2003, r=300
2025-10-31 18:07:11,917 | Only found 6/16 bases for N=2003, r=300
2025-10-31 18:07:12,022 | Only found 6/16 bases for N=2003, r=300
2025-10-31 18:07:12,128 | Only found 5/16 bases for N=2003, r=300
2025-10-31 18:07:12,219 | Only found 2/16 bases for N=2003, r=300
2025-10-31 18:07:12,266 | Only found 5/16 bases for N=2003, r=300
2025-10-31 18:07:12,356 | Only found 3/16 bases for N=2003, r=300
2025-10-31 18:07:12,418 | Only found 4/16 bases for N=2003, r=300
2025-10-31 18:07:12,494 | Only found 8/16 bases for N=2003, r=300
2025-10-31 18:07:12,629 | Only found 3/16 bases for N=2003, r=300
2025-10-31 18:07:12,690 | Only found 6/16 bases for N=2003, r=300
2025-10-31 18:07:12,797 | Only found 4/16 bases for N=2003, r=300
2025-10-31 18:07:12,873 | Only found 6/16 bases for N=2003, r=300
2025-10-31 18:07:12,978 | Only found 6/16 bases for N=2003, r=300
2025-10-31 18:07:13,084 | Only found 9/16 bases for N=2003, r=300
2025-10-31 18:07:13,232 | Only found 7/16 bases for N=2003, r=300
2025-10-31 18:07:13,352 | Only found 7/16 bases for N=2003, r=300
2025-10-31 18:07:13,475 | Only found 6/16 bases for N=2003, r=300
2025-10-31 18:07:13,583 | Only found 6/16 bases for N=2003, r=300
2025-10-31 18:07:13,691 | Only found 7/16 bases for N=2003, r=300
2025-10-31 18:07:13,815 | Only found 1/16 bases for N=2003, r=300
2025-10-31 18:07:13,847 | Only found 10/16 bases for N=2003, r=300
2025-10-31 18:07:14,016 | Only found 5/16 bases for N=2003, r=300
2025-10-31 18:07:14,109 | Only found 3/16 bases for N=2003, r=300
2025-10-31 18:07:14,172 | Only found 1/16 bases for N=2003, r=300
2025-10-31 18:07:14,205 | Only found 2/16 bases for N=2003, r=300
2025-10-31 18:07:14,252 | Only found 7/16 bases for N=2003, r=300
2025-10-31 18:07:14,375 | Only found 3/16 bases for N=2003, r=300
2025-10-31 18:07:14,438 | Only found 3/16 bases for N=2003, r=300
2025-10-31 18:07:14,501 | Only found 3/16 bases for N=2003, r=300
2025-10-31 18:07:14,563 | Only found 5/16 bases for N=2003, r=300
2025-10-31 18:07:14,654 | Only found 4/16 bases for N=2003, r=300
2025-10-31 18:07:14,731 | Only found 3/16 bases for N=2003, r=300
2025-10-31 18:07:14,793 | Only found 2/16 bases for N=2003, r=300
2025-10-31 18:07:14,840 | Only found 10/16 bases for N=2003, r=300
2025-10-31 18:07:15,005 | Only found 7/16 bases for N=2003, r=300
2025-10-31 18:07:15,128 | Only found 6/16 bases for N=2003, r=300
2025-10-31 18:07:15,236 | Only found 7/16 bases for N=2003, r=300
2025-10-31 18:07:15,359 | Only found 3/16 bases for N=2003, r=300
2025-10-31 18:07:15,421 | Only found 6/16 bases for N=2003, r=300
2025-10-31 18:07:15,527 | Only found 5/16 bases for N=2003, r=300
2025-10-31 18:07:15,618 | Only found 2/16 bases for N=2003, r=300
2025-10-31 18:07:15,665 | Only found 5/16 bases for N=2003, r=300
2025-10-31 18:07:15,756 | Only found 1/16 bases for N=2003, r=300
2025-10-31 18:07:15,788 | Only found 3/16 bases for N=2003, r=300
2025-10-31 18:07:15,850 | Only found 4/16 bases for N=2003, r=300
2025-10-31 18:07:15,927 | Only found 5/16 bases for N=2003, r=300
2025-10-31 18:07:16,020 | Only found 7/16 bases for N=2003, r=300
2025-10-31 18:07:16,141 | Only found 6/16 bases for N=2003, r=300
2025-10-31 18:07:16,247 | Only found 3/16 bases for N=2003, r=300
2025-10-31 18:07:16,308 | Only found 5/16 bases for N=2003, r=300
2025-10-31 18:07:16,400 | Only found 6/16 bases for N=2003, r=300
2025-10-31 18:07:16,489 |     [45/81] φ=0.2000: S=nan±nan | ETA: 8.3m
2025-10-31 18:07:16,489 |   L=65536...
2025-10-31 18:07:16,506 | Only found 6/16 bases for N=2003, r=300
2025-10-31 18:07:16,886 | Only found 5/16 bases for N=2003, r=300
2025-10-31 18:07:17,203 | Only found 2/16 bases for N=2003, r=300
2025-10-31 18:07:17,340 | Only found 5/16 bases for N=2003, r=300
2025-10-31 18:07:17,655 | Only found 3/16 bases for N=2003, r=300
2025-10-31 18:07:17,852 | Only found 4/16 bases for N=2003, r=300
2025-10-31 18:07:18,108 | Only found 8/16 bases for N=2003, r=300
2025-10-31 18:07:18,600 | Only found 3/16 bases for N=2003, r=300
2025-10-31 18:07:18,796 | Only found 6/16 bases for N=2003, r=300
2025-10-31 18:07:19,171 | Only found 4/16 bases for N=2003, r=300
2025-10-31 18:07:19,426 | Only found 6/16 bases for N=2003, r=300
2025-10-31 18:07:19,804 | Only found 6/16 bases for N=2003, r=300
2025-10-31 18:07:20,179 | Only found 9/16 bases for N=2003, r=300
2025-10-31 18:07:20,735 | Only found 7/16 bases for N=2003, r=300
2025-10-31 18:07:21,173 | Only found 7/16 bases for N=2003, r=300
2025-10-31 18:07:21,610 | Only found 6/16 bases for N=2003, r=300
2025-10-31 18:07:21,984 | Only found 6/16 bases for N=2003, r=300
2025-10-31 18:07:22,360 | Only found 7/16 bases for N=2003, r=300
2025-10-31 18:07:22,798 | Only found 1/16 bases for N=2003, r=300
2025-10-31 18:07:22,876 | Only found 10/16 bases for N=2003, r=300
2025-10-31 18:07:23,488 | Only found 5/16 bases for N=2003, r=300
2025-10-31 18:07:23,805 | Only found 3/16 bases for N=2003, r=300
2025-10-31 18:07:24,001 | Only found 1/16 bases for N=2003, r=300
2025-10-31 18:07:24,078 | Only found 2/16 bases for N=2003, r=300
2025-10-31 18:07:24,214 | Only found 7/16 bases for N=2003, r=300
2025-10-31 18:07:24,646 | Only found 3/16 bases for N=2003, r=300
2025-10-31 18:07:24,843 | Only found 3/16 bases for N=2003, r=300
2025-10-31 18:07:25,040 | Only found 3/16 bases for N=2003, r=300
2025-10-31 18:07:25,235 | Only found 5/16 bases for N=2003, r=300
2025-10-31 18:07:25,553 | Only found 4/16 bases for N=2003, r=300
2025-10-31 18:07:25,808 | Only found 3/16 bases for N=2003, r=300
2025-10-31 18:07:26,005 | Only found 2/16 bases for N=2003, r=300
2025-10-31 18:07:26,144 | Only found 10/16 bases for N=2003, r=300
2025-10-31 18:07:26,765 | Only found 7/16 bases for N=2003, r=300
2025-10-31 18:07:27,200 | Only found 6/16 bases for N=2003, r=300
2025-10-31 18:07:27,576 | Only found 7/16 bases for N=2003, r=300
2025-10-31 18:07:28,011 | Only found 3/16 bases for N=2003, r=300
2025-10-31 18:07:28,207 | Only found 6/16 bases for N=2003, r=300
2025-10-31 18:07:28,579 | Only found 5/16 bases for N=2003, r=300
2025-10-31 18:07:28,893 | Only found 2/16 bases for N=2003, r=300
2025-10-31 18:07:29,029 | Only found 5/16 bases for N=2003, r=300
2025-10-31 18:07:29,344 | Only found 1/16 bases for N=2003, r=300
2025-10-31 18:07:29,421 | Only found 3/16 bases for N=2003, r=300
2025-10-31 18:07:29,617 | Only found 4/16 bases for N=2003, r=300
2025-10-31 18:07:29,872 | Only found 5/16 bases for N=2003, r=300
2025-10-31 18:07:30,190 | Only found 7/16 bases for N=2003, r=300
2025-10-31 18:07:30,627 | Only found 6/16 bases for N=2003, r=300
2025-10-31 18:07:31,004 | Only found 3/16 bases for N=2003, r=300
2025-10-31 18:07:31,202 | Only found 5/16 bases for N=2003, r=300
2025-10-31 18:07:31,519 | Only found 6/16 bases for N=2003, r=300
2025-10-31 18:07:31,899 | Only found 6/16 bases for N=2003, r=300
2025-10-31 18:07:32,279 | Only found 5/16 bases for N=2003, r=300
2025-10-31 18:07:32,597 | Only found 2/16 bases for N=2003, r=300
2025-10-31 18:07:32,736 | Only found 5/16 bases for N=2003, r=300
2025-10-31 18:07:33,052 | Only found 3/16 bases for N=2003, r=300
2025-10-31 18:07:33,248 | Only found 4/16 bases for N=2003, r=300
2025-10-31 18:07:33,502 | Only found 8/16 bases for N=2003, r=300
2025-10-31 18:07:33,994 | Only found 3/16 bases for N=2003, r=300
2025-10-31 18:07:34,190 | Only found 6/16 bases for N=2003, r=300
2025-10-31 18:07:34,561 | Only found 4/16 bases for N=2003, r=300
2025-10-31 18:07:34,815 | Only found 6/16 bases for N=2003, r=300
2025-10-31 18:07:35,188 | Only found 6/16 bases for N=2003, r=300
2025-10-31 18:07:35,561 | Only found 9/16 bases for N=2003, r=300
2025-10-31 18:07:36,112 | Only found 7/16 bases for N=2003, r=300
2025-10-31 18:07:36,543 | Only found 7/16 bases for N=2003, r=300
2025-10-31 18:07:36,974 | Only found 6/16 bases for N=2003, r=300
2025-10-31 18:07:37,348 | Only found 6/16 bases for N=2003, r=300
2025-10-31 18:07:37,720 | Only found 7/16 bases for N=2003, r=300
2025-10-31 18:07:38,155 | Only found 1/16 bases for N=2003, r=300
2025-10-31 18:07:38,231 | Only found 10/16 bases for N=2003, r=300
2025-10-31 18:07:38,840 | Only found 5/16 bases for N=2003, r=300
2025-10-31 18:07:39,152 | Only found 3/16 bases for N=2003, r=300
2025-10-31 18:07:39,346 | Only found 1/16 bases for N=2003, r=300
2025-10-31 18:07:39,424 | Only found 2/16 bases for N=2003, r=300
2025-10-31 18:07:39,562 | Only found 7/16 bases for N=2003, r=300
2025-10-31 18:07:40,002 | Only found 3/16 bases for N=2003, r=300
2025-10-31 18:07:40,202 | Only found 3/16 bases for N=2003, r=300
2025-10-31 18:07:40,401 | Only found 3/16 bases for N=2003, r=300
2025-10-31 18:07:40,599 | Only found 5/16 bases for N=2003, r=300
2025-10-31 18:07:40,918 | Only found 4/16 bases for N=2003, r=300
2025-10-31 18:07:41,177 | Only found 3/16 bases for N=2003, r=300
2025-10-31 18:07:41,376 | Only found 2/16 bases for N=2003, r=300
2025-10-31 18:07:41,515 | Only found 10/16 bases for N=2003, r=300
2025-10-31 18:07:42,138 | Only found 7/16 bases for N=2003, r=300
2025-10-31 18:07:42,580 | Only found 6/16 bases for N=2003, r=300
2025-10-31 18:07:42,960 | Only found 7/16 bases for N=2003, r=300
2025-10-31 18:07:43,401 | Only found 3/16 bases for N=2003, r=300
2025-10-31 18:07:43,600 | Only found 6/16 bases for N=2003, r=300
2025-10-31 18:07:43,980 | Only found 5/16 bases for N=2003, r=300
2025-10-31 18:07:44,300 | Only found 2/16 bases for N=2003, r=300
2025-10-31 18:07:44,438 | Only found 5/16 bases for N=2003, r=300
2025-10-31 18:07:44,759 | Only found 1/16 bases for N=2003, r=300
2025-10-31 18:07:44,837 | Only found 3/16 bases for N=2003, r=300
2025-10-31 18:07:45,036 | Only found 4/16 bases for N=2003, r=300
2025-10-31 18:07:45,295 | Only found 5/16 bases for N=2003, r=300
2025-10-31 18:07:45,615 | Only found 7/16 bases for N=2003, r=300
2025-10-31 18:07:46,055 | Only found 6/16 bases for N=2003, r=300
2025-10-31 18:07:46,435 | Only found 3/16 bases for N=2003, r=300
2025-10-31 18:07:46,634 | Only found 5/16 bases for N=2003, r=300
2025-10-31 18:07:46,955 | Only found 6/16 bases for N=2003, r=300
2025-10-31 18:07:47,336 | Only found 6/16 bases for N=2003, r=300
2025-10-31 18:07:47,719 | Only found 5/16 bases for N=2003, r=300
2025-10-31 18:07:48,040 | Only found 2/16 bases for N=2003, r=300
2025-10-31 18:07:48,178 | Only found 5/16 bases for N=2003, r=300
2025-10-31 18:07:48,498 | Only found 3/16 bases for N=2003, r=300
2025-10-31 18:07:48,697 | Only found 4/16 bases for N=2003, r=300
2025-10-31 18:07:48,957 | Only found 8/16 bases for N=2003, r=300
2025-10-31 18:07:49,458 | Only found 3/16 bases for N=2003, r=300
2025-10-31 18:07:49,657 | Only found 6/16 bases for N=2003, r=300
2025-10-31 18:07:50,037 | Only found 4/16 bases for N=2003, r=300
2025-10-31 18:07:50,296 | Only found 6/16 bases for N=2003, r=300
2025-10-31 18:07:50,678 | Only found 6/16 bases for N=2003, r=300
2025-10-31 18:07:51,058 | Only found 9/16 bases for N=2003, r=300
2025-10-31 18:07:51,622 | Only found 7/16 bases for N=2003, r=300
2025-10-31 18:07:52,063 | Only found 7/16 bases for N=2003, r=300
2025-10-31 18:07:52,503 | Only found 6/16 bases for N=2003, r=300
2025-10-31 18:07:52,885 | Only found 6/16 bases for N=2003, r=300
2025-10-31 18:07:53,265 | Only found 7/16 bases for N=2003, r=300
2025-10-31 18:07:53,707 | Only found 1/16 bases for N=2003, r=300
2025-10-31 18:07:53,785 | Only found 10/16 bases for N=2003, r=300
2025-10-31 18:07:54,409 | Only found 5/16 bases for N=2003, r=300
2025-10-31 18:07:54,730 | Only found 3/16 bases for N=2003, r=300
2025-10-31 18:07:54,929 | Only found 1/16 bases for N=2003, r=300
2025-10-31 18:07:55,008 | Only found 2/16 bases for N=2003, r=300
2025-10-31 18:07:55,146 | Only found 7/16 bases for N=2003, r=300
2025-10-31 18:07:55,587 | Only found 3/16 bases for N=2003, r=300
2025-10-31 18:07:55,786 | Only found 3/16 bases for N=2003, r=300
2025-10-31 18:07:55,985 | Only found 3/16 bases for N=2003, r=300
2025-10-31 18:07:56,184 | Only found 5/16 bases for N=2003, r=300
2025-10-31 18:07:56,507 | Only found 4/16 bases for N=2003, r=300
2025-10-31 18:07:56,766 | Only found 3/16 bases for N=2003, r=300
2025-10-31 18:07:56,963 | Only found 2/16 bases for N=2003, r=300
2025-10-31 18:07:57,101 | Only found 10/16 bases for N=2003, r=300
2025-10-31 18:07:57,722 | Only found 7/16 bases for N=2003, r=300
2025-10-31 18:07:58,162 | Only found 6/16 bases for N=2003, r=300
2025-10-31 18:07:58,541 | Only found 7/16 bases for N=2003, r=300
2025-10-31 18:07:58,981 | Only found 3/16 bases for N=2003, r=300
2025-10-31 18:07:59,180 | Only found 6/16 bases for N=2003, r=300
2025-10-31 18:07:59,560 | Only found 5/16 bases for N=2003, r=300
2025-10-31 18:07:59,880 | Only found 2/16 bases for N=2003, r=300
2025-10-31 18:08:00,018 | Only found 5/16 bases for N=2003, r=300
2025-10-31 18:08:00,338 | Only found 1/16 bases for N=2003, r=300
2025-10-31 18:08:00,416 | Only found 3/16 bases for N=2003, r=300
2025-10-31 18:08:00,615 | Only found 4/16 bases for N=2003, r=300
2025-10-31 18:08:00,874 | Only found 5/16 bases for N=2003, r=300
2025-10-31 18:08:01,192 | Only found 7/16 bases for N=2003, r=300
2025-10-31 18:08:01,632 | Only found 6/16 bases for N=2003, r=300
2025-10-31 18:08:02,011 | Only found 3/16 bases for N=2003, r=300
2025-10-31 18:08:02,210 | Only found 5/16 bases for N=2003, r=300
2025-10-31 18:08:02,528 | Only found 6/16 bases for N=2003, r=300
2025-10-31 18:08:02,908 | Only found 6/16 bases for N=2003, r=300
2025-10-31 18:08:03,290 | Only found 5/16 bases for N=2003, r=300
2025-10-31 18:08:03,610 | Only found 2/16 bases for N=2003, r=300
2025-10-31 18:08:03,748 | Only found 5/16 bases for N=2003, r=300
2025-10-31 18:08:04,067 | Only found 3/16 bases for N=2003, r=300
2025-10-31 18:08:04,266 | Only found 4/16 bases for N=2003, r=300
2025-10-31 18:08:04,525 | Only found 8/16 bases for N=2003, r=300
2025-10-31 18:08:05,025 | Only found 3/16 bases for N=2003, r=300
2025-10-31 18:08:05,223 | Only found 6/16 bases for N=2003, r=300
2025-10-31 18:08:05,603 | Only found 4/16 bases for N=2003, r=300
2025-10-31 18:08:05,862 | Only found 6/16 bases for N=2003, r=300
2025-10-31 18:08:06,242 | Only found 6/16 bases for N=2003, r=300
2025-10-31 18:08:06,623 | Only found 9/16 bases for N=2003, r=300
2025-10-31 18:08:07,185 | Only found 7/16 bases for N=2003, r=300
2025-10-31 18:08:07,626 | Only found 7/16 bases for N=2003, r=300
2025-10-31 18:08:08,067 | Only found 6/16 bases for N=2003, r=300
2025-10-31 18:08:08,447 | Only found 6/16 bases for N=2003, r=300
2025-10-31 18:08:08,826 | Only found 7/16 bases for N=2003, r=300
2025-10-31 18:08:09,268 | Only found 1/16 bases for N=2003, r=300
2025-10-31 18:08:09,346 | Only found 10/16 bases for N=2003, r=300
2025-10-31 18:08:09,968 | Only found 5/16 bases for N=2003, r=300
2025-10-31 18:08:10,287 | Only found 3/16 bases for N=2003, r=300
2025-10-31 18:08:10,486 | Only found 1/16 bases for N=2003, r=300
2025-10-31 18:08:10,564 | Only found 2/16 bases for N=2003, r=300
2025-10-31 18:08:10,702 | Only found 7/16 bases for N=2003, r=300
2025-10-31 18:08:11,141 | Only found 3/16 bases for N=2003, r=300
2025-10-31 18:08:11,339 | Only found 3/16 bases for N=2003, r=300
2025-10-31 18:08:11,538 | Only found 3/16 bases for N=2003, r=300
2025-10-31 18:08:11,736 | Only found 5/16 bases for N=2003, r=300
2025-10-31 18:08:12,055 | Only found 4/16 bases for N=2003, r=300
2025-10-31 18:08:12,314 | Only found 3/16 bases for N=2003, r=300
2025-10-31 18:08:12,512 | Only found 2/16 bases for N=2003, r=300
2025-10-31 18:08:12,650 | Only found 10/16 bases for N=2003, r=300
2025-10-31 18:08:13,270 | Only found 7/16 bases for N=2003, r=300
2025-10-31 18:08:13,710 | Only found 6/16 bases for N=2003, r=300
2025-10-31 18:08:14,088 | Only found 7/16 bases for N=2003, r=300
2025-10-31 18:08:14,527 | Only found 3/16 bases for N=2003, r=300
2025-10-31 18:08:14,725 | Only found 6/16 bases for N=2003, r=300
2025-10-31 18:08:15,102 | Only found 5/16 bases for N=2003, r=300
2025-10-31 18:08:15,420 | Only found 2/16 bases for N=2003, r=300
2025-10-31 18:08:15,558 | Only found 5/16 bases for N=2003, r=300
2025-10-31 18:08:15,876 | Only found 1/16 bases for N=2003, r=300
2025-10-31 18:08:15,954 | Only found 3/16 bases for N=2003, r=300
2025-10-31 18:08:16,153 | Only found 4/16 bases for N=2003, r=300
2025-10-31 18:08:16,413 | Only found 5/16 bases for N=2003, r=300
2025-10-31 18:08:16,731 | Only found 7/16 bases for N=2003, r=300
2025-10-31 18:08:17,168 | Only found 6/16 bases for N=2003, r=300
2025-10-31 18:08:17,547 | Only found 3/16 bases for N=2003, r=300
2025-10-31 18:08:17,746 | Only found 5/16 bases for N=2003, r=300
2025-10-31 18:08:18,064 | Only found 6/16 bases for N=2003, r=300
2025-10-31 18:08:18,443 | Only found 6/16 bases for N=2003, r=300
2025-10-31 18:08:18,827 | Only found 5/16 bases for N=2003, r=300
2025-10-31 18:08:19,146 | Only found 2/16 bases for N=2003, r=300
2025-10-31 18:08:19,285 | Only found 5/16 bases for N=2003, r=300
2025-10-31 18:08:19,604 | Only found 3/16 bases for N=2003, r=300
2025-10-31 18:08:19,802 | Only found 4/16 bases for N=2003, r=300
2025-10-31 18:08:20,061 | Only found 8/16 bases for N=2003, r=300
2025-10-31 18:08:20,561 | Only found 3/16 bases for N=2003, r=300
2025-10-31 18:08:20,759 | Only found 6/16 bases for N=2003, r=300
2025-10-31 18:08:21,139 | Only found 4/16 bases for N=2003, r=300
2025-10-31 18:08:21,398 | Only found 6/16 bases for N=2003, r=300
2025-10-31 18:08:21,777 | Only found 6/16 bases for N=2003, r=300
2025-10-31 18:08:22,156 | Only found 9/16 bases for N=2003, r=300
2025-10-31 18:08:22,728 | Only found 7/16 bases for N=2003, r=300
2025-10-31 18:08:23,173 | Only found 7/16 bases for N=2003, r=300
2025-10-31 18:08:23,622 | Only found 6/16 bases for N=2003, r=300
2025-10-31 18:08:24,007 | Only found 6/16 bases for N=2003, r=300
2025-10-31 18:08:24,391 | Only found 7/16 bases for N=2003, r=300
2025-10-31 18:08:24,836 | Only found 1/16 bases for N=2003, r=300
2025-10-31 18:08:24,914 | Only found 10/16 bases for N=2003, r=300
2025-10-31 18:08:25,536 | Only found 5/16 bases for N=2003, r=300
2025-10-31 18:08:25,858 | Only found 3/16 bases for N=2003, r=300
2025-10-31 18:08:26,059 | Only found 1/16 bases for N=2003, r=300
2025-10-31 18:08:26,139 | Only found 2/16 bases for N=2003, r=300
2025-10-31 18:08:26,277 | Only found 7/16 bases for N=2003, r=300
2025-10-31 18:08:26,718 | Only found 3/16 bases for N=2003, r=300
2025-10-31 18:08:26,918 | Only found 3/16 bases for N=2003, r=300
2025-10-31 18:08:27,118 | Only found 3/16 bases for N=2003, r=300
2025-10-31 18:08:27,319 | Only found 5/16 bases for N=2003, r=300
2025-10-31 18:08:27,638 | Only found 4/16 bases for N=2003, r=300
2025-10-31 18:08:27,897 | Only found 3/16 bases for N=2003, r=300
2025-10-31 18:08:28,095 | Only found 2/16 bases for N=2003, r=300
2025-10-31 18:08:28,233 | Only found 10/16 bases for N=2003, r=300
2025-10-31 18:08:28,855 | Only found 7/16 bases for N=2003, r=300
2025-10-31 18:08:29,296 | Only found 6/16 bases for N=2003, r=300
2025-10-31 18:08:29,675 | Only found 7/16 bases for N=2003, r=300
2025-10-31 18:08:30,115 | Only found 3/16 bases for N=2003, r=300
2025-10-31 18:08:30,314 | Only found 6/16 bases for N=2003, r=300
2025-10-31 18:08:30,693 | Only found 5/16 bases for N=2003, r=300
2025-10-31 18:08:31,017 | Only found 2/16 bases for N=2003, r=300
2025-10-31 18:08:31,155 | Only found 5/16 bases for N=2003, r=300
2025-10-31 18:08:31,472 | Only found 1/16 bases for N=2003, r=300
2025-10-31 18:08:31,550 | Only found 3/16 bases for N=2003, r=300
2025-10-31 18:08:31,748 | Only found 4/16 bases for N=2003, r=300
2025-10-31 18:08:32,007 | Only found 5/16 bases for N=2003, r=300
2025-10-31 18:08:32,327 | Only found 7/16 bases for N=2003, r=300
