2025-10-31 19:22:35,236 | ======================================================================
2025-10-31 19:22:35,236 | T6-C1: VQE Term Grouping via VRA (PROPERLY FIXED)
2025-10-31 19:22:35,236 | ======================================================================
2025-10-31 19:22:35,236 | 
2025-10-31 19:22:35,236 | Configuration:
2025-10-31 19:22:35,236 |   Hamiltonian terms: 20
2025-10-31 19:22:35,236 |   Total shot budget: 10000
2025-10-31 19:22:35,236 |   Correlation structures: ['positive', 'mixed', 'blocks']
2025-10-31 19:22:35,236 |   Trials per structure: 100
2025-10-31 19:22:35,236 | 
2025-10-31 19:22:35,236 | 
Testing positive correlation structure...
2025-10-31 19:22:35,825 |   Trial 20/100
2025-10-31 19:22:36,432 |   Trial 40/100
2025-10-31 19:22:37,126 |   Trial 60/100
2025-10-31 19:22:37,734 |   Trial 80/100
2025-10-31 19:22:38,491 |   Trial 100/100
2025-10-31 19:22:38,520 | 
Testing mixed correlation structure...
2025-10-31 19:22:39,109 |   Trial 20/100
2025-10-31 19:22:39,710 |   Trial 40/100
2025-10-31 19:22:40,314 |   Trial 60/100
2025-10-31 19:22:40,909 |   Trial 80/100
2025-10-31 19:22:41,574 |   Trial 100/100
2025-10-31 19:22:41,605 | 
Testing blocks correlation structure...
2025-10-31 19:22:42,207 |   Trial 20/100
2025-10-31 19:22:42,855 |   Trial 40/100
2025-10-31 19:22:43,485 |   Trial 60/100
2025-10-31 19:22:44,113 |   Trial 80/100
2025-10-31 19:22:44,735 |   Trial 100/100
2025-10-31 19:22:44,767 | 
======================================================================
2025-10-31 19:22:44,767 | RESULTS
2025-10-31 19:22:44,767 | ======================================================================
2025-10-31 19:22:44,767 | 
POSITIVE Correlation Structure:
2025-10-31 19:22:44,767 |   Variance reduction from naive (%):
2025-10-31 19:22:44,767 |     Random:  98.8 ± 5.7
2025-10-31 19:22:44,767 |     VRA:     99.8 ± 0.2
2025-10-31 19:22:44,767 |     Optimal: 99.9 ± 0.1
2025-10-31 19:22:44,767 | 
MIXED Correlation Structure:
2025-10-31 19:22:44,767 |   Variance reduction from naive (%):
2025-10-31 19:22:44,767 |     Random:  98.7 ± 5.7
2025-10-31 19:22:44,767 |     VRA:     99.8 ± 0.2
2025-10-31 19:22:44,767 |     Optimal: 99.9 ± 0.1
2025-10-31 19:22:44,767 | 
BLOCKS Correlation Structure:
2025-10-31 19:22:44,767 |   Variance reduction from naive (%):
2025-10-31 19:22:44,767 |     Random:  98.9 ± 5.7
2025-10-31 19:22:44,767 |     VRA:     99.9 ± 0.1
2025-10-31 19:22:44,767 |     Optimal: 100.0 ± 0.0
2025-10-31 19:22:44,768 | 
======================================================================
2025-10-31 19:22:44,768 | VERDICT
2025-10-31 19:22:44,768 | ======================================================================
2025-10-31 19:22:44,768 | ✓ PASS: VRA grouping significantly reduces variance or is more consistent
2025-10-31 19:22:44,768 |   VRA std: 0.0058, Random std: 2.2118
2025-10-31 19:22:44,768 |   Mean improvement of VRA over random: 1.02%
2025-10-31 19:22:44,768 |   t-statistic: 3.10
2025-10-31 19:22:44,768 |   p-value: 0.0021
2025-10-31 19:22:44,768 | ======================================================================
2025-10-31 19:22:44,768 | 
Elapsed time: 9.5 seconds
2025-10-31 19:22:44,770 | Results saved: ../../Data/Experiments/Tier6/T6C1/T6C1_results_properly_fixed.json
2025-10-31 19:22:45,419 | 
Figure saved: ../../Figures/experiments/Tier6/T6C1/T6C1_vqe_grouping_properly_fixed.png
2025-10-31 19:22:45,419 | 
======================================================================
2025-10-31 19:22:45,419 | Experiment T6-C1 (PROPERLY FIXED) complete!
2025-10-31 19:22:45,419 | ======================================================================
