2025-10-31 19:09:01,379 | ======================================================================
2025-10-31 19:09:01,379 | T6-C1: VQE Term Grouping via VRA Coherence (FIXED)
2025-10-31 19:09:01,379 | ======================================================================
2025-10-31 19:09:01,379 | 
2025-10-31 19:09:01,379 | Configuration:
2025-10-31 19:09:01,379 |   Hamiltonian terms: 20
2025-10-31 19:09:01,379 |   Total shot budget: 10000
2025-10-31 19:09:01,379 |   Correlation structures: ['positive', 'mixed', 'blocks']
2025-10-31 19:09:01,379 |   Trials per structure: 100
2025-10-31 19:09:01,379 | 
2025-10-31 19:09:01,379 | 
Testing positive correlation structure...
2025-10-31 19:09:02,939 |   Trial 20/100
2025-10-31 19:09:04,593 |   Trial 40/100
2025-10-31 19:09:06,219 |   Trial 60/100
2025-10-31 19:09:07,860 |   Trial 80/100
2025-10-31 19:09:09,487 |   Trial 100/100
2025-10-31 19:09:09,544 | 
Testing mixed correlation structure...
2025-10-31 19:09:11,166 |   Trial 20/100
2025-10-31 19:09:12,847 |   Trial 40/100
2025-10-31 19:09:14,514 |   Trial 60/100
2025-10-31 19:09:16,176 |   Trial 80/100
2025-10-31 19:09:17,783 |   Trial 100/100
2025-10-31 19:09:17,889 | 
Testing blocks correlation structure...
2025-10-31 19:09:19,438 |   Trial 20/100
2025-10-31 19:09:21,051 |   Trial 40/100
2025-10-31 19:09:22,679 |   Trial 60/100
2025-10-31 19:09:24,331 |   Trial 80/100
2025-10-31 19:09:25,990 |   Trial 100/100
2025-10-31 19:09:26,045 | 
======================================================================
2025-10-31 19:09:26,046 | RESULTS
2025-10-31 19:09:26,046 | ======================================================================
2025-10-31 19:09:26,046 | 
POSITIVE Correlation Structure:
2025-10-31 19:09:26,046 |   Variance reduction (% from naive):
2025-10-31 19:09:26,046 |     Random:  73.5% ± 8.4%
2025-10-31 19:09:26,046 |     VRA:     53.0% ± 10.3%
2025-10-31 19:09:26,046 |     Optimal: 60.0% ± 10.5%
2025-10-31 19:09:26,046 | 
MIXED Correlation Structure:
2025-10-31 19:09:26,046 |   Variance reduction (% from naive):
2025-10-31 19:09:26,046 |     Random:  84.1% ± 5.6%
2025-10-31 19:09:26,046 |     VRA:     63.0% ± 6.7%
2025-10-31 19:09:26,046 |     Optimal: 71.3% ± 7.8%
2025-10-31 19:09:26,046 | 
BLOCKS Correlation Structure:
2025-10-31 19:09:26,046 |   Variance reduction (% from naive):
2025-10-31 19:09:26,046 |     Random:  64.6% ± 30.0%
2025-10-31 19:09:26,046 |     VRA:     -9.8% ± 53.4%
2025-10-31 19:09:26,046 |     Optimal: -59.5% ± 41.5%
2025-10-31 19:09:26,046 | 
======================================================================
2025-10-31 19:09:26,046 | VERDICT
2025-10-31 19:09:26,046 | ======================================================================
2025-10-31 19:09:26,046 | ✗ FAIL: VRA grouping not significantly better than random
2025-10-31 19:09:26,046 |   Mean improvement over random: -38.66%
2025-10-31 19:09:26,046 |   p-value: 0.0000
2025-10-31 19:09:26,046 | ======================================================================
2025-10-31 19:09:26,046 | 
Elapsed time: 24.7 seconds
2025-10-31 19:09:26,058 | Results saved: ../../Data/Experiments/Tier6/T6C1/T6C1_results_fixed.json
2025-10-31 19:09:26,741 | 
Figure saved: ../../Figures/experiments/Tier6/T6C1/T6C1_vqe_grouping_fixed.png
2025-10-31 19:09:26,741 | 
======================================================================
2025-10-31 19:09:26,741 | Experiment T6-C1 (FIXED) complete!
2025-10-31 19:09:26,741 | ======================================================================
