2025-10-31 19:15:14,173 | ======================================================================
2025-10-31 19:15:14,173 | T6-C1: VQE Term Grouping via VRA (PROPERLY FIXED)
2025-10-31 19:15:14,173 | ======================================================================
2025-10-31 19:15:14,173 | 
2025-10-31 19:15:14,173 | Configuration:
2025-10-31 19:15:14,173 |   Hamiltonian terms: 20
2025-10-31 19:15:14,173 |   Total shot budget: 10000
2025-10-31 19:15:14,173 |   Correlation structures: ['positive', 'mixed', 'blocks']
2025-10-31 19:15:14,173 |   Trials per structure: 100
2025-10-31 19:15:14,173 | 
2025-10-31 19:15:14,173 | 
Testing positive correlation structure...
2025-10-31 19:15:14,760 |   Trial 20/100
2025-10-31 19:15:15,708 |   Trial 40/100
2025-10-31 19:15:16,391 |   Trial 60/100
2025-10-31 19:15:17,172 |   Trial 80/100
2025-10-31 19:15:18,177 |   Trial 100/100
2025-10-31 19:15:18,208 | 
Testing mixed correlation structure...
2025-10-31 19:15:19,221 |   Trial 20/100
2025-10-31 19:15:20,216 |   Trial 40/100
2025-10-31 19:15:20,880 |   Trial 60/100
2025-10-31 19:15:21,554 |   Trial 80/100
2025-10-31 19:15:22,226 |   Trial 100/100
2025-10-31 19:15:22,309 | 
Testing blocks correlation structure...
2025-10-31 19:15:22,936 |   Trial 20/100
2025-10-31 19:15:23,710 |   Trial 40/100
2025-10-31 19:15:24,349 |   Trial 60/100
2025-10-31 19:15:25,171 |   Trial 80/100
2025-10-31 19:15:25,903 |   Trial 100/100
2025-10-31 19:15:25,962 | 
======================================================================
2025-10-31 19:15:25,962 | RESULTS
2025-10-31 19:15:25,962 | ======================================================================
2025-10-31 19:15:25,962 | 
POSITIVE Correlation Structure:
2025-10-31 19:15:25,962 |   Variance reduction from naive (%):
2025-10-31 19:15:25,962 |     Random:  98.8 ± 5.7
2025-10-31 19:15:25,963 |     VRA:     99.8 ± 0.2
2025-10-31 19:15:25,963 |     Optimal: 99.9 ± 0.1
2025-10-31 19:15:25,963 | 
MIXED Correlation Structure:
2025-10-31 19:15:25,963 |   Variance reduction from naive (%):
2025-10-31 19:15:25,963 |     Random:  98.7 ± 5.7
2025-10-31 19:15:25,963 |     VRA:     99.8 ± 0.2
2025-10-31 19:15:25,963 |     Optimal: 99.9 ± 0.1
2025-10-31 19:15:25,963 | 
BLOCKS Correlation Structure:
2025-10-31 19:15:25,963 |   Variance reduction from naive (%):
2025-10-31 19:15:25,964 |     Random:  98.9 ± 5.7
2025-10-31 19:15:25,964 |     VRA:     99.9 ± 0.1
2025-10-31 19:15:25,964 |     Optimal: 100.0 ± 0.0
2025-10-31 19:15:25,964 | 
======================================================================
2025-10-31 19:15:25,964 | VERDICT
2025-10-31 19:15:25,964 | ======================================================================
2025-10-31 19:15:25,965 | ✗ FAIL: VRA grouping not significantly better than random
2025-10-31 19:15:25,965 |   Mean improvement of VRA over random: 1.02%
2025-10-31 19:15:25,965 |   t-statistic: 3.10
2025-10-31 19:15:25,965 |   p-value: 0.0021
2025-10-31 19:15:25,965 | ======================================================================
2025-10-31 19:15:25,965 | 
Elapsed time: 11.8 seconds
2025-10-31 19:15:25,968 | Results saved: ../../Data/Experiments/Tier6/T6C1/T6C1_results_properly_fixed.json
2025-10-31 19:15:26,626 | 
Figure saved: ../../Figures/experiments/Tier6/T6C1/T6C1_vqe_grouping_properly_fixed.png
2025-10-31 19:15:26,626 | 
======================================================================
2025-10-31 19:15:26,626 | Experiment T6-C1 (PROPERLY FIXED) complete!
2025-10-31 19:15:26,626 | ======================================================================
