2025-10-31 20:05:34,171 | ======================================================================
2025-10-31 20:05:34,171 | T6-C2: Differentiable VRA Layer - Generalization Bound
2025-10-31 20:05:34,172 | ======================================================================
2025-10-31 20:05:34,172 | Log file: ../../Data/Experiments/Tier6/T6C2/T6C2_log_20251031_200534.log
2025-10-31 20:05:34,172 | 
2025-10-31 20:05:34,172 | Starting margin preservation experiment...
2025-10-31 20:05:34,172 | ε values: [0.   0.01 0.02 0.05 0.1  0.2  0.5 ]
2025-10-31 20:05:34,172 | Trials: 30
2025-10-31 20:05:34,172 | Samples: train=1000, test=500
2025-10-31 20:05:34,172 | 
2025-10-31 20:05:34,172 | VRA layer: N=257, r=64 (ρ=0.2490)
2025-10-31 20:05:34,172 | 
============================================================
2025-10-31 20:05:34,172 | Testing ε = 0.000
2025-10-31 20:05:34,172 | ============================================================
2025-10-31 20:05:35,181 |   Trial 1/30 | Margin: base=8.6269, vra=0.2683 | Acc: base=1.000, vra=0.642 | ETA: 0.0m
2025-10-31 20:05:42,469 |   Trial 11/30 | Margin: base=8.6170, vra=0.1779 | Acc: base=1.000, vra=0.614 | ETA: 2.3m
2025-10-31 20:05:49,614 |   Trial 21/30 | Margin: base=8.6232, vra=0.4909 | Acc: base=1.000, vra=0.694 | ETA: 2.2m
2025-10-31 20:05:56,487 |   Trial 30/30 | Margin: base=8.6092, vra=0.2368 | Acc: base=1.000, vra=0.626 | ETA: 2.2m
2025-10-31 20:05:56,487 | 
ε=0.000 Summary:
2025-10-31 20:05:56,487 |   Margin_baseline: 8.6212 ± 0.0056
2025-10-31 20:05:56,487 |   Margin_VRA:      0.9272 ± 1.1987
2025-10-31 20:05:56,487 |   Degradation:     +7.6940
2025-10-31 20:05:56,487 |   Acc_baseline:    1.000
2025-10-31 20:05:56,487 |   Acc_VRA:         0.696
2025-10-31 20:05:56,487 | 
============================================================
2025-10-31 20:05:56,487 | Testing ε = 0.010
2025-10-31 20:05:56,487 | ============================================================
2025-10-31 20:05:56,986 |   Trial 1/30 | Margin: base=8.6269, vra=0.2683 | Acc: base=1.000, vra=0.642 | ETA: 2.1m
2025-10-31 20:06:04,386 |   Trial 11/30 | Margin: base=8.6170, vra=0.1779 | Acc: base=1.000, vra=0.614 | ETA: 2.0m
2025-10-31 20:06:11,922 |   Trial 21/30 | Margin: base=8.6232, vra=0.4909 | Acc: base=1.000, vra=0.694 | ETA: 1.9m
2025-10-31 20:06:18,553 |   Trial 30/30 | Margin: base=8.6092, vra=0.2368 | Acc: base=1.000, vra=0.626 | ETA: 1.8m
2025-10-31 20:06:18,554 | 
ε=0.010 Summary:
2025-10-31 20:06:18,554 |   Margin_baseline: 8.6212 ± 0.0056
2025-10-31 20:06:18,554 |   Margin_VRA:      0.9272 ± 1.1987
2025-10-31 20:06:18,554 |   Degradation:     +7.6940
2025-10-31 20:06:18,554 |   Acc_baseline:    1.000
2025-10-31 20:06:18,554 |   Acc_VRA:         0.696
2025-10-31 20:06:18,554 | 
============================================================
2025-10-31 20:06:18,554 | Testing ε = 0.020
2025-10-31 20:06:18,554 | ============================================================
2025-10-31 20:06:19,475 |   Trial 1/30 | Margin: base=-0.0269, vra=0.1533 | Acc: base=0.422, vra=0.618 | ETA: 1.8m
2025-10-31 20:06:26,956 |   Trial 11/30 | Margin: base=-0.0048, vra=0.0206 | Acc: base=0.610, vra=0.514 | ETA: 1.7m
2025-10-31 20:06:34,418 |   Trial 21/30 | Margin: base=0.0748, vra=0.5540 | Acc: base=0.566, vra=0.672 | ETA: 1.6m
2025-10-31 20:06:40,591 |   Trial 30/30 | Margin: base=-0.0417, vra=0.1068 | Acc: base=0.404, vra=0.528 | ETA: 1.5m
2025-10-31 20:06:40,591 | 
ε=0.020 Summary:
2025-10-31 20:06:40,591 |   Margin_baseline: -0.0025 ± 0.1000
2025-10-31 20:06:40,591 |   Margin_VRA:      0.9968 ± 1.4441
2025-10-31 20:06:40,591 |   Degradation:     -0.9992
2025-10-31 20:06:40,591 |   Acc_baseline:    0.480
2025-10-31 20:06:40,591 |   Acc_VRA:         0.646
2025-10-31 20:06:40,591 | 
============================================================
2025-10-31 20:06:40,591 | Testing ε = 0.050
2025-10-31 20:06:40,591 | ============================================================
2025-10-31 20:06:41,290 |   Trial 1/30 | Margin: base=0.0035, vra=0.2945 | Acc: base=0.520, vra=0.644 | ETA: 1.4m
2025-10-31 20:06:48,992 |   Trial 11/30 | Margin: base=-0.0088, vra=0.0431 | Acc: base=0.454, vra=0.506 | ETA: 1.3m
2025-10-31 20:06:55,767 |   Trial 21/30 | Margin: base=0.0009, vra=0.2521 | Acc: base=0.526, vra=0.632 | ETA: 1.2m
2025-10-31 20:07:02,108 |   Trial 30/30 | Margin: base=-0.0017, vra=-0.0463 | Acc: base=0.496, vra=0.476 | ETA: 1.1m
2025-10-31 20:07:02,108 | 
ε=0.050 Summary:
2025-10-31 20:07:02,108 |   Margin_baseline: -0.0013 ± 0.0058
2025-10-31 20:07:02,108 |   Margin_VRA:      0.7954 ± 1.1590
2025-10-31 20:07:02,108 |   Degradation:     -0.7967
2025-10-31 20:07:02,108 |   Acc_baseline:    0.492
2025-10-31 20:07:02,108 |   Acc_VRA:         0.633
2025-10-31 20:07:02,108 | 
============================================================
2025-10-31 20:07:02,108 | Testing ε = 0.100
2025-10-31 20:07:02,108 | ============================================================
2025-10-31 20:07:02,862 |   Trial 1/30 | Margin: base=0.0171, vra=-0.0436 | Acc: base=0.554, vra=0.486 | ETA: 1.1m
2025-10-31 20:07:10,034 |   Trial 11/30 | Margin: base=0.0100, vra=0.0856 | Acc: base=0.534, vra=0.574 | ETA: 1.0m
2025-10-31 20:07:16,881 |   Trial 21/30 | Margin: base=-0.0033, vra=0.6659 | Acc: base=0.484, vra=0.642 | ETA: 0.8m
2025-10-31 20:07:23,774 |   Trial 30/30 | Margin: base=-0.0015, vra=-0.1821 | Acc: base=0.516, vra=0.390 | ETA: 0.7m
2025-10-31 20:07:23,774 | 
ε=0.100 Summary:
2025-10-31 20:07:23,774 |   Margin_baseline: 0.0043 ± 0.0099
2025-10-31 20:07:23,774 |   Margin_VRA:      0.2481 ± 0.4726
2025-10-31 20:07:23,774 |   Degradation:     -0.2437
2025-10-31 20:07:23,774 |   Acc_baseline:    0.510
2025-10-31 20:07:23,774 |   Acc_VRA:         0.500
2025-10-31 20:07:23,774 | 
============================================================
2025-10-31 20:07:23,774 | Testing ε = 0.200
2025-10-31 20:07:23,774 | ============================================================
2025-10-31 20:07:24,443 |   Trial 1/30 | Margin: base=0.0080, vra=0.0704 | Acc: base=0.544, vra=0.552 | ETA: 0.7m
2025-10-31 20:07:31,369 |   Trial 11/30 | Margin: base=0.0002, vra=-0.0366 | Acc: base=0.496, vra=0.494 | ETA: 0.6m
2025-10-31 20:07:38,438 |   Trial 21/30 | Margin: base=0.0022, vra=0.3584 | Acc: base=0.492, vra=0.656 | ETA: 0.5m
2025-10-31 20:07:44,793 |   Trial 30/30 | Margin: base=0.0071, vra=-0.0123 | Acc: base=0.522, vra=0.438 | ETA: 0.4m
2025-10-31 20:07:44,793 | 
ε=0.200 Summary:
2025-10-31 20:07:44,793 |   Margin_baseline: 0.0006 ± 0.0043
2025-10-31 20:07:44,793 |   Margin_VRA:      0.2468 ± 0.4214
2025-10-31 20:07:44,793 |   Degradation:     -0.2462
2025-10-31 20:07:44,793 |   Acc_baseline:    0.503
2025-10-31 20:07:44,793 |   Acc_VRA:         0.543
2025-10-31 20:07:44,793 | 
============================================================
2025-10-31 20:07:44,793 | Testing ε = 0.500
2025-10-31 20:07:44,793 | ============================================================
2025-10-31 20:07:45,498 |   Trial 1/30 | Margin: base=0.0031, vra=0.0404 | Acc: base=0.526, vra=0.508 | ETA: 0.3m
2025-10-31 20:07:52,411 |   Trial 11/30 | Margin: base=-0.0010, vra=0.0377 | Acc: base=0.474, vra=0.576 | ETA: 0.2m
2025-10-31 20:07:58,997 |   Trial 21/30 | Margin: base=-0.0013, vra=0.2291 | Acc: base=0.502, vra=0.580 | ETA: 0.1m
2025-10-31 20:08:05,356 |   Trial 30/30 | Margin: base=0.0042, vra=0.0723 | Acc: base=0.512, vra=0.540 | ETA: 0.0m
2025-10-31 20:08:05,356 | 
ε=0.500 Summary:
2025-10-31 20:08:05,356 |   Margin_baseline: 0.0010 ± 0.0065
2025-10-31 20:08:05,356 |   Margin_VRA:      -0.0190 ± 0.1792
2025-10-31 20:08:05,356 |   Degradation:     +0.0199
2025-10-31 20:08:05,356 |   Acc_baseline:    0.501
2025-10-31 20:08:05,356 |   Acc_VRA:         0.507
2025-10-31 20:08:05,356 | 
Experiment complete: 151.2s (2.5m)
2025-10-31 20:08:05,356 | 
Data saved: ../../Data/Experiments/Tier6/T6C2/T6C2_results.json
2025-10-31 20:08:05,356 | 
2025-10-31 20:08:05,356 | ======================================================================
2025-10-31 20:08:05,356 | MARGIN BOUND ANALYSIS: Margin_VRA ≥ Margin_baseline - C·ε
2025-10-31 20:08:05,356 | ======================================================================
2025-10-31 20:08:05,357 | 
Linear fit: Δmargin = -8.8171·ε + 2.9830
2025-10-31 20:08:05,357 |   R² = 0.1565, p = 3.80e-01
2025-10-31 20:08:05,357 |   Degradation constant C ≈ -8.8171
2025-10-31 20:08:05,357 | 
VERDICT: FAIL — No consistent degradation pattern
2025-10-31 20:08:05,357 | 
2025-10-31 20:08:05,357 | Generating figures...
2025-10-31 20:08:05,620 | Figure saved: ../../Figures/experiments/Tier6/T6C2/T6C2_margin_preservation.png
2025-10-31 20:08:05,626 | 
2025-10-31 20:08:05,626 | ======================================================================
2025-10-31 20:08:05,626 | T6-C2 COMPLETE
2025-10-31 20:08:05,627 | ======================================================================
2025-10-31 20:08:05,627 | Total runtime: 151.2s (2.5m)
2025-10-31 20:08:05,627 | Configurations tested: 7
2025-10-31 20:08:05,627 | Hypothesis: Margin_VRA ≥ Margin_baseline - C·ε
2025-10-31 20:08:05,627 | Degradation constant: C ≈ -8.8171
2025-10-31 20:08:05,627 | Fit quality: R² = 0.1565
2025-10-31 20:08:05,627 | VERDICT: FAIL — No consistent bound
2025-10-31 20:08:05,627 | ======================================================================
