2025-10-31 20:28:20,572 | ======================================================================
2025-10-31 20:28:20,572 | T6-C2 FIXED: Differentiable VRA Layer - Generalization Bound
2025-10-31 20:28:20,572 | ======================================================================
2025-10-31 20:28:20,572 | Log file: ../../Data/Experiments/Tier6/T6C2/T6C2_fixed_log_20251031_202820.log
2025-10-31 20:28:20,572 | 
2025-10-31 20:28:20,572 | Starting margin preservation experiment...
2025-10-31 20:28:20,573 | ε values: [0.   0.01 0.02 0.05 0.1  0.2  0.5 ]
2025-10-31 20:28:20,573 | Trials: 30
2025-10-31 20:28:20,573 | Samples: train=1000, test=500
2025-10-31 20:28:20,573 | 
2025-10-31 20:28:20,573 | VRA layer: N=257, r=64 (ρ=0.2490)
2025-10-31 20:28:20,573 | 
============================================================
2025-10-31 20:28:20,573 | Testing ε = 0.000
2025-10-31 20:28:20,573 | ============================================================
2025-10-31 20:28:20,932 |   Trial 1/30 | Margin: base=6.5204, vra=7.0926 | Acc: base=1.000, vra=1.000 | ETA: 0.0m
2025-10-31 20:28:24,932 |   Trial 11/30 | Margin: base=6.5119, vra=7.0907 | Acc: base=1.000, vra=1.000 | ETA: 1.2m
2025-10-31 20:28:29,447 |   Trial 21/30 | Margin: base=6.5101, vra=7.1042 | Acc: base=1.000, vra=1.000 | ETA: 1.3m
2025-10-31 20:28:33,144 | 
============================================================
2025-10-31 20:28:33,144 | Testing ε = 0.010
2025-10-31 20:28:33,145 | ============================================================
2025-10-31 20:28:33,548 |   Trial 1/30 | Margin: base=6.5204, vra=7.0956 | Acc: base=1.000, vra=1.000 | ETA: 1.2m
2025-10-31 20:28:37,581 |   Trial 11/30 | Margin: base=6.5119, vra=7.0922 | Acc: base=1.000, vra=1.000 | ETA: 1.1m
2025-10-31 20:28:41,823 |   Trial 21/30 | Margin: base=6.5101, vra=7.1042 | Acc: base=1.000, vra=1.000 | ETA: 1.1m
2025-10-31 20:28:45,788 | 
============================================================
2025-10-31 20:28:45,788 | Testing ε = 0.020
2025-10-31 20:28:45,788 | ============================================================
2025-10-31 20:28:46,246 |   Trial 1/30 | Margin: base=6.5204, vra=7.0961 | Acc: base=1.000, vra=1.000 | ETA: 1.0m
2025-10-31 20:28:50,897 |   Trial 11/30 | Margin: base=6.5119, vra=7.0913 | Acc: base=1.000, vra=1.000 | ETA: 1.0m
2025-10-31 20:28:55,436 |   Trial 21/30 | Margin: base=6.5101, vra=7.1020 | Acc: base=1.000, vra=1.000 | ETA: 0.9m
2025-10-31 20:28:59,566 | 
============================================================
2025-10-31 20:28:59,566 | Testing ε = 0.050
2025-10-31 20:28:59,566 | ============================================================
2025-10-31 20:29:00,033 |   Trial 1/30 | Margin: base=6.5204, vra=7.0959 | Acc: base=1.000, vra=1.000 | ETA: 0.8m
2025-10-31 20:29:04,695 |   Trial 11/30 | Margin: base=6.5119, vra=7.0941 | Acc: base=1.000, vra=1.000 | ETA: 0.8m
2025-10-31 20:29:09,272 |   Trial 21/30 | Margin: base=6.5101, vra=7.1023 | Acc: base=1.000, vra=1.000 | ETA: 0.7m
2025-10-31 20:29:13,414 | 
============================================================
2025-10-31 20:29:13,414 | Testing ε = 0.100
2025-10-31 20:29:13,414 | ============================================================
2025-10-31 20:29:13,875 |   Trial 1/30 | Margin: base=6.5204, vra=7.0952 | Acc: base=1.000, vra=1.000 | ETA: 0.6m
2025-10-31 20:29:18,477 |   Trial 11/30 | Margin: base=6.5119, vra=7.1010 | Acc: base=1.000, vra=1.000 | ETA: 0.6m
2025-10-31 20:29:23,129 |   Trial 21/30 | Margin: base=6.5101, vra=7.1004 | Acc: base=1.000, vra=1.000 | ETA: 0.5m
2025-10-31 20:29:27,270 | 
============================================================
2025-10-31 20:29:27,270 | Testing ε = 0.200
2025-10-31 20:29:27,270 | ============================================================
2025-10-31 20:29:27,753 |   Trial 1/30 | Margin: base=6.5205, vra=7.0992 | Acc: base=1.000, vra=1.000 | ETA: 0.4m
2025-10-31 20:29:32,360 |   Trial 11/30 | Margin: base=6.5119, vra=7.1044 | Acc: base=1.000, vra=1.000 | ETA: 0.4m
2025-10-31 20:29:37,024 |   Trial 21/30 | Margin: base=6.5102, vra=7.0974 | Acc: base=1.000, vra=1.000 | ETA: 0.3m
2025-10-31 20:29:40,816 | 
============================================================
2025-10-31 20:29:40,816 | Testing ε = 0.500
2025-10-31 20:29:40,816 | ============================================================
2025-10-31 20:29:41,234 |   Trial 1/30 | Margin: base=6.5205, vra=7.1158 | Acc: base=1.000, vra=1.000 | ETA: 0.2m
2025-10-31 20:29:45,419 |   Trial 11/30 | Margin: base=6.5118, vra=7.1088 | Acc: base=1.000, vra=1.000 | ETA: 0.1m
2025-10-31 20:29:49,619 |   Trial 21/30 | Margin: base=6.5103, vra=7.0991 | Acc: base=1.000, vra=1.000 | ETA: 0.1m
2025-10-31 20:29:53,420 | 
Experiment complete: 92.8s (1.5m)
2025-10-31 20:29:53,426 | 
Data saved: ../../Data/Experiments/Tier6/T6C2/T6C2_fixed_results.json
2025-10-31 20:29:53,426 | 
2025-10-31 20:29:53,426 | ======================================================================
2025-10-31 20:29:53,426 | MARGIN BOUND ANALYSIS
2025-10-31 20:29:53,426 | ======================================================================
2025-10-31 20:29:53,426 | ε=0.000: Δmargin = -0.5814 ± 0.0092
2025-10-31 20:29:53,426 | ε=0.010: Δmargin = -0.5822 ± 0.0094
2025-10-31 20:29:53,426 | ε=0.020: Δmargin = -0.5819 ± 0.0098
2025-10-31 20:29:53,426 | ε=0.050: Δmargin = -0.5830 ± 0.0112
2025-10-31 20:29:53,426 | ε=0.100: Δmargin = -0.5829 ± 0.0120
2025-10-31 20:29:53,426 | ε=0.200: Δmargin = -0.5834 ± 0.0106
2025-10-31 20:29:53,426 | ε=0.500: Δmargin = -0.5823 ± 0.0123
2025-10-31 20:29:53,426 | 
2025-10-31 20:29:53,426 | Linear fit: Δmargin = -0.0009·ε + -0.5823
2025-10-31 20:29:53,426 | R² = 0.0536, p = 6.1753e-01
2025-10-31 20:29:53,426 | Slope C = -0.0009 ± 0.0017
2025-10-31 20:29:53,426 | 
2025-10-31 20:29:53,426 | VERDICT: PASS - VRA preserves margin well under spectral shift
2025-10-31 20:29:53,426 | 
2025-10-31 20:29:53,426 | Generating figures...
2025-10-31 20:29:53,696 | 
Figure saved: ../../Figures/experiments/Tier6/T6C2/T6C2_fixed_margin_preservation.png
2025-10-31 20:29:53,696 | 
2025-10-31 20:29:53,696 | ======================================================================
2025-10-31 20:29:53,696 | T6-C2 FIXED COMPLETE
2025-10-31 20:29:53,696 | ======================================================================
2025-10-31 20:29:53,696 | Hypothesis: Margin_VRA ≥ Margin_baseline - C·ε
2025-10-31 20:29:53,696 | VERDICT: PASS - VRA preserves margin well under spectral shift
2025-10-31 20:29:53,696 | ======================================================================
