2025-10-31 20:24:22,878 | ======================================================================
2025-10-31 20:24:22,878 | T6-C2 FIXED: Differentiable VRA Layer - Generalization Bound
2025-10-31 20:24:22,878 | ======================================================================
2025-10-31 20:24:22,878 | Log file: ../../Data/Experiments/Tier6/T6C2/T6C2_fixed_log_20251031_202422.log
2025-10-31 20:24:22,878 | 
2025-10-31 20:24:22,878 | Starting margin preservation experiment...
2025-10-31 20:24:22,878 | ε values: [0.   0.01 0.02 0.05 0.1  0.2  0.5 ]
2025-10-31 20:24:22,878 | Trials: 30
2025-10-31 20:24:22,878 | Samples: train=1000, test=500
2025-10-31 20:24:22,878 | 
2025-10-31 20:24:22,878 | VRA layer: N=257, r=64 (ρ=0.2490)
2025-10-31 20:24:22,878 | 
============================================================
2025-10-31 20:24:22,878 | Testing ε = 0.000
2025-10-31 20:24:22,878 | ============================================================
2025-10-31 20:24:23,248 |   Trial 1/30 | Margin: base=6.5204, vra=7.0926 | Acc: base=1.000, vra=1.000 | ETA: 0.0m
2025-10-31 20:24:27,538 |   Trial 11/30 | Margin: base=6.5119, vra=7.0907 | Acc: base=1.000, vra=1.000 | ETA: 1.3m
2025-10-31 20:24:31,866 |   Trial 21/30 | Margin: base=6.5101, vra=7.1042 | Acc: base=1.000, vra=1.000 | ETA: 1.3m
2025-10-31 20:24:35,758 | 
============================================================
2025-10-31 20:24:35,758 | Testing ε = 0.010
2025-10-31 20:24:35,758 | ============================================================
2025-10-31 20:24:36,213 |   Trial 1/30 | Margin: base=6.5204, vra=7.0956 | Acc: base=1.000, vra=1.000 | ETA: 1.2m
2025-10-31 20:24:40,579 |   Trial 11/30 | Margin: base=6.5119, vra=7.0922 | Acc: base=1.000, vra=1.000 | ETA: 1.2m
2025-10-31 20:24:45,009 |   Trial 21/30 | Margin: base=6.5101, vra=7.1042 | Acc: base=1.000, vra=1.000 | ETA: 1.1m
2025-10-31 20:24:48,923 | 
============================================================
2025-10-31 20:24:48,923 | Testing ε = 0.020
2025-10-31 20:24:48,923 | ============================================================
2025-10-31 20:24:49,368 |   Trial 1/30 | Margin: base=6.5204, vra=7.0961 | Acc: base=1.000, vra=1.000 | ETA: 1.1m
2025-10-31 20:24:54,095 |   Trial 11/30 | Margin: base=6.5119, vra=7.0913 | Acc: base=1.000, vra=1.000 | ETA: 1.0m
2025-10-31 20:24:58,793 |   Trial 21/30 | Margin: base=6.5101, vra=7.1020 | Acc: base=1.000, vra=1.000 | ETA: 0.9m
2025-10-31 20:25:02,957 | 
============================================================
2025-10-31 20:25:02,957 | Testing ε = 0.050
2025-10-31 20:25:02,957 | ============================================================
2025-10-31 20:25:03,351 |   Trial 1/30 | Margin: base=6.5204, vra=7.0959 | Acc: base=1.000, vra=1.000 | ETA: 0.9m
2025-10-31 20:25:07,988 |   Trial 11/30 | Margin: base=6.5119, vra=7.0941 | Acc: base=1.000, vra=1.000 | ETA: 0.8m
2025-10-31 20:25:12,606 |   Trial 21/30 | Margin: base=6.5101, vra=7.1023 | Acc: base=1.000, vra=1.000 | ETA: 0.7m
2025-10-31 20:25:16,717 | 
============================================================
2025-10-31 20:25:16,717 | Testing ε = 0.100
2025-10-31 20:25:16,717 | ============================================================
2025-10-31 20:25:17,188 |   Trial 1/30 | Margin: base=6.5204, vra=7.0952 | Acc: base=1.000, vra=1.000 | ETA: 0.7m
2025-10-31 20:25:21,760 |   Trial 11/30 | Margin: base=6.5119, vra=7.1010 | Acc: base=1.000, vra=1.000 | ETA: 0.6m
2025-10-31 20:25:26,377 |   Trial 21/30 | Margin: base=6.5101, vra=7.1004 | Acc: base=1.000, vra=1.000 | ETA: 0.5m
2025-10-31 20:25:30,578 | 
============================================================
2025-10-31 20:25:30,578 | Testing ε = 0.200
2025-10-31 20:25:30,578 | ============================================================
2025-10-31 20:25:31,051 |   Trial 1/30 | Margin: base=6.5205, vra=7.0992 | Acc: base=1.000, vra=1.000 | ETA: 0.4m
2025-10-31 20:25:35,881 |   Trial 11/30 | Margin: base=6.5119, vra=7.1044 | Acc: base=1.000, vra=1.000 | ETA: 0.4m
2025-10-31 20:25:40,495 |   Trial 21/30 | Margin: base=6.5102, vra=7.0974 | Acc: base=1.000, vra=1.000 | ETA: 0.3m
2025-10-31 20:25:44,619 | 
============================================================
2025-10-31 20:25:44,619 | Testing ε = 0.500
2025-10-31 20:25:44,620 | ============================================================
2025-10-31 20:25:45,026 |   Trial 1/30 | Margin: base=6.5205, vra=7.1158 | Acc: base=1.000, vra=1.000 | ETA: 0.2m
2025-10-31 20:25:49,049 |   Trial 11/30 | Margin: base=6.5118, vra=7.1088 | Acc: base=1.000, vra=1.000 | ETA: 0.1m
2025-10-31 20:25:53,636 |   Trial 21/30 | Margin: base=6.5103, vra=7.0991 | Acc: base=1.000, vra=1.000 | ETA: 0.1m
2025-10-31 20:25:57,543 | 
Experiment complete: 94.7s (1.6m)
2025-10-31 20:25:57,544 | 
Data saved: ../../Data/Experiments/Tier6/T6C2/T6C2_fixed_results.json
2025-10-31 20:25:57,544 | 
2025-10-31 20:25:57,544 | ======================================================================
2025-10-31 20:25:57,545 | MARGIN BOUND ANALYSIS
2025-10-31 20:25:57,545 | ======================================================================
2025-10-31 20:25:57,545 | ε=0.000: Δmargin = -0.5814 ± 0.0092
2025-10-31 20:25:57,545 | ε=0.010: Δmargin = -0.5822 ± 0.0094
2025-10-31 20:25:57,545 | ε=0.020: Δmargin = -0.5819 ± 0.0098
2025-10-31 20:25:57,545 | ε=0.050: Δmargin = -0.5830 ± 0.0112
2025-10-31 20:25:57,545 | ε=0.100: Δmargin = -0.5829 ± 0.0120
2025-10-31 20:25:57,545 | ε=0.200: Δmargin = -0.5834 ± 0.0106
2025-10-31 20:25:57,545 | ε=0.500: Δmargin = -0.5823 ± 0.0123
2025-10-31 20:25:57,545 | 
2025-10-31 20:25:57,545 | Linear fit: Δmargin = -0.0009·ε + -0.5823
2025-10-31 20:25:57,545 | R² = 0.0536, p = 6.1753e-01
2025-10-31 20:25:57,545 | Slope C = -0.0009 ± 0.0017
2025-10-31 20:25:57,545 | 
2025-10-31 20:25:57,545 | VERDICT: PASS - VRA preserves margin well under spectral shift
2025-10-31 20:25:57,545 | 
2025-10-31 20:25:57,545 | Generating figures...
2025-10-31 20:25:57,808 | 
Figure saved: ../../Figures/experiments/Tier6/T6C2/T6C2_fixed_margin_preservation.png
2025-10-31 20:25:57,808 | 
2025-10-31 20:25:57,808 | ======================================================================
2025-10-31 20:25:57,808 | T6-C2 FIXED COMPLETE
2025-10-31 20:25:57,809 | ======================================================================
2025-10-31 20:25:57,809 | Hypothesis: Margin_VRA ≥ Margin_baseline - C·ε
2025-10-31 20:25:57,809 | VERDICT: PASS - VRA preserves margin well under spectral shift
2025-10-31 20:25:57,809 | ======================================================================
