2025-10-31 20:27:18,718 | ======================================================================
2025-10-31 20:27:18,718 | T6-C2 FIXED: Differentiable VRA Layer - Generalization Bound
2025-10-31 20:27:18,718 | ======================================================================
2025-10-31 20:27:18,718 | Log file: ../../Data/Experiments/Tier6/T6C2/T6C2_fixed_log_20251031_202718.log
2025-10-31 20:27:18,718 | 
2025-10-31 20:27:18,718 | Starting margin preservation experiment...
2025-10-31 20:27:18,718 | ε values: [0.   0.01 0.02 0.05 0.1  0.2  0.5 ]
2025-10-31 20:27:18,718 | Trials: 30
2025-10-31 20:27:18,718 | Samples: train=1000, test=500
2025-10-31 20:27:18,718 | 
2025-10-31 20:27:18,718 | VRA layer: N=257, r=64 (ρ=0.2490)
2025-10-31 20:27:18,718 | 
============================================================
2025-10-31 20:27:18,718 | Testing ε = 0.000
2025-10-31 20:27:18,718 | ============================================================
2025-10-31 20:27:19,131 |   Trial 1/30 | Margin: base=6.5204, vra=7.0926 | Acc: base=1.000, vra=1.000 | ETA: 0.0m
2025-10-31 20:27:23,127 |   Trial 11/30 | Margin: base=6.5119, vra=7.0907 | Acc: base=1.000, vra=1.000 | ETA: 1.2m
2025-10-31 20:27:27,396 |   Trial 21/30 | Margin: base=6.5101, vra=7.1042 | Acc: base=1.000, vra=1.000 | ETA: 1.2m
2025-10-31 20:27:31,497 | 
============================================================
2025-10-31 20:27:31,497 | Testing ε = 0.010
2025-10-31 20:27:31,497 | ============================================================
2025-10-31 20:27:31,934 |   Trial 1/30 | Margin: base=6.5204, vra=7.0956 | Acc: base=1.000, vra=1.000 | ETA: 1.2m
2025-10-31 20:27:36,480 |   Trial 11/30 | Margin: base=6.5119, vra=7.0922 | Acc: base=1.000, vra=1.000 | ETA: 1.2m
2025-10-31 20:27:41,027 |   Trial 21/30 | Margin: base=6.5101, vra=7.1042 | Acc: base=1.000, vra=1.000 | ETA: 1.1m
2025-10-31 20:27:44,991 | 
============================================================
2025-10-31 20:27:44,991 | Testing ε = 0.020
2025-10-31 20:27:44,991 | ============================================================
2025-10-31 20:27:45,426 |   Trial 1/30 | Margin: base=6.5204, vra=7.0961 | Acc: base=1.000, vra=1.000 | ETA: 1.1m
2025-10-31 20:27:49,716 |   Trial 11/30 | Margin: base=6.5119, vra=7.0913 | Acc: base=1.000, vra=1.000 | ETA: 1.0m
2025-10-31 20:27:53,979 |   Trial 21/30 | Margin: base=6.5101, vra=7.1020 | Acc: base=1.000, vra=1.000 | ETA: 0.9m
2025-10-31 20:27:57,776 | 
============================================================
2025-10-31 20:27:57,776 | Testing ε = 0.050
2025-10-31 20:27:57,776 | ============================================================
2025-10-31 20:27:58,198 |   Trial 1/30 | Margin: base=6.5204, vra=7.0959 | Acc: base=1.000, vra=1.000 | ETA: 0.9m
2025-10-31 20:28:02,389 |   Trial 11/30 | Margin: base=6.5119, vra=7.0941 | Acc: base=1.000, vra=1.000 | ETA: 0.8m
2025-10-31 20:28:06,623 |   Trial 21/30 | Margin: base=6.5101, vra=7.1023 | Acc: base=1.000, vra=1.000 | ETA: 0.7m
2025-10-31 20:28:10,355 | 
============================================================
2025-10-31 20:28:10,355 | Testing ε = 0.100
2025-10-31 20:28:10,355 | ============================================================
2025-10-31 20:28:10,754 |   Trial 1/30 | Margin: base=6.5204, vra=7.0952 | Acc: base=1.000, vra=1.000 | ETA: 0.6m
2025-10-31 20:28:14,896 |   Trial 11/30 | Margin: base=6.5119, vra=7.1010 | Acc: base=1.000, vra=1.000 | ETA: 0.6m
