2025-10-31 12:28:43,610 | ======================================================================
2025-10-31 12:28:43,610 | T6-D1: Exoplanet Biosignature Seasonality Detector
2025-10-31 12:28:43,610 | ======================================================================
2025-10-31 12:28:43,610 | Log file: ../../Data/Experiments/Tier6/T6D1/T6D1_log_20251031_122843.log
2025-10-31 12:28:43,610 | 
2025-10-31 12:28:43,610 | Configuration:
2025-10-31 12:28:43,610 |   Component counts K: [1, 2, 3, 5]
2025-10-31 12:28:43,610 |   SNR levels: [0.5, 1.0, 2.0, 3.0]
2025-10-31 12:28:43,610 |   Sequence lengths L: [1024, 4096, 16384, 65536]
2025-10-31 12:28:43,610 |   Noise σ: 1.0
2025-10-31 12:28:43,610 |   FPR target: 0.01
2025-10-31 12:28:43,610 |   Trials per config: 200
2025-10-31 12:28:43,610 | 
2025-10-31 12:28:43,610 | [1/64] K=1, A/σ=0.5, L=1024 | Elapsed: 0.0m | ETA: 0.0m
2025-10-31 12:28:43,619 |     P_det: empirical = 0.000, theory = 1.000
2025-10-31 12:28:43,619 | [2/64] K=1, A/σ=0.5, L=4096 | Elapsed: 0.0m | ETA: 0.0m
2025-10-31 12:28:43,650 |     P_det: empirical = 0.000, theory = 1.000
2025-10-31 12:28:43,650 | [3/64] K=1, A/σ=0.5, L=16384 | Elapsed: 0.0m | ETA: 0.0m
2025-10-31 12:28:43,775 |     P_det: empirical = 0.000, theory = 1.000
2025-10-31 12:28:43,775 | [4/64] K=1, A/σ=0.5, L=65536 | Elapsed: 0.0m | ETA: 0.0m
2025-10-31 12:28:44,366 |     P_det: empirical = 0.000, theory = 1.000
2025-10-31 12:28:44,366 | [5/64] K=1, A/σ=1.0, L=1024 | Elapsed: 0.0m | ETA: 0.1m
2025-10-31 12:28:44,375 |     P_det: empirical = 0.870, theory = 1.000
2025-10-31 12:28:44,375 | [6/64] K=1, A/σ=1.0, L=4096 | Elapsed: 0.0m | ETA: 0.1m
2025-10-31 12:28:44,406 |     P_det: empirical = 1.000, theory = 1.000
2025-10-31 12:28:44,406 | [7/64] K=1, A/σ=1.0, L=16384 | Elapsed: 0.0m | ETA: 0.1m
2025-10-31 12:28:44,531 |     P_det: empirical = 1.000, theory = 1.000
2025-10-31 12:28:44,531 | [8/64] K=1, A/σ=1.0, L=65536 | Elapsed: 0.0m | ETA: 0.1m
2025-10-31 12:28:45,128 |     P_det: empirical = 1.000, theory = 1.000
2025-10-31 12:28:45,128 | [9/64] K=1, A/σ=2.0, L=1024 | Elapsed: 0.0m | ETA: 0.2m
2025-10-31 12:28:45,137 |     P_det: empirical = 1.000, theory = 1.000
2025-10-31 12:28:45,137 | [10/64] K=1, A/σ=2.0, L=4096 | Elapsed: 0.0m | ETA: 0.1m
2025-10-31 12:28:45,168 |     P_det: empirical = 1.000, theory = 1.000
2025-10-31 12:28:45,168 | [11/64] K=1, A/σ=2.0, L=16384 | Elapsed: 0.0m | ETA: 0.1m
2025-10-31 12:28:45,293 |     P_det: empirical = 1.000, theory = 1.000
2025-10-31 12:28:45,293 | [12/64] K=1, A/σ=2.0, L=65536 | Elapsed: 0.0m | ETA: 0.1m
2025-10-31 12:28:45,888 |     P_det: empirical = 1.000, theory = 1.000
2025-10-31 12:28:45,888 | [13/64] K=1, A/σ=3.0, L=1024 | Elapsed: 0.0m | ETA: 0.1m
2025-10-31 12:28:45,897 |     P_det: empirical = 1.000, theory = 1.000
2025-10-31 12:28:45,897 | [14/64] K=1, A/σ=3.0, L=4096 | Elapsed: 0.0m | ETA: 0.1m
2025-10-31 12:28:45,928 |     P_det: empirical = 1.000, theory = 1.000
2025-10-31 12:28:45,928 | [15/64] K=1, A/σ=3.0, L=16384 | Elapsed: 0.0m | ETA: 0.1m
2025-10-31 12:28:46,053 |     P_det: empirical = 1.000, theory = 1.000
2025-10-31 12:28:46,053 | [16/64] K=1, A/σ=3.0, L=65536 | Elapsed: 0.0m | ETA: 0.1m
2025-10-31 12:28:46,650 |     P_det: empirical = 1.000, theory = 1.000
2025-10-31 12:28:46,650 | [17/64] K=2, A/σ=0.5, L=1024 | Elapsed: 0.1m | ETA: 0.1m
2025-10-31 12:28:46,661 |     P_det: empirical = 0.030, theory = 1.000
2025-10-31 12:28:46,661 | [18/64] K=2, A/σ=0.5, L=4096 | Elapsed: 0.1m | ETA: 0.1m
2025-10-31 12:28:46,697 |     P_det: empirical = 0.180, theory = 1.000
2025-10-31 12:28:46,697 | [19/64] K=2, A/σ=0.5, L=16384 | Elapsed: 0.1m | ETA: 0.1m
2025-10-31 12:28:46,840 |     P_det: empirical = 0.990, theory = 1.000
2025-10-31 12:28:46,840 | [20/64] K=2, A/σ=0.5, L=65536 | Elapsed: 0.1m | ETA: 0.1m
2025-10-31 12:28:47,504 |     P_det: empirical = 0.990, theory = 1.000
2025-10-31 12:28:47,504 | [21/64] K=2, A/σ=1.0, L=1024 | Elapsed: 0.1m | ETA: 0.1m
2025-10-31 12:28:47,516 |     P_det: empirical = 0.965, theory = 1.000
2025-10-31 12:28:47,516 | [22/64] K=2, A/σ=1.0, L=4096 | Elapsed: 0.1m | ETA: 0.1m
2025-10-31 12:28:47,552 |     P_det: empirical = 0.990, theory = 1.000
2025-10-31 12:28:47,552 | [23/64] K=2, A/σ=1.0, L=16384 | Elapsed: 0.1m | ETA: 0.1m
2025-10-31 12:28:47,695 |     P_det: empirical = 1.000, theory = 1.000
2025-10-31 12:28:47,695 | [24/64] K=2, A/σ=1.0, L=65536 | Elapsed: 0.1m | ETA: 0.1m
2025-10-31 12:28:48,359 |     P_det: empirical = 1.000, theory = 1.000
2025-10-31 12:28:48,359 | [25/64] K=2, A/σ=2.0, L=1024 | Elapsed: 0.1m | ETA: 0.1m
2025-10-31 12:28:48,370 |     P_det: empirical = 0.980, theory = 1.000
2025-10-31 12:28:48,370 | [26/64] K=2, A/σ=2.0, L=4096 | Elapsed: 0.1m | ETA: 0.1m
2025-10-31 12:28:48,406 |     P_det: empirical = 0.995, theory = 1.000
2025-10-31 12:28:48,406 | [27/64] K=2, A/σ=2.0, L=16384 | Elapsed: 0.1m | ETA: 0.1m
2025-10-31 12:28:48,549 |     P_det: empirical = 1.000, theory = 1.000
2025-10-31 12:28:48,549 | [28/64] K=2, A/σ=2.0, L=65536 | Elapsed: 0.1m | ETA: 0.1m
2025-10-31 12:28:49,218 |     P_det: empirical = 1.000, theory = 1.000
2025-10-31 12:28:49,219 | [29/64] K=2, A/σ=3.0, L=1024 | Elapsed: 0.1m | ETA: 0.1m
2025-10-31 12:28:49,230 |     P_det: empirical = 0.985, theory = 1.000
2025-10-31 12:28:49,230 | [30/64] K=2, A/σ=3.0, L=4096 | Elapsed: 0.1m | ETA: 0.1m
2025-10-31 12:28:49,266 |     P_det: empirical = 1.000, theory = 1.000
2025-10-31 12:28:49,266 | [31/64] K=2, A/σ=3.0, L=16384 | Elapsed: 0.1m | ETA: 0.1m
2025-10-31 12:28:49,409 |     P_det: empirical = 1.000, theory = 1.000
2025-10-31 12:28:49,409 | [32/64] K=2, A/σ=3.0, L=65536 | Elapsed: 0.1m | ETA: 0.1m
2025-10-31 12:28:50,065 |     P_det: empirical = 1.000, theory = 1.000
2025-10-31 12:28:50,065 | [33/64] K=3, A/σ=0.5, L=1024 | Elapsed: 0.1m | ETA: 0.1m
2025-10-31 12:28:50,078 |     P_det: empirical = 0.210, theory = 1.000
2025-10-31 12:28:50,079 | [34/64] K=3, A/σ=0.5, L=4096 | Elapsed: 0.1m | ETA: 0.1m
2025-10-31 12:28:50,120 |     P_det: empirical = 0.950, theory = 1.000
2025-10-31 12:28:50,120 | [35/64] K=3, A/σ=0.5, L=16384 | Elapsed: 0.1m | ETA: 0.1m
2025-10-31 12:28:50,281 |     P_det: empirical = 0.990, theory = 1.000
2025-10-31 12:28:50,281 | [36/64] K=3, A/σ=0.5, L=65536 | Elapsed: 0.1m | ETA: 0.1m
2025-10-31 12:28:51,017 |     P_det: empirical = 1.000, theory = 1.000
2025-10-31 12:28:51,017 | [37/64] K=3, A/σ=1.0, L=1024 | Elapsed: 0.1m | ETA: 0.1m
2025-10-31 12:28:51,030 |     P_det: empirical = 0.995, theory = 1.000
2025-10-31 12:28:51,030 | [38/64] K=3, A/σ=1.0, L=4096 | Elapsed: 0.1m | ETA: 0.1m
2025-10-31 12:28:51,071 |     P_det: empirical = 1.000, theory = 1.000
2025-10-31 12:28:51,071 | [39/64] K=3, A/σ=1.0, L=16384 | Elapsed: 0.1m | ETA: 0.1m
2025-10-31 12:28:51,233 |     P_det: empirical = 1.000, theory = 1.000
2025-10-31 12:28:51,233 | [40/64] K=3, A/σ=1.0, L=65536 | Elapsed: 0.1m | ETA: 0.1m
2025-10-31 12:28:51,976 |     P_det: empirical = 1.000, theory = 1.000
2025-10-31 12:28:51,976 | [41/64] K=3, A/σ=2.0, L=1024 | Elapsed: 0.1m | ETA: 0.1m
2025-10-31 12:28:51,989 |     P_det: empirical = 1.000, theory = 1.000
2025-10-31 12:28:51,989 | [42/64] K=3, A/σ=2.0, L=4096 | Elapsed: 0.1m | ETA: 0.1m
2025-10-31 12:28:52,030 |     P_det: empirical = 1.000, theory = 1.000
2025-10-31 12:28:52,030 | [43/64] K=3, A/σ=2.0, L=16384 | Elapsed: 0.1m | ETA: 0.1m
2025-10-31 12:28:52,191 |     P_det: empirical = 1.000, theory = 1.000
2025-10-31 12:28:52,191 | [44/64] K=3, A/σ=2.0, L=65536 | Elapsed: 0.1m | ETA: 0.1m
2025-10-31 12:28:52,934 |     P_det: empirical = 1.000, theory = 1.000
2025-10-31 12:28:52,934 | [45/64] K=3, A/σ=3.0, L=1024 | Elapsed: 0.2m | ETA: 0.1m
2025-10-31 12:28:52,947 |     P_det: empirical = 1.000, theory = 1.000
2025-10-31 12:28:52,947 | [46/64] K=3, A/σ=3.0, L=4096 | Elapsed: 0.2m | ETA: 0.1m
2025-10-31 12:28:52,988 |     P_det: empirical = 1.000, theory = 1.000
2025-10-31 12:28:52,988 | [47/64] K=3, A/σ=3.0, L=16384 | Elapsed: 0.2m | ETA: 0.1m
2025-10-31 12:28:53,149 |     P_det: empirical = 1.000, theory = 1.000
2025-10-31 12:28:53,149 | [48/64] K=3, A/σ=3.0, L=65536 | Elapsed: 0.2m | ETA: 0.1m
2025-10-31 12:28:53,891 |     P_det: empirical = 1.000, theory = 1.000
2025-10-31 12:28:53,891 | [49/64] K=5, A/σ=0.5, L=1024 | Elapsed: 0.2m | ETA: 0.1m
2025-10-31 12:28:53,908 |     P_det: empirical = 0.685, theory = 1.000
2025-10-31 12:28:53,908 | [50/64] K=5, A/σ=0.5, L=4096 | Elapsed: 0.2m | ETA: 0.0m
2025-10-31 12:28:53,959 |     P_det: empirical = 1.000, theory = 1.000
2025-10-31 12:28:53,959 | [51/64] K=5, A/σ=0.5, L=16384 | Elapsed: 0.2m | ETA: 0.0m
2025-10-31 12:28:54,157 |     P_det: empirical = 1.000, theory = 1.000
2025-10-31 12:28:54,157 | [52/64] K=5, A/σ=0.5, L=65536 | Elapsed: 0.2m | ETA: 0.0m
2025-10-31 12:28:55,027 |     P_det: empirical = 1.000, theory = 1.000
2025-10-31 12:28:55,027 | [53/64] K=5, A/σ=1.0, L=1024 | Elapsed: 0.2m | ETA: 0.0m
2025-10-31 12:28:55,044 |     P_det: empirical = 1.000, theory = 1.000
2025-10-31 12:28:55,044 | [54/64] K=5, A/σ=1.0, L=4096 | Elapsed: 0.2m | ETA: 0.0m
2025-10-31 12:28:55,095 |     P_det: empirical = 1.000, theory = 1.000
2025-10-31 12:28:55,095 | [55/64] K=5, A/σ=1.0, L=16384 | Elapsed: 0.2m | ETA: 0.0m
2025-10-31 12:28:55,293 |     P_det: empirical = 1.000, theory = 1.000
2025-10-31 12:28:55,294 | [56/64] K=5, A/σ=1.0, L=65536 | Elapsed: 0.2m | ETA: 0.0m
2025-10-31 12:28:56,176 |     P_det: empirical = 1.000, theory = 1.000
2025-10-31 12:28:56,176 | [57/64] K=5, A/σ=2.0, L=1024 | Elapsed: 0.2m | ETA: 0.0m
2025-10-31 12:28:56,193 |     P_det: empirical = 1.000, theory = 1.000
2025-10-31 12:28:56,193 | [58/64] K=5, A/σ=2.0, L=4096 | Elapsed: 0.2m | ETA: 0.0m
2025-10-31 12:28:56,244 |     P_det: empirical = 1.000, theory = 1.000
2025-10-31 12:28:56,244 | [59/64] K=5, A/σ=2.0, L=16384 | Elapsed: 0.2m | ETA: 0.0m
2025-10-31 12:28:56,442 |     P_det: empirical = 1.000, theory = 1.000
2025-10-31 12:28:56,442 | [60/64] K=5, A/σ=2.0, L=65536 | Elapsed: 0.2m | ETA: 0.0m
2025-10-31 12:28:57,327 |     P_det: empirical = 1.000, theory = 1.000
2025-10-31 12:28:57,327 | [61/64] K=5, A/σ=3.0, L=1024 | Elapsed: 0.2m | ETA: 0.0m
2025-10-31 12:28:57,344 |     P_det: empirical = 1.000, theory = 1.000
2025-10-31 12:28:57,344 | [62/64] K=5, A/σ=3.0, L=4096 | Elapsed: 0.2m | ETA: 0.0m
2025-10-31 12:28:57,396 |     P_det: empirical = 1.000, theory = 1.000
2025-10-31 12:28:57,396 | [63/64] K=5, A/σ=3.0, L=16384 | Elapsed: 0.2m | ETA: 0.0m
2025-10-31 12:28:57,593 |     P_det: empirical = 1.000, theory = 1.000
2025-10-31 12:28:57,593 | [64/64] K=5, A/σ=3.0, L=65536 | Elapsed: 0.2m | ETA: 0.0m
2025-10-31 12:28:58,475 |     P_det: empirical = 1.000, theory = 1.000
2025-10-31 12:28:58,475 | 
======================================================================
2025-10-31 12:28:58,475 | VERDICT
2025-10-31 12:28:58,475 | ======================================================================
2025-10-31 12:28:58,475 | ✗ FAIL: Many empirical rates fall below bound
2025-10-31 12:28:58,475 |   Violation rate: 14.1%
2025-10-31 12:28:58,475 | ======================================================================
2025-10-31 12:28:58,476 | 
Elapsed time: 14.9 seconds (0.2 minutes)
2025-10-31 12:28:58,476 | Results saved: ../../Data/Experiments/Tier6/T6D1/T6D1_results.json
2025-10-31 12:28:59,073 | 
Figure saved: ../../Figures/experiments/Tier6/T6D1/T6D1_exoplanet_summary.png
2025-10-31 12:28:59,074 | 
======================================================================
2025-10-31 12:28:59,074 | Experiment T6-D1 complete!
2025-10-31 12:28:59,074 | ======================================================================
