2025-10-31 19:46:06,998 | ======================================================================
2025-10-31 19:46:06,998 | T6-D1: Exoplanet Biosignature Seasonality Detector (FIXED)
2025-10-31 19:46:06,998 | ======================================================================
2025-10-31 19:46:06,998 | Log file: ../../Data/Experiments/Tier6/T6D1/T6D1_log_20251031_194606.log
2025-10-31 19:46:06,998 | 
2025-10-31 19:46:06,998 | Configuration:
2025-10-31 19:46:06,998 |   Component counts K: [1, 2, 3, 5]
2025-10-31 19:46:06,998 |   SNR levels: [0.5, 1.0, 2.0, 3.0]
2025-10-31 19:46:06,998 |   Sequence lengths L: [1024, 4096, 16384, 65536]
2025-10-31 19:46:06,998 |   Noise σ: 1.0
2025-10-31 19:46:06,998 |   FPR target: 0.01
2025-10-31 19:46:06,998 |   Trials per config: 200
2025-10-31 19:46:06,998 | 
2025-10-31 19:46:06,998 | 
Calibrating detector for L=1024...
2025-10-31 19:46:06,998 | Calibrating CFAR detector with 1000 null samples...
2025-10-31 19:46:07,040 |   Threshold: 0.6642
2025-10-31 19:46:07,040 |   Target FPR: 0.0100
2025-10-31 19:46:07,040 |   Actual FPR: 0.0100
2025-10-31 19:46:07,040 | Estimating theoretical constant c...
2025-10-31 19:46:07,045 |   Estimated c = 0.000023
2025-10-31 19:46:07,045 | 
Calibrating detector for L=4096...
2025-10-31 19:46:07,045 | Calibrating CFAR detector with 1000 null samples...
2025-10-31 19:46:07,140 |   Threshold: 0.6008
2025-10-31 19:46:07,140 |   Target FPR: 0.0100
2025-10-31 19:46:07,140 |   Actual FPR: 0.0100
2025-10-31 19:46:07,140 | Estimating theoretical constant c...
2025-10-31 19:46:07,152 |   Estimated c = 0.000025
2025-10-31 19:46:07,152 | 
Calibrating detector for L=16384...
2025-10-31 19:46:07,152 | Calibrating CFAR detector with 1000 null samples...
2025-10-31 19:46:07,466 |   Threshold: 0.5691
2025-10-31 19:46:07,466 |   Target FPR: 0.0100
2025-10-31 19:46:07,467 |   Actual FPR: 0.0100
2025-10-31 19:46:07,467 | Estimating theoretical constant c...
2025-10-31 19:46:07,507 |   Estimated c = 0.000010
2025-10-31 19:46:07,507 | 
Calibrating detector for L=65536...
2025-10-31 19:46:07,507 | Calibrating CFAR detector with 1000 null samples...
2025-10-31 19:46:09,139 |   Threshold: 0.5508
2025-10-31 19:46:09,139 |   Target FPR: 0.0100
2025-10-31 19:46:09,139 |   Actual FPR: 0.0100
2025-10-31 19:46:09,139 | Estimating theoretical constant c...
2025-10-31 19:46:09,327 |   Estimated c = 0.001000
2025-10-31 19:46:09,327 | 
Running detection experiments...
2025-10-31 19:46:09,327 | [1/64] K=1, A/σ=0.5, L=1024 | Elapsed: 0.0m | ETA: 2.4m
2025-10-31 19:46:09,338 |     P_det: empirical = 0.000, theory = 0.006
2025-10-31 19:46:09,338 | [2/64] K=1, A/σ=0.5, L=4096 | Elapsed: 0.0m | ETA: 1.2m
2025-10-31 19:46:09,362 |     P_det: empirical = 0.000, theory = 0.026
2025-10-31 19:46:09,362 | [3/64] K=1, A/σ=0.5, L=16384 | Elapsed: 0.0m | ETA: 0.8m
2025-10-31 19:46:09,442 |     P_det: empirical = 0.000, theory = 0.039
2025-10-31 19:46:09,442 | [4/64] K=1, A/σ=0.5, L=65536 | Elapsed: 0.0m | ETA: 0.6m
2025-10-31 19:46:09,822 |     P_det: empirical = 0.000, theory = 1.000
2025-10-31 19:46:09,822 | [5/64] K=1, A/σ=1.0, L=1024 | Elapsed: 0.0m | ETA: 0.6m
2025-10-31 19:46:09,833 |     P_det: empirical = 0.000, theory = 0.023
2025-10-31 19:46:09,833 | [6/64] K=1, A/σ=1.0, L=4096 | Elapsed: 0.0m | ETA: 0.5m
2025-10-31 19:46:09,857 |     P_det: empirical = 0.000, theory = 0.099
2025-10-31 19:46:09,857 | [7/64] K=1, A/σ=1.0, L=16384 | Elapsed: 0.0m | ETA: 0.4m
2025-10-31 19:46:09,937 |     P_det: empirical = 0.000, theory = 0.147
2025-10-31 19:46:09,937 | [8/64] K=1, A/σ=1.0, L=65536 | Elapsed: 0.0m | ETA: 0.3m
2025-10-31 19:46:10,318 |     P_det: empirical = 0.000, theory = 1.000
2025-10-31 19:46:10,319 | [9/64] K=1, A/σ=2.0, L=1024 | Elapsed: 0.1m | ETA: 0.3m
2025-10-31 19:46:10,329 |     P_det: empirical = 0.095, theory = 0.090
2025-10-31 19:46:10,329 | [10/64] K=1, A/σ=2.0, L=4096 | Elapsed: 0.1m | ETA: 0.3m
2025-10-31 19:46:10,353 |     P_det: empirical = 0.315, theory = 0.340
2025-10-31 19:46:10,353 | [11/64] K=1, A/σ=2.0, L=16384 | Elapsed: 0.1m | ETA: 0.3m
2025-10-31 19:46:10,434 |     P_det: empirical = 0.405, theory = 0.470
2025-10-31 19:46:10,434 | [12/64] K=1, A/σ=2.0, L=65536 | Elapsed: 0.1m | ETA: 0.2m
2025-10-31 19:46:10,817 |     P_det: empirical = 1.000, theory = 1.000
2025-10-31 19:46:10,817 | [13/64] K=1, A/σ=3.0, L=1024 | Elapsed: 0.1m | ETA: 0.2m
2025-10-31 19:46:10,828 |     P_det: empirical = 0.605, theory = 0.191
2025-10-31 19:46:10,828 | [14/64] K=1, A/σ=3.0, L=4096 | Elapsed: 0.1m | ETA: 0.2m
2025-10-31 19:46:10,852 |     P_det: empirical = 0.555, theory = 0.607
2025-10-31 19:46:10,852 | [15/64] K=1, A/σ=3.0, L=16384 | Elapsed: 0.1m | ETA: 0.2m
2025-10-31 19:46:10,932 |     P_det: empirical = 0.640, theory = 0.760
2025-10-31 19:46:10,932 | [16/64] K=1, A/σ=3.0, L=65536 | Elapsed: 0.1m | ETA: 0.2m
2025-10-31 19:46:11,360 |     P_det: empirical = 1.000, theory = 1.000
2025-10-31 19:46:11,360 | [17/64] K=2, A/σ=0.5, L=1024 | Elapsed: 0.1m | ETA: 0.2m
2025-10-31 19:46:11,373 |     P_det: empirical = 0.000, theory = 0.012
2025-10-31 19:46:11,373 | [18/64] K=2, A/σ=0.5, L=4096 | Elapsed: 0.1m | ETA: 0.2m
2025-10-31 19:46:11,403 |     P_det: empirical = 0.000, theory = 0.051
2025-10-31 19:46:11,403 | [19/64] K=2, A/σ=0.5, L=16384 | Elapsed: 0.1m | ETA: 0.2m
2025-10-31 19:46:11,501 |     P_det: empirical = 0.000, theory = 0.076
2025-10-31 19:46:11,501 | [20/64] K=2, A/σ=0.5, L=65536 | Elapsed: 0.1m | ETA: 0.2m
2025-10-31 19:46:11,954 |     P_det: empirical = 0.000, theory = 1.000
2025-10-31 19:46:11,955 | [21/64] K=2, A/σ=1.0, L=1024 | Elapsed: 0.1m | ETA: 0.2m
2025-10-31 19:46:11,967 |     P_det: empirical = 0.060, theory = 0.046
2025-10-31 19:46:11,967 | [22/64] K=2, A/σ=1.0, L=4096 | Elapsed: 0.1m | ETA: 0.2m
2025-10-31 19:46:11,997 |     P_det: empirical = 0.180, theory = 0.188
2025-10-31 19:46:11,997 | [23/64] K=2, A/σ=1.0, L=16384 | Elapsed: 0.1m | ETA: 0.1m
2025-10-31 19:46:12,096 |     P_det: empirical = 0.020, theory = 0.272
2025-10-31 19:46:12,096 | [24/64] K=2, A/σ=1.0, L=65536 | Elapsed: 0.1m | ETA: 0.1m
2025-10-31 19:46:12,553 |     P_det: empirical = 0.405, theory = 1.000
2025-10-31 19:46:12,553 | [25/64] K=2, A/σ=2.0, L=1024 | Elapsed: 0.1m | ETA: 0.1m
2025-10-31 19:46:12,565 |     P_det: empirical = 0.450, theory = 0.172
2025-10-31 19:46:12,565 | [26/64] K=2, A/σ=2.0, L=4096 | Elapsed: 0.1m | ETA: 0.1m
2025-10-31 19:46:12,595 |     P_det: empirical = 0.660, theory = 0.564
2025-10-31 19:46:12,595 | [27/64] K=2, A/σ=2.0, L=16384 | Elapsed: 0.1m | ETA: 0.1m
2025-10-31 19:46:12,693 |     P_det: empirical = 0.130, theory = 0.719
2025-10-31 19:46:12,693 | [28/64] K=2, A/σ=2.0, L=65536 | Elapsed: 0.1m | ETA: 0.1m
2025-10-31 19:46:13,150 |     P_det: empirical = 0.745, theory = 1.000
2025-10-31 19:46:13,150 | [29/64] K=2, A/σ=3.0, L=1024 | Elapsed: 0.1m | ETA: 0.1m
2025-10-31 19:46:13,163 |     P_det: empirical = 0.500, theory = 0.346
2025-10-31 19:46:13,163 | [30/64] K=2, A/σ=3.0, L=4096 | Elapsed: 0.1m | ETA: 0.1m
2025-10-31 19:46:13,192 |     P_det: empirical = 0.690, theory = 0.846
2025-10-31 19:46:13,192 | [31/64] K=2, A/σ=3.0, L=16384 | Elapsed: 0.1m | ETA: 0.1m
2025-10-31 19:46:13,291 |     P_det: empirical = 0.175, theory = 0.943
2025-10-31 19:46:13,291 | [32/64] K=2, A/σ=3.0, L=65536 | Elapsed: 0.1m | ETA: 0.1m
2025-10-31 19:46:13,749 |     P_det: empirical = 0.830, theory = 1.000
2025-10-31 19:46:13,749 | [33/64] K=3, A/σ=0.5, L=1024 | Elapsed: 0.1m | ETA: 0.1m
2025-10-31 19:46:13,764 |     P_det: empirical = 0.000, theory = 0.018
2025-10-31 19:46:13,764 | [34/64] K=3, A/σ=0.5, L=4096 | Elapsed: 0.1m | ETA: 0.1m
2025-10-31 19:46:13,799 |     P_det: empirical = 0.000, theory = 0.075
2025-10-31 19:46:13,799 | [35/64] K=3, A/σ=0.5, L=16384 | Elapsed: 0.1m | ETA: 0.1m
2025-10-31 19:46:13,916 |     P_det: empirical = 0.000, theory = 0.112
2025-10-31 19:46:13,916 | [36/64] K=3, A/σ=0.5, L=65536 | Elapsed: 0.1m | ETA: 0.1m
2025-10-31 19:46:14,512 |     P_det: empirical = 0.000, theory = 1.000
2025-10-31 19:46:14,512 | [37/64] K=3, A/σ=1.0, L=1024 | Elapsed: 0.1m | ETA: 0.1m
2025-10-31 19:46:14,527 |     P_det: empirical = 0.140, theory = 0.068
2025-10-31 19:46:14,527 | [38/64] K=3, A/σ=1.0, L=4096 | Elapsed: 0.1m | ETA: 0.1m
2025-10-31 19:46:14,561 |     P_det: empirical = 0.280, theory = 0.268
2025-10-31 19:46:14,561 | [39/64] K=3, A/σ=1.0, L=16384 | Elapsed: 0.1m | ETA: 0.1m
2025-10-31 19:46:14,678 |     P_det: empirical = 0.010, theory = 0.379
2025-10-31 19:46:14,678 | [40/64] K=3, A/σ=1.0, L=65536 | Elapsed: 0.1m | ETA: 0.1m
2025-10-31 19:46:15,246 |     P_det: empirical = 0.485, theory = 1.000
2025-10-31 19:46:15,246 | [41/64] K=3, A/σ=2.0, L=1024 | Elapsed: 0.1m | ETA: 0.1m
2025-10-31 19:46:15,261 |     P_det: empirical = 0.515, theory = 0.246
2025-10-31 19:46:15,261 | [42/64] K=3, A/σ=2.0, L=4096 | Elapsed: 0.1m | ETA: 0.1m
2025-10-31 19:46:15,295 |     P_det: empirical = 0.710, theory = 0.713
2025-10-31 19:46:15,295 | [43/64] K=3, A/σ=2.0, L=16384 | Elapsed: 0.1m | ETA: 0.1m
2025-10-31 19:46:15,412 |     P_det: empirical = 0.215, theory = 0.851
2025-10-31 19:46:15,412 | [44/64] K=3, A/σ=2.0, L=65536 | Elapsed: 0.1m | ETA: 0.1m
2025-10-31 19:46:15,971 |     P_det: empirical = 0.860, theory = 1.000
2025-10-31 19:46:15,971 | [45/64] K=3, A/σ=3.0, L=1024 | Elapsed: 0.1m | ETA: 0.1m
2025-10-31 19:46:15,986 |     P_det: empirical = 0.570, theory = 0.471
2025-10-31 19:46:15,986 | [46/64] K=3, A/σ=3.0, L=4096 | Elapsed: 0.1m | ETA: 0.1m
2025-10-31 19:46:16,021 |     P_det: empirical = 0.795, theory = 0.939
2025-10-31 19:46:16,021 | [47/64] K=3, A/σ=3.0, L=16384 | Elapsed: 0.2m | ETA: 0.1m
2025-10-31 19:46:16,137 |     P_det: empirical = 0.300, theory = 0.986
2025-10-31 19:46:16,137 | [48/64] K=3, A/σ=3.0, L=65536 | Elapsed: 0.2m | ETA: 0.1m
2025-10-31 19:46:16,706 |     P_det: empirical = 0.950, theory = 1.000
2025-10-31 19:46:16,706 | [49/64] K=5, A/σ=0.5, L=1024 | Elapsed: 0.2m | ETA: 0.0m
2025-10-31 19:46:16,725 |     P_det: empirical = 0.015, theory = 0.029
2025-10-31 19:46:16,725 | [50/64] K=5, A/σ=0.5, L=4096 | Elapsed: 0.2m | ETA: 0.0m
2025-10-31 19:46:16,770 |     P_det: empirical = 0.060, theory = 0.122
2025-10-31 19:46:16,770 | [51/64] K=5, A/σ=0.5, L=16384 | Elapsed: 0.2m | ETA: 0.0m
2025-10-31 19:46:16,929 |     P_det: empirical = 0.000, theory = 0.180
2025-10-31 19:46:16,929 | [52/64] K=5, A/σ=0.5, L=65536 | Elapsed: 0.2m | ETA: 0.0m
2025-10-31 19:46:17,637 |     P_det: empirical = 0.145, theory = 1.000
2025-10-31 19:46:17,637 | [53/64] K=5, A/σ=1.0, L=1024 | Elapsed: 0.2m | ETA: 0.0m
2025-10-31 19:46:17,656 |     P_det: empirical = 0.305, theory = 0.111
2025-10-31 19:46:17,656 | [54/64] K=5, A/σ=1.0, L=4096 | Elapsed: 0.2m | ETA: 0.0m
2025-10-31 19:46:17,701 |     P_det: empirical = 0.570, theory = 0.405
2025-10-31 19:46:17,701 | [55/64] K=5, A/σ=1.0, L=16384 | Elapsed: 0.2m | ETA: 0.0m
2025-10-31 19:46:17,854 |     P_det: empirical = 0.060, theory = 0.548
2025-10-31 19:46:17,854 | [56/64] K=5, A/σ=1.0, L=65536 | Elapsed: 0.2m | ETA: 0.0m
2025-10-31 19:46:18,565 |     P_det: empirical = 0.665, theory = 1.000
2025-10-31 19:46:18,565 | [57/64] K=5, A/σ=2.0, L=1024 | Elapsed: 0.2m | ETA: 0.0m
2025-10-31 19:46:18,584 |     P_det: empirical = 0.605, theory = 0.376
2025-10-31 19:46:18,584 | [58/64] K=5, A/σ=2.0, L=4096 | Elapsed: 0.2m | ETA: 0.0m
2025-10-31 19:46:18,629 |     P_det: empirical = 0.790, theory = 0.875
2025-10-31 19:46:18,629 | [59/64] K=5, A/σ=2.0, L=16384 | Elapsed: 0.2m | ETA: 0.0m
2025-10-31 19:46:18,782 |     P_det: empirical = 0.145, theory = 0.958
2025-10-31 19:46:18,782 | [60/64] K=5, A/σ=2.0, L=65536 | Elapsed: 0.2m | ETA: 0.0m
2025-10-31 19:46:19,490 |     P_det: empirical = 0.910, theory = 1.000
2025-10-31 19:46:19,490 | [61/64] K=5, A/σ=3.0, L=1024 | Elapsed: 0.2m | ETA: 0.0m
2025-10-31 19:46:19,509 |     P_det: empirical = 0.655, theory = 0.654
2025-10-31 19:46:19,509 | [62/64] K=5, A/σ=3.0, L=4096 | Elapsed: 0.2m | ETA: 0.0m
2025-10-31 19:46:19,587 |     P_det: empirical = 0.830, theory = 0.991
2025-10-31 19:46:19,588 | [63/64] K=5, A/σ=3.0, L=16384 | Elapsed: 0.2m | ETA: 0.0m
2025-10-31 19:46:19,809 |     P_det: empirical = 0.200, theory = 0.999
2025-10-31 19:46:19,809 | [64/64] K=5, A/σ=3.0, L=65536 | Elapsed: 0.2m | ETA: 0.0m
2025-10-31 19:46:20,517 |     P_det: empirical = 0.955, theory = 1.000
2025-10-31 19:46:20,517 | 
Verifying false positive rates...
2025-10-31 19:46:20,538 |   L=1024: FPR = 0.0200 (target: 0.0100)
2025-10-31 19:46:20,585 |   L=4096: FPR = 0.0100 (target: 0.0100)
2025-10-31 19:46:20,742 |   L=16384: FPR = 0.0040 (target: 0.0100)
2025-10-31 19:46:21,548 |   L=65536: FPR = 0.0180 (target: 0.0100)
2025-10-31 19:46:21,548 | 
======================================================================
2025-10-31 19:46:21,548 | VERDICT
2025-10-31 19:46:21,548 | ======================================================================
2025-10-31 19:46:21,548 |   Violation: K=1, SNR=0.5, L=65536 - Emp=0.000 < Theory=1.000
2025-10-31 19:46:21,548 |   Violation: K=1, SNR=1.0, L=16384 - Emp=0.000 < Theory=0.147
2025-10-31 19:46:21,548 |   Violation: K=1, SNR=1.0, L=65536 - Emp=0.000 < Theory=1.000
2025-10-31 19:46:21,548 |   Violation: K=1, SNR=3.0, L=16384 - Emp=0.640 < Theory=0.760
2025-10-31 19:46:21,548 |   Violation: K=2, SNR=0.5, L=65536 - Emp=0.000 < Theory=1.000
2025-10-31 19:46:21,548 |   Violation: K=2, SNR=1.0, L=16384 - Emp=0.020 < Theory=0.272
2025-10-31 19:46:21,548 |   Violation: K=2, SNR=1.0, L=65536 - Emp=0.405 < Theory=1.000
2025-10-31 19:46:21,548 |   Violation: K=2, SNR=2.0, L=16384 - Emp=0.130 < Theory=0.719
2025-10-31 19:46:21,548 |   Violation: K=2, SNR=2.0, L=65536 - Emp=0.745 < Theory=1.000
2025-10-31 19:46:21,548 |   Violation: K=2, SNR=3.0, L=4096 - Emp=0.690 < Theory=0.846
2025-10-31 19:46:21,548 |   Violation: K=2, SNR=3.0, L=16384 - Emp=0.175 < Theory=0.943
2025-10-31 19:46:21,548 |   Violation: K=2, SNR=3.0, L=65536 - Emp=0.830 < Theory=1.000
2025-10-31 19:46:21,548 |   Violation: K=3, SNR=0.5, L=16384 - Emp=0.000 < Theory=0.112
2025-10-31 19:46:21,548 |   Violation: K=3, SNR=0.5, L=65536 - Emp=0.000 < Theory=1.000
2025-10-31 19:46:21,548 |   Violation: K=3, SNR=1.0, L=16384 - Emp=0.010 < Theory=0.379
2025-10-31 19:46:21,548 |   Violation: K=3, SNR=1.0, L=65536 - Emp=0.485 < Theory=1.000
2025-10-31 19:46:21,549 |   Violation: K=3, SNR=2.0, L=16384 - Emp=0.215 < Theory=0.851
2025-10-31 19:46:21,549 |   Violation: K=3, SNR=2.0, L=65536 - Emp=0.860 < Theory=1.000
2025-10-31 19:46:21,549 |   Violation: K=3, SNR=3.0, L=4096 - Emp=0.795 < Theory=0.939
2025-10-31 19:46:21,549 |   Violation: K=3, SNR=3.0, L=16384 - Emp=0.300 < Theory=0.986
2025-10-31 19:46:21,549 |   Violation: K=5, SNR=0.5, L=16384 - Emp=0.000 < Theory=0.180
2025-10-31 19:46:21,549 |   Violation: K=5, SNR=0.5, L=65536 - Emp=0.145 < Theory=1.000
2025-10-31 19:46:21,549 |   Violation: K=5, SNR=1.0, L=16384 - Emp=0.060 < Theory=0.548
2025-10-31 19:46:21,549 |   Violation: K=5, SNR=1.0, L=65536 - Emp=0.665 < Theory=1.000
2025-10-31 19:46:21,549 |   Violation: K=5, SNR=2.0, L=16384 - Emp=0.145 < Theory=0.958
2025-10-31 19:46:21,549 |   Violation: K=5, SNR=3.0, L=4096 - Emp=0.830 < Theory=0.991
2025-10-31 19:46:21,549 |   Violation: K=5, SNR=3.0, L=16384 - Emp=0.200 < Theory=0.999
2025-10-31 19:46:21,549 | ✗ FAIL: Many empirical rates fall below bound
2025-10-31 19:46:21,549 |   Violation rate: 42.2%
2025-10-31 19:46:21,549 | ======================================================================
2025-10-31 19:46:21,549 | 
Elapsed time: 14.6 seconds (0.2 minutes)
2025-10-31 19:46:21,550 | Results saved: ../../Data/Experiments/Tier6/T6D1/T6D1_results_fixed.json
2025-10-31 19:46:22,352 | 
Figure saved: ../../Figures/experiments/Tier6/T6D1/T6D1_exoplanet_summary_fixed.png
2025-10-31 19:46:22,353 | 
======================================================================
2025-10-31 19:46:22,353 | Experiment T6-D1 (FIXED) complete!
2025-10-31 19:46:22,353 | ======================================================================
