2025-10-31 23:19:37,759 | ======================================================================
2025-10-31 23:19:37,759 | T6-D1: Exoplanet Biosignature (L² BOUND FIXED)
2025-10-31 23:19:37,759 | ======================================================================
2025-10-31 23:19:37,759 | Log file: ../../Data/Experiments/Tier6/T6D1/T6D1_L2_fixed_20251031_231937.log
2025-10-31 23:19:37,759 | 
Starting detection experiment...
2025-10-31 23:19:37,759 | L values: [4096, 16384, 65536]
2025-10-31 23:19:37,759 | K values: [1, 2, 3, 5]
2025-10-31 23:19:37,759 | SNR values: [0.5, 1.0, 2.0, 3.0]
2025-10-31 23:19:37,759 | Trials: 200

2025-10-31 23:19:37,791 | [1/48] L=4096, K=1, SNR=0.5: P_emp=1.00, P_loose=0.64, P_tight=1.00 | ETA: 0.0m
2025-10-31 23:19:37,821 | [2/48] L=4096, K=1, SNR=1.0: P_emp=1.00, P_loose=0.98, P_tight=1.00 | ETA: 0.0m
2025-10-31 23:19:37,852 | [3/48] L=4096, K=1, SNR=2.0: P_emp=1.00, P_loose=1.00, P_tight=1.00 | ETA: 0.0m
2025-10-31 23:19:37,883 | [4/48] L=4096, K=1, SNR=3.0: P_emp=1.00, P_loose=1.00, P_tight=1.00 | ETA: 0.0m
2025-10-31 23:19:37,919 | [5/48] L=4096, K=2, SNR=0.5: P_emp=1.00, P_loose=0.87, P_tight=1.00 | ETA: 0.0m
2025-10-31 23:19:37,955 | [6/48] L=4096, K=2, SNR=1.0: P_emp=1.00, P_loose=1.00, P_tight=1.00 | ETA: 0.0m
2025-10-31 23:19:37,991 | [7/48] L=4096, K=2, SNR=2.0: P_emp=1.00, P_loose=1.00, P_tight=1.00 | ETA: 0.0m
2025-10-31 23:19:38,027 | [8/48] L=4096, K=2, SNR=3.0: P_emp=1.00, P_loose=1.00, P_tight=1.00 | ETA: 0.0m
2025-10-31 23:19:38,069 | [9/48] L=4096, K=3, SNR=0.5: P_emp=1.00, P_loose=0.95, P_tight=1.00 | ETA: 0.0m
2025-10-31 23:19:38,110 | [10/48] L=4096, K=3, SNR=1.0: P_emp=1.00, P_loose=1.00, P_tight=1.00 | ETA: 0.0m
2025-10-31 23:19:38,151 | [11/48] L=4096, K=3, SNR=2.0: P_emp=1.00, P_loose=1.00, P_tight=1.00 | ETA: 0.0m
2025-10-31 23:19:38,192 | [12/48] L=4096, K=3, SNR=3.0: P_emp=1.00, P_loose=1.00, P_tight=1.00 | ETA: 0.0m
2025-10-31 23:19:38,244 | [13/48] L=4096, K=5, SNR=0.5: P_emp=1.00, P_loose=0.99, P_tight=1.00 | ETA: 0.0m
2025-10-31 23:19:38,296 | [14/48] L=4096, K=5, SNR=1.0: P_emp=1.00, P_loose=1.00, P_tight=1.00 | ETA: 0.0m
2025-10-31 23:19:38,348 | [15/48] L=4096, K=5, SNR=2.0: P_emp=1.00, P_loose=1.00, P_tight=1.00 | ETA: 0.0m
2025-10-31 23:19:38,399 | [16/48] L=4096, K=5, SNR=3.0: P_emp=1.00, P_loose=1.00, P_tight=1.00 | ETA: 0.0m
2025-10-31 23:19:38,506 | [17/48] L=16384, K=1, SNR=0.5: P_emp=1.00, P_loose=0.98, P_tight=1.00 | ETA: 0.0m
2025-10-31 23:19:38,611 | [18/48] L=16384, K=1, SNR=1.0: P_emp=1.00, P_loose=1.00, P_tight=1.00 | ETA: 0.0m
2025-10-31 23:19:38,717 | [19/48] L=16384, K=1, SNR=2.0: P_emp=1.00, P_loose=1.00, P_tight=1.00 | ETA: 0.0m
2025-10-31 23:19:38,822 | [20/48] L=16384, K=1, SNR=3.0: P_emp=1.00, P_loose=1.00, P_tight=1.00 | ETA: 0.0m
2025-10-31 23:19:38,946 | [21/48] L=16384, K=2, SNR=0.5: P_emp=1.00, P_loose=1.00, P_tight=1.00 | ETA: 0.0m
2025-10-31 23:19:39,070 | [22/48] L=16384, K=2, SNR=1.0: P_emp=1.00, P_loose=1.00, P_tight=1.00 | ETA: 0.0m
2025-10-31 23:19:39,194 | [23/48] L=16384, K=2, SNR=2.0: P_emp=1.00, P_loose=1.00, P_tight=1.00 | ETA: 0.0m
2025-10-31 23:19:39,321 | [24/48] L=16384, K=2, SNR=3.0: P_emp=1.00, P_loose=1.00, P_tight=1.00 | ETA: 0.0m
2025-10-31 23:19:39,463 | [25/48] L=16384, K=3, SNR=0.5: P_emp=1.00, P_loose=1.00, P_tight=1.00 | ETA: 0.0m
2025-10-31 23:19:39,605 | [26/48] L=16384, K=3, SNR=1.0: P_emp=1.00, P_loose=1.00, P_tight=1.00 | ETA: 0.0m
2025-10-31 23:19:39,747 | [27/48] L=16384, K=3, SNR=2.0: P_emp=1.00, P_loose=1.00, P_tight=1.00 | ETA: 0.0m
2025-10-31 23:19:39,889 | [28/48] L=16384, K=3, SNR=3.0: P_emp=1.00, P_loose=1.00, P_tight=1.00 | ETA: 0.0m
2025-10-31 23:19:40,068 | [29/48] L=16384, K=5, SNR=0.5: P_emp=1.00, P_loose=1.00, P_tight=1.00 | ETA: 0.0m
2025-10-31 23:19:40,246 | [30/48] L=16384, K=5, SNR=1.0: P_emp=1.00, P_loose=1.00, P_tight=1.00 | ETA: 0.0m
2025-10-31 23:19:40,425 | [31/48] L=16384, K=5, SNR=2.0: P_emp=1.00, P_loose=1.00, P_tight=1.00 | ETA: 0.0m
2025-10-31 23:19:40,604 | [32/48] L=16384, K=5, SNR=3.0: P_emp=1.00, P_loose=1.00, P_tight=1.00 | ETA: 0.0m
2025-10-31 23:19:41,020 | [33/48] L=65536, K=1, SNR=0.5: P_emp=1.00, P_loose=1.00, P_tight=1.00 | ETA: 0.0m
2025-10-31 23:19:41,433 | [34/48] L=65536, K=1, SNR=1.0: P_emp=1.00, P_loose=1.00, P_tight=1.00 | ETA: 0.0m
2025-10-31 23:19:41,845 | [35/48] L=65536, K=1, SNR=2.0: P_emp=1.00, P_loose=1.00, P_tight=1.00 | ETA: 0.0m
2025-10-31 23:19:42,259 | [36/48] L=65536, K=1, SNR=3.0: P_emp=1.00, P_loose=1.00, P_tight=1.00 | ETA: 0.0m
2025-10-31 23:19:42,742 | [37/48] L=65536, K=2, SNR=0.5: P_emp=1.00, P_loose=1.00, P_tight=1.00 | ETA: 0.0m
2025-10-31 23:19:43,225 | [38/48] L=65536, K=2, SNR=1.0: P_emp=1.00, P_loose=1.00, P_tight=1.00 | ETA: 0.0m
2025-10-31 23:19:43,708 | [39/48] L=65536, K=2, SNR=2.0: P_emp=1.00, P_loose=1.00, P_tight=1.00 | ETA: 0.0m
2025-10-31 23:19:44,190 | [40/48] L=65536, K=2, SNR=3.0: P_emp=1.00, P_loose=1.00, P_tight=1.00 | ETA: 0.0m
2025-10-31 23:19:44,743 | [41/48] L=65536, K=3, SNR=0.5: P_emp=1.00, P_loose=1.00, P_tight=1.00 | ETA: 0.0m
2025-10-31 23:19:45,295 | [42/48] L=65536, K=3, SNR=1.0: P_emp=1.00, P_loose=1.00, P_tight=1.00 | ETA: 0.0m
2025-10-31 23:19:45,847 | [43/48] L=65536, K=3, SNR=2.0: P_emp=1.00, P_loose=1.00, P_tight=1.00 | ETA: 0.0m
2025-10-31 23:19:46,399 | [44/48] L=65536, K=3, SNR=3.0: P_emp=1.00, P_loose=1.00, P_tight=1.00 | ETA: 0.0m
2025-10-31 23:19:47,091 | [45/48] L=65536, K=5, SNR=0.5: P_emp=1.00, P_loose=1.00, P_tight=1.00 | ETA: 0.0m
2025-10-31 23:19:47,782 | [46/48] L=65536, K=5, SNR=1.0: P_emp=1.00, P_loose=1.00, P_tight=1.00 | ETA: 0.0m
2025-10-31 23:19:48,473 | [47/48] L=65536, K=5, SNR=2.0: P_emp=1.00, P_loose=1.00, P_tight=1.00 | ETA: 0.0m
2025-10-31 23:19:49,165 | [48/48] L=65536, K=5, SNR=3.0: P_emp=1.00, P_loose=1.00, P_tight=1.00 | ETA: 0.0m
2025-10-31 23:19:49,165 | 
Experiment complete: 11.4s (0.2m)
2025-10-31 23:19:49,165 | 
Data saved: ../../Data/Experiments/Tier6/T6D1/T6D1_L2_fixed_results.json
2025-10-31 23:19:49,165 | 
======================================================================
2025-10-31 23:19:49,165 | BOUND COMPARISON ANALYSIS
2025-10-31 23:19:49,166 | ======================================================================

2025-10-31 23:19:49,166 | LOOSE BOUND (Original, exponential):
2025-10-31 23:19:49,166 |   R² = -inf
2025-10-31 23:19:49,166 |   MAE = 0.0120
2025-10-31 23:19:49,166 |   Violations: 0/48 (0.0%)
2025-10-31 23:19:49,166 |   Mean prediction: 0.9880
2025-10-31 23:19:49,166 |   Problem: 46 configs predicted >95% (uninformative)

2025-10-31 23:19:49,166 | TIGHT BOUND (L²-corrected, Gaussian CDF):
2025-10-31 23:19:49,166 |   R² = -inf
2025-10-31 23:19:49,166 |   MAE = 0.0000
2025-10-31 23:19:49,166 |   Violations: 0/48 (0.0%)
2025-10-31 23:19:49,166 |   Mean prediction: 1.0000
2025-10-31 23:19:49,166 |   Prediction range: [1.00, 1.00] (good spread)

2025-10-31 23:19:49,166 | ======================================================================
2025-10-31 23:19:49,166 | VERDICT: ❌ FAIL — Tight bound insufficient (R² < 0.70)
2025-10-31 23:19:49,166 | 
Improvement: R² increased by nan
2025-10-31 23:19:49,166 |              MAE decreased by 0.0120
2025-10-31 23:19:49,166 | ======================================================================
2025-10-31 23:19:49,166 | 
Generating figures...
2025-10-31 23:19:49,476 | Figure saved: ../../Figures/experiments/Tier6/T6D1/T6D1_L2_bound_comparison.png
2025-10-31 23:19:49,476 | 
======================================================================
2025-10-31 23:19:49,477 | T6-D1 L² RETROFIT COMPLETE
2025-10-31 23:19:49,477 | ======================================================================
2025-10-31 23:19:49,477 | Runtime: 11.7s (0.2m)
2025-10-31 23:19:49,477 | Configurations: 48
2025-10-31 23:19:49,477 | 
Key Insight from T6-B2: SNR ∝ L² (R² = 0.9940)
2025-10-31 23:19:49,477 | Application: Gaussian detection bound with √(SNR·L) statistic
2025-10-31 23:19:49,477 | 
Original bound (FAIL): R² = -inf
2025-10-31 23:19:49,477 | L²-corrected bound: R² = -inf
2025-10-31 23:19:49,477 | Improvement: ΔR² = +nan
2025-10-31 23:19:49,477 | 
❌ RETROFIT INSUFFICIENT — Requires additional theoretical work
2025-10-31 23:19:49,477 | ======================================================================
