2025-10-31 18:56:51,838 | ======================================================================
2025-10-31 18:56:51,838 | T6-D1: Exoplanet Biosignature Seasonality Detector (FIXED)
2025-10-31 18:56:51,838 | ======================================================================
2025-10-31 18:56:51,838 | Log file: ../../Data/Experiments/Tier6/T6D1/T6D1_log_20251031_185651.log
2025-10-31 18:56:51,838 | 
2025-10-31 18:56:51,838 | Configuration:
2025-10-31 18:56:51,838 |   Component counts K: [1, 2, 3, 5]
2025-10-31 18:56:51,838 |   SNR levels: [0.5, 1.0, 2.0, 3.0]
2025-10-31 18:56:51,838 |   Sequence lengths L: [1024, 4096, 16384, 65536]
2025-10-31 18:56:51,838 |   Noise σ: 1.0
2025-10-31 18:56:51,838 |   FPR target: 0.01
2025-10-31 18:56:51,838 |   Trials per config: 200
2025-10-31 18:56:51,838 | 
2025-10-31 18:56:51,838 | 
Calibrating detector for L=1024...
2025-10-31 18:56:51,838 | Calibrating CFAR detector with 1000 null samples...
2025-10-31 18:56:51,880 |   Threshold: 0.6642
2025-10-31 18:56:51,880 |   Target FPR: 0.0100
2025-10-31 18:56:51,880 |   Actual FPR: 0.0100
2025-10-31 18:56:51,880 | Estimating theoretical constant c...
2025-10-31 18:56:51,885 |   Estimated c = 0.000023
2025-10-31 18:56:51,885 | 
Calibrating detector for L=4096...
2025-10-31 18:56:51,885 | Calibrating CFAR detector with 1000 null samples...
2025-10-31 18:56:51,979 |   Threshold: 0.6008
2025-10-31 18:56:51,979 |   Target FPR: 0.0100
2025-10-31 18:56:51,979 |   Actual FPR: 0.0100
2025-10-31 18:56:51,980 | Estimating theoretical constant c...
2025-10-31 18:56:51,992 |   Estimated c = 0.000025
2025-10-31 18:56:51,992 | 
Calibrating detector for L=16384...
2025-10-31 18:56:51,992 | Calibrating CFAR detector with 1000 null samples...
2025-10-31 18:56:52,306 |   Threshold: 0.5691
2025-10-31 18:56:52,306 |   Target FPR: 0.0100
2025-10-31 18:56:52,306 |   Actual FPR: 0.0100
2025-10-31 18:56:52,306 | Estimating theoretical constant c...
2025-10-31 18:56:52,346 |   Estimated c = 0.000010
2025-10-31 18:56:52,346 | 
Calibrating detector for L=65536...
2025-10-31 18:56:52,346 | Calibrating CFAR detector with 1000 null samples...
2025-10-31 18:56:53,939 |   Threshold: 0.5508
2025-10-31 18:56:53,939 |   Target FPR: 0.0100
2025-10-31 18:56:53,940 |   Actual FPR: 0.0100
2025-10-31 18:56:53,940 | Estimating theoretical constant c...
2025-10-31 18:56:54,129 |   Estimated c = 0.001000
2025-10-31 18:56:54,129 | 
Running detection experiments...
2025-10-31 18:56:54,129 | [1/64] K=1, A/σ=0.5, L=1024 | Elapsed: 0.0m | ETA: 2.4m
2025-10-31 18:56:54,140 |     P_det: empirical = 0.000, theory = 0.006
2025-10-31 18:56:54,140 | [2/64] K=1, A/σ=0.5, L=4096 | Elapsed: 0.0m | ETA: 1.2m
2025-10-31 18:56:54,164 |     P_det: empirical = 0.000, theory = 0.026
2025-10-31 18:56:54,164 | [3/64] K=1, A/σ=0.5, L=16384 | Elapsed: 0.0m | ETA: 0.8m
2025-10-31 18:56:54,244 |     P_det: empirical = 0.000, theory = 0.039
2025-10-31 18:56:54,244 | [4/64] K=1, A/σ=0.5, L=65536 | Elapsed: 0.0m | ETA: 0.6m
2025-10-31 18:56:54,621 |     P_det: empirical = 0.000, theory = 1.000
2025-10-31 18:56:54,621 | [5/64] K=1, A/σ=1.0, L=1024 | Elapsed: 0.0m | ETA: 0.5m
2025-10-31 18:56:54,632 |     P_det: empirical = 0.000, theory = 0.023
2025-10-31 18:56:54,632 | [6/64] K=1, A/σ=1.0, L=4096 | Elapsed: 0.0m | ETA: 0.5m
2025-10-31 18:56:54,656 |     P_det: empirical = 0.000, theory = 0.099
2025-10-31 18:56:54,656 | [7/64] K=1, A/σ=1.0, L=16384 | Elapsed: 0.0m | ETA: 0.4m
2025-10-31 18:56:54,736 |     P_det: empirical = 0.000, theory = 0.147
2025-10-31 18:56:54,736 | [8/64] K=1, A/σ=1.0, L=65536 | Elapsed: 0.0m | ETA: 0.3m
2025-10-31 18:56:55,120 |     P_det: empirical = 0.000, theory = 1.000
2025-10-31 18:56:55,120 | [9/64] K=1, A/σ=2.0, L=1024 | Elapsed: 0.1m | ETA: 0.3m
2025-10-31 18:56:55,130 |     P_det: empirical = 0.095, theory = 0.090
2025-10-31 18:56:55,130 | [10/64] K=1, A/σ=2.0, L=4096 | Elapsed: 0.1m | ETA: 0.3m
2025-10-31 18:56:55,154 |     P_det: empirical = 0.315, theory = 0.340
2025-10-31 18:56:55,154 | [11/64] K=1, A/σ=2.0, L=16384 | Elapsed: 0.1m | ETA: 0.3m
2025-10-31 18:56:55,234 |     P_det: empirical = 0.405, theory = 0.470
2025-10-31 18:56:55,235 | [12/64] K=1, A/σ=2.0, L=65536 | Elapsed: 0.1m | ETA: 0.2m
2025-10-31 18:56:55,657 |     P_det: empirical = 1.000, theory = 1.000
2025-10-31 18:56:55,657 | [13/64] K=1, A/σ=3.0, L=1024 | Elapsed: 0.1m | ETA: 0.2m
2025-10-31 18:56:55,668 |     P_det: empirical = 0.605, theory = 0.191
2025-10-31 18:56:55,668 | [14/64] K=1, A/σ=3.0, L=4096 | Elapsed: 0.1m | ETA: 0.2m
2025-10-31 18:56:55,692 |     P_det: empirical = 0.555, theory = 0.607
2025-10-31 18:56:55,692 | [15/64] K=1, A/σ=3.0, L=16384 | Elapsed: 0.1m | ETA: 0.2m
2025-10-31 18:56:55,772 |     P_det: empirical = 0.640, theory = 0.760
2025-10-31 18:56:55,772 | [16/64] K=1, A/σ=3.0, L=65536 | Elapsed: 0.1m | ETA: 0.2m
2025-10-31 18:56:56,207 |     P_det: empirical = 1.000, theory = 1.000
2025-10-31 18:56:56,207 | [17/64] K=2, A/σ=0.5, L=1024 | Elapsed: 0.1m | ETA: 0.2m
2025-10-31 18:56:56,220 |     P_det: empirical = 0.000, theory = 0.012
2025-10-31 18:56:56,220 | [18/64] K=2, A/σ=0.5, L=4096 | Elapsed: 0.1m | ETA: 0.2m
2025-10-31 18:56:56,249 |     P_det: empirical = 0.000, theory = 0.051
2025-10-31 18:56:56,249 | [19/64] K=2, A/σ=0.5, L=16384 | Elapsed: 0.1m | ETA: 0.2m
2025-10-31 18:56:56,348 |     P_det: empirical = 0.000, theory = 0.076
2025-10-31 18:56:56,348 | [20/64] K=2, A/σ=0.5, L=65536 | Elapsed: 0.1m | ETA: 0.2m
2025-10-31 18:56:56,837 |     P_det: empirical = 0.000, theory = 1.000
2025-10-31 18:56:56,837 | [21/64] K=2, A/σ=1.0, L=1024 | Elapsed: 0.1m | ETA: 0.2m
2025-10-31 18:56:56,849 |     P_det: empirical = 0.060, theory = 0.046
2025-10-31 18:56:56,849 | [22/64] K=2, A/σ=1.0, L=4096 | Elapsed: 0.1m | ETA: 0.2m
2025-10-31 18:56:56,879 |     P_det: empirical = 0.180, theory = 0.188
2025-10-31 18:56:56,879 | [23/64] K=2, A/σ=1.0, L=16384 | Elapsed: 0.1m | ETA: 0.1m
2025-10-31 18:56:56,977 |     P_det: empirical = 0.020, theory = 0.272
2025-10-31 18:56:56,977 | [24/64] K=2, A/σ=1.0, L=65536 | Elapsed: 0.1m | ETA: 0.1m
2025-10-31 18:56:57,431 |     P_det: empirical = 0.405, theory = 1.000
2025-10-31 18:56:57,431 | [25/64] K=2, A/σ=2.0, L=1024 | Elapsed: 0.1m | ETA: 0.1m
2025-10-31 18:56:57,444 |     P_det: empirical = 0.450, theory = 0.172
2025-10-31 18:56:57,444 | [26/64] K=2, A/σ=2.0, L=4096 | Elapsed: 0.1m | ETA: 0.1m
2025-10-31 18:56:57,473 |     P_det: empirical = 0.660, theory = 0.564
2025-10-31 18:56:57,473 | [27/64] K=2, A/σ=2.0, L=16384 | Elapsed: 0.1m | ETA: 0.1m
2025-10-31 18:56:57,571 |     P_det: empirical = 0.130, theory = 0.719
2025-10-31 18:56:57,571 | [28/64] K=2, A/σ=2.0, L=65536 | Elapsed: 0.1m | ETA: 0.1m
2025-10-31 18:56:58,034 |     P_det: empirical = 0.745, theory = 1.000
2025-10-31 18:56:58,035 | [29/64] K=2, A/σ=3.0, L=1024 | Elapsed: 0.1m | ETA: 0.1m
2025-10-31 18:56:58,047 |     P_det: empirical = 0.500, theory = 0.346
2025-10-31 18:56:58,047 | [30/64] K=2, A/σ=3.0, L=4096 | Elapsed: 0.1m | ETA: 0.1m
2025-10-31 18:56:58,077 |     P_det: empirical = 0.690, theory = 0.846
2025-10-31 18:56:58,077 | [31/64] K=2, A/σ=3.0, L=16384 | Elapsed: 0.1m | ETA: 0.1m
2025-10-31 18:56:58,175 |     P_det: empirical = 0.175, theory = 0.943
2025-10-31 18:56:58,175 | [32/64] K=2, A/σ=3.0, L=65536 | Elapsed: 0.1m | ETA: 0.1m
2025-10-31 18:56:58,650 |     P_det: empirical = 0.830, theory = 1.000
2025-10-31 18:56:58,650 | [33/64] K=3, A/σ=0.5, L=1024 | Elapsed: 0.1m | ETA: 0.1m
2025-10-31 18:56:58,665 |     P_det: empirical = 0.000, theory = 0.018
2025-10-31 18:56:58,665 | [34/64] K=3, A/σ=0.5, L=4096 | Elapsed: 0.1m | ETA: 0.1m
2025-10-31 18:56:58,699 |     P_det: empirical = 0.000, theory = 0.075
2025-10-31 18:56:58,699 | [35/64] K=3, A/σ=0.5, L=16384 | Elapsed: 0.1m | ETA: 0.1m
2025-10-31 18:56:58,816 |     P_det: empirical = 0.000, theory = 0.112
2025-10-31 18:56:58,816 | [36/64] K=3, A/σ=0.5, L=65536 | Elapsed: 0.1m | ETA: 0.1m
2025-10-31 18:56:59,339 |     P_det: empirical = 0.000, theory = 1.000
2025-10-31 18:56:59,339 | [37/64] K=3, A/σ=1.0, L=1024 | Elapsed: 0.1m | ETA: 0.1m
2025-10-31 18:56:59,354 |     P_det: empirical = 0.140, theory = 0.068
2025-10-31 18:56:59,354 | [38/64] K=3, A/σ=1.0, L=4096 | Elapsed: 0.1m | ETA: 0.1m
2025-10-31 18:56:59,388 |     P_det: empirical = 0.280, theory = 0.268
2025-10-31 18:56:59,388 | [39/64] K=3, A/σ=1.0, L=16384 | Elapsed: 0.1m | ETA: 0.1m
2025-10-31 18:56:59,505 |     P_det: empirical = 0.010, theory = 0.379
2025-10-31 18:56:59,505 | [40/64] K=3, A/σ=1.0, L=65536 | Elapsed: 0.1m | ETA: 0.1m
2025-10-31 18:57:00,028 |     P_det: empirical = 0.485, theory = 1.000
2025-10-31 18:57:00,028 | [41/64] K=3, A/σ=2.0, L=1024 | Elapsed: 0.1m | ETA: 0.1m
2025-10-31 18:57:00,043 |     P_det: empirical = 0.515, theory = 0.246
2025-10-31 18:57:00,043 | [42/64] K=3, A/σ=2.0, L=4096 | Elapsed: 0.1m | ETA: 0.1m
2025-10-31 18:57:00,077 |     P_det: empirical = 0.710, theory = 0.713
2025-10-31 18:57:00,077 | [43/64] K=3, A/σ=2.0, L=16384 | Elapsed: 0.1m | ETA: 0.1m
2025-10-31 18:57:00,194 |     P_det: empirical = 0.215, theory = 0.851
2025-10-31 18:57:00,194 | [44/64] K=3, A/σ=2.0, L=65536 | Elapsed: 0.1m | ETA: 0.1m
2025-10-31 18:57:00,720 |     P_det: empirical = 0.860, theory = 1.000
2025-10-31 18:57:00,720 | [45/64] K=3, A/σ=3.0, L=1024 | Elapsed: 0.1m | ETA: 0.1m
2025-10-31 18:57:00,735 |     P_det: empirical = 0.570, theory = 0.471
2025-10-31 18:57:00,735 | [46/64] K=3, A/σ=3.0, L=4096 | Elapsed: 0.1m | ETA: 0.1m
2025-10-31 18:57:00,769 |     P_det: empirical = 0.795, theory = 0.939
2025-10-31 18:57:00,770 | [47/64] K=3, A/σ=3.0, L=16384 | Elapsed: 0.1m | ETA: 0.1m
2025-10-31 18:57:00,886 |     P_det: empirical = 0.300, theory = 0.986
2025-10-31 18:57:00,886 | [48/64] K=3, A/σ=3.0, L=65536 | Elapsed: 0.2m | ETA: 0.1m
2025-10-31 18:57:01,432 |     P_det: empirical = 0.950, theory = 1.000
2025-10-31 18:57:01,432 | [49/64] K=5, A/σ=0.5, L=1024 | Elapsed: 0.2m | ETA: 0.0m
2025-10-31 18:57:01,451 |     P_det: empirical = 0.015, theory = 0.029
2025-10-31 18:57:01,451 | [50/64] K=5, A/σ=0.5, L=4096 | Elapsed: 0.2m | ETA: 0.0m
2025-10-31 18:57:01,496 |     P_det: empirical = 0.060, theory = 0.122
2025-10-31 18:57:01,496 | [51/64] K=5, A/σ=0.5, L=16384 | Elapsed: 0.2m | ETA: 0.0m
2025-10-31 18:57:01,649 |     P_det: empirical = 0.000, theory = 0.180
2025-10-31 18:57:01,649 | [52/64] K=5, A/σ=0.5, L=65536 | Elapsed: 0.2m | ETA: 0.0m
2025-10-31 18:57:02,312 |     P_det: empirical = 0.145, theory = 1.000
2025-10-31 18:57:02,312 | [53/64] K=5, A/σ=1.0, L=1024 | Elapsed: 0.2m | ETA: 0.0m
2025-10-31 18:57:02,331 |     P_det: empirical = 0.305, theory = 0.111
2025-10-31 18:57:02,331 | [54/64] K=5, A/σ=1.0, L=4096 | Elapsed: 0.2m | ETA: 0.0m
2025-10-31 18:57:02,376 |     P_det: empirical = 0.570, theory = 0.405
2025-10-31 18:57:02,376 | [55/64] K=5, A/σ=1.0, L=16384 | Elapsed: 0.2m | ETA: 0.0m
2025-10-31 18:57:02,528 |     P_det: empirical = 0.060, theory = 0.548
2025-10-31 18:57:02,529 | [56/64] K=5, A/σ=1.0, L=65536 | Elapsed: 0.2m | ETA: 0.0m
2025-10-31 18:57:03,184 |     P_det: empirical = 0.665, theory = 1.000
2025-10-31 18:57:03,185 | [57/64] K=5, A/σ=2.0, L=1024 | Elapsed: 0.2m | ETA: 0.0m
2025-10-31 18:57:03,203 |     P_det: empirical = 0.605, theory = 0.376
2025-10-31 18:57:03,203 | [58/64] K=5, A/σ=2.0, L=4096 | Elapsed: 0.2m | ETA: 0.0m
2025-10-31 18:57:03,248 |     P_det: empirical = 0.790, theory = 0.875
2025-10-31 18:57:03,248 | [59/64] K=5, A/σ=2.0, L=16384 | Elapsed: 0.2m | ETA: 0.0m
2025-10-31 18:57:03,401 |     P_det: empirical = 0.145, theory = 0.958
2025-10-31 18:57:03,401 | [60/64] K=5, A/σ=2.0, L=65536 | Elapsed: 0.2m | ETA: 0.0m
2025-10-31 18:57:04,057 |     P_det: empirical = 0.910, theory = 1.000
2025-10-31 18:57:04,057 | [61/64] K=5, A/σ=3.0, L=1024 | Elapsed: 0.2m | ETA: 0.0m
2025-10-31 18:57:04,076 |     P_det: empirical = 0.655, theory = 0.654
2025-10-31 18:57:04,076 | [62/64] K=5, A/σ=3.0, L=4096 | Elapsed: 0.2m | ETA: 0.0m
2025-10-31 18:57:04,121 |     P_det: empirical = 0.830, theory = 0.991
2025-10-31 18:57:04,121 | [63/64] K=5, A/σ=3.0, L=16384 | Elapsed: 0.2m | ETA: 0.0m
2025-10-31 18:57:04,273 |     P_det: empirical = 0.200, theory = 0.999
2025-10-31 18:57:04,273 | [64/64] K=5, A/σ=3.0, L=65536 | Elapsed: 0.2m | ETA: 0.0m
2025-10-31 18:57:04,961 |     P_det: empirical = 0.955, theory = 1.000
2025-10-31 18:57:04,962 | 
Verifying false positive rates...
2025-10-31 18:57:04,982 |   L=1024: FPR = 0.0200 (target: 0.0100)
2025-10-31 18:57:05,029 |   L=4096: FPR = 0.0100 (target: 0.0100)
2025-10-31 18:57:05,186 |   L=16384: FPR = 0.0040 (target: 0.0100)
2025-10-31 18:57:06,071 |   L=65536: FPR = 0.0180 (target: 0.0100)
2025-10-31 18:57:06,071 | 
======================================================================
2025-10-31 18:57:06,071 | VERDICT
2025-10-31 18:57:06,071 | ======================================================================
2025-10-31 18:57:06,071 |   Violation: K=1, SNR=0.5, L=65536 - Emp=0.000 < Theory=1.000
2025-10-31 18:57:06,071 |   Violation: K=1, SNR=1.0, L=16384 - Emp=0.000 < Theory=0.147
2025-10-31 18:57:06,071 |   Violation: K=1, SNR=1.0, L=65536 - Emp=0.000 < Theory=1.000
2025-10-31 18:57:06,071 |   Violation: K=1, SNR=3.0, L=16384 - Emp=0.640 < Theory=0.760
2025-10-31 18:57:06,071 |   Violation: K=2, SNR=0.5, L=65536 - Emp=0.000 < Theory=1.000
2025-10-31 18:57:06,071 |   Violation: K=2, SNR=1.0, L=16384 - Emp=0.020 < Theory=0.272
2025-10-31 18:57:06,071 |   Violation: K=2, SNR=1.0, L=65536 - Emp=0.405 < Theory=1.000
2025-10-31 18:57:06,071 |   Violation: K=2, SNR=2.0, L=16384 - Emp=0.130 < Theory=0.719
2025-10-31 18:57:06,071 |   Violation: K=2, SNR=2.0, L=65536 - Emp=0.745 < Theory=1.000
2025-10-31 18:57:06,071 |   Violation: K=2, SNR=3.0, L=4096 - Emp=0.690 < Theory=0.846
2025-10-31 18:57:06,071 |   Violation: K=2, SNR=3.0, L=16384 - Emp=0.175 < Theory=0.943
2025-10-31 18:57:06,071 |   Violation: K=2, SNR=3.0, L=65536 - Emp=0.830 < Theory=1.000
2025-10-31 18:57:06,071 |   Violation: K=3, SNR=0.5, L=16384 - Emp=0.000 < Theory=0.112
2025-10-31 18:57:06,071 |   Violation: K=3, SNR=0.5, L=65536 - Emp=0.000 < Theory=1.000
2025-10-31 18:57:06,071 |   Violation: K=3, SNR=1.0, L=16384 - Emp=0.010 < Theory=0.379
2025-10-31 18:57:06,071 |   Violation: K=3, SNR=1.0, L=65536 - Emp=0.485 < Theory=1.000
2025-10-31 18:57:06,071 |   Violation: K=3, SNR=2.0, L=16384 - Emp=0.215 < Theory=0.851
2025-10-31 18:57:06,071 |   Violation: K=3, SNR=2.0, L=65536 - Emp=0.860 < Theory=1.000
2025-10-31 18:57:06,071 |   Violation: K=3, SNR=3.0, L=4096 - Emp=0.795 < Theory=0.939
2025-10-31 18:57:06,071 |   Violation: K=3, SNR=3.0, L=16384 - Emp=0.300 < Theory=0.986
2025-10-31 18:57:06,071 |   Violation: K=5, SNR=0.5, L=16384 - Emp=0.000 < Theory=0.180
2025-10-31 18:57:06,072 |   Violation: K=5, SNR=0.5, L=65536 - Emp=0.145 < Theory=1.000
2025-10-31 18:57:06,072 |   Violation: K=5, SNR=1.0, L=16384 - Emp=0.060 < Theory=0.548
2025-10-31 18:57:06,072 |   Violation: K=5, SNR=1.0, L=65536 - Emp=0.665 < Theory=1.000
2025-10-31 18:57:06,072 |   Violation: K=5, SNR=2.0, L=16384 - Emp=0.145 < Theory=0.958
2025-10-31 18:57:06,072 |   Violation: K=5, SNR=3.0, L=4096 - Emp=0.830 < Theory=0.991
2025-10-31 18:57:06,072 |   Violation: K=5, SNR=3.0, L=16384 - Emp=0.200 < Theory=0.999
2025-10-31 18:57:06,072 | ✗ FAIL: Many empirical rates fall below bound
2025-10-31 18:57:06,072 |   Violation rate: 42.2%
2025-10-31 18:57:06,072 | ======================================================================
2025-10-31 18:57:06,072 | 
Elapsed time: 14.2 seconds (0.2 minutes)
2025-10-31 18:57:06,073 | Results saved: ../../Data/Experiments/Tier6/T6D1/T6D1_results_fixed.json
2025-10-31 18:57:06,884 | 
Figure saved: ../../Figures/experiments/Tier6/T6D1/T6D1_exoplanet_summary_fixed.png
2025-10-31 18:57:06,884 | 
======================================================================
2025-10-31 18:57:06,884 | Experiment T6-D1 (FIXED) complete!
2025-10-31 18:57:06,884 | ======================================================================
