2025-10-31 19:52:41,306 | ======================================================================
2025-10-31 19:52:41,306 | T6-D1: Exoplanet Biosignature Seasonality Detector (FIXED)
2025-10-31 19:52:41,306 | ======================================================================
2025-10-31 19:52:41,306 | Log file: ../../Data/Experiments/Tier6/T6D1/T6D1_log_20251031_195241.log
2025-10-31 19:52:41,306 | 
2025-10-31 19:52:41,306 | Configuration:
2025-10-31 19:52:41,306 |   Component counts K: [1, 2, 3, 5]
2025-10-31 19:52:41,306 |   SNR levels: [0.5, 1.0, 2.0, 3.0]
2025-10-31 19:52:41,306 |   Sequence lengths L: [1024, 4096, 16384, 65536]
2025-10-31 19:52:41,306 |   Noise σ: 1.0
2025-10-31 19:52:41,306 |   FPR target: 0.01
2025-10-31 19:52:41,306 |   Trials per config: 200
2025-10-31 19:52:41,306 | 
2025-10-31 19:52:41,306 | 
Calibrating detector for L=1024...
2025-10-31 19:52:41,306 | Calibrating CFAR detector with 1000 null samples...
2025-10-31 19:52:41,461 |   Threshold: 0.1728
2025-10-31 19:52:41,461 |   Target FPR: 0.0100
2025-10-31 19:52:41,461 |   Actual FPR: 0.0100
2025-10-31 19:52:41,462 | Estimating theoretical constant c...
2025-10-31 19:52:41,481 |   K=1, SNR=1.5: P_det=0.720, c=0.000553
2025-10-31 19:52:41,500 |   K=1, SNR=2.0: P_det=0.880, c=0.000518
2025-10-31 19:52:41,522 |   K=2, SNR=1.5: P_det=0.860, c=0.000427
2025-10-31 19:52:41,545 |   Final estimated c = 0.000518
2025-10-31 19:52:41,545 | 
Calibrating detector for L=4096...
2025-10-31 19:52:41,545 | Calibrating CFAR detector with 1000 null samples...
2025-10-31 19:52:41,901 |   Threshold: 0.0543
2025-10-31 19:52:41,901 |   Target FPR: 0.0100
2025-10-31 19:52:41,902 |   Actual FPR: 0.0100
2025-10-31 19:52:41,902 | Estimating theoretical constant c...
2025-10-31 19:52:42,091 |   Final estimated c = 0.000050
2025-10-31 19:52:42,091 | 
Calibrating detector for L=16384...
2025-10-31 19:52:42,091 | Calibrating CFAR detector with 1000 null samples...
2025-10-31 19:52:42,859 |   Threshold: 0.0161
2025-10-31 19:52:42,859 |   Target FPR: 0.0100
2025-10-31 19:52:42,859 |   Actual FPR: 0.0100
2025-10-31 19:52:42,859 | Estimating theoretical constant c...
2025-10-31 19:52:43,162 |   Final estimated c = 0.000025
2025-10-31 19:52:43,162 | 
Calibrating detector for L=65536...
2025-10-31 19:52:43,162 | Calibrating CFAR detector with 1000 null samples...
2025-10-31 19:52:46,454 |   Threshold: 0.0047
2025-10-31 19:52:46,454 |   Target FPR: 0.0100
2025-10-31 19:52:46,454 |   Actual FPR: 0.0100
2025-10-31 19:52:46,454 | Estimating theoretical constant c...
2025-10-31 19:52:47,940 |   Final estimated c = 0.000013
2025-10-31 19:52:47,940 | 
Running detection experiments...
2025-10-31 19:52:47,940 | [1/64] K=1, A/σ=0.5, L=1024 | Elapsed: 0.1m | ETA: 7.0m
2025-10-31 19:52:47,955 |     P_det: empirical = 0.000, theory = 0.124
2025-10-31 19:52:47,955 | [2/64] K=1, A/σ=0.5, L=4096 | Elapsed: 0.1m | ETA: 3.4m
2025-10-31 19:52:47,993 |     P_det: empirical = 0.190, theory = 0.050
2025-10-31 19:52:47,993 | [3/64] K=1, A/σ=0.5, L=16384 | Elapsed: 0.1m | ETA: 2.3m
2025-10-31 19:52:48,135 |     P_det: empirical = 1.000, theory = 0.097
2025-10-31 19:52:48,135 | [4/64] K=1, A/σ=0.5, L=65536 | Elapsed: 0.1m | ETA: 1.7m
2025-10-31 19:52:48,808 |     P_det: empirical = 1.000, theory = 0.185
2025-10-31 19:52:48,808 | [5/64] K=1, A/σ=1.0, L=1024 | Elapsed: 0.1m | ETA: 1.5m
2025-10-31 19:52:48,822 |     P_det: empirical = 0.095, theory = 0.411
2025-10-31 19:52:48,822 | [6/64] K=1, A/σ=1.0, L=4096 | Elapsed: 0.1m | ETA: 1.2m
2025-10-31 19:52:48,860 |     P_det: empirical = 1.000, theory = 0.185
2025-10-31 19:52:48,860 | [7/64] K=1, A/σ=1.0, L=16384 | Elapsed: 0.1m | ETA: 1.0m
2025-10-31 19:52:49,002 |     P_det: empirical = 1.000, theory = 0.336
2025-10-31 19:52:49,002 | [8/64] K=1, A/σ=1.0, L=65536 | Elapsed: 0.1m | ETA: 0.9m
2025-10-31 19:52:49,677 |     P_det: empirical = 1.000, theory = 0.559
2025-10-31 19:52:49,677 | [9/64] K=1, A/σ=2.0, L=1024 | Elapsed: 0.1m | ETA: 0.9m
2025-10-31 19:52:49,691 |     P_det: empirical = 0.935, theory = 0.880
2025-10-31 19:52:49,691 | [10/64] K=1, A/σ=2.0, L=4096 | Elapsed: 0.1m | ETA: 0.8m
2025-10-31 19:52:49,729 |     P_det: empirical = 1.000, theory = 0.559
2025-10-31 19:52:49,729 | [11/64] K=1, A/σ=2.0, L=16384 | Elapsed: 0.1m | ETA: 0.7m
2025-10-31 19:52:49,871 |     P_det: empirical = 1.000, theory = 0.806
2025-10-31 19:52:49,871 | [12/64] K=1, A/σ=2.0, L=65536 | Elapsed: 0.1m | ETA: 0.6m
2025-10-31 19:52:50,531 |     P_det: empirical = 1.000, theory = 0.962
2025-10-31 19:52:50,531 | [13/64] K=1, A/σ=3.0, L=1024 | Elapsed: 0.2m | ETA: 0.6m
2025-10-31 19:52:50,546 |     P_det: empirical = 1.000, theory = 0.992
2025-10-31 19:52:50,546 | [14/64] K=1, A/σ=3.0, L=4096 | Elapsed: 0.2m | ETA: 0.5m
2025-10-31 19:52:50,583 |     P_det: empirical = 1.000, theory = 0.842
2025-10-31 19:52:50,583 | [15/64] K=1, A/σ=3.0, L=16384 | Elapsed: 0.2m | ETA: 0.5m
2025-10-31 19:52:50,726 |     P_det: empirical = 1.000, theory = 0.975
2025-10-31 19:52:50,726 | [16/64] K=1, A/σ=3.0, L=65536 | Elapsed: 0.2m | ETA: 0.5m
2025-10-31 19:52:51,397 |     P_det: empirical = 1.000, theory = 0.999
2025-10-31 19:52:51,397 | [17/64] K=2, A/σ=0.5, L=1024 | Elapsed: 0.2m | ETA: 0.5m
2025-10-31 19:52:51,414 |     P_det: empirical = 0.005, theory = 0.233
2025-10-31 19:52:51,414 | [18/64] K=2, A/σ=0.5, L=4096 | Elapsed: 0.2m | ETA: 0.4m
2025-10-31 19:52:51,457 |     P_det: empirical = 0.865, theory = 0.097
2025-10-31 19:52:51,457 | [19/64] K=2, A/σ=0.5, L=16384 | Elapsed: 0.2m | ETA: 0.4m
2025-10-31 19:52:51,618 |     P_det: empirical = 0.985, theory = 0.185
2025-10-31 19:52:51,618 | [20/64] K=2, A/σ=0.5, L=65536 | Elapsed: 0.2m | ETA: 0.4m
2025-10-31 19:52:52,454 |     P_det: empirical = 0.970, theory = 0.336
2025-10-31 19:52:52,454 | [21/64] K=2, A/σ=1.0, L=1024 | Elapsed: 0.2m | ETA: 0.4m
2025-10-31 19:52:52,470 |     P_det: empirical = 0.715, theory = 0.654
2025-10-31 19:52:52,470 | [22/64] K=2, A/σ=1.0, L=4096 | Elapsed: 0.2m | ETA: 0.4m
2025-10-31 19:52:52,513 |     P_det: empirical = 0.995, theory = 0.336
2025-10-31 19:52:52,513 | [23/64] K=2, A/σ=1.0, L=16384 | Elapsed: 0.2m | ETA: 0.3m
2025-10-31 19:52:52,674 |     P_det: empirical = 1.000, theory = 0.559
2025-10-31 19:52:52,674 | [24/64] K=2, A/σ=1.0, L=65536 | Elapsed: 0.2m | ETA: 0.3m
2025-10-31 19:52:53,449 |     P_det: empirical = 0.990, theory = 0.806
2025-10-31 19:52:53,449 | [25/64] K=2, A/σ=2.0, L=1024 | Elapsed: 0.2m | ETA: 0.3m
2025-10-31 19:52:53,465 |     P_det: empirical = 0.945, theory = 0.986
2025-10-31 19:52:53,465 | [26/64] K=2, A/σ=2.0, L=4096 | Elapsed: 0.2m | ETA: 0.3m
2025-10-31 19:52:53,508 |     P_det: empirical = 1.000, theory = 0.806
2025-10-31 19:52:53,508 | [27/64] K=2, A/σ=2.0, L=16384 | Elapsed: 0.2m | ETA: 0.3m
2025-10-31 19:52:53,669 |     P_det: empirical = 1.000, theory = 0.962
2025-10-31 19:52:53,669 | [28/64] K=2, A/σ=2.0, L=65536 | Elapsed: 0.2m | ETA: 0.3m
2025-10-31 19:52:54,448 |     P_det: empirical = 0.995, theory = 0.999
2025-10-31 19:52:54,448 | [29/64] K=2, A/σ=3.0, L=1024 | Elapsed: 0.2m | ETA: 0.3m
2025-10-31 19:52:54,465 |     P_det: empirical = 0.980, theory = 1.000
2025-10-31 19:52:54,465 | [30/64] K=2, A/σ=3.0, L=4096 | Elapsed: 0.2m | ETA: 0.2m
2025-10-31 19:52:54,538 |     P_det: empirical = 0.995, theory = 0.975
2025-10-31 19:52:54,538 | [31/64] K=2, A/σ=3.0, L=16384 | Elapsed: 0.2m | ETA: 0.2m
2025-10-31 19:52:54,868 |     P_det: empirical = 1.000, theory = 0.999
2025-10-31 19:52:54,868 | [32/64] K=2, A/σ=3.0, L=65536 | Elapsed: 0.2m | ETA: 0.2m
2025-10-31 19:52:55,645 |     P_det: empirical = 1.000, theory = 1.000
2025-10-31 19:52:55,646 | [33/64] K=3, A/σ=0.5, L=1024 | Elapsed: 0.2m | ETA: 0.2m
2025-10-31 19:52:55,664 |     P_det: empirical = 0.210, theory = 0.328
2025-10-31 19:52:55,664 | [34/64] K=3, A/σ=0.5, L=4096 | Elapsed: 0.2m | ETA: 0.2m
2025-10-31 19:52:55,713 |     P_det: empirical = 0.970, theory = 0.142
2025-10-31 19:52:55,713 | [35/64] K=3, A/σ=0.5, L=16384 | Elapsed: 0.2m | ETA: 0.2m
2025-10-31 19:52:55,892 |     P_det: empirical = 1.000, theory = 0.264
2025-10-31 19:52:55,892 | [36/64] K=3, A/σ=0.5, L=65536 | Elapsed: 0.2m | ETA: 0.2m
2025-10-31 19:52:56,717 |     P_det: empirical = 1.000, theory = 0.459
2025-10-31 19:52:56,717 | [37/64] K=3, A/σ=1.0, L=1024 | Elapsed: 0.3m | ETA: 0.2m
2025-10-31 19:52:56,736 |     P_det: empirical = 0.810, theory = 0.796
2025-10-31 19:52:56,736 | [38/64] K=3, A/σ=1.0, L=4096 | Elapsed: 0.3m | ETA: 0.2m
2025-10-31 19:52:56,784 |     P_det: empirical = 1.000, theory = 0.459
2025-10-31 19:52:56,784 | [39/64] K=3, A/σ=1.0, L=16384 | Elapsed: 0.3m | ETA: 0.2m
2025-10-31 19:52:56,963 |     P_det: empirical = 1.000, theory = 0.707
2025-10-31 19:52:56,963 | [40/64] K=3, A/σ=1.0, L=65536 | Elapsed: 0.3m | ETA: 0.2m
2025-10-31 19:52:58,219 |     P_det: empirical = 1.000, theory = 0.914
2025-10-31 19:52:58,219 | [41/64] K=3, A/σ=2.0, L=1024 | Elapsed: 0.3m | ETA: 0.2m
2025-10-31 19:52:58,238 |     P_det: empirical = 0.960, theory = 0.998
2025-10-31 19:52:58,238 | [42/64] K=3, A/σ=2.0, L=4096 | Elapsed: 0.3m | ETA: 0.1m
2025-10-31 19:52:58,286 |     P_det: empirical = 1.000, theory = 0.914
2025-10-31 19:52:58,286 | [43/64] K=3, A/σ=2.0, L=16384 | Elapsed: 0.3m | ETA: 0.1m
2025-10-31 19:52:58,466 |     P_det: empirical = 1.000, theory = 0.993
2025-10-31 19:52:58,467 | [44/64] K=3, A/σ=2.0, L=65536 | Elapsed: 0.3m | ETA: 0.1m
2025-10-31 19:52:59,310 |     P_det: empirical = 1.000, theory = 1.000
2025-10-31 19:52:59,310 | [45/64] K=3, A/σ=3.0, L=1024 | Elapsed: 0.3m | ETA: 0.1m
2025-10-31 19:52:59,329 |     P_det: empirical = 0.980, theory = 1.000
2025-10-31 19:52:59,329 | [46/64] K=3, A/σ=3.0, L=4096 | Elapsed: 0.3m | ETA: 0.1m
2025-10-31 19:52:59,377 |     P_det: empirical = 1.000, theory = 0.996
2025-10-31 19:52:59,377 | [47/64] K=3, A/σ=3.0, L=16384 | Elapsed: 0.3m | ETA: 0.1m
2025-10-31 19:52:59,556 |     P_det: empirical = 1.000, theory = 1.000
2025-10-31 19:52:59,556 | [48/64] K=3, A/σ=3.0, L=65536 | Elapsed: 0.3m | ETA: 0.1m
2025-10-31 19:53:00,401 |     P_det: empirical = 1.000, theory = 1.000
2025-10-31 19:53:00,401 | [49/64] K=5, A/σ=0.5, L=1024 | Elapsed: 0.3m | ETA: 0.1m
2025-10-31 19:53:00,424 |     P_det: empirical = 0.620, theory = 0.484
2025-10-31 19:53:00,424 | [50/64] K=5, A/σ=0.5, L=4096 | Elapsed: 0.3m | ETA: 0.1m
2025-10-31 19:53:00,483 |     P_det: empirical = 1.000, theory = 0.226
2025-10-31 19:53:00,483 | [51/64] K=5, A/σ=0.5, L=16384 | Elapsed: 0.3m | ETA: 0.1m
2025-10-31 19:53:00,698 |     P_det: empirical = 1.000, theory = 0.401
2025-10-31 19:53:00,698 | [52/64] K=5, A/σ=0.5, L=65536 | Elapsed: 0.3m | ETA: 0.1m
2025-10-31 19:53:01,798 |     P_det: empirical = 1.000, theory = 0.641
2025-10-31 19:53:01,799 | [53/64] K=5, A/σ=1.0, L=1024 | Elapsed: 0.3m | ETA: 0.1m
2025-10-31 19:53:01,821 |     P_det: empirical = 0.965, theory = 0.929
2025-10-31 19:53:01,821 | [54/64] K=5, A/σ=1.0, L=4096 | Elapsed: 0.3m | ETA: 0.1m
2025-10-31 19:53:01,880 |     P_det: empirical = 1.000, theory = 0.641
2025-10-31 19:53:01,880 | [55/64] K=5, A/σ=1.0, L=16384 | Elapsed: 0.3m | ETA: 0.1m
2025-10-31 19:53:02,096 |     P_det: empirical = 1.000, theory = 0.871
2025-10-31 19:53:02,096 | [56/64] K=5, A/σ=1.0, L=65536 | Elapsed: 0.3m | ETA: 0.0m
2025-10-31 19:53:03,054 |     P_det: empirical = 1.000, theory = 0.983
2025-10-31 19:53:03,054 | [57/64] K=5, A/σ=2.0, L=1024 | Elapsed: 0.4m | ETA: 0.0m
2025-10-31 19:53:03,077 |     P_det: empirical = 0.990, theory = 1.000
2025-10-31 19:53:03,077 | [58/64] K=5, A/σ=2.0, L=4096 | Elapsed: 0.4m | ETA: 0.0m
2025-10-31 19:53:03,136 |     P_det: empirical = 1.000, theory = 0.983
2025-10-31 19:53:03,136 | [59/64] K=5, A/σ=2.0, L=16384 | Elapsed: 0.4m | ETA: 0.0m
2025-10-31 19:53:03,351 |     P_det: empirical = 1.000, theory = 1.000
2025-10-31 19:53:03,352 | [60/64] K=5, A/σ=2.0, L=65536 | Elapsed: 0.4m | ETA: 0.0m
2025-10-31 19:53:04,397 |     P_det: empirical = 1.000, theory = 1.000
2025-10-31 19:53:04,397 | [61/64] K=5, A/σ=3.0, L=1024 | Elapsed: 0.4m | ETA: 0.0m
2025-10-31 19:53:04,419 |     P_det: empirical = 0.990, theory = 1.000
2025-10-31 19:53:04,419 | [62/64] K=5, A/σ=3.0, L=4096 | Elapsed: 0.4m | ETA: 0.0m
2025-10-31 19:53:04,478 |     P_det: empirical = 1.000, theory = 1.000
2025-10-31 19:53:04,478 | [63/64] K=5, A/σ=3.0, L=16384 | Elapsed: 0.4m | ETA: 0.0m
2025-10-31 19:53:04,694 |     P_det: empirical = 1.000, theory = 1.000
2025-10-31 19:53:04,694 | [64/64] K=5, A/σ=3.0, L=65536 | Elapsed: 0.4m | ETA: 0.0m
2025-10-31 19:53:05,684 |     P_det: empirical = 1.000, theory = 1.000
2025-10-31 19:53:05,684 | 
Verifying false positive rates...
2025-10-31 19:53:05,714 |   L=1024: FPR = 0.0140 (target: 0.0100)
2025-10-31 19:53:05,795 |   L=4096: FPR = 0.0100 (target: 0.0100)
2025-10-31 19:53:06,103 |   L=16384: FPR = 0.0140 (target: 0.0100)
2025-10-31 19:53:07,717 |   L=65536: FPR = 0.0140 (target: 0.0100)
2025-10-31 19:53:07,717 | 
======================================================================
2025-10-31 19:53:07,717 | VERDICT
2025-10-31 19:53:07,717 | ======================================================================
2025-10-31 19:53:07,717 |   Violation: K=1, SNR=0.5, L=1024 - Emp=0.000 < Theory=0.124
2025-10-31 19:53:07,717 |   Violation: K=1, SNR=1.0, L=1024 - Emp=0.095 < Theory=0.411
2025-10-31 19:53:07,717 |   Violation: K=2, SNR=0.5, L=1024 - Emp=0.005 < Theory=0.233
2025-10-31 19:53:07,717 |   Violation: K=3, SNR=0.5, L=1024 - Emp=0.210 < Theory=0.328
2025-10-31 19:53:07,717 | ✓ PASS: Empirical detection rates match or exceed theoretical bound
2025-10-31 19:53:07,717 |   Violation rate: 6.2% (acceptable)
2025-10-31 19:53:07,717 | ======================================================================
2025-10-31 19:53:07,717 | 
Elapsed time: 26.4 seconds (0.4 minutes)
2025-10-31 19:53:07,718 | Results saved: ../../Data/Experiments/Tier6/T6D1/T6D1_results_fixed.json
2025-10-31 19:53:08,525 | 
Figure saved: ../../Figures/experiments/Tier6/T6D1/T6D1_exoplanet_summary_fixed.png
2025-10-31 19:53:08,525 | 
======================================================================
2025-10-31 19:53:08,525 | Experiment T6-D1 (FIXED) complete!
2025-10-31 19:53:08,525 | ======================================================================
