2025-10-31 19:10:48,730 | ======================================================================
2025-10-31 19:10:48,730 | T6-D2: Phonon Mode Separation - Super-Resolution Bound
2025-10-31 19:10:48,730 | ======================================================================
2025-10-31 19:10:48,730 | Log file: ../../Data/Experiments/Tier6/T6D2/T6D2_log_20251031_191048.log
2025-10-31 19:10:48,730 | 
2025-10-31 19:10:48,730 | Starting resolution scaling experiment...
2025-10-31 19:10:48,730 | Δω values: [0.005 0.01  0.02  0.05  0.1   0.2  ]
2025-10-31 19:10:48,730 | L values: [1024, 4096, 16384, 65536]
2025-10-31 19:10:48,731 | Trials: 30
2025-10-31 19:10:48,731 | 
2025-10-31 19:10:48,731 | VRA parameters: N=2003, r=286 (ρ=0.1428)
2025-10-31 19:10:48,731 | 
============================================================
2025-10-31 19:10:48,731 | Testing L = 1024
2025-10-31 19:10:48,731 | ============================================================
2025-10-31 19:10:48,764 |   Δω=0.0050 | Peaks detected: 2 | Resolved: True
2025-10-31 19:10:49,726 |   Δω=0.0050: Success rate = 100.00% | ETA: 0.4m
2025-10-31 19:10:49,760 |   Δω=0.0100 | Peaks detected: 2 | Resolved: True
2025-10-31 19:10:50,721 |   Δω=0.0100: Success rate = 100.00% | ETA: 0.4m
2025-10-31 19:10:50,755 |   Δω=0.0200 | Peaks detected: 2 | Resolved: True
2025-10-31 19:10:51,718 |   Δω=0.0200: Success rate = 100.00% | ETA: 0.3m
2025-10-31 19:10:51,751 |   Δω=0.0500 | Peaks detected: 2 | Resolved: True
2025-10-31 19:10:52,715 |   Δω=0.0500: Success rate = 100.00% | ETA: 0.3m
2025-10-31 19:10:52,748 |   Δω=0.1000 | Peaks detected: 2 | Resolved: True
2025-10-31 19:10:53,709 |   Δω=0.1000: Success rate = 100.00% | ETA: 0.3m
2025-10-31 19:10:53,742 |   Δω=0.2000 | Peaks detected: 2 | Resolved: True
2025-10-31 19:10:54,704 |   Δω=0.2000: Success rate = 100.00% | ETA: 0.3m
2025-10-31 19:10:54,704 | 
============================================================
2025-10-31 19:10:54,704 | Testing L = 4096
2025-10-31 19:10:54,704 | ============================================================
2025-10-31 19:10:54,838 |   Δω=0.0050 | Peaks detected: 2 | Resolved: True
2025-10-31 19:10:58,694 |   Δω=0.0050: Success rate = 100.00% | ETA: 0.4m
2025-10-31 19:10:58,827 |   Δω=0.0100 | Peaks detected: 2 | Resolved: True
2025-10-31 19:11:02,682 |   Δω=0.0100: Success rate = 100.00% | ETA: 0.5m
2025-10-31 19:11:02,815 |   Δω=0.0200 | Peaks detected: 2 | Resolved: True
2025-10-31 19:11:06,661 |   Δω=0.0200: Success rate = 100.00% | ETA: 0.5m
2025-10-31 19:11:06,793 |   Δω=0.0500 | Peaks detected: 2 | Resolved: True
2025-10-31 19:11:10,631 |   Δω=0.0500: Success rate = 100.00% | ETA: 0.5m
2025-10-31 19:11:10,763 |   Δω=0.1000 | Peaks detected: 2 | Resolved: True
2025-10-31 19:11:14,600 |   Δω=0.1000: Success rate = 100.00% | ETA: 0.5m
2025-10-31 19:11:14,732 |   Δω=0.2000 | Peaks detected: 2 | Resolved: True
2025-10-31 19:11:18,573 |   Δω=0.2000: Success rate = 100.00% | ETA: 0.5m
2025-10-31 19:11:18,573 | 
============================================================
2025-10-31 19:11:18,573 | Testing L = 16384
2025-10-31 19:11:18,573 | ============================================================
2025-10-31 19:11:19,106 |   Δω=0.0050 | Peaks detected: 2 | Resolved: True
2025-10-31 19:11:34,459 |   Δω=0.0050: Success rate = 100.00% | ETA: 0.6m
2025-10-31 19:11:34,986 |   Δω=0.0100 | Peaks detected: 2 | Resolved: True
2025-10-31 19:11:50,332 |   Δω=0.0100: Success rate = 100.00% | ETA: 0.7m
2025-10-31 19:11:50,861 |   Δω=0.0200 | Peaks detected: 2 | Resolved: True
2025-10-31 19:12:06,173 |   Δω=0.0200: Success rate = 100.00% | ETA: 0.8m
2025-10-31 19:12:06,701 |   Δω=0.0500 | Peaks detected: 2 | Resolved: True
2025-10-31 19:12:22,043 |   Δω=0.0500: Success rate = 100.00% | ETA: 0.8m
2025-10-31 19:12:22,572 |   Δω=0.1000 | Peaks detected: 2 | Resolved: True
2025-10-31 19:12:37,883 |   Δω=0.1000: Success rate = 100.00% | ETA: 0.7m
2025-10-31 19:12:38,411 |   Δω=0.2000 | Peaks detected: 2 | Resolved: True
2025-10-31 19:12:53,720 |   Δω=0.2000: Success rate = 100.00% | ETA: 0.7m
2025-10-31 19:12:53,720 | 
============================================================
2025-10-31 19:12:53,720 | Testing L = 65536
2025-10-31 19:12:53,720 | ============================================================
2025-10-31 19:12:55,824 |   Δω=0.0050 | Peaks detected: 2 | Resolved: True
2025-10-31 19:13:56,809 |   Δω=0.0050: Success rate = 100.00% | ETA: 0.8m
2025-10-31 19:13:58,904 |   Δω=0.0100 | Peaks detected: 2 | Resolved: True
2025-10-31 19:14:59,937 |   Δω=0.0100: Success rate = 100.00% | ETA: 0.8m
2025-10-31 19:15:02,044 |   Δω=0.0200 | Peaks detected: 2 | Resolved: True
2025-10-31 19:16:04,769 |   Δω=0.0200: Success rate = 100.00% | ETA: 0.7m
2025-10-31 19:16:06,867 |   Δω=0.0500 | Peaks detected: 2 | Resolved: True
2025-10-31 19:17:07,878 |   Δω=0.0500: Success rate = 100.00% | ETA: 0.6m
2025-10-31 19:17:09,978 |   Δω=0.1000 | Peaks detected: 2 | Resolved: True
2025-10-31 19:18:11,106 |   Δω=0.1000: Success rate = 100.00% | ETA: 0.3m
2025-10-31 19:18:13,214 |   Δω=0.2000 | Peaks detected: 2 | Resolved: True
2025-10-31 19:19:14,213 |   Δω=0.2000: Success rate = 100.00% | ETA: 0.0m
2025-10-31 19:19:14,213 | 
Experiment complete: 505.5s (8.4m)
2025-10-31 19:19:14,215 | 
Data saved: ../../Data/Experiments/Tier6/T6D2/T6D2_results.json
2025-10-31 19:19:14,215 | 
2025-10-31 19:19:14,215 | ======================================================================
2025-10-31 19:19:14,215 | SCALING LAW ANALYSIS: L ≳ c / √(Δω)
2025-10-31 19:19:14,215 | ======================================================================
2025-10-31 19:19:14,215 | L=1024: No clear threshold found (success rates: [1. 1. 1. 1. 1. 1.])
2025-10-31 19:19:14,215 | L=4096: No clear threshold found (success rates: [1. 1. 1. 1. 1. 1.])
2025-10-31 19:19:14,215 | L=16384: No clear threshold found (success rates: [1. 1. 1. 1. 1. 1.])
2025-10-31 19:19:14,215 | L=65536: No clear threshold found (success rates: [1. 1. 1. 1. 1. 1.])
2025-10-31 19:19:14,215 | 
VERDICT: INCONCLUSIVE — Insufficient threshold data
2025-10-31 19:19:14,215 | 
2025-10-31 19:19:14,215 | Generating figures...
2025-10-31 19:19:14,490 | Figure saved: ../../Figures/experiments/Tier6/T6D2/T6D2_phonon_resolution.png
2025-10-31 19:19:14,490 | 
2025-10-31 19:19:14,490 | ======================================================================
2025-10-31 19:19:14,490 | T6-D2 COMPLETE
2025-10-31 19:19:14,490 | ======================================================================
2025-10-31 19:19:14,490 | Total runtime: 505.5s (8.4m)
2025-10-31 19:19:14,491 | Configurations tested: 24
2025-10-31 19:19:14,491 | Hypothesis: L ≳ c/√(Δω) (super-resolution)
2025-10-31 19:19:14,491 | VERDICT: INCONCLUSIVE
2025-10-31 19:19:14,491 | ======================================================================
