2025-10-31 18:26:12,614 | ======================================================================
2025-10-31 18:26:12,614 | T6-D2: Phonon Mode Separation - Super-Resolution Bound
2025-10-31 18:26:12,614 | ======================================================================
2025-10-31 18:26:12,614 | Log file: ../../Data/Experiments/Tier6/T6D2/T6D2_log_20251031_182612.log
2025-10-31 18:26:12,614 | 
2025-10-31 18:26:12,614 | Starting resolution scaling experiment...
2025-10-31 18:26:12,614 | Δω values: [0.005 0.01  0.02  0.05  0.1   0.2  ]
2025-10-31 18:26:12,614 | L values: [1024, 4096, 16384, 65536]
2025-10-31 18:26:12,614 | Trials: 30
2025-10-31 18:26:12,614 | 
2025-10-31 18:26:12,614 | VRA parameters: N=2003, r=286 (ρ=0.1428)
2025-10-31 18:26:12,614 | 
============================================================
2025-10-31 18:26:12,614 | Testing L = 1024
2025-10-31 18:26:12,614 | ============================================================
2025-10-31 18:26:12,640 |   Δω=0.0050 | Peaks detected: 12 | Resolved: False
2025-10-31 18:26:13,408 |   Δω=0.0050: Success rate = 40.00% | ETA: 0.3m
2025-10-31 18:26:13,435 |   Δω=0.0100 | Peaks detected: 12 | Resolved: False
2025-10-31 18:26:14,202 |   Δω=0.0100: Success rate = 36.67% | ETA: 0.3m
2025-10-31 18:26:14,229 |   Δω=0.0200 | Peaks detected: 12 | Resolved: False
2025-10-31 18:26:14,996 |   Δω=0.0200: Success rate = 33.33% | ETA: 0.3m
2025-10-31 18:26:15,022 |   Δω=0.0500 | Peaks detected: 12 | Resolved: False
2025-10-31 18:26:15,790 |   Δω=0.0500: Success rate = 43.33% | ETA: 0.3m
2025-10-31 18:26:15,817 |   Δω=0.1000 | Peaks detected: 12 | Resolved: False
2025-10-31 18:26:16,583 |   Δω=0.1000: Success rate = 3.33% | ETA: 0.2m
2025-10-31 18:26:16,610 |   Δω=0.2000 | Peaks detected: 12 | Resolved: False
2025-10-31 18:26:17,376 |   Δω=0.2000: Success rate = 30.00% | ETA: 0.2m
2025-10-31 18:26:17,376 | 
============================================================
2025-10-31 18:26:17,376 | Testing L = 4096
2025-10-31 18:26:17,376 | ============================================================
2025-10-31 18:26:17,481 |   Δω=0.0050 | Peaks detected: 12 | Resolved: False
2025-10-31 18:26:20,527 |   Δω=0.0050: Success rate = 0.00% | ETA: 0.3m
2025-10-31 18:26:20,631 |   Δω=0.0100 | Peaks detected: 13 | Resolved: False
2025-10-31 18:26:23,670 |   Δω=0.0100: Success rate = 0.00% | ETA: 0.4m
2025-10-31 18:26:23,775 |   Δω=0.0200 | Peaks detected: 13 | Resolved: False
2025-10-31 18:26:26,815 |   Δω=0.0200: Success rate = 0.00% | ETA: 0.4m
2025-10-31 18:26:26,920 |   Δω=0.0500 | Peaks detected: 13 | Resolved: False
2025-10-31 18:26:29,957 |   Δω=0.0500: Success rate = 0.00% | ETA: 0.4m
2025-10-31 18:26:30,062 |   Δω=0.1000 | Peaks detected: 13 | Resolved: False
2025-10-31 18:26:33,103 |   Δω=0.1000: Success rate = 0.00% | ETA: 0.4m
2025-10-31 18:26:33,208 |   Δω=0.2000 | Peaks detected: 13 | Resolved: False
2025-10-31 18:26:36,246 |   Δω=0.2000: Success rate = 0.00% | ETA: 0.4m
2025-10-31 18:26:36,246 | 
============================================================
2025-10-31 18:26:36,246 | Testing L = 16384
2025-10-31 18:26:36,246 | ============================================================
2025-10-31 18:26:36,667 |   Δω=0.0050 | Peaks detected: 9 | Resolved: False
2025-10-31 18:26:48,781 |   Δω=0.0050: Success rate = 0.00% | ETA: 0.5m
2025-10-31 18:26:49,201 |   Δω=0.0100 | Peaks detected: 9 | Resolved: False
2025-10-31 18:27:01,306 |   Δω=0.0100: Success rate = 0.00% | ETA: 0.6m
2025-10-31 18:27:01,724 |   Δω=0.0200 | Peaks detected: 9 | Resolved: False
2025-10-31 18:27:13,859 |   Δω=0.0200: Success rate = 0.00% | ETA: 0.6m
2025-10-31 18:27:14,277 |   Δω=0.0500 | Peaks detected: 9 | Resolved: False
2025-10-31 18:27:26,376 |   Δω=0.0500: Success rate = 0.00% | ETA: 0.6m
2025-10-31 18:27:26,796 |   Δω=0.1000 | Peaks detected: 9 | Resolved: False
2025-10-31 18:27:38,918 |   Δω=0.1000: Success rate = 0.00% | ETA: 0.6m
2025-10-31 18:27:39,336 |   Δω=0.2000 | Peaks detected: 9 | Resolved: False
2025-10-31 18:27:51,468 |   Δω=0.2000: Success rate = 0.00% | ETA: 0.5m
2025-10-31 18:27:51,468 | 
============================================================
2025-10-31 18:27:51,468 | Testing L = 65536
2025-10-31 18:27:51,468 | ============================================================
2025-10-31 18:27:53,144 |   Δω=0.0050 | Peaks detected: 12 | Resolved: False
2025-10-31 18:28:41,615 |   Δω=0.0050: Success rate = 0.00% | ETA: 0.6m
2025-10-31 18:28:43,297 |   Δω=0.0100 | Peaks detected: 12 | Resolved: False
2025-10-31 18:29:31,849 |   Δω=0.0100: Success rate = 0.00% | ETA: 0.7m
2025-10-31 18:29:33,527 |   Δω=0.0200 | Peaks detected: 12 | Resolved: False
