2025-10-31 18:59:10,621 | ======================================================================
2025-10-31 18:59:10,621 | T6-D2: Phonon Mode Separation - Super-Resolution Bound
2025-10-31 18:59:10,621 | ======================================================================
2025-10-31 18:59:10,621 | Log file: ../../Data/Experiments/Tier6/T6D2/T6D2_log_20251031_185910.log
2025-10-31 18:59:10,621 | 
2025-10-31 18:59:10,621 | Starting resolution scaling experiment...
2025-10-31 18:59:10,621 | Δω values: [0.005 0.01  0.02  0.05  0.1   0.2  ]
2025-10-31 18:59:10,621 | L values: [1024, 4096, 16384, 65536]
2025-10-31 18:59:10,621 | Trials: 30
2025-10-31 18:59:10,621 | 
2025-10-31 18:59:10,621 | VRA parameters: N=2003, r=286 (ρ=0.1428)
2025-10-31 18:59:10,621 | 
============================================================
2025-10-31 18:59:10,621 | Testing L = 1024
2025-10-31 18:59:10,621 | ============================================================
2025-10-31 18:59:10,655 |   Δω=0.0050 | Peaks detected: 2 | Resolved: True
2025-10-31 18:59:11,618 |   Δω=0.0050: Success rate = 100.00% | ETA: 0.4m
2025-10-31 18:59:11,651 |   Δω=0.0100 | Peaks detected: 2 | Resolved: True
2025-10-31 18:59:12,614 |   Δω=0.0100: Success rate = 100.00% | ETA: 0.4m
2025-10-31 18:59:12,647 |   Δω=0.0200 | Peaks detected: 2 | Resolved: True
2025-10-31 18:59:13,608 |   Δω=0.0200: Success rate = 100.00% | ETA: 0.3m
2025-10-31 18:59:13,641 |   Δω=0.0500 | Peaks detected: 2 | Resolved: True
2025-10-31 18:59:14,603 |   Δω=0.0500: Success rate = 100.00% | ETA: 0.3m
2025-10-31 18:59:14,636 |   Δω=0.1000 | Peaks detected: 2 | Resolved: True
2025-10-31 18:59:15,598 |   Δω=0.1000: Success rate = 100.00% | ETA: 0.3m
2025-10-31 18:59:15,631 |   Δω=0.2000 | Peaks detected: 2 | Resolved: True
2025-10-31 18:59:16,593 |   Δω=0.2000: Success rate = 100.00% | ETA: 0.3m
2025-10-31 18:59:16,593 | 
============================================================
2025-10-31 18:59:16,593 | Testing L = 4096
2025-10-31 18:59:16,593 | ============================================================
2025-10-31 18:59:16,727 |   Δω=0.0050 | Peaks detected: 2 | Resolved: True
2025-10-31 18:59:20,540 |   Δω=0.0050: Success rate = 100.00% | ETA: 0.4m
2025-10-31 18:59:20,672 |   Δω=0.0100 | Peaks detected: 2 | Resolved: True
2025-10-31 18:59:24,503 |   Δω=0.0100: Success rate = 100.00% | ETA: 0.5m
2025-10-31 18:59:24,635 |   Δω=0.0200 | Peaks detected: 2 | Resolved: True
2025-10-31 18:59:28,454 |   Δω=0.0200: Success rate = 100.00% | ETA: 0.5m
2025-10-31 18:59:28,587 |   Δω=0.0500 | Peaks detected: 2 | Resolved: True
2025-10-31 18:59:32,405 |   Δω=0.0500: Success rate = 100.00% | ETA: 0.5m
2025-10-31 18:59:32,538 |   Δω=0.1000 | Peaks detected: 2 | Resolved: True
2025-10-31 18:59:36,363 |   Δω=0.1000: Success rate = 100.00% | ETA: 0.5m
2025-10-31 18:59:36,496 |   Δω=0.2000 | Peaks detected: 2 | Resolved: True
2025-10-31 18:59:40,325 |   Δω=0.2000: Success rate = 100.00% | ETA: 0.5m
2025-10-31 18:59:40,325 | 
============================================================
2025-10-31 18:59:40,325 | Testing L = 16384
2025-10-31 18:59:40,325 | ============================================================
2025-10-31 18:59:40,859 |   Δω=0.0050 | Peaks detected: 2 | Resolved: True
2025-10-31 18:59:56,177 |   Δω=0.0050: Success rate = 100.00% | ETA: 0.6m
2025-10-31 18:59:56,704 |   Δω=0.0100 | Peaks detected: 2 | Resolved: True
2025-10-31 19:00:12,043 |   Δω=0.0100: Success rate = 100.00% | ETA: 0.7m
2025-10-31 19:00:12,574 |   Δω=0.0200 | Peaks detected: 2 | Resolved: True
2025-10-31 19:00:27,887 |   Δω=0.0200: Success rate = 100.00% | ETA: 0.8m
2025-10-31 19:00:28,416 |   Δω=0.0500 | Peaks detected: 2 | Resolved: True
2025-10-31 19:00:43,752 |   Δω=0.0500: Success rate = 100.00% | ETA: 0.8m
2025-10-31 19:00:44,282 |   Δω=0.1000 | Peaks detected: 2 | Resolved: True
2025-10-31 19:00:59,627 |   Δω=0.1000: Success rate = 100.00% | ETA: 0.7m
2025-10-31 19:01:00,158 |   Δω=0.2000 | Peaks detected: 2 | Resolved: True
2025-10-31 19:01:15,461 |   Δω=0.2000: Success rate = 100.00% | ETA: 0.7m
2025-10-31 19:01:15,461 | 
============================================================
2025-10-31 19:01:15,461 | Testing L = 65536
2025-10-31 19:01:15,461 | ============================================================
2025-10-31 19:01:17,578 |   Δω=0.0050 | Peaks detected: 2 | Resolved: True
2025-10-31 19:02:18,588 |   Δω=0.0050: Success rate = 100.00% | ETA: 0.8m
2025-10-31 19:02:20,688 |   Δω=0.0100 | Peaks detected: 2 | Resolved: True
2025-10-31 19:03:21,675 |   Δω=0.0100: Success rate = 100.00% | ETA: 0.8m
2025-10-31 19:03:23,777 |   Δω=0.0200 | Peaks detected: 2 | Resolved: True
2025-10-31 19:04:24,875 |   Δω=0.0200: Success rate = 100.00% | ETA: 0.7m
2025-10-31 19:04:26,982 |   Δω=0.0500 | Peaks detected: 2 | Resolved: True
2025-10-31 19:05:28,000 |   Δω=0.0500: Success rate = 100.00% | ETA: 0.6m
2025-10-31 19:05:30,101 |   Δω=0.1000 | Peaks detected: 2 | Resolved: True
2025-10-31 19:06:31,091 |   Δω=0.1000: Success rate = 100.00% | ETA: 0.3m
2025-10-31 19:06:33,187 |   Δω=0.2000 | Peaks detected: 2 | Resolved: True
2025-10-31 19:07:34,190 |   Δω=0.2000: Success rate = 100.00% | ETA: 0.0m
2025-10-31 19:07:34,190 | 
Experiment complete: 503.6s (8.4m)
2025-10-31 19:07:34,192 | 
Data saved: ../../Data/Experiments/Tier6/T6D2/T6D2_results.json
2025-10-31 19:07:34,192 | 
2025-10-31 19:07:34,192 | ======================================================================
2025-10-31 19:07:34,192 | SCALING LAW ANALYSIS: L ≳ c / √(Δω)
2025-10-31 19:07:34,192 | ======================================================================
2025-10-31 19:07:34,192 | L=1024: No clear threshold found (success rates: [1. 1. 1. 1. 1. 1.])
2025-10-31 19:07:34,192 | L=4096: No clear threshold found (success rates: [1. 1. 1. 1. 1. 1.])
2025-10-31 19:07:34,192 | L=16384: No clear threshold found (success rates: [1. 1. 1. 1. 1. 1.])
2025-10-31 19:07:34,192 | L=65536: No clear threshold found (success rates: [1. 1. 1. 1. 1. 1.])
2025-10-31 19:07:34,192 | 
VERDICT: INCONCLUSIVE — Insufficient threshold data
2025-10-31 19:07:34,192 | 
2025-10-31 19:07:34,192 | Generating figures...
2025-10-31 19:07:34,465 | Figure saved: ../../Figures/experiments/Tier6/T6D2/T6D2_phonon_resolution.png
2025-10-31 19:07:34,465 | 
2025-10-31 19:07:34,465 | ======================================================================
2025-10-31 19:07:34,465 | T6-D2 COMPLETE
2025-10-31 19:07:34,465 | ======================================================================
2025-10-31 19:07:34,465 | Total runtime: 503.6s (8.4m)
2025-10-31 19:07:34,465 | Configurations tested: 24
2025-10-31 19:07:34,465 | Hypothesis: L ≳ c/√(Δω) (super-resolution)
2025-10-31 19:07:34,465 | VERDICT: INCONCLUSIVE
2025-10-31 19:07:34,465 | ======================================================================
