2025-10-31 20:34:56,712 | ======================================================================
2025-10-31 20:34:56,712 | T6-D2 v5: Phonon Mode Separation - INFORMATIVE REGIME
2025-10-31 20:34:56,712 | ======================================================================
2025-10-31 20:34:56,712 | Log file: ../../Data/Experiments/Tier6/T6D2/T6D2_v5_log_20251031_203456.log
2025-10-31 20:34:56,712 | 
2025-10-31 20:34:56,712 | Starting adaptive resolution threshold search...
2025-10-31 20:34:56,712 | Total shot budget: S_total = 200,000
2025-10-31 20:34:56,712 | Base averaging: M = 1
2025-10-31 20:34:56,712 | Modulation index: 0.03
2025-10-31 20:34:56,712 | Derotation error: ε = 0.0005
2025-10-31 20:34:56,712 | AIC threshold: ΔAIC ≤ -10.0
2025-10-31 20:34:56,712 | L values: [1024, 4096, 16384, 65536]
2025-10-31 20:34:56,712 | 
2025-10-31 20:34:56,712 | VRA parameters: N=2003, r=286 (ρ=0.1428)
2025-10-31 20:34:56,712 | 
2025-10-31 20:34:56,712 | ============================================================
2025-10-31 20:34:56,712 | Testing L = 1024
2025-10-31 20:34:56,712 | ============================================================
2025-10-31 20:34:56,712 |   Adaptive search for Δω*(L=1024):
2025-10-31 20:34:56,712 |     Shots/sample: 195, σ_phase ≈ 0.072 rad
2025-10-31 20:34:56,712 |     Search range: [1.00e-07, 5.00e-04]
2025-10-31 20:34:56,721 |     Iter 1/12: Δω=2.50e-04, P(resolve)=0.0%, <ΔAIC>=100.0
2025-10-31 20:34:56,729 |     Iter 2/12: Δω=3.75e-04, P(resolve)=0.0%, <ΔAIC>=100.0
2025-10-31 20:34:56,737 |     Iter 3/12: Δω=4.38e-04, P(resolve)=0.0%, <ΔAIC>=100.0
2025-10-31 20:34:56,745 |     Iter 4/12: Δω=4.69e-04, P(resolve)=0.0%, <ΔAIC>=100.0
2025-10-31 20:34:56,753 |     Iter 5/12: Δω=4.84e-04, P(resolve)=0.0%, <ΔAIC>=100.0
2025-10-31 20:34:56,753 |     Search converged to narrow range
2025-10-31 20:34:56,753 | 
2025-10-31 20:34:56,753 | ============================================================
2025-10-31 20:34:56,753 | Testing L = 4096
2025-10-31 20:34:56,753 | ============================================================
2025-10-31 20:34:56,753 |   Adaptive search for Δω*(L=4096):
2025-10-31 20:34:56,753 |     Shots/sample: 48, σ_phase ≈ 0.144 rad
2025-10-31 20:34:56,753 |     Search range: [1.00e-07, 5.00e-04]
2025-10-31 20:34:56,789 |     Iter 1/12: Δω=2.50e-04, P(resolve)=0.0%, <ΔAIC>=100.0
2025-10-31 20:34:56,825 |     Iter 2/12: Δω=3.75e-04, P(resolve)=0.0%, <ΔAIC>=100.0
2025-10-31 20:34:56,861 |     Iter 3/12: Δω=4.38e-04, P(resolve)=0.0%, <ΔAIC>=100.0
2025-10-31 20:34:56,897 |     Iter 4/12: Δω=4.69e-04, P(resolve)=0.0%, <ΔAIC>=100.0
2025-10-31 20:34:56,933 |     Iter 5/12: Δω=4.84e-04, P(resolve)=0.0%, <ΔAIC>=100.0
2025-10-31 20:34:56,933 |     Search converged to narrow range
2025-10-31 20:34:56,933 | 
2025-10-31 20:34:56,933 | ============================================================
2025-10-31 20:34:56,933 | Testing L = 16384
2025-10-31 20:34:56,933 | ============================================================
2025-10-31 20:34:56,933 |   Adaptive search for Δω*(L=16384):
2025-10-31 20:34:56,933 |     Shots/sample: 12, σ_phase ≈ 0.289 rad
2025-10-31 20:34:56,933 |     Search range: [1.00e-07, 5.00e-04]
2025-10-31 20:34:57,099 |     Iter 1/12: Δω=2.50e-04, P(resolve)=0.0%, <ΔAIC>=100.0
2025-10-31 20:34:57,265 |     Iter 2/12: Δω=3.75e-04, P(resolve)=0.0%, <ΔAIC>=100.0
2025-10-31 20:34:57,430 |     Iter 3/12: Δω=4.38e-04, P(resolve)=0.0%, <ΔAIC>=100.0
2025-10-31 20:34:57,596 |     Iter 4/12: Δω=4.69e-04, P(resolve)=0.0%, <ΔAIC>=100.0
2025-10-31 20:34:57,762 |     Iter 5/12: Δω=4.84e-04, P(resolve)=0.0%, <ΔAIC>=100.0
2025-10-31 20:34:57,762 |     Search converged to narrow range
2025-10-31 20:34:57,762 | 
2025-10-31 20:34:57,762 | ============================================================
2025-10-31 20:34:57,762 | Testing L = 65536
2025-10-31 20:34:57,762 | ============================================================
2025-10-31 20:34:57,762 |   Adaptive search for Δω*(L=65536):
2025-10-31 20:34:57,762 |     Shots/sample: 3, σ_phase ≈ 0.577 rad
2025-10-31 20:34:57,762 |     Search range: [1.00e-07, 5.00e-04]
2025-10-31 20:34:58,586 |     Iter 1/12: Δω=2.50e-04, P(resolve)=0.0%, <ΔAIC>=100.0
2025-10-31 20:34:59,408 |     Iter 2/12: Δω=3.75e-04, P(resolve)=0.0%, <ΔAIC>=100.0
2025-10-31 20:35:00,233 |     Iter 3/12: Δω=4.38e-04, P(resolve)=0.0%, <ΔAIC>=100.0
2025-10-31 20:35:01,054 |     Iter 4/12: Δω=4.69e-04, P(resolve)=0.0%, <ΔAIC>=100.0
2025-10-31 20:35:01,878 |     Iter 5/12: Δω=4.84e-04, P(resolve)=0.0%, <ΔAIC>=100.0
2025-10-31 20:35:01,878 |     Search converged to narrow range
2025-10-31 20:35:01,878 | 
2025-10-31 20:35:01,878 | Experiment complete: 5.2s (0.1m)
2025-10-31 20:35:01,878 | 
2025-10-31 20:35:01,878 | Data saved: ../../Data/Experiments/Tier6/T6D2/T6D2_v5_results.json
2025-10-31 20:35:01,878 | 
2025-10-31 20:35:01,878 | ======================================================================
2025-10-31 20:35:01,878 | SCALING LAW ANALYSIS: Δω*(L) ∝ L^(-α)
2025-10-31 20:35:01,878 | ======================================================================
2025-10-31 20:35:01,878 | 
2025-10-31 20:35:01,879 | Power-law fit: Δω*(L) ∝ L^(0.000)
2025-10-31 20:35:01,879 |   Scaling exponent: α = -0.000 ± nan
2025-10-31 20:35:01,879 |   R² = nan, p = nan
2025-10-31 20:35:01,879 | 
2025-10-31 20:35:01,879 | Comparison to theory:
2025-10-31 20:35:01,879 |   Rayleigh (classical):   α = 1.0
2025-10-31 20:35:01,879 |   Super-resolution (VRA): α = 0.5
2025-10-31 20:35:01,879 |   Measured:               α = -0.000
2025-10-31 20:35:01,879 | 
2025-10-31 20:35:01,879 | VERDICT: ✓ PASS: Super-resolution scaling (α < 0.65)
2025-10-31 20:35:01,879 | 
2025-10-31 20:35:01,879 | Generating figures...
2025-10-31 20:35:02,149 | Figure saved: ../../Figures/experiments/Tier6/T6D2/T6D2_v5_resolution_scaling.png
2025-10-31 20:35:02,149 | 
2025-10-31 20:35:02,149 | ======================================================================
2025-10-31 20:35:02,149 | T6-D2 v5 COMPLETE
2025-10-31 20:35:02,149 | ======================================================================
2025-10-31 20:35:02,149 | Hypothesis: L ≳ c/√(Δω) (super-resolution)
2025-10-31 20:35:02,149 | Measured exponent: α = -0.000
2025-10-31 20:35:02,149 | VERDICT: ✓ PASS: Super-resolution scaling (α < 0.65)
2025-10-31 20:35:02,149 | ======================================================================
