2025-10-31 18:32:03,889 | ======================================================================
2025-10-31 18:32:03,890 | T6-D2: Phonon Mode Separation - Super-Resolution Bound
2025-10-31 18:32:03,890 | ======================================================================
2025-10-31 18:32:03,890 | Log file: ../../Data/Experiments/Tier6/T6D2/T6D2_log_20251031_183203.log
2025-10-31 18:32:03,890 | 
2025-10-31 18:32:03,890 | Starting resolution scaling experiment...
2025-10-31 18:32:03,890 | Δω values: [0.005 0.01  0.02  0.05  0.1   0.2  ]
2025-10-31 18:32:03,890 | L values: [1024, 4096, 16384, 65536]
2025-10-31 18:32:03,890 | Trials: 30
2025-10-31 18:32:03,890 | 
2025-10-31 18:32:03,890 | VRA parameters: N=2003, r=286 (ρ=0.1428)
2025-10-31 18:32:03,890 | 
============================================================
2025-10-31 18:32:03,890 | Testing L = 1024
2025-10-31 18:32:03,890 | ============================================================
2025-10-31 18:32:03,925 |   Δω=0.0050 | Peaks detected: 2 | Resolved: True
2025-10-31 18:32:04,932 |   Δω=0.0050: Success rate = 100.00% | ETA: 0.4m
2025-10-31 18:32:04,967 |   Δω=0.0100 | Peaks detected: 2 | Resolved: True
2025-10-31 18:32:05,971 |   Δω=0.0100: Success rate = 100.00% | ETA: 0.4m
2025-10-31 18:32:06,006 |   Δω=0.0200 | Peaks detected: 2 | Resolved: True
2025-10-31 18:32:07,008 |   Δω=0.0200: Success rate = 100.00% | ETA: 0.4m
2025-10-31 18:32:07,044 |   Δω=0.0500 | Peaks detected: 2 | Resolved: True
2025-10-31 18:32:08,049 |   Δω=0.0500: Success rate = 100.00% | ETA: 0.3m
2025-10-31 18:32:08,084 |   Δω=0.1000 | Peaks detected: 2 | Resolved: True
2025-10-31 18:32:09,089 |   Δω=0.1000: Success rate = 100.00% | ETA: 0.3m
2025-10-31 18:32:09,123 |   Δω=0.2000 | Peaks detected: 2 | Resolved: True
2025-10-31 18:32:10,129 |   Δω=0.2000: Success rate = 100.00% | ETA: 0.3m
2025-10-31 18:32:10,130 | 
============================================================
2025-10-31 18:32:10,130 | Testing L = 4096
2025-10-31 18:32:10,130 | ============================================================
2025-10-31 18:32:10,267 |   Δω=0.0050 | Peaks detected: 1 | Resolved: False
2025-10-31 18:32:14,170 |   Δω=0.0050: Success rate = 0.00% | ETA: 0.4m
2025-10-31 18:32:14,306 |   Δω=0.0100 | Peaks detected: 2 | Resolved: True
2025-10-31 18:32:18,204 |   Δω=0.0100: Success rate = 100.00% | ETA: 0.5m
2025-10-31 18:32:18,339 |   Δω=0.0200 | Peaks detected: 2 | Resolved: True
2025-10-31 18:32:22,230 |   Δω=0.0200: Success rate = 100.00% | ETA: 0.5m
2025-10-31 18:32:22,366 |   Δω=0.0500 | Peaks detected: 2 | Resolved: True
2025-10-31 18:32:26,261 |   Δω=0.0500: Success rate = 100.00% | ETA: 0.5m
2025-10-31 18:32:26,396 |   Δω=0.1000 | Peaks detected: 2 | Resolved: True
2025-10-31 18:32:30,288 |   Δω=0.1000: Success rate = 100.00% | ETA: 0.5m
2025-10-31 18:32:30,423 |   Δω=0.2000 | Peaks detected: 2 | Resolved: True
2025-10-31 18:32:34,333 |   Δω=0.2000: Success rate = 100.00% | ETA: 0.5m
2025-10-31 18:32:34,333 | 
============================================================
2025-10-31 18:32:34,333 | Testing L = 16384
2025-10-31 18:32:34,333 | ============================================================
2025-10-31 18:32:34,870 |   Δω=0.0050 | Peaks detected: 1 | Resolved: False
2025-10-31 18:32:50,380 |   Δω=0.0050: Success rate = 0.00% | ETA: 0.6m
2025-10-31 18:32:50,914 |   Δω=0.0100 | Peaks detected: 1 | Resolved: False
2025-10-31 18:33:06,407 |   Δω=0.0100: Success rate = 0.00% | ETA: 0.7m
2025-10-31 18:33:06,941 |   Δω=0.0200 | Peaks detected: 1 | Resolved: False
2025-10-31 18:33:22,413 |   Δω=0.0200: Success rate = 0.00% | ETA: 0.8m
2025-10-31 18:33:22,948 |   Δω=0.0500 | Peaks detected: 2 | Resolved: True
2025-10-31 18:33:38,427 |   Δω=0.0500: Success rate = 100.00% | ETA: 0.8m
2025-10-31 18:33:38,963 |   Δω=0.1000 | Peaks detected: 2 | Resolved: False
2025-10-31 18:33:54,433 |   Δω=0.1000: Success rate = 0.00% | ETA: 0.8m
2025-10-31 18:33:54,966 |   Δω=0.2000 | Peaks detected: 2 | Resolved: False
2025-10-31 18:34:10,435 |   Δω=0.2000: Success rate = 0.00% | ETA: 0.7m
2025-10-31 18:34:10,435 | 
============================================================
2025-10-31 18:34:10,435 | Testing L = 65536
2025-10-31 18:34:10,435 | ============================================================
2025-10-31 18:34:12,559 |   Δω=0.0050 | Peaks detected: 1 | Resolved: False
2025-10-31 18:35:14,215 |   Δω=0.0050: Success rate = 0.00% | ETA: 0.8m
2025-10-31 18:35:16,338 |   Δω=0.0100 | Peaks detected: 1 | Resolved: False
2025-10-31 18:36:17,888 |   Δω=0.0100: Success rate = 0.00% | ETA: 0.8m
2025-10-31 18:36:20,014 |   Δω=0.0200 | Peaks detected: 1 | Resolved: False
2025-10-31 18:37:21,447 |   Δω=0.0200: Success rate = 0.00% | ETA: 0.8m
2025-10-31 18:37:23,565 |   Δω=0.0500 | Peaks detected: 1 | Resolved: False
2025-10-31 18:38:24,940 |   Δω=0.0500: Success rate = 0.00% | ETA: 0.6m
2025-10-31 18:38:27,066 |   Δω=0.1000 | Peaks detected: 1 | Resolved: False
2025-10-31 18:39:28,549 |   Δω=0.1000: Success rate = 0.00% | ETA: 0.3m
2025-10-31 18:39:30,664 |   Δω=0.2000 | Peaks detected: 2 | Resolved: False
2025-10-31 18:40:32,089 |   Δω=0.2000: Success rate = 0.00% | ETA: 0.0m
2025-10-31 18:40:32,089 | 
Experiment complete: 508.2s (8.5m)
2025-10-31 18:40:32,090 | 
Data saved: ../../Data/Experiments/Tier6/T6D2/T6D2_results.json
2025-10-31 18:40:32,090 | 
2025-10-31 18:40:32,090 | ======================================================================
2025-10-31 18:40:32,090 | SCALING LAW ANALYSIS: L ≳ c / √(Δω)
2025-10-31 18:40:32,090 | ======================================================================
2025-10-31 18:40:32,090 | L=1024: No clear threshold found (success rates: [1. 1. 1. 1. 1. 1.])
2025-10-31 18:40:32,090 | L=4096: Threshold Δω ≈ 0.00750
2025-10-31 18:40:32,090 | L=16384: Threshold Δω ≈ 0.12500
2025-10-31 18:40:32,090 | L=65536: No clear threshold found (success rates: [0. 0. 0. 0. 0. 0.])
2025-10-31 18:40:32,090 | 
VERDICT: INCONCLUSIVE — Insufficient threshold data
2025-10-31 18:40:32,090 | 
2025-10-31 18:40:32,090 | Generating figures...
2025-10-31 18:40:32,375 | Figure saved: ../../Figures/experiments/Tier6/T6D2/T6D2_phonon_resolution.png
2025-10-31 18:40:32,375 | 
2025-10-31 18:40:32,375 | ======================================================================
2025-10-31 18:40:32,375 | T6-D2 COMPLETE
2025-10-31 18:40:32,375 | ======================================================================
2025-10-31 18:40:32,375 | Total runtime: 508.2s (8.5m)
2025-10-31 18:40:32,375 | Configurations tested: 24
2025-10-31 18:40:32,375 | Hypothesis: L ≳ c/√(Δω) (super-resolution)
2025-10-31 18:40:32,375 | VERDICT: INCONCLUSIVE
2025-10-31 18:40:32,375 | ======================================================================
