2025-10-31 20:46:08,309 | ======================================================================
2025-10-31 20:46:08,309 | T6-D2 v6: Phonon Mode Separation - FULLY FIXED
2025-10-31 20:46:08,309 | ======================================================================
2025-10-31 20:46:08,309 | Log file: ../../Data/Experiments/Tier6/T6D2/T6D2_v6_log_20251031_204608.log
2025-10-31 20:46:08,309 | 
2025-10-31 20:46:08,309 | Starting adaptive resolution threshold search...
2025-10-31 20:46:08,309 | Total shot budget: S_total = 200,000
2025-10-31 20:46:08,309 | Base averaging: M = 1
2025-10-31 20:46:08,309 | Modulation index: 0.06
2025-10-31 20:46:08,309 | Derotation error: ε = 0.0001
2025-10-31 20:46:08,309 | AIC threshold: ΔAIC ≤ -10.0
2025-10-31 20:46:08,309 | L values: [1024, 4096, 16384, 65536]
2025-10-31 20:46:08,309 | 
2025-10-31 20:46:08,309 | VRA parameters: N=2003, r=286 (ρ=0.1428)
2025-10-31 20:46:08,309 | 
2025-10-31 20:46:08,309 | ============================================================
2025-10-31 20:46:08,309 | Testing L = 1024
2025-10-31 20:46:08,309 | ============================================================
2025-10-31 20:46:08,309 |   Adaptive search for Δω*(L=1024):
2025-10-31 20:46:08,309 |     Shots/sample: 195, σ_phase ≈ 0.072 rad
2025-10-31 20:46:08,309 |     Initial range: [1.00e-07, 5.00e-04]
2025-10-31 20:46:08,309 |     Bracketing 50% threshold...
2025-10-31 20:46:08,323 |       Test: Δω_low=1.00e-07 P=0.0%, Δω_high=5.00e-04 P=0.0%
2025-10-31 20:46:08,337 |       Test: Δω_low=5.00e-04 P=0.0%, Δω_high=2.00e-03 P=0.0%
2025-10-31 20:46:08,350 |       Test: Δω_low=2.00e-03 P=0.0%, Δω_high=8.00e-03 P=0.0%
2025-10-31 20:46:08,364 |       Test: Δω_low=8.00e-03 P=0.0%, Δω_high=3.20e-02 P=0.0%
2025-10-31 20:46:08,371 |     ✗ No bracket: even at Δω=5.00e-02, P=0.0%
2025-10-31 20:46:08,371 | 
2025-10-31 20:46:08,371 | ============================================================
2025-10-31 20:46:08,371 | Testing L = 4096
2025-10-31 20:46:08,371 | ============================================================
2025-10-31 20:46:08,371 |   Adaptive search for Δω*(L=4096):
2025-10-31 20:46:08,371 |     Shots/sample: 48, σ_phase ≈ 0.144 rad
2025-10-31 20:46:08,371 |     Initial range: [1.00e-07, 5.00e-04]
2025-10-31 20:46:08,371 |     Bracketing 50% threshold...
2025-10-31 20:46:08,431 |       Test: Δω_low=1.00e-07 P=0.0%, Δω_high=5.00e-04 P=0.0%
2025-10-31 20:46:08,491 |       Test: Δω_low=5.00e-04 P=0.0%, Δω_high=2.00e-03 P=0.0%
2025-10-31 20:46:08,551 |       Test: Δω_low=2.00e-03 P=0.0%, Δω_high=8.00e-03 P=0.0%
2025-10-31 20:46:08,611 |       Test: Δω_low=8.00e-03 P=0.0%, Δω_high=3.20e-02 P=0.0%
2025-10-31 20:46:08,641 |     ✗ No bracket: even at Δω=5.00e-02, P=0.0%
2025-10-31 20:46:08,641 | 
2025-10-31 20:46:08,641 | ============================================================
2025-10-31 20:46:08,641 | Testing L = 16384
2025-10-31 20:46:08,641 | ============================================================
2025-10-31 20:46:08,641 |   Adaptive search for Δω*(L=16384):
2025-10-31 20:46:08,641 |     Shots/sample: 12, σ_phase ≈ 0.289 rad
2025-10-31 20:46:08,641 |     Initial range: [1.00e-07, 5.00e-04]
2025-10-31 20:46:08,641 |     Bracketing 50% threshold...
2025-10-31 20:46:08,919 |       Test: Δω_low=1.00e-07 P=0.0%, Δω_high=5.00e-04 P=0.0%
2025-10-31 20:46:09,195 |       Test: Δω_low=5.00e-04 P=0.0%, Δω_high=2.00e-03 P=0.0%
2025-10-31 20:46:09,471 |       Test: Δω_low=2.00e-03 P=0.0%, Δω_high=8.00e-03 P=0.0%
2025-10-31 20:46:09,748 |       Test: Δω_low=8.00e-03 P=0.0%, Δω_high=3.20e-02 P=0.0%
2025-10-31 20:46:09,887 |     ✗ No bracket: even at Δω=5.00e-02, P=0.0%
2025-10-31 20:46:09,887 | 
2025-10-31 20:46:09,887 | ============================================================
2025-10-31 20:46:09,887 | Testing L = 65536
2025-10-31 20:46:09,887 | ============================================================
2025-10-31 20:46:09,887 |   Adaptive search for Δω*(L=65536):
2025-10-31 20:46:09,887 |     Shots/sample: 3, σ_phase ≈ 0.577 rad
2025-10-31 20:46:09,887 |     Initial range: [1.00e-07, 5.00e-04]
2025-10-31 20:46:09,887 |     Bracketing 50% threshold...
2025-10-31 20:46:11,266 |       Test: Δω_low=1.00e-07 P=0.0%, Δω_high=5.00e-04 P=0.0%
2025-10-31 20:46:12,603 |       Test: Δω_low=5.00e-04 P=0.0%, Δω_high=2.00e-03 P=0.0%
2025-10-31 20:46:13,955 |       Test: Δω_low=2.00e-03 P=0.0%, Δω_high=8.00e-03 P=0.0%
2025-10-31 20:46:15,321 |       Test: Δω_low=8.00e-03 P=0.0%, Δω_high=3.20e-02 P=0.0%
2025-10-31 20:46:16,003 |     ✗ No bracket: even at Δω=5.00e-02, P=0.0%
2025-10-31 20:46:16,003 | 
2025-10-31 20:46:16,003 | Experiment complete: 7.7s (0.1m)
2025-10-31 20:46:16,003 | 
2025-10-31 20:46:16,003 | Data saved: ../../Data/Experiments/Tier6/T6D2/T6D2_v6_results.json
2025-10-31 20:46:16,003 | 
2025-10-31 20:46:16,004 | ======================================================================
2025-10-31 20:46:16,004 | SCALING LAW ANALYSIS: Δω*(L) ∝ L^(-α)
2025-10-31 20:46:16,004 | ======================================================================
2025-10-31 20:46:16,004 | 
2025-10-31 20:46:16,004 | Valid thresholds found: 0/4
2025-10-31 20:46:16,004 | VERDICT: INCONCLUSIVE — need ≥3 finite thresholds, got 0
2025-10-31 20:46:16,004 | 
2025-10-31 20:46:16,004 | Generating figures...
2025-10-31 20:46:16,099 | Figure saved: ../../Figures/experiments/Tier6/T6D2/T6D2_v6_resolution_scaling.png
2025-10-31 20:46:16,099 | 
2025-10-31 20:46:16,099 | ======================================================================
2025-10-31 20:46:16,099 | T6-D2 v5 COMPLETE
2025-10-31 20:46:16,099 | ======================================================================
2025-10-31 20:46:16,099 | Hypothesis: L ≳ c/√(Δω) (super-resolution)
