2025-10-31 18:14:11,988 | ======================================================================
2025-10-31 18:14:11,988 | T6-D2: Phonon Mode Separation - Super-Resolution Bound
2025-10-31 18:14:11,988 | ======================================================================
2025-10-31 18:14:11,988 | Log file: ../../Data/Experiments/Tier6/T6D2/T6D2_log_20251031_181411.log
2025-10-31 18:14:11,988 | 
2025-10-31 18:14:11,988 | Starting resolution scaling experiment...
2025-10-31 18:14:11,988 | Δω values: [0.005 0.01  0.02  0.05  0.1   0.2  ]
2025-10-31 18:14:11,988 | L values: [1024, 4096, 16384, 65536]
2025-10-31 18:14:11,988 | Trials: 30
2025-10-31 18:14:11,988 | 
2025-10-31 18:14:11,989 | VRA parameters: N=2003, r=286 (ρ=0.1428)
2025-10-31 18:14:11,989 | 
============================================================
2025-10-31 18:14:11,989 | Testing L = 1024
2025-10-31 18:14:11,989 | ============================================================
2025-10-31 18:14:12,016 |   Δω=0.0050 | Peaks detected: 0 | Resolved: False
2025-10-31 18:14:12,802 |   Δω=0.0050: Success rate = 0.00% | ETA: 0.3m
2025-10-31 18:14:12,829 |   Δω=0.0100 | Peaks detected: 0 | Resolved: False
2025-10-31 18:14:13,613 |   Δω=0.0100: Success rate = 0.00% | ETA: 0.3m
2025-10-31 18:14:13,640 |   Δω=0.0200 | Peaks detected: 0 | Resolved: False
2025-10-31 18:14:14,425 |   Δω=0.0200: Success rate = 0.00% | ETA: 0.3m
2025-10-31 18:14:14,453 |   Δω=0.0500 | Peaks detected: 0 | Resolved: False
2025-10-31 18:14:15,240 |   Δω=0.0500: Success rate = 0.00% | ETA: 0.3m
2025-10-31 18:14:15,267 |   Δω=0.1000 | Peaks detected: 0 | Resolved: False
2025-10-31 18:14:16,054 |   Δω=0.1000: Success rate = 0.00% | ETA: 0.3m
2025-10-31 18:14:16,082 |   Δω=0.2000 | Peaks detected: 0 | Resolved: False
2025-10-31 18:14:16,869 |   Δω=0.2000: Success rate = 0.00% | ETA: 0.2m
2025-10-31 18:14:16,869 | 
============================================================
2025-10-31 18:14:16,869 | Testing L = 4096
2025-10-31 18:14:16,869 | ============================================================
2025-10-31 18:14:16,978 |   Δω=0.0050 | Peaks detected: 0 | Resolved: False
2025-10-31 18:14:20,084 |   Δω=0.0050: Success rate = 0.00% | ETA: 0.3m
2025-10-31 18:14:20,192 |   Δω=0.0100 | Peaks detected: 0 | Resolved: False
2025-10-31 18:14:23,301 |   Δω=0.0100: Success rate = 0.00% | ETA: 0.4m
2025-10-31 18:14:23,408 |   Δω=0.0200 | Peaks detected: 0 | Resolved: False
2025-10-31 18:14:26,520 |   Δω=0.0200: Success rate = 0.00% | ETA: 0.4m
2025-10-31 18:14:26,627 |   Δω=0.0500 | Peaks detected: 0 | Resolved: False
2025-10-31 18:14:29,736 |   Δω=0.0500: Success rate = 0.00% | ETA: 0.4m
2025-10-31 18:14:29,843 |   Δω=0.1000 | Peaks detected: 0 | Resolved: False
2025-10-31 18:14:32,949 |   Δω=0.1000: Success rate = 0.00% | ETA: 0.4m
2025-10-31 18:14:33,056 |   Δω=0.2000 | Peaks detected: 0 | Resolved: False
2025-10-31 18:14:36,162 |   Δω=0.2000: Success rate = 0.00% | ETA: 0.4m
2025-10-31 18:14:36,162 | 
============================================================
2025-10-31 18:14:36,162 | Testing L = 16384
2025-10-31 18:14:36,162 | ============================================================
2025-10-31 18:14:36,594 |   Δω=0.0050 | Peaks detected: 0 | Resolved: False
2025-10-31 18:14:49,113 |   Δω=0.0050: Success rate = 0.00% | ETA: 0.5m
2025-10-31 18:14:49,543 |   Δω=0.0100 | Peaks detected: 0 | Resolved: False
2025-10-31 18:15:02,095 |   Δω=0.0100: Success rate = 0.00% | ETA: 0.6m
2025-10-31 18:15:02,526 |   Δω=0.0200 | Peaks detected: 0 | Resolved: False
2025-10-31 18:15:15,103 |   Δω=0.0200: Success rate = 0.00% | ETA: 0.6m
2025-10-31 18:15:15,533 |   Δω=0.0500 | Peaks detected: 0 | Resolved: False
2025-10-31 18:15:28,101 |   Δω=0.0500: Success rate = 0.00% | ETA: 0.6m
2025-10-31 18:15:28,531 |   Δω=0.1000 | Peaks detected: 0 | Resolved: False
2025-10-31 18:15:41,073 |   Δω=0.1000: Success rate = 0.00% | ETA: 0.6m
2025-10-31 18:15:41,502 |   Δω=0.2000 | Peaks detected: 0 | Resolved: False
2025-10-31 18:15:54,066 |   Δω=0.2000: Success rate = 0.00% | ETA: 0.6m
2025-10-31 18:15:54,066 | 
============================================================
2025-10-31 18:15:54,066 | Testing L = 65536
2025-10-31 18:15:54,066 | ============================================================
2025-10-31 18:15:55,798 |   Δω=0.0050 | Peaks detected: 0 | Resolved: False
2025-10-31 18:16:45,792 |   Δω=0.0050: Success rate = 0.00% | ETA: 0.7m
2025-10-31 18:16:47,519 |   Δω=0.0100 | Peaks detected: 0 | Resolved: False
2025-10-31 18:17:37,718 |   Δω=0.0100: Success rate = 0.00% | ETA: 0.7m
2025-10-31 18:17:39,451 |   Δω=0.0200 | Peaks detected: 0 | Resolved: False
2025-10-31 18:18:29,619 |   Δω=0.0200: Success rate = 0.00% | ETA: 0.6m
2025-10-31 18:18:31,356 |   Δω=0.0500 | Peaks detected: 0 | Resolved: False
