2025-10-31 18:10:21,864 | ======================================================================
2025-10-31 18:10:21,864 | T6-D2: Phonon Mode Separation - Super-Resolution Bound
2025-10-31 18:10:21,864 | ======================================================================
2025-10-31 18:10:21,864 | Log file: ../../Data/Experiments/Tier6/T6D2/T6D2_log_20251031_181021.log
2025-10-31 18:10:21,864 | 
2025-10-31 18:10:21,864 | Starting resolution scaling experiment...
2025-10-31 18:10:21,864 | Δω values: [0.005 0.01  0.02  0.05  0.1   0.2  ]
2025-10-31 18:10:21,864 | L values: [1024, 4096, 16384, 65536]
2025-10-31 18:10:21,864 | Trials: 30
2025-10-31 18:10:21,864 | 
2025-10-31 18:10:21,864 | VRA parameters: N=2003, r=300 (ρ=0.1498)
2025-10-31 18:10:21,864 | 
============================================================
2025-10-31 18:10:21,864 | Testing L = 1024
2025-10-31 18:10:21,864 | ============================================================
2025-10-31 18:10:21,882 | Only found 6/16 bases for r=300
2025-10-31 18:10:21,892 |   Δω=0.0050 | Peaks detected: 0 | Resolved: False
2025-10-31 18:10:21,910 | Only found 5/16 bases for r=300
2025-10-31 18:10:21,936 | Only found 2/16 bases for r=300
2025-10-31 18:10:21,958 | Only found 5/16 bases for r=300
2025-10-31 18:10:21,984 | Only found 3/16 bases for r=300
2025-10-31 18:10:22,007 | Only found 4/16 bases for r=300
2025-10-31 18:10:22,032 | Only found 8/16 bases for r=300
2025-10-31 18:10:22,063 | Only found 3/16 bases for r=300
2025-10-31 18:10:22,086 | Only found 6/16 bases for r=300
2025-10-31 18:10:22,115 | Only found 4/16 bases for r=300
2025-10-31 18:10:22,139 | Only found 6/16 bases for r=300
2025-10-31 18:10:22,167 | Only found 6/16 bases for r=300
2025-10-31 18:10:22,195 | Only found 9/16 bases for r=300
2025-10-31 18:10:22,228 | Only found 7/16 bases for r=300
2025-10-31 18:10:22,258 | Only found 7/16 bases for r=300
2025-10-31 18:10:22,288 | Only found 6/16 bases for r=300
2025-10-31 18:10:22,316 | Only found 6/16 bases for r=300
2025-10-31 18:10:22,344 | Only found 7/16 bases for r=300
2025-10-31 18:10:22,374 | Only found 1/16 bases for r=300
2025-10-31 18:10:22,394 | Only found 10/16 bases for r=300
2025-10-31 18:10:22,428 | Only found 5/16 bases for r=300
2025-10-31 18:10:22,455 | Only found 3/16 bases for r=300
2025-10-31 18:10:22,478 | Only found 1/16 bases for r=300
2025-10-31 18:10:22,498 | Only found 2/16 bases for r=300
2025-10-31 18:10:22,519 | Only found 7/16 bases for r=300
2025-10-31 18:10:22,549 | Only found 3/16 bases for r=300
2025-10-31 18:10:22,572 | Only found 3/16 bases for r=300
2025-10-31 18:10:22,595 | Only found 3/16 bases for r=300
2025-10-31 18:10:22,618 | Only found 5/16 bases for r=300
2025-10-31 18:10:22,645 | Only found 4/16 bases for r=300
2025-10-31 18:10:22,651 |   Δω=0.0050: Success rate = 0.00% | ETA: 0.3m
2025-10-31 18:10:22,669 | Only found 6/16 bases for r=300
2025-10-31 18:10:22,679 |   Δω=0.0100 | Peaks detected: 0 | Resolved: False
2025-10-31 18:10:22,697 | Only found 5/16 bases for r=300
2025-10-31 18:10:22,723 | Only found 2/16 bases for r=300
2025-10-31 18:10:22,745 | Only found 5/16 bases for r=300
2025-10-31 18:10:22,771 | Only found 3/16 bases for r=300
2025-10-31 18:10:22,794 | Only found 4/16 bases for r=300
2025-10-31 18:10:22,819 | Only found 8/16 bases for r=300
2025-10-31 18:10:22,850 | Only found 3/16 bases for r=300
2025-10-31 18:10:22,873 | Only found 6/16 bases for r=300
2025-10-31 18:10:22,901 | Only found 4/16 bases for r=300
2025-10-31 18:10:22,926 | Only found 6/16 bases for r=300
2025-10-31 18:10:22,954 | Only found 6/16 bases for r=300
2025-10-31 18:10:22,982 | Only found 9/16 bases for r=300
2025-10-31 18:10:23,015 | Only found 7/16 bases for r=300
2025-10-31 18:10:23,044 | Only found 7/16 bases for r=300
2025-10-31 18:10:23,074 | Only found 6/16 bases for r=300
2025-10-31 18:10:23,102 | Only found 6/16 bases for r=300
2025-10-31 18:10:23,130 | Only found 7/16 bases for r=300
2025-10-31 18:10:23,160 | Only found 1/16 bases for r=300
2025-10-31 18:10:23,180 | Only found 10/16 bases for r=300
2025-10-31 18:10:23,214 | Only found 5/16 bases for r=300
2025-10-31 18:10:23,240 | Only found 3/16 bases for r=300
2025-10-31 18:10:23,264 | Only found 1/16 bases for r=300
2025-10-31 18:10:23,283 | Only found 2/16 bases for r=300
2025-10-31 18:10:23,304 | Only found 7/16 bases for r=300
2025-10-31 18:10:23,334 | Only found 3/16 bases for r=300
2025-10-31 18:10:23,357 | Only found 3/16 bases for r=300
2025-10-31 18:10:23,380 | Only found 3/16 bases for r=300
2025-10-31 18:10:23,403 | Only found 5/16 bases for r=300
2025-10-31 18:10:23,429 | Only found 4/16 bases for r=300
2025-10-31 18:10:23,436 |   Δω=0.0100: Success rate = 0.00% | ETA: 0.3m
2025-10-31 18:10:23,454 | Only found 6/16 bases for r=300
2025-10-31 18:10:23,464 |   Δω=0.0200 | Peaks detected: 0 | Resolved: False
2025-10-31 18:10:23,482 | Only found 5/16 bases for r=300
2025-10-31 18:10:23,508 | Only found 2/16 bases for r=300
2025-10-31 18:10:23,529 | Only found 5/16 bases for r=300
2025-10-31 18:10:23,556 | Only found 3/16 bases for r=300
2025-10-31 18:10:23,579 | Only found 4/16 bases for r=300
2025-10-31 18:10:23,603 | Only found 8/16 bases for r=300
2025-10-31 18:10:23,635 | Only found 3/16 bases for r=300
2025-10-31 18:10:23,658 | Only found 6/16 bases for r=300
2025-10-31 18:10:23,686 | Only found 4/16 bases for r=300
2025-10-31 18:10:23,710 | Only found 6/16 bases for r=300
2025-10-31 18:10:23,738 | Only found 6/16 bases for r=300
2025-10-31 18:10:23,766 | Only found 9/16 bases for r=300
2025-10-31 18:10:23,799 | Only found 7/16 bases for r=300
2025-10-31 18:10:23,829 | Only found 7/16 bases for r=300
2025-10-31 18:10:23,859 | Only found 6/16 bases for r=300
2025-10-31 18:10:23,887 | Only found 6/16 bases for r=300
2025-10-31 18:10:23,914 | Only found 7/16 bases for r=300
2025-10-31 18:10:23,944 | Only found 1/16 bases for r=300
2025-10-31 18:10:23,964 | Only found 10/16 bases for r=300
2025-10-31 18:10:23,999 | Only found 5/16 bases for r=300
2025-10-31 18:10:24,025 | Only found 3/16 bases for r=300
2025-10-31 18:10:24,048 | Only found 1/16 bases for r=300
2025-10-31 18:10:24,068 | Only found 2/16 bases for r=300
2025-10-31 18:10:24,089 | Only found 7/16 bases for r=300
2025-10-31 18:10:24,119 | Only found 3/16 bases for r=300
2025-10-31 18:10:24,142 | Only found 3/16 bases for r=300
2025-10-31 18:10:24,165 | Only found 3/16 bases for r=300
2025-10-31 18:10:24,188 | Only found 5/16 bases for r=300
2025-10-31 18:10:24,214 | Only found 4/16 bases for r=300
2025-10-31 18:10:24,221 |   Δω=0.0200: Success rate = 0.00% | ETA: 0.3m
2025-10-31 18:10:24,239 | Only found 6/16 bases for r=300
2025-10-31 18:10:24,249 |   Δω=0.0500 | Peaks detected: 0 | Resolved: False
2025-10-31 18:10:24,267 | Only found 5/16 bases for r=300
2025-10-31 18:10:24,294 | Only found 2/16 bases for r=300
2025-10-31 18:10:24,315 | Only found 5/16 bases for r=300
2025-10-31 18:10:24,341 | Only found 3/16 bases for r=300
2025-10-31 18:10:24,364 | Only found 4/16 bases for r=300
2025-10-31 18:10:24,389 | Only found 8/16 bases for r=300
2025-10-31 18:10:24,420 | Only found 3/16 bases for r=300
2025-10-31 18:10:24,443 | Only found 6/16 bases for r=300
2025-10-31 18:10:24,471 | Only found 4/16 bases for r=300
2025-10-31 18:10:24,496 | Only found 6/16 bases for r=300
2025-10-31 18:10:24,524 | Only found 6/16 bases for r=300
2025-10-31 18:10:24,551 | Only found 9/16 bases for r=300
2025-10-31 18:10:24,584 | Only found 7/16 bases for r=300
2025-10-31 18:10:24,614 | Only found 7/16 bases for r=300
2025-10-31 18:10:24,643 | Only found 6/16 bases for r=300
2025-10-31 18:10:24,672 | Only found 6/16 bases for r=300
2025-10-31 18:10:24,700 | Only found 7/16 bases for r=300
2025-10-31 18:10:24,730 | Only found 1/16 bases for r=300
2025-10-31 18:10:24,749 | Only found 10/16 bases for r=300
2025-10-31 18:10:24,784 | Only found 5/16 bases for r=300
2025-10-31 18:10:24,810 | Only found 3/16 bases for r=300
2025-10-31 18:10:24,833 | Only found 1/16 bases for r=300
2025-10-31 18:10:24,853 | Only found 2/16 bases for r=300
2025-10-31 18:10:24,874 | Only found 7/16 bases for r=300
2025-10-31 18:10:24,904 | Only found 3/16 bases for r=300
2025-10-31 18:10:24,927 | Only found 3/16 bases for r=300
2025-10-31 18:10:24,949 | Only found 3/16 bases for r=300
2025-10-31 18:10:24,972 | Only found 5/16 bases for r=300
2025-10-31 18:10:24,999 | Only found 4/16 bases for r=300
2025-10-31 18:10:25,005 |   Δω=0.0500: Success rate = 0.00% | ETA: 0.3m
2025-10-31 18:10:25,023 | Only found 6/16 bases for r=300
2025-10-31 18:10:25,033 |   Δω=0.1000 | Peaks detected: 0 | Resolved: False
2025-10-31 18:10:25,051 | Only found 5/16 bases for r=300
2025-10-31 18:10:25,077 | Only found 2/16 bases for r=300
2025-10-31 18:10:25,099 | Only found 5/16 bases for r=300
2025-10-31 18:10:25,125 | Only found 3/16 bases for r=300
2025-10-31 18:10:25,148 | Only found 4/16 bases for r=300
2025-10-31 18:10:25,172 | Only found 8/16 bases for r=300
2025-10-31 18:10:25,204 | Only found 3/16 bases for r=300
2025-10-31 18:10:25,227 | Only found 6/16 bases for r=300
2025-10-31 18:10:25,254 | Only found 4/16 bases for r=300
2025-10-31 18:10:25,279 | Only found 6/16 bases for r=300
2025-10-31 18:10:25,307 | Only found 6/16 bases for r=300
2025-10-31 18:10:25,335 | Only found 9/16 bases for r=300
2025-10-31 18:10:25,368 | Only found 7/16 bases for r=300
2025-10-31 18:10:25,397 | Only found 7/16 bases for r=300
2025-10-31 18:10:25,427 | Only found 6/16 bases for r=300
2025-10-31 18:10:25,455 | Only found 6/16 bases for r=300
2025-10-31 18:10:25,483 | Only found 7/16 bases for r=300
2025-10-31 18:10:25,512 | Only found 1/16 bases for r=300
2025-10-31 18:10:25,532 | Only found 10/16 bases for r=300
2025-10-31 18:10:25,566 | Only found 5/16 bases for r=300
2025-10-31 18:10:25,593 | Only found 3/16 bases for r=300
2025-10-31 18:10:25,616 | Only found 1/16 bases for r=300
2025-10-31 18:10:25,635 | Only found 2/16 bases for r=300
2025-10-31 18:10:25,656 | Only found 7/16 bases for r=300
2025-10-31 18:10:25,686 | Only found 3/16 bases for r=300
2025-10-31 18:10:25,709 | Only found 3/16 bases for r=300
2025-10-31 18:10:25,732 | Only found 3/16 bases for r=300
2025-10-31 18:10:25,755 | Only found 5/16 bases for r=300
2025-10-31 18:10:25,781 | Only found 4/16 bases for r=300
2025-10-31 18:10:25,788 |   Δω=0.1000: Success rate = 0.00% | ETA: 0.2m
2025-10-31 18:10:25,806 | Only found 6/16 bases for r=300
2025-10-31 18:10:25,816 |   Δω=0.2000 | Peaks detected: 0 | Resolved: False
2025-10-31 18:10:25,834 | Only found 5/16 bases for r=300
2025-10-31 18:10:25,860 | Only found 2/16 bases for r=300
2025-10-31 18:10:25,881 | Only found 5/16 bases for r=300
2025-10-31 18:10:25,907 | Only found 3/16 bases for r=300
2025-10-31 18:10:25,930 | Only found 4/16 bases for r=300
2025-10-31 18:10:25,955 | Only found 8/16 bases for r=300
2025-10-31 18:10:25,986 | Only found 3/16 bases for r=300
2025-10-31 18:10:26,009 | Only found 6/16 bases for r=300
2025-10-31 18:10:26,037 | Only found 4/16 bases for r=300
2025-10-31 18:10:26,061 | Only found 6/16 bases for r=300
2025-10-31 18:10:26,089 | Only found 6/16 bases for r=300
2025-10-31 18:10:26,117 | Only found 9/16 bases for r=300
2025-10-31 18:10:26,150 | Only found 7/16 bases for r=300
2025-10-31 18:10:26,180 | Only found 7/16 bases for r=300
2025-10-31 18:10:26,209 | Only found 6/16 bases for r=300
2025-10-31 18:10:26,237 | Only found 6/16 bases for r=300
2025-10-31 18:10:26,265 | Only found 7/16 bases for r=300
2025-10-31 18:10:26,295 | Only found 1/16 bases for r=300
2025-10-31 18:10:26,314 | Only found 10/16 bases for r=300
2025-10-31 18:10:26,349 | Only found 5/16 bases for r=300
2025-10-31 18:10:26,375 | Only found 3/16 bases for r=300
2025-10-31 18:10:26,398 | Only found 1/16 bases for r=300
2025-10-31 18:10:26,417 | Only found 2/16 bases for r=300
2025-10-31 18:10:26,439 | Only found 7/16 bases for r=300
2025-10-31 18:10:26,468 | Only found 3/16 bases for r=300
2025-10-31 18:10:26,491 | Only found 3/16 bases for r=300
2025-10-31 18:10:26,514 | Only found 3/16 bases for r=300
2025-10-31 18:10:26,537 | Only found 5/16 bases for r=300
2025-10-31 18:10:26,563 | Only found 4/16 bases for r=300
2025-10-31 18:10:26,570 |   Δω=0.2000: Success rate = 0.00% | ETA: 0.2m
2025-10-31 18:10:26,570 | 
============================================================
2025-10-31 18:10:26,570 | Testing L = 4096
2025-10-31 18:10:26,570 | ============================================================
2025-10-31 18:10:26,588 | Only found 6/16 bases for r=300
2025-10-31 18:10:26,628 |   Δω=0.0050 | Peaks detected: 0 | Resolved: False
2025-10-31 18:10:26,646 | Only found 5/16 bases for r=300
2025-10-31 18:10:26,697 | Only found 2/16 bases for r=300
2025-10-31 18:10:26,728 | Only found 5/16 bases for r=300
2025-10-31 18:10:26,779 | Only found 3/16 bases for r=300
2025-10-31 18:10:26,817 | Only found 4/16 bases for r=300
2025-10-31 18:10:26,861 | Only found 8/16 bases for r=300
2025-10-31 18:10:26,933 | Only found 3/16 bases for r=300
2025-10-31 18:10:26,971 | Only found 6/16 bases for r=300
2025-10-31 18:10:27,029 | Only found 4/16 bases for r=300
2025-10-31 18:10:27,074 | Only found 6/16 bases for r=300
2025-10-31 18:10:27,131 | Only found 6/16 bases for r=300
2025-10-31 18:10:27,189 | Only found 9/16 bases for r=300
2025-10-31 18:10:27,268 | Only found 7/16 bases for r=300
2025-10-31 18:10:27,332 | Only found 7/16 bases for r=300
2025-10-31 18:10:27,396 | Only found 6/16 bases for r=300
2025-10-31 18:10:27,454 | Only found 6/16 bases for r=300
2025-10-31 18:10:27,512 | Only found 7/16 bases for r=300
2025-10-31 18:10:27,576 | Only found 1/16 bases for r=300
2025-10-31 18:10:27,601 | Only found 10/16 bases for r=300
2025-10-31 18:10:27,685 | Only found 5/16 bases for r=300
2025-10-31 18:10:27,736 | Only found 3/16 bases for r=300
2025-10-31 18:10:27,774 | Only found 1/16 bases for r=300
2025-10-31 18:10:27,799 | Only found 2/16 bases for r=300
2025-10-31 18:10:27,830 | Only found 7/16 bases for r=300
2025-10-31 18:10:27,895 | Only found 3/16 bases for r=300
2025-10-31 18:10:27,933 | Only found 3/16 bases for r=300
2025-10-31 18:10:27,971 | Only found 3/16 bases for r=300
2025-10-31 18:10:28,009 | Only found 5/16 bases for r=300
2025-10-31 18:10:28,060 | Only found 4/16 bases for r=300
2025-10-31 18:10:28,087 |   Δω=0.0050: Success rate = 0.00% | ETA: 0.3m
2025-10-31 18:10:28,105 | Only found 6/16 bases for r=300
2025-10-31 18:10:28,145 |   Δω=0.0100 | Peaks detected: 0 | Resolved: False
2025-10-31 18:10:28,163 | Only found 5/16 bases for r=300
2025-10-31 18:10:28,214 | Only found 2/16 bases for r=300
2025-10-31 18:10:28,245 | Only found 5/16 bases for r=300
2025-10-31 18:10:28,296 | Only found 3/16 bases for r=300
2025-10-31 18:10:28,334 | Only found 4/16 bases for r=300
2025-10-31 18:10:28,379 | Only found 8/16 bases for r=300
2025-10-31 18:10:28,450 | Only found 3/16 bases for r=300
2025-10-31 18:10:28,488 | Only found 6/16 bases for r=300
2025-10-31 18:10:28,546 | Only found 4/16 bases for r=300
2025-10-31 18:10:28,590 | Only found 6/16 bases for r=300
2025-10-31 18:10:28,649 | Only found 6/16 bases for r=300
2025-10-31 18:10:28,707 | Only found 9/16 bases for r=300
2025-10-31 18:10:28,785 | Only found 7/16 bases for r=300
2025-10-31 18:10:28,850 | Only found 7/16 bases for r=300
2025-10-31 18:10:28,914 | Only found 6/16 bases for r=300
2025-10-31 18:10:28,972 | Only found 6/16 bases for r=300
2025-10-31 18:10:29,030 | Only found 7/16 bases for r=300
2025-10-31 18:10:29,095 | Only found 1/16 bases for r=300
2025-10-31 18:10:29,119 | Only found 10/16 bases for r=300
2025-10-31 18:10:29,204 | Only found 5/16 bases for r=300
2025-10-31 18:10:29,255 | Only found 3/16 bases for r=300
2025-10-31 18:10:29,293 | Only found 1/16 bases for r=300
2025-10-31 18:10:29,318 | Only found 2/16 bases for r=300
2025-10-31 18:10:29,349 | Only found 7/16 bases for r=300
2025-10-31 18:10:29,414 | Only found 3/16 bases for r=300
2025-10-31 18:10:29,452 | Only found 3/16 bases for r=300
2025-10-31 18:10:29,490 | Only found 3/16 bases for r=300
2025-10-31 18:10:29,528 | Only found 5/16 bases for r=300
2025-10-31 18:10:29,579 | Only found 4/16 bases for r=300
2025-10-31 18:10:29,606 |   Δω=0.0100: Success rate = 0.00% | ETA: 0.3m
2025-10-31 18:10:29,624 | Only found 6/16 bases for r=300
2025-10-31 18:10:29,664 |   Δω=0.0200 | Peaks detected: 0 | Resolved: False
2025-10-31 18:10:29,682 | Only found 5/16 bases for r=300
2025-10-31 18:10:29,734 | Only found 2/16 bases for r=300
2025-10-31 18:10:29,765 | Only found 5/16 bases for r=300
2025-10-31 18:10:29,816 | Only found 3/16 bases for r=300
2025-10-31 18:10:29,854 | Only found 4/16 bases for r=300
2025-10-31 18:10:29,899 | Only found 8/16 bases for r=300
2025-10-31 18:10:29,970 | Only found 3/16 bases for r=300
2025-10-31 18:10:30,008 | Only found 6/16 bases for r=300
2025-10-31 18:10:30,066 | Only found 4/16 bases for r=300
2025-10-31 18:10:30,111 | Only found 6/16 bases for r=300
2025-10-31 18:10:30,168 | Only found 6/16 bases for r=300
2025-10-31 18:10:30,226 | Only found 9/16 bases for r=300
2025-10-31 18:10:30,305 | Only found 7/16 bases for r=300
2025-10-31 18:10:30,369 | Only found 7/16 bases for r=300
2025-10-31 18:10:30,434 | Only found 6/16 bases for r=300
2025-10-31 18:10:30,492 | Only found 6/16 bases for r=300
2025-10-31 18:10:30,550 | Only found 7/16 bases for r=300
2025-10-31 18:10:30,614 | Only found 1/16 bases for r=300
2025-10-31 18:10:30,639 | Only found 10/16 bases for r=300
2025-10-31 18:10:30,725 | Only found 5/16 bases for r=300
2025-10-31 18:10:30,777 | Only found 3/16 bases for r=300
2025-10-31 18:10:30,815 | Only found 1/16 bases for r=300
2025-10-31 18:10:30,840 | Only found 2/16 bases for r=300
2025-10-31 18:10:30,871 | Only found 7/16 bases for r=300
2025-10-31 18:10:30,936 | Only found 3/16 bases for r=300
2025-10-31 18:10:30,974 | Only found 3/16 bases for r=300
2025-10-31 18:10:31,012 | Only found 3/16 bases for r=300
2025-10-31 18:10:31,050 | Only found 5/16 bases for r=300
2025-10-31 18:10:31,102 | Only found 4/16 bases for r=300
2025-10-31 18:10:31,128 |   Δω=0.0200: Success rate = 0.00% | ETA: 0.3m
2025-10-31 18:10:31,146 | Only found 6/16 bases for r=300
2025-10-31 18:10:31,186 |   Δω=0.0500 | Peaks detected: 0 | Resolved: False
2025-10-31 18:10:31,204 | Only found 5/16 bases for r=300
2025-10-31 18:10:31,256 | Only found 2/16 bases for r=300
2025-10-31 18:10:31,287 | Only found 5/16 bases for r=300
2025-10-31 18:10:31,338 | Only found 3/16 bases for r=300
2025-10-31 18:10:31,376 | Only found 4/16 bases for r=300
2025-10-31 18:10:31,421 | Only found 8/16 bases for r=300
2025-10-31 18:10:31,492 | Only found 3/16 bases for r=300
2025-10-31 18:10:31,530 | Only found 6/16 bases for r=300
2025-10-31 18:10:31,587 | Only found 4/16 bases for r=300
2025-10-31 18:10:31,632 | Only found 6/16 bases for r=300
2025-10-31 18:10:31,690 | Only found 6/16 bases for r=300
2025-10-31 18:10:31,748 | Only found 9/16 bases for r=300
2025-10-31 18:10:31,826 | Only found 7/16 bases for r=300
2025-10-31 18:10:31,891 | Only found 7/16 bases for r=300
2025-10-31 18:10:31,956 | Only found 6/16 bases for r=300
2025-10-31 18:10:32,014 | Only found 6/16 bases for r=300
2025-10-31 18:10:32,072 | Only found 7/16 bases for r=300
2025-10-31 18:10:32,137 | Only found 1/16 bases for r=300
2025-10-31 18:10:32,162 | Only found 10/16 bases for r=300
2025-10-31 18:10:32,246 | Only found 5/16 bases for r=300
2025-10-31 18:10:32,298 | Only found 3/16 bases for r=300
2025-10-31 18:10:32,336 | Only found 1/16 bases for r=300
2025-10-31 18:10:32,361 | Only found 2/16 bases for r=300
2025-10-31 18:10:32,392 | Only found 7/16 bases for r=300
2025-10-31 18:10:32,456 | Only found 3/16 bases for r=300
2025-10-31 18:10:32,494 | Only found 3/16 bases for r=300
2025-10-31 18:10:32,532 | Only found 3/16 bases for r=300
2025-10-31 18:10:32,570 | Only found 5/16 bases for r=300
2025-10-31 18:10:32,622 | Only found 4/16 bases for r=300
2025-10-31 18:10:32,649 |   Δω=0.0500: Success rate = 0.00% | ETA: 0.3m
2025-10-31 18:10:32,667 | Only found 6/16 bases for r=300
2025-10-31 18:10:32,707 |   Δω=0.1000 | Peaks detected: 0 | Resolved: False
2025-10-31 18:10:32,725 | Only found 5/16 bases for r=300
2025-10-31 18:10:32,776 | Only found 2/16 bases for r=300
2025-10-31 18:10:32,808 | Only found 5/16 bases for r=300
2025-10-31 18:10:32,859 | Only found 3/16 bases for r=300
2025-10-31 18:10:32,897 | Only found 4/16 bases for r=300
2025-10-31 18:10:32,942 | Only found 8/16 bases for r=300
2025-10-31 18:10:33,014 | Only found 3/16 bases for r=300
2025-10-31 18:10:33,052 | Only found 6/16 bases for r=300
2025-10-31 18:10:33,110 | Only found 4/16 bases for r=300
2025-10-31 18:10:33,155 | Only found 6/16 bases for r=300
2025-10-31 18:10:33,213 | Only found 6/16 bases for r=300
2025-10-31 18:10:33,271 | Only found 9/16 bases for r=300
2025-10-31 18:10:33,350 | Only found 7/16 bases for r=300
2025-10-31 18:10:33,415 | Only found 7/16 bases for r=300
2025-10-31 18:10:33,480 | Only found 6/16 bases for r=300
2025-10-31 18:10:33,537 | Only found 6/16 bases for r=300
2025-10-31 18:10:33,595 | Only found 7/16 bases for r=300
2025-10-31 18:10:33,660 | Only found 1/16 bases for r=300
2025-10-31 18:10:33,685 | Only found 10/16 bases for r=300
2025-10-31 18:10:33,770 | Only found 5/16 bases for r=300
2025-10-31 18:10:33,822 | Only found 3/16 bases for r=300
2025-10-31 18:10:33,860 | Only found 1/16 bases for r=300
2025-10-31 18:10:33,884 | Only found 2/16 bases for r=300
2025-10-31 18:10:33,916 | Only found 7/16 bases for r=300
2025-10-31 18:10:33,981 | Only found 3/16 bases for r=300
2025-10-31 18:10:34,019 | Only found 3/16 bases for r=300
2025-10-31 18:10:34,057 | Only found 3/16 bases for r=300
2025-10-31 18:10:34,095 | Only found 5/16 bases for r=300
2025-10-31 18:10:34,146 | Only found 4/16 bases for r=300
2025-10-31 18:10:34,173 |   Δω=0.1000: Success rate = 0.00% | ETA: 0.2m
2025-10-31 18:10:34,191 | Only found 6/16 bases for r=300
2025-10-31 18:10:34,231 |   Δω=0.2000 | Peaks detected: 0 | Resolved: False
2025-10-31 18:10:34,249 | Only found 5/16 bases for r=300
2025-10-31 18:10:34,301 | Only found 2/16 bases for r=300
2025-10-31 18:10:34,332 | Only found 5/16 bases for r=300
2025-10-31 18:10:34,383 | Only found 3/16 bases for r=300
2025-10-31 18:10:34,421 | Only found 4/16 bases for r=300
2025-10-31 18:10:34,466 | Only found 8/16 bases for r=300
2025-10-31 18:10:34,537 | Only found 3/16 bases for r=300
2025-10-31 18:10:34,575 | Only found 6/16 bases for r=300
2025-10-31 18:10:34,633 | Only found 4/16 bases for r=300
2025-10-31 18:10:34,678 | Only found 6/16 bases for r=300
2025-10-31 18:10:34,736 | Only found 6/16 bases for r=300
2025-10-31 18:10:34,795 | Only found 9/16 bases for r=300
2025-10-31 18:10:34,873 | Only found 7/16 bases for r=300
2025-10-31 18:10:34,937 | Only found 7/16 bases for r=300
2025-10-31 18:10:35,002 | Only found 6/16 bases for r=300
2025-10-31 18:10:35,060 | Only found 6/16 bases for r=300
2025-10-31 18:10:35,118 | Only found 7/16 bases for r=300
2025-10-31 18:10:35,183 | Only found 1/16 bases for r=300
2025-10-31 18:10:35,208 | Only found 10/16 bases for r=300
2025-10-31 18:10:35,293 | Only found 5/16 bases for r=300
2025-10-31 18:10:35,344 | Only found 3/16 bases for r=300
2025-10-31 18:10:35,382 | Only found 1/16 bases for r=300
2025-10-31 18:10:35,407 | Only found 2/16 bases for r=300
2025-10-31 18:10:35,438 | Only found 7/16 bases for r=300
2025-10-31 18:10:35,503 | Only found 3/16 bases for r=300
2025-10-31 18:10:35,541 | Only found 3/16 bases for r=300
2025-10-31 18:10:35,579 | Only found 3/16 bases for r=300
2025-10-31 18:10:35,617 | Only found 5/16 bases for r=300
2025-10-31 18:10:35,669 | Only found 4/16 bases for r=300
2025-10-31 18:10:35,696 |   Δω=0.2000: Success rate = 0.00% | ETA: 0.2m
2025-10-31 18:10:35,696 | 
============================================================
2025-10-31 18:10:35,696 | Testing L = 16384
2025-10-31 18:10:35,696 | ============================================================
2025-10-31 18:10:35,714 | Only found 6/16 bases for r=300
2025-10-31 18:10:35,875 |   Δω=0.0050 | Peaks detected: 0 | Resolved: False
2025-10-31 18:10:35,893 | Only found 5/16 bases for r=300
2025-10-31 18:10:36,046 | Only found 2/16 bases for r=300
2025-10-31 18:10:36,117 | Only found 5/16 bases for r=300
2025-10-31 18:10:36,270 | Only found 3/16 bases for r=300
2025-10-31 18:10:36,367 | Only found 4/16 bases for r=300
2025-10-31 18:10:36,493 | Only found 8/16 bases for r=300
2025-10-31 18:10:36,725 | Only found 3/16 bases for r=300
2025-10-31 18:10:36,823 | Only found 6/16 bases for r=300
2025-10-31 18:10:37,002 | Only found 4/16 bases for r=300
2025-10-31 18:10:37,127 | Only found 6/16 bases for r=300
2025-10-31 18:10:37,305 | Only found 6/16 bases for r=300
2025-10-31 18:10:37,483 | Only found 9/16 bases for r=300
2025-10-31 18:10:37,743 | Only found 7/16 bases for r=300
2025-10-31 18:10:37,950 | Only found 7/16 bases for r=300
2025-10-31 18:10:38,154 | Only found 6/16 bases for r=300
2025-10-31 18:10:38,332 | Only found 6/16 bases for r=300
2025-10-31 18:10:38,510 | Only found 7/16 bases for r=300
2025-10-31 18:10:38,716 | Only found 1/16 bases for r=300
2025-10-31 18:10:38,761 | Only found 10/16 bases for r=300
2025-10-31 18:10:39,048 | Only found 5/16 bases for r=300
2025-10-31 18:10:39,200 | Only found 3/16 bases for r=300
2025-10-31 18:10:39,299 | Only found 1/16 bases for r=300
2025-10-31 18:10:39,344 | Only found 2/16 bases for r=300
2025-10-31 18:10:39,416 | Only found 7/16 bases for r=300
2025-10-31 18:10:39,623 | Only found 3/16 bases for r=300
2025-10-31 18:10:39,722 | Only found 3/16 bases for r=300
2025-10-31 18:10:39,820 | Only found 3/16 bases for r=300
2025-10-31 18:10:39,918 | Only found 5/16 bases for r=300
2025-10-31 18:10:40,070 | Only found 4/16 bases for r=300
2025-10-31 18:10:40,177 |   Δω=0.0050: Success rate = 0.00% | ETA: 0.3m
2025-10-31 18:10:40,195 | Only found 6/16 bases for r=300
2025-10-31 18:10:40,355 |   Δω=0.0100 | Peaks detected: 0 | Resolved: False
2025-10-31 18:10:40,373 | Only found 5/16 bases for r=300
2025-10-31 18:10:40,526 | Only found 2/16 bases for r=300
2025-10-31 18:10:40,597 | Only found 5/16 bases for r=300
2025-10-31 18:10:40,748 | Only found 3/16 bases for r=300
2025-10-31 18:10:40,846 | Only found 4/16 bases for r=300
2025-10-31 18:10:40,971 | Only found 8/16 bases for r=300
2025-10-31 18:10:41,202 | Only found 3/16 bases for r=300
2025-10-31 18:10:41,300 | Only found 6/16 bases for r=300
2025-10-31 18:10:41,478 | Only found 4/16 bases for r=300
2025-10-31 18:10:41,603 | Only found 6/16 bases for r=300
2025-10-31 18:10:41,783 | Only found 6/16 bases for r=300
2025-10-31 18:10:41,962 | Only found 9/16 bases for r=300
2025-10-31 18:10:42,221 | Only found 7/16 bases for r=300
2025-10-31 18:10:42,426 | Only found 7/16 bases for r=300
2025-10-31 18:10:42,630 | Only found 6/16 bases for r=300
2025-10-31 18:10:42,808 | Only found 6/16 bases for r=300
2025-10-31 18:10:42,986 | Only found 7/16 bases for r=300
2025-10-31 18:10:43,192 | Only found 1/16 bases for r=300
2025-10-31 18:10:43,237 | Only found 10/16 bases for r=300
2025-10-31 18:10:43,522 | Only found 5/16 bases for r=300
2025-10-31 18:10:43,675 | Only found 3/16 bases for r=300
2025-10-31 18:10:43,772 | Only found 1/16 bases for r=300
2025-10-31 18:10:43,817 | Only found 2/16 bases for r=300
2025-10-31 18:10:43,889 | Only found 7/16 bases for r=300
2025-10-31 18:10:44,093 | Only found 3/16 bases for r=300
2025-10-31 18:10:44,192 | Only found 3/16 bases for r=300
2025-10-31 18:10:44,290 | Only found 3/16 bases for r=300
2025-10-31 18:10:44,388 | Only found 5/16 bases for r=300
2025-10-31 18:10:44,540 | Only found 4/16 bases for r=300
2025-10-31 18:10:44,648 |   Δω=0.0100: Success rate = 0.00% | ETA: 0.3m
2025-10-31 18:10:44,666 | Only found 6/16 bases for r=300
2025-10-31 18:10:44,827 |   Δω=0.0200 | Peaks detected: 0 | Resolved: False
2025-10-31 18:10:44,844 | Only found 5/16 bases for r=300
2025-10-31 18:10:44,996 | Only found 2/16 bases for r=300
2025-10-31 18:10:45,068 | Only found 5/16 bases for r=300
2025-10-31 18:10:45,219 | Only found 3/16 bases for r=300
2025-10-31 18:10:45,317 | Only found 4/16 bases for r=300
2025-10-31 18:10:45,444 | Only found 8/16 bases for r=300
2025-10-31 18:10:45,675 | Only found 3/16 bases for r=300
2025-10-31 18:10:45,774 | Only found 6/16 bases for r=300
2025-10-31 18:10:45,953 | Only found 4/16 bases for r=300
2025-10-31 18:10:46,077 | Only found 6/16 bases for r=300
2025-10-31 18:10:46,255 | Only found 6/16 bases for r=300
2025-10-31 18:10:46,434 | Only found 9/16 bases for r=300
2025-10-31 18:10:46,692 | Only found 7/16 bases for r=300
2025-10-31 18:10:46,899 | Only found 7/16 bases for r=300
2025-10-31 18:10:47,104 | Only found 6/16 bases for r=300
2025-10-31 18:10:47,282 | Only found 6/16 bases for r=300
2025-10-31 18:10:47,460 | Only found 7/16 bases for r=300
2025-10-31 18:10:47,666 | Only found 1/16 bases for r=300
2025-10-31 18:10:47,712 | Only found 10/16 bases for r=300
2025-10-31 18:10:47,999 | Only found 5/16 bases for r=300
2025-10-31 18:10:48,150 | Only found 3/16 bases for r=300
2025-10-31 18:10:48,249 | Only found 1/16 bases for r=300
2025-10-31 18:10:48,294 | Only found 2/16 bases for r=300
2025-10-31 18:10:48,366 | Only found 7/16 bases for r=300
2025-10-31 18:10:48,573 | Only found 3/16 bases for r=300
2025-10-31 18:10:48,672 | Only found 3/16 bases for r=300
2025-10-31 18:10:48,770 | Only found 3/16 bases for r=300
2025-10-31 18:10:48,869 | Only found 5/16 bases for r=300
2025-10-31 18:10:49,020 | Only found 4/16 bases for r=300
2025-10-31 18:10:49,128 |   Δω=0.0200: Success rate = 0.00% | ETA: 0.3m
2025-10-31 18:10:49,145 | Only found 6/16 bases for r=300
2025-10-31 18:10:49,306 |   Δω=0.0500 | Peaks detected: 0 | Resolved: False
2025-10-31 18:10:49,324 | Only found 5/16 bases for r=300
2025-10-31 18:10:49,476 | Only found 2/16 bases for r=300
2025-10-31 18:10:49,548 | Only found 5/16 bases for r=300
2025-10-31 18:10:49,700 | Only found 3/16 bases for r=300
2025-10-31 18:10:49,799 | Only found 4/16 bases for r=300
2025-10-31 18:10:49,924 | Only found 8/16 bases for r=300
2025-10-31 18:10:50,156 | Only found 3/16 bases for r=300
2025-10-31 18:10:50,254 | Only found 6/16 bases for r=300
2025-10-31 18:10:50,433 | Only found 4/16 bases for r=300
2025-10-31 18:10:50,558 | Only found 6/16 bases for r=300
2025-10-31 18:10:50,736 | Only found 6/16 bases for r=300
2025-10-31 18:10:50,915 | Only found 9/16 bases for r=300
2025-10-31 18:10:51,175 | Only found 7/16 bases for r=300
2025-10-31 18:10:51,378 | Only found 7/16 bases for r=300
2025-10-31 18:10:51,583 | Only found 6/16 bases for r=300
2025-10-31 18:10:51,762 | Only found 6/16 bases for r=300
2025-10-31 18:10:51,940 | Only found 7/16 bases for r=300
2025-10-31 18:10:52,146 | Only found 1/16 bases for r=300
2025-10-31 18:10:52,191 | Only found 10/16 bases for r=300
2025-10-31 18:10:52,476 | Only found 5/16 bases for r=300
2025-10-31 18:10:52,628 | Only found 3/16 bases for r=300
2025-10-31 18:10:52,727 | Only found 1/16 bases for r=300
2025-10-31 18:10:52,771 | Only found 2/16 bases for r=300
2025-10-31 18:10:52,843 | Only found 7/16 bases for r=300
2025-10-31 18:10:53,048 | Only found 3/16 bases for r=300
2025-10-31 18:10:53,146 | Only found 3/16 bases for r=300
2025-10-31 18:10:53,243 | Only found 3/16 bases for r=300
2025-10-31 18:10:53,341 | Only found 5/16 bases for r=300
2025-10-31 18:10:53,493 | Only found 4/16 bases for r=300
2025-10-31 18:10:53,601 |   Δω=0.0500: Success rate = 0.00% | ETA: 0.3m
2025-10-31 18:10:53,618 | Only found 6/16 bases for r=300
2025-10-31 18:10:53,779 |   Δω=0.1000 | Peaks detected: 0 | Resolved: False
2025-10-31 18:10:53,797 | Only found 5/16 bases for r=300
2025-10-31 18:10:53,948 | Only found 2/16 bases for r=300
2025-10-31 18:10:54,020 | Only found 5/16 bases for r=300
2025-10-31 18:10:54,171 | Only found 3/16 bases for r=300
2025-10-31 18:10:54,269 | Only found 4/16 bases for r=300
2025-10-31 18:10:54,393 | Only found 8/16 bases for r=300
2025-10-31 18:10:54,626 | Only found 3/16 bases for r=300
2025-10-31 18:10:54,724 | Only found 6/16 bases for r=300
2025-10-31 18:10:54,903 | Only found 4/16 bases for r=300
2025-10-31 18:10:55,027 | Only found 6/16 bases for r=300
2025-10-31 18:10:55,205 | Only found 6/16 bases for r=300
2025-10-31 18:10:55,383 | Only found 9/16 bases for r=300
2025-10-31 18:10:55,643 | Only found 7/16 bases for r=300
2025-10-31 18:10:55,848 | Only found 7/16 bases for r=300
2025-10-31 18:10:56,053 | Only found 6/16 bases for r=300
2025-10-31 18:10:56,232 | Only found 6/16 bases for r=300
2025-10-31 18:10:56,411 | Only found 7/16 bases for r=300
2025-10-31 18:10:56,616 | Only found 1/16 bases for r=300
2025-10-31 18:10:56,661 | Only found 10/16 bases for r=300
2025-10-31 18:10:56,949 | Only found 5/16 bases for r=300
2025-10-31 18:10:57,101 | Only found 3/16 bases for r=300
2025-10-31 18:10:57,200 | Only found 1/16 bases for r=300
2025-10-31 18:10:57,245 | Only found 2/16 bases for r=300
2025-10-31 18:10:57,317 | Only found 7/16 bases for r=300
2025-10-31 18:10:57,523 | Only found 3/16 bases for r=300
2025-10-31 18:10:57,623 | Only found 3/16 bases for r=300
2025-10-31 18:10:57,722 | Only found 3/16 bases for r=300
2025-10-31 18:10:57,820 | Only found 5/16 bases for r=300
2025-10-31 18:10:57,971 | Only found 4/16 bases for r=300
2025-10-31 18:10:58,079 |   Δω=0.1000: Success rate = 0.00% | ETA: 0.2m
2025-10-31 18:10:58,096 | Only found 6/16 bases for r=300
2025-10-31 18:10:58,257 |   Δω=0.2000 | Peaks detected: 0 | Resolved: False
2025-10-31 18:10:58,275 | Only found 5/16 bases for r=300
2025-10-31 18:10:58,428 | Only found 2/16 bases for r=300
2025-10-31 18:10:58,499 | Only found 5/16 bases for r=300
2025-10-31 18:10:58,651 | Only found 3/16 bases for r=300
2025-10-31 18:10:58,749 | Only found 4/16 bases for r=300
2025-10-31 18:10:58,874 | Only found 8/16 bases for r=300
2025-10-31 18:10:59,106 | Only found 3/16 bases for r=300
2025-10-31 18:10:59,204 | Only found 6/16 bases for r=300
2025-10-31 18:10:59,382 | Only found 4/16 bases for r=300
2025-10-31 18:10:59,507 | Only found 6/16 bases for r=300
2025-10-31 18:10:59,686 | Only found 6/16 bases for r=300
2025-10-31 18:10:59,866 | Only found 9/16 bases for r=300
2025-10-31 18:11:00,126 | Only found 7/16 bases for r=300
2025-10-31 18:11:00,332 | Only found 7/16 bases for r=300
2025-10-31 18:11:00,538 | Only found 6/16 bases for r=300
2025-10-31 18:11:00,716 | Only found 6/16 bases for r=300
2025-10-31 18:11:00,895 | Only found 7/16 bases for r=300
2025-10-31 18:11:01,102 | Only found 1/16 bases for r=300
2025-10-31 18:11:01,147 | Only found 10/16 bases for r=300
2025-10-31 18:11:01,432 | Only found 5/16 bases for r=300
2025-10-31 18:11:01,586 | Only found 3/16 bases for r=300
2025-10-31 18:11:01,685 | Only found 1/16 bases for r=300
2025-10-31 18:11:01,730 | Only found 2/16 bases for r=300
2025-10-31 18:11:01,801 | Only found 7/16 bases for r=300
2025-10-31 18:11:02,007 | Only found 3/16 bases for r=300
2025-10-31 18:11:02,106 | Only found 3/16 bases for r=300
2025-10-31 18:11:02,204 | Only found 3/16 bases for r=300
2025-10-31 18:11:02,303 | Only found 5/16 bases for r=300
2025-10-31 18:11:02,455 | Only found 4/16 bases for r=300
2025-10-31 18:11:02,563 |   Δω=0.2000: Success rate = 0.00% | ETA: 0.2m
2025-10-31 18:11:02,563 | 
============================================================
2025-10-31 18:11:02,563 | Testing L = 65536
2025-10-31 18:11:02,563 | ============================================================
2025-10-31 18:11:02,580 | Only found 6/16 bases for r=300
2025-10-31 18:11:03,227 |   Δω=0.0050 | Peaks detected: 0 | Resolved: False
2025-10-31 18:11:03,245 | Only found 5/16 bases for r=300
2025-10-31 18:11:03,799 | Only found 2/16 bases for r=300
2025-10-31 18:11:04,032 | Only found 5/16 bases for r=300
2025-10-31 18:11:04,587 | Only found 3/16 bases for r=300
2025-10-31 18:11:04,926 | Only found 4/16 bases for r=300
2025-10-31 18:11:05,373 | Only found 8/16 bases for r=300
2025-10-31 18:11:06,248 | Only found 3/16 bases for r=300
2025-10-31 18:11:06,589 | Only found 6/16 bases for r=300
2025-10-31 18:11:07,247 | Only found 4/16 bases for r=300
2025-10-31 18:11:07,692 | Only found 6/16 bases for r=300
2025-10-31 18:11:08,351 | Only found 6/16 bases for r=300
2025-10-31 18:11:09,012 | Only found 9/16 bases for r=300
2025-10-31 18:11:09,993 | Only found 7/16 bases for r=300
2025-10-31 18:11:10,759 | Only found 7/16 bases for r=300
2025-10-31 18:11:11,523 | Only found 6/16 bases for r=300
2025-10-31 18:11:12,181 | Only found 6/16 bases for r=300
2025-10-31 18:11:12,841 | Only found 7/16 bases for r=300
2025-10-31 18:11:13,608 | Only found 1/16 bases for r=300
2025-10-31 18:11:13,735 | Only found 10/16 bases for r=300
2025-10-31 18:11:14,830 | Only found 5/16 bases for r=300
2025-10-31 18:11:15,387 | Only found 3/16 bases for r=300
2025-10-31 18:11:15,726 | Only found 1/16 bases for r=300
2025-10-31 18:11:15,852 | Only found 2/16 bases for r=300
2025-10-31 18:11:16,085 | Only found 7/16 bases for r=300
2025-10-31 18:11:16,849 | Only found 3/16 bases for r=300
2025-10-31 18:11:17,190 | Only found 3/16 bases for r=300
2025-10-31 18:11:17,529 | Only found 3/16 bases for r=300
2025-10-31 18:11:17,868 | Only found 5/16 bases for r=300
2025-10-31 18:11:18,421 | Only found 4/16 bases for r=300
2025-10-31 18:11:18,848 |   Δω=0.0050: Success rate = 0.00% | ETA: 0.2m
2025-10-31 18:11:18,865 | Only found 6/16 bases for r=300
2025-10-31 18:11:19,509 |   Δω=0.0100 | Peaks detected: 0 | Resolved: False
2025-10-31 18:11:19,527 | Only found 5/16 bases for r=300
2025-10-31 18:11:20,079 | Only found 2/16 bases for r=300
2025-10-31 18:11:20,312 | Only found 5/16 bases for r=300
2025-10-31 18:11:20,867 | Only found 3/16 bases for r=300
2025-10-31 18:11:21,209 | Only found 4/16 bases for r=300
2025-10-31 18:11:21,657 | Only found 8/16 bases for r=300
2025-10-31 18:11:22,535 | Only found 3/16 bases for r=300
2025-10-31 18:11:22,878 | Only found 6/16 bases for r=300
2025-10-31 18:11:23,540 | Only found 4/16 bases for r=300
2025-10-31 18:11:23,989 | Only found 6/16 bases for r=300
2025-10-31 18:11:24,652 | Only found 6/16 bases for r=300
2025-10-31 18:11:25,316 | Only found 9/16 bases for r=300
2025-10-31 18:11:26,301 | Only found 7/16 bases for r=300
2025-10-31 18:11:27,073 | Only found 7/16 bases for r=300
2025-10-31 18:11:27,846 | Only found 6/16 bases for r=300
2025-10-31 18:11:28,510 | Only found 6/16 bases for r=300
2025-10-31 18:11:29,172 | Only found 7/16 bases for r=300
2025-10-31 18:11:29,944 | Only found 1/16 bases for r=300
2025-10-31 18:11:30,070 | Only found 10/16 bases for r=300
2025-10-31 18:11:31,165 | Only found 5/16 bases for r=300
2025-10-31 18:11:31,723 | Only found 3/16 bases for r=300
2025-10-31 18:11:32,066 | Only found 1/16 bases for r=300
2025-10-31 18:11:32,193 | Only found 2/16 bases for r=300
2025-10-31 18:11:32,430 | Only found 7/16 bases for r=300
2025-10-31 18:11:33,206 | Only found 3/16 bases for r=300
2025-10-31 18:11:33,548 | Only found 3/16 bases for r=300
2025-10-31 18:11:33,888 | Only found 3/16 bases for r=300
2025-10-31 18:11:34,229 | Only found 5/16 bases for r=300
2025-10-31 18:11:34,785 | Only found 4/16 bases for r=300
2025-10-31 18:11:35,218 |   Δω=0.0100: Success rate = 0.00% | ETA: 0.2m
2025-10-31 18:11:35,236 | Only found 6/16 bases for r=300
2025-10-31 18:11:35,882 |   Δω=0.0200 | Peaks detected: 0 | Resolved: False
2025-10-31 18:11:35,900 | Only found 5/16 bases for r=300
2025-10-31 18:11:36,454 | Only found 2/16 bases for r=300
2025-10-31 18:11:36,687 | Only found 5/16 bases for r=300
2025-10-31 18:11:37,240 | Only found 3/16 bases for r=300
2025-10-31 18:11:37,580 | Only found 4/16 bases for r=300
2025-10-31 18:11:38,029 | Only found 8/16 bases for r=300
2025-10-31 18:11:38,912 | Only found 3/16 bases for r=300
2025-10-31 18:11:39,252 | Only found 6/16 bases for r=300
2025-10-31 18:11:39,915 | Only found 4/16 bases for r=300
2025-10-31 18:11:40,367 | Only found 6/16 bases for r=300
2025-10-31 18:11:41,031 | Only found 6/16 bases for r=300
2025-10-31 18:11:41,696 | Only found 9/16 bases for r=300
2025-10-31 18:11:42,683 | Only found 7/16 bases for r=300
2025-10-31 18:11:43,452 | Only found 7/16 bases for r=300
2025-10-31 18:11:44,224 | Only found 6/16 bases for r=300
2025-10-31 18:11:44,888 | Only found 6/16 bases for r=300
2025-10-31 18:11:45,550 | Only found 7/16 bases for r=300
2025-10-31 18:11:46,326 | Only found 1/16 bases for r=300
2025-10-31 18:11:46,454 | Only found 10/16 bases for r=300
2025-10-31 18:11:47,548 | Only found 5/16 bases for r=300
2025-10-31 18:11:48,103 | Only found 3/16 bases for r=300
2025-10-31 18:11:48,443 | Only found 1/16 bases for r=300
2025-10-31 18:11:48,569 | Only found 2/16 bases for r=300
2025-10-31 18:11:48,805 | Only found 7/16 bases for r=300
2025-10-31 18:11:49,575 | Only found 3/16 bases for r=300
2025-10-31 18:11:49,917 | Only found 3/16 bases for r=300
2025-10-31 18:11:50,258 | Only found 3/16 bases for r=300
2025-10-31 18:11:50,600 | Only found 5/16 bases for r=300
2025-10-31 18:11:51,154 | Only found 4/16 bases for r=300
2025-10-31 18:11:51,583 |   Δω=0.0200: Success rate = 0.00% | ETA: 0.2m
2025-10-31 18:11:51,601 | Only found 6/16 bases for r=300
2025-10-31 18:11:52,249 |   Δω=0.0500 | Peaks detected: 0 | Resolved: False
2025-10-31 18:11:52,267 | Only found 5/16 bases for r=300
2025-10-31 18:11:52,825 | Only found 2/16 bases for r=300
2025-10-31 18:11:53,059 | Only found 5/16 bases for r=300
2025-10-31 18:11:53,612 | Only found 3/16 bases for r=300
2025-10-31 18:11:53,952 | Only found 4/16 bases for r=300
2025-10-31 18:11:54,400 | Only found 8/16 bases for r=300
2025-10-31 18:11:55,278 | Only found 3/16 bases for r=300
2025-10-31 18:11:55,619 | Only found 6/16 bases for r=300
2025-10-31 18:11:56,279 | Only found 4/16 bases for r=300
2025-10-31 18:11:56,728 | Only found 6/16 bases for r=300
2025-10-31 18:11:57,389 | Only found 6/16 bases for r=300
2025-10-31 18:11:58,049 | Only found 9/16 bases for r=300
2025-10-31 18:11:59,032 | Only found 7/16 bases for r=300
2025-10-31 18:11:59,818 | Only found 7/16 bases for r=300
2025-10-31 18:12:00,590 | Only found 6/16 bases for r=300
2025-10-31 18:12:01,254 | Only found 6/16 bases for r=300
2025-10-31 18:12:01,916 | Only found 7/16 bases for r=300
2025-10-31 18:12:02,685 | Only found 1/16 bases for r=300
2025-10-31 18:12:02,813 | Only found 10/16 bases for r=300
2025-10-31 18:12:03,908 | Only found 5/16 bases for r=300
2025-10-31 18:12:04,463 | Only found 3/16 bases for r=300
2025-10-31 18:12:04,803 | Only found 1/16 bases for r=300
2025-10-31 18:12:04,929 | Only found 2/16 bases for r=300
2025-10-31 18:12:05,166 | Only found 7/16 bases for r=300
2025-10-31 18:12:05,936 | Only found 3/16 bases for r=300
2025-10-31 18:12:06,277 | Only found 3/16 bases for r=300
2025-10-31 18:12:06,617 | Only found 3/16 bases for r=300
2025-10-31 18:12:06,958 | Only found 5/16 bases for r=300
2025-10-31 18:12:07,515 | Only found 4/16 bases for r=300
2025-10-31 18:12:07,944 |   Δω=0.0500: Success rate = 0.00% | ETA: 0.2m
2025-10-31 18:12:07,962 | Only found 6/16 bases for r=300
2025-10-31 18:12:08,607 |   Δω=0.1000 | Peaks detected: 0 | Resolved: False
2025-10-31 18:12:08,625 | Only found 5/16 bases for r=300
2025-10-31 18:12:09,179 | Only found 2/16 bases for r=300
2025-10-31 18:12:09,412 | Only found 5/16 bases for r=300
2025-10-31 18:12:09,968 | Only found 3/16 bases for r=300
2025-10-31 18:12:10,311 | Only found 4/16 bases for r=300
2025-10-31 18:12:10,761 | Only found 8/16 bases for r=300
2025-10-31 18:12:11,639 | Only found 3/16 bases for r=300
2025-10-31 18:12:11,980 | Only found 6/16 bases for r=300
2025-10-31 18:12:12,644 | Only found 4/16 bases for r=300
2025-10-31 18:12:13,092 | Only found 6/16 bases for r=300
2025-10-31 18:12:13,753 | Only found 6/16 bases for r=300
2025-10-31 18:12:14,415 | Only found 9/16 bases for r=300
2025-10-31 18:12:15,397 | Only found 7/16 bases for r=300
2025-10-31 18:12:16,164 | Only found 7/16 bases for r=300
2025-10-31 18:12:16,932 | Only found 6/16 bases for r=300
2025-10-31 18:12:17,592 | Only found 6/16 bases for r=300
2025-10-31 18:12:18,254 | Only found 7/16 bases for r=300
2025-10-31 18:12:19,025 | Only found 1/16 bases for r=300
2025-10-31 18:12:19,154 | Only found 10/16 bases for r=300
2025-10-31 18:12:20,245 | Only found 5/16 bases for r=300
2025-10-31 18:12:20,799 | Only found 3/16 bases for r=300
2025-10-31 18:12:21,140 | Only found 1/16 bases for r=300
2025-10-31 18:12:21,266 | Only found 2/16 bases for r=300
2025-10-31 18:12:21,501 | Only found 7/16 bases for r=300
2025-10-31 18:12:22,270 | Only found 3/16 bases for r=300
2025-10-31 18:12:22,610 | Only found 3/16 bases for r=300
2025-10-31 18:12:22,951 | Only found 3/16 bases for r=300
2025-10-31 18:12:23,291 | Only found 5/16 bases for r=300
2025-10-31 18:12:23,846 | Only found 4/16 bases for r=300
2025-10-31 18:12:24,277 |   Δω=0.1000: Success rate = 0.00% | ETA: 0.1m
2025-10-31 18:12:24,295 | Only found 6/16 bases for r=300
2025-10-31 18:12:24,940 |   Δω=0.2000 | Peaks detected: 0 | Resolved: False
2025-10-31 18:12:24,958 | Only found 5/16 bases for r=300
2025-10-31 18:12:25,513 | Only found 2/16 bases for r=300
2025-10-31 18:12:25,745 | Only found 5/16 bases for r=300
2025-10-31 18:12:26,298 | Only found 3/16 bases for r=300
2025-10-31 18:12:26,637 | Only found 4/16 bases for r=300
2025-10-31 18:12:27,084 | Only found 8/16 bases for r=300
2025-10-31 18:12:27,958 | Only found 3/16 bases for r=300
2025-10-31 18:12:28,298 | Only found 6/16 bases for r=300
2025-10-31 18:12:28,967 | Only found 4/16 bases for r=300
2025-10-31 18:12:29,426 | Only found 6/16 bases for r=300
2025-10-31 18:12:30,090 | Only found 6/16 bases for r=300
2025-10-31 18:12:30,750 | Only found 9/16 bases for r=300
2025-10-31 18:12:31,734 | Only found 7/16 bases for r=300
2025-10-31 18:12:32,505 | Only found 7/16 bases for r=300
2025-10-31 18:12:33,277 | Only found 6/16 bases for r=300
2025-10-31 18:12:33,937 | Only found 6/16 bases for r=300
2025-10-31 18:12:34,600 | Only found 7/16 bases for r=300
2025-10-31 18:12:35,369 | Only found 1/16 bases for r=300
2025-10-31 18:12:35,497 | Only found 10/16 bases for r=300
2025-10-31 18:12:36,594 | Only found 5/16 bases for r=300
2025-10-31 18:12:37,148 | Only found 3/16 bases for r=300
2025-10-31 18:12:37,489 | Only found 1/16 bases for r=300
2025-10-31 18:12:37,615 | Only found 2/16 bases for r=300
2025-10-31 18:12:37,852 | Only found 7/16 bases for r=300
2025-10-31 18:12:38,621 | Only found 3/16 bases for r=300
2025-10-31 18:12:38,965 | Only found 3/16 bases for r=300
2025-10-31 18:12:39,308 | Only found 3/16 bases for r=300
2025-10-31 18:12:39,648 | Only found 5/16 bases for r=300
2025-10-31 18:12:40,203 | Only found 4/16 bases for r=300
2025-10-31 18:12:40,633 |   Δω=0.2000: Success rate = 0.00% | ETA: 0.0m
2025-10-31 18:12:40,633 | 
Experiment complete: 138.8s (2.3m)
2025-10-31 18:12:40,634 | 
Data saved: ../../Data/Experiments/Tier6/T6D2/T6D2_results.json
2025-10-31 18:12:40,634 | 
2025-10-31 18:12:40,634 | ======================================================================
2025-10-31 18:12:40,634 | SCALING LAW ANALYSIS: L ≳ c / √(Δω)
2025-10-31 18:12:40,634 | ======================================================================
2025-10-31 18:12:40,635 | L=1024: No clear threshold found (success rates: [0. 0. 0. 0. 0. 0.])
2025-10-31 18:12:40,635 | L=4096: No clear threshold found (success rates: [0. 0. 0. 0. 0. 0.])
2025-10-31 18:12:40,635 | L=16384: No clear threshold found (success rates: [0. 0. 0. 0. 0. 0.])
2025-10-31 18:12:40,635 | L=65536: No clear threshold found (success rates: [0. 0. 0. 0. 0. 0.])
2025-10-31 18:12:40,635 | 
VERDICT: INCONCLUSIVE — Insufficient threshold data
2025-10-31 18:12:40,635 | 
2025-10-31 18:12:40,635 | Generating figures...
2025-10-31 18:12:40,911 | Figure saved: ../../Figures/experiments/Tier6/T6D2/T6D2_phonon_resolution.png
2025-10-31 18:12:40,911 | 
2025-10-31 18:12:40,911 | ======================================================================
2025-10-31 18:12:40,911 | T6-D2 COMPLETE
2025-10-31 18:12:40,911 | ======================================================================
2025-10-31 18:12:40,911 | Total runtime: 138.8s (2.3m)
2025-10-31 18:12:40,911 | Configurations tested: 24
2025-10-31 18:12:40,911 | Hypothesis: L ≳ c/√(Δω) (super-resolution)
2025-10-31 18:12:40,911 | VERDICT: INCONCLUSIVE
2025-10-31 18:12:40,911 | ======================================================================
