2025-10-31 20:02:25,350 | ======================================================================
2025-10-31 20:02:25,350 | T6-D2 v3: Phonon Mode Separation - Super-Resolution Bound
2025-10-31 20:02:25,350 | ======================================================================
2025-10-31 20:02:25,350 | Log file: ../../Data/Experiments/Tier6/T6D2/T6D2_v3_log_20251031_200225.log
2025-10-31 20:02:25,350 | 
2025-10-31 20:02:25,350 | Starting budgeted resolution scaling experiment...
2025-10-31 20:02:25,350 | Total shots budget: S_total = 8,400,000
2025-10-31 20:02:25,350 | Δω values: [0.0001 0.0002 0.0005 0.001  0.002  0.005  0.01   0.02   0.05  ]
2025-10-31 20:02:25,350 | L values: [1024, 4096, 16384, 65536]
2025-10-31 20:02:25,350 | Trials: 30
2025-10-31 20:02:25,350 | 
2025-10-31 20:02:25,350 | VRA parameters: N=2003, r=286 (ρ=0.1428)
2025-10-31 20:02:25,350 | 
2025-10-31 20:02:25,350 | 
============================================================
2025-10-31 20:02:25,350 | Testing L = 1024
2025-10-31 20:02:25,350 |   Shots/sample = 512
2025-10-31 20:02:25,350 |   Expected σ_phase = 0.0442
2025-10-31 20:02:25,350 | ============================================================
2025-10-31 20:02:25,384 |   Δω=1.0000e-04 | ΔAIC=-119.5 | Resolved: True
2025-10-31 20:02:26,346 |   Δω=1.0000e-04: P(resolve) = 100.00%, <ΔAIC> = -120.8 | ETA: 0.6m
2025-10-31 20:02:26,380 |   Δω=2.0000e-04 | ΔAIC=-1365.4 | Resolved: True
2025-10-31 20:02:27,339 |   Δω=2.0000e-04: P(resolve) = 100.00%, <ΔAIC> = -1336.8 | ETA: 0.6m
2025-10-31 20:02:27,373 |   Δω=5.0000e-04 | ΔAIC=-20150.7 | Resolved: True
2025-10-31 20:02:28,336 |   Δω=5.0000e-04: P(resolve) = 100.00%, <ΔAIC> = -19956.5 | ETA: 0.5m
2025-10-31 20:02:28,369 |   Δω=1.0000e-03 | ΔAIC=-42123.7 | Resolved: True
2025-10-31 20:02:29,333 |   Δω=1.0000e-03: P(resolve) = 100.00%, <ΔAIC> = -41839.2 | ETA: 0.5m
2025-10-31 20:02:29,366 |   Δω=2.0000e-03 | ΔAIC=-42117.6 | Resolved: True
2025-10-31 20:02:30,327 |   Δω=2.0000e-03: P(resolve) = 100.00%, <ΔAIC> = -41841.5 | ETA: 0.5m
2025-10-31 20:02:30,361 |   Δω=5.0000e-03 | ΔAIC=-42178.4 | Resolved: True
2025-10-31 20:02:31,321 |   Δω=5.0000e-03: P(resolve) = 100.00%, <ΔAIC> = -41808.1 | ETA: 0.5m
2025-10-31 20:02:31,354 |   Δω=1.0000e-02 | ΔAIC=-42019.0 | Resolved: True
2025-10-31 20:02:32,313 |   Δω=1.0000e-02: P(resolve) = 100.00%, <ΔAIC> = -41736.2 | ETA: 0.5m
2025-10-31 20:02:32,347 |   Δω=2.0000e-02 | ΔAIC=-41834.9 | Resolved: True
2025-10-31 20:02:33,307 |   Δω=2.0000e-02: P(resolve) = 100.00%, <ΔAIC> = -41546.7 | ETA: 0.5m
2025-10-31 20:02:33,340 |   Δω=5.0000e-02 | ΔAIC=-41848.2 | Resolved: True
2025-10-31 20:02:34,304 |   Δω=5.0000e-02: P(resolve) = 100.00%, <ΔAIC> = -41554.2 | ETA: 0.4m
2025-10-31 20:02:34,304 | 
============================================================
2025-10-31 20:02:34,304 | Testing L = 4096
2025-10-31 20:02:34,304 |   Shots/sample = 128
2025-10-31 20:02:34,304 |   Expected σ_phase = 0.0884
2025-10-31 20:02:34,304 | ============================================================
2025-10-31 20:02:34,437 |   Δω=1.0000e-04 | ΔAIC=-16364.1 | Resolved: True
2025-10-31 20:02:38,265 |   Δω=1.0000e-04: P(resolve) = 100.00%, <ΔAIC> = -15980.8 | ETA: 0.6m
2025-10-31 20:02:38,397 |   Δω=2.0000e-04 | ΔAIC=-75243.0 | Resolved: True
2025-10-31 20:02:42,232 |   Δω=2.0000e-04: P(resolve) = 100.00%, <ΔAIC> = -74487.9 | ETA: 0.6m
2025-10-31 20:02:42,364 |   Δω=5.0000e-04 | ΔAIC=-90548.5 | Resolved: True
2025-10-31 20:02:46,203 |   Δω=5.0000e-04: P(resolve) = 100.00%, <ΔAIC> = -89905.5 | ETA: 0.7m
2025-10-31 20:02:46,336 |   Δω=1.0000e-03 | ΔAIC=-90409.6 | Resolved: True
2025-10-31 20:02:50,161 |   Δω=1.0000e-03: P(resolve) = 100.00%, <ΔAIC> = -89902.2 | ETA: 0.7m
2025-10-31 20:02:50,294 |   Δω=2.0000e-03 | ΔAIC=-90249.8 | Resolved: True
2025-10-31 20:02:54,115 |   Δω=2.0000e-03: P(resolve) = 100.00%, <ΔAIC> = -89712.6 | ETA: 0.7m
2025-10-31 20:02:54,247 |   Δω=5.0000e-03 | ΔAIC=-89549.0 | Resolved: True
2025-10-31 20:02:58,082 |   Δω=5.0000e-03: P(resolve) = 100.00%, <ΔAIC> = -88925.1 | ETA: 0.8m
2025-10-31 20:02:58,214 |   Δω=1.0000e-02 | ΔAIC=-88963.6 | Resolved: True
2025-10-31 20:03:02,034 |   Δω=1.0000e-02: P(resolve) = 100.00%, <ΔAIC> = -88751.3 | ETA: 0.8m
2025-10-31 20:03:02,167 |   Δω=2.0000e-02 | ΔAIC=-89320.4 | Resolved: True
2025-10-31 20:03:05,997 |   Δω=2.0000e-02: P(resolve) = 100.00%, <ΔAIC> = -88790.2 | ETA: 0.8m
2025-10-31 20:03:06,129 |   Δω=5.0000e-02 | ΔAIC=-89397.4 | Resolved: True
2025-10-31 20:03:09,952 |   Δω=5.0000e-02: P(resolve) = 100.00%, <ΔAIC> = -88817.9 | ETA: 0.7m
2025-10-31 20:03:09,952 | 
============================================================
2025-10-31 20:03:09,952 | Testing L = 16384
2025-10-31 20:03:09,952 |   Shots/sample = 32
2025-10-31 20:03:09,952 |   Expected σ_phase = 0.1768
2025-10-31 20:03:09,952 | ============================================================
2025-10-31 20:03:11,428 |   Δω=1.0000e-04 | ΔAIC=-126439.0 | Resolved: True
2025-10-31 20:03:55,236 |   Δω=1.0000e-04: P(resolve) = 100.00%, <ΔAIC> = -126772.9 | ETA: 1.3m
2025-10-31 20:03:57,012 |   Δω=2.0000e-04 | ΔAIC=-146111.7 | Resolved: True
2025-10-31 20:04:40,666 |   Δω=2.0000e-04: P(resolve) = 100.00%, <ΔAIC> = -146301.8 | ETA: 1.8m
2025-10-31 20:04:42,315 |   Δω=5.0000e-04 | ΔAIC=-144083.5 | Resolved: True
2025-10-31 20:05:25,213 |   Δω=5.0000e-04: P(resolve) = 100.00%, <ΔAIC> = -143992.4 | ETA: 2.1m
2025-10-31 20:05:26,765 |   Δω=1.0000e-03 | ΔAIC=-141979.7 | Resolved: True
2025-10-31 20:06:21,822 |   Δω=1.0000e-03: P(resolve) = 100.00%, <ΔAIC> = -142929.8 | ETA: 2.5m
2025-10-31 20:06:23,894 |   Δω=2.0000e-03 | ΔAIC=-141637.9 | Resolved: True
2025-10-31 20:07:18,995 |   Δω=2.0000e-03: P(resolve) = 100.00%, <ΔAIC> = -141614.3 | ETA: 2.8m
2025-10-31 20:07:20,591 |   Δω=5.0000e-03 | ΔAIC=-141855.6 | Resolved: True
2025-10-31 20:08:15,496 |   Δω=5.0000e-03: P(resolve) = 100.00%, <ΔAIC> = -142061.2 | ETA: 2.9m
2025-10-31 20:08:16,896 |   Δω=1.0000e-02 | ΔAIC=-141548.5 | Resolved: True
2025-10-31 20:08:56,091 |   Δω=1.0000e-02: P(resolve) = 100.00%, <ΔAIC> = -142060.2 | ETA: 2.9m
2025-10-31 20:08:57,566 |   Δω=2.0000e-02 | ΔAIC=-141850.6 | Resolved: True
2025-10-31 20:09:39,027 |   Δω=2.0000e-02: P(resolve) = 100.00%, <ΔAIC> = -142084.6 | ETA: 2.8m
2025-10-31 20:09:40,464 |   Δω=5.0000e-02 | ΔAIC=-141679.4 | Resolved: True
2025-10-31 20:10:20,340 |   Δω=5.0000e-02: P(resolve) = 100.00%, <ΔAIC> = -142288.1 | ETA: 2.6m
2025-10-31 20:10:20,341 | 
============================================================
2025-10-31 20:10:20,341 | Testing L = 65536
2025-10-31 20:10:20,341 |   Shots/sample = 8
2025-10-31 20:10:20,341 |   Expected σ_phase = 0.3536
2025-10-31 20:10:20,341 | ============================================================
2025-10-31 20:10:23,064 |   Δω=1.0000e-04 | ΔAIC=-171773.4 | Resolved: True
2025-10-31 20:11:47,935 |   Δω=1.0000e-04: P(resolve) = 100.00%, <ΔAIC> = -171756.2 | ETA: 2.7m
2025-10-31 20:11:50,895 |   Δω=2.0000e-04 | ΔAIC=-174786.5 | Resolved: True
2025-10-31 20:13:18,837 |   Δω=2.0000e-04: P(resolve) = 100.00%, <ΔAIC> = -174879.6 | ETA: 2.6m
2025-10-31 20:13:21,893 |   Δω=5.0000e-04 | ΔAIC=-173808.1 | Resolved: True
2025-10-31 20:14:51,804 |   Δω=5.0000e-04: P(resolve) = 100.00%, <ΔAIC> = -172968.3 | ETA: 2.5m
2025-10-31 20:14:54,976 |   Δω=1.0000e-03 | ΔAIC=-173979.0 | Resolved: True
2025-10-31 20:16:22,551 |   Δω=1.0000e-03: P(resolve) = 100.00%, <ΔAIC> = -173641.6 | ETA: 2.2m
2025-10-31 20:16:25,532 |   Δω=2.0000e-03 | ΔAIC=-174410.6 | Resolved: True
2025-10-31 20:17:54,674 |   Δω=2.0000e-03: P(resolve) = 100.00%, <ΔAIC> = -173716.1 | ETA: 1.9m
2025-10-31 20:17:57,996 |   Δω=5.0000e-03 | ΔAIC=-174010.7 | Resolved: True
2025-10-31 20:19:22,784 |   Δω=5.0000e-03: P(resolve) = 100.00%, <ΔAIC> = -173642.0 | ETA: 1.5m
2025-10-31 20:19:25,772 |   Δω=1.0000e-02 | ΔAIC=-174075.9 | Resolved: True
2025-10-31 20:20:54,507 |   Δω=1.0000e-02: P(resolve) = 100.00%, <ΔAIC> = -173688.5 | ETA: 1.1m
2025-10-31 20:20:57,493 |   Δω=2.0000e-02 | ΔAIC=-174081.9 | Resolved: True
2025-10-31 20:22:26,999 |   Δω=2.0000e-02: P(resolve) = 100.00%, <ΔAIC> = -173748.3 | ETA: 0.6m
2025-10-31 20:22:30,176 |   Δω=5.0000e-02 | ΔAIC=-174762.3 | Resolved: True
2025-10-31 20:23:59,860 |   Δω=5.0000e-02: P(resolve) = 100.00%, <ΔAIC> = -173753.2 | ETA: 0.0m
2025-10-31 20:23:59,860 | 
Experiment complete: 1294.5s (21.6m)
2025-10-31 20:23:59,861 | 
Data saved: ../../Data/Experiments/Tier6/T6D2/T6D2_v3_results.json
2025-10-31 20:23:59,861 | 
2025-10-31 20:23:59,861 | ======================================================================
2025-10-31 20:23:59,861 | SCALING LAW ANALYSIS: Δω*(L) ∝ L^(-α)
2025-10-31 20:23:59,861 | ======================================================================
2025-10-31 20:23:59,862 | L=1024: Success rate always > 50% (threshold below min Δω)
2025-10-31 20:23:59,862 | L=4096: Success rate always > 50% (threshold below min Δω)
2025-10-31 20:23:59,862 | L=16384: Success rate always > 50% (threshold below min Δω)
2025-10-31 20:23:59,862 | L=65536: Success rate always > 50% (threshold below min Δω)
2025-10-31 20:23:59,862 | 
2025-10-31 20:23:59,862 | VERDICT: INCONCLUSIVE (insufficient threshold data)
2025-10-31 20:23:59,862 | 
2025-10-31 20:23:59,862 | Generating figures...
2025-10-31 20:24:00,197 | Figure saved: ../../Figures/experiments/Tier6/T6D2/T6D2_v3_resolution_scaling.png
2025-10-31 20:24:00,198 | 
2025-10-31 20:24:00,198 | ======================================================================
2025-10-31 20:24:00,198 | T6-D2 v3 COMPLETE
2025-10-31 20:24:00,198 | ======================================================================
2025-10-31 20:24:00,198 | Configurations tested: 36
2025-10-31 20:24:00,198 | Hypothesis: L ≳ c/√(Δω) (super-resolution)
2025-10-31 20:24:00,198 | VERDICT: INCONCLUSIVE
2025-10-31 20:24:00,198 | ======================================================================
