2025-10-31 19:33:55,688 | ======================================================================
2025-10-31 19:33:55,688 | T6-D2 v3: Phonon Mode Separation - Super-Resolution Bound
2025-10-31 19:33:55,688 | ======================================================================
2025-10-31 19:33:55,688 | Log file: ../../Data/Experiments/Tier6/T6D2/T6D2_v3_log_20251031_193355.log
2025-10-31 19:33:55,688 | 
2025-10-31 19:33:55,688 | Starting budgeted resolution scaling experiment...
2025-10-31 19:33:55,688 | Total shots budget: S_total = 2,000,000
2025-10-31 19:33:55,689 | Δω values: [0.0001 0.0002 0.0005 0.001  0.002  0.005  0.01   0.02   0.05  ]
2025-10-31 19:33:55,689 | L values: [1024, 4096, 16384, 65536]
2025-10-31 19:33:55,689 | Trials: 30
2025-10-31 19:33:55,689 | 
2025-10-31 19:33:55,689 | VRA parameters: N=2003, r=286 (ρ=0.1428)
2025-10-31 19:33:55,689 | 
2025-10-31 19:33:55,689 | 
============================================================
2025-10-31 19:33:55,689 | Testing L = 1024
2025-10-31 19:33:55,689 |   Shots/sample = 122
2025-10-31 19:33:55,689 |   Expected σ_phase = 0.0905
2025-10-31 19:33:55,689 | ============================================================
2025-10-31 19:33:55,722 |   Δω=1.0000e-04 | ΔAIC=-48.7 | Resolved: True
2025-10-31 19:33:56,683 |   Δω=1.0000e-04: P(resolve) = 100.00%, <ΔAIC> = -53.2 | ETA: 0.6m
2025-10-31 19:33:56,716 |   Δω=2.0000e-04 | ΔAIC=-358.2 | Resolved: True
2025-10-31 19:33:57,673 |   Δω=2.0000e-04: P(resolve) = 100.00%, <ΔAIC> = -352.8 | ETA: 0.6m
2025-10-31 19:33:57,706 |   Δω=5.0000e-04 | ΔAIC=-7442.2 | Resolved: True
2025-10-31 19:33:58,666 |   Δω=5.0000e-04: P(resolve) = 100.00%, <ΔAIC> = -7377.4 | ETA: 0.5m
2025-10-31 19:33:58,699 |   Δω=1.0000e-03 | ΔAIC=-22146.2 | Resolved: True
2025-10-31 19:33:59,657 |   Δω=1.0000e-03: P(resolve) = 100.00%, <ΔAIC> = -21979.5 | ETA: 0.5m
2025-10-31 19:33:59,690 |   Δω=2.0000e-03 | ΔAIC=-22158.6 | Resolved: True
2025-10-31 19:34:00,648 |   Δω=2.0000e-03: P(resolve) = 100.00%, <ΔAIC> = -21991.1 | ETA: 0.5m
2025-10-31 19:34:00,681 |   Δω=5.0000e-03 | ΔAIC=-22269.9 | Resolved: True
2025-10-31 19:34:01,641 |   Δω=5.0000e-03: P(resolve) = 100.00%, <ΔAIC> = -21952.3 | ETA: 0.5m
2025-10-31 19:34:01,674 |   Δω=1.0000e-02 | ΔAIC=-22073.8 | Resolved: True
2025-10-31 19:34:02,635 |   Δω=1.0000e-02: P(resolve) = 100.00%, <ΔAIC> = -21894.8 | ETA: 0.5m
2025-10-31 19:34:02,668 |   Δω=2.0000e-02 | ΔAIC=-21924.9 | Resolved: True
2025-10-31 19:34:03,628 |   Δω=2.0000e-02: P(resolve) = 100.00%, <ΔAIC> = -21748.7 | ETA: 0.5m
2025-10-31 19:34:03,661 |   Δω=5.0000e-02 | ΔAIC=-21936.3 | Resolved: True
2025-10-31 19:34:04,621 |   Δω=5.0000e-02: P(resolve) = 100.00%, <ΔAIC> = -21749.3 | ETA: 0.4m
2025-10-31 19:34:04,621 | 
============================================================
2025-10-31 19:34:04,621 | Testing L = 4096
2025-10-31 19:34:04,621 |   Shots/sample = 30
2025-10-31 19:34:04,621 |   Expected σ_phase = 0.1826
2025-10-31 19:34:04,621 | ============================================================
2025-10-31 19:34:04,753 |   Δω=1.0000e-04 | ΔAIC=-4292.0 | Resolved: True
2025-10-31 19:34:08,569 |   Δω=1.0000e-04: P(resolve) = 100.00%, <ΔAIC> = -4110.5 | ETA: 0.6m
2025-10-31 19:34:08,702 |   Δω=2.0000e-04 | ΔAIC=-26877.9 | Resolved: True
2025-10-31 19:34:12,524 |   Δω=2.0000e-04: P(resolve) = 100.00%, <ΔAIC> = -26329.8 | ETA: 0.6m
2025-10-31 19:34:12,662 |   Δω=5.0000e-04 | ΔAIC=-34785.2 | Resolved: True
2025-10-31 19:34:16,478 |   Δω=5.0000e-04: P(resolve) = 100.00%, <ΔAIC> = -34328.2 | ETA: 0.7m
2025-10-31 19:34:16,610 |   Δω=1.0000e-03 | ΔAIC=-34652.0 | Resolved: True
2025-10-31 19:34:20,411 |   Δω=1.0000e-03: P(resolve) = 100.00%, <ΔAIC> = -34350.3 | ETA: 0.7m
2025-10-31 19:34:20,543 |   Δω=2.0000e-03 | ΔAIC=-34577.5 | Resolved: True
2025-10-31 19:34:24,343 |   Δω=2.0000e-03: P(resolve) = 100.00%, <ΔAIC> = -34236.8 | ETA: 0.7m
2025-10-31 19:34:24,475 |   Δω=5.0000e-03 | ΔAIC=-34253.2 | Resolved: True
2025-10-31 19:34:28,279 |   Δω=5.0000e-03: P(resolve) = 100.00%, <ΔAIC> = -33818.5 | ETA: 0.8m
2025-10-31 19:34:28,410 |   Δω=1.0000e-02 | ΔAIC=-33653.0 | Resolved: True
2025-10-31 19:34:32,231 |   Δω=1.0000e-02: P(resolve) = 100.00%, <ΔAIC> = -33678.9 | ETA: 0.8m
2025-10-31 19:34:32,363 |   Δω=2.0000e-02 | ΔAIC=-34050.1 | Resolved: True
2025-10-31 19:34:36,181 |   Δω=2.0000e-02: P(resolve) = 100.00%, <ΔAIC> = -33721.9 | ETA: 0.8m
2025-10-31 19:34:36,312 |   Δω=5.0000e-02 | ΔAIC=-34129.8 | Resolved: True
2025-10-31 19:34:40,123 |   Δω=5.0000e-02: P(resolve) = 100.00%, <ΔAIC> = -33742.7 | ETA: 0.7m
2025-10-31 19:34:40,123 | 
============================================================
2025-10-31 19:34:40,123 | Testing L = 16384
2025-10-31 19:34:40,123 |   Shots/sample = 7
2025-10-31 19:34:40,123 |   Expected σ_phase = 0.3780
2025-10-31 19:34:40,123 | ============================================================
2025-10-31 19:34:41,302 |   Δω=1.0000e-04 | ΔAIC=-33100.2 | Resolved: True
2025-10-31 19:35:18,847 |   Δω=1.0000e-04: P(resolve) = 100.00%, <ΔAIC> = -33438.7 | ETA: 1.2m
2025-10-31 19:35:19,928 |   Δω=2.0000e-04 | ΔAIC=-39461.7 | Resolved: True
2025-10-31 19:35:58,149 |   Δω=2.0000e-04: P(resolve) = 100.00%, <ΔAIC> = -39732.5 | ETA: 1.6m
2025-10-31 19:35:59,574 |   Δω=5.0000e-04 | ΔAIC=-38859.9 | Resolved: True
2025-10-31 19:36:33,722 |   Δω=5.0000e-04: P(resolve) = 100.00%, <ΔAIC> = -38913.1 | ETA: 1.9m
2025-10-31 19:36:35,130 |   Δω=1.0000e-03 | ΔAIC=-37826.7 | Resolved: True
2025-10-31 19:37:11,808 |   Δω=1.0000e-03: P(resolve) = 100.00%, <ΔAIC> = -38633.6 | ETA: 2.1m
2025-10-31 19:37:12,898 |   Δω=2.0000e-03 | ΔAIC=-38049.4 | Resolved: True
2025-10-31 19:37:47,612 |   Δω=2.0000e-03: P(resolve) = 100.00%, <ΔAIC> = -38158.6 | ETA: 2.2m
2025-10-31 19:37:49,015 |   Δω=5.0000e-03 | ΔAIC=-38033.7 | Resolved: True
2025-10-31 19:38:24,927 |   Δω=5.0000e-03: P(resolve) = 100.00%, <ΔAIC> = -38305.8 | ETA: 2.2m
2025-10-31 19:38:26,048 |   Δω=1.0000e-02 | ΔAIC=-37812.3 | Resolved: True
2025-10-31 19:39:01,849 |   Δω=1.0000e-02: P(resolve) = 100.00%, <ΔAIC> = -38301.1 | ETA: 2.2m
2025-10-31 19:39:03,125 |   Δω=2.0000e-02 | ΔAIC=-38010.4 | Resolved: True
2025-10-31 19:39:37,455 |   Δω=2.0000e-02: P(resolve) = 100.00%, <ΔAIC> = -38301.5 | ETA: 2.2m
2025-10-31 19:39:38,566 |   Δω=5.0000e-02 | ΔAIC=-37863.9 | Resolved: True
2025-10-31 19:40:13,013 |   Δω=5.0000e-02: P(resolve) = 100.00%, <ΔAIC> = -38413.8 | ETA: 2.1m
2025-10-31 19:40:13,016 | 
============================================================
2025-10-31 19:40:13,016 | Testing L = 65536
2025-10-31 19:40:13,016 |   Shots/sample = 1
2025-10-31 19:40:13,016 |   Expected σ_phase = 1.0000
2025-10-31 19:40:13,016 | ============================================================
2025-10-31 19:40:15,770 |   Δω=1.0000e-04 | ΔAIC=2.4 | Resolved: False
2025-10-31 19:41:36,223 |   Δω=1.0000e-04: P(resolve) = 0.00%, <ΔAIC> = 2.5 | ETA: 2.2m
2025-10-31 19:41:39,002 |   Δω=2.0000e-04 | ΔAIC=2.6 | Resolved: False
2025-10-31 19:43:03,649 |   Δω=2.0000e-04: P(resolve) = 0.00%, <ΔAIC> = 2.5 | ETA: 2.2m
2025-10-31 19:43:06,580 |   Δω=5.0000e-04 | ΔAIC=2.5 | Resolved: False
2025-10-31 19:44:31,910 |   Δω=5.0000e-04: P(resolve) = 0.00%, <ΔAIC> = 2.4 | ETA: 2.1m
2025-10-31 19:44:35,026 |   Δω=1.0000e-03 | ΔAIC=2.5 | Resolved: False
2025-10-31 19:46:00,128 |   Δω=1.0000e-03: P(resolve) = 0.00%, <ΔAIC> = 2.5 | ETA: 1.9m
2025-10-31 19:46:02,889 |   Δω=2.0000e-03 | ΔAIC=2.6 | Resolved: False
2025-10-31 19:47:24,917 |   Δω=2.0000e-03: P(resolve) = 0.00%, <ΔAIC> = 2.5 | ETA: 1.7m
2025-10-31 19:47:28,045 |   Δω=5.0000e-03 | ΔAIC=2.2 | Resolved: False
2025-10-31 19:48:51,872 |   Δω=5.0000e-03: P(resolve) = 0.00%, <ΔAIC> = 2.4 | ETA: 1.4m
2025-10-31 19:48:55,061 |   Δω=1.0000e-02 | ΔAIC=2.7 | Resolved: False
2025-10-31 19:50:22,102 |   Δω=1.0000e-02: P(resolve) = 0.00%, <ΔAIC> = 2.4 | ETA: 1.0m
2025-10-31 19:50:24,949 |   Δω=2.0000e-02 | ΔAIC=2.6 | Resolved: False
2025-10-31 19:51:52,559 |   Δω=2.0000e-02: P(resolve) = 0.00%, <ΔAIC> = 2.5 | ETA: 0.5m
2025-10-31 19:51:55,600 |   Δω=5.0000e-02 | ΔAIC=2.4 | Resolved: False
2025-10-31 19:53:26,533 |   Δω=5.0000e-02: P(resolve) = 0.00%, <ΔAIC> = 2.5 | ETA: 0.0m
2025-10-31 19:53:26,533 | 
Experiment complete: 1170.8s (19.5m)
2025-10-31 19:53:26,534 | 
Data saved: ../../Data/Experiments/Tier6/T6D2/T6D2_v3_results.json
2025-10-31 19:53:26,534 | 
2025-10-31 19:53:26,534 | ======================================================================
2025-10-31 19:53:26,534 | SCALING LAW ANALYSIS: Δω*(L) ∝ L^(-α)
2025-10-31 19:53:26,534 | ======================================================================
2025-10-31 19:53:26,534 | L=1024: Success rate always > 50% (threshold below min Δω)
2025-10-31 19:53:26,534 | L=4096: Success rate always > 50% (threshold below min Δω)
2025-10-31 19:53:26,534 | L=16384: Success rate always > 50% (threshold below min Δω)
2025-10-31 19:53:26,534 | L=65536: Success rate always < 50% (threshold above max Δω)
2025-10-31 19:53:26,534 | 
2025-10-31 19:53:26,534 | VERDICT: INCONCLUSIVE (insufficient threshold data)
2025-10-31 19:53:26,534 | 
2025-10-31 19:53:26,535 | Generating figures...
2025-10-31 19:53:26,863 | Figure saved: ../../Figures/experiments/Tier6/T6D2/T6D2_v3_resolution_scaling.png
2025-10-31 19:53:26,863 | 
2025-10-31 19:53:26,863 | ======================================================================
2025-10-31 19:53:26,863 | T6-D2 v3 COMPLETE
2025-10-31 19:53:26,863 | ======================================================================
2025-10-31 19:53:26,863 | Configurations tested: 36
2025-10-31 19:53:26,863 | Hypothesis: L ≳ c/√(Δω) (super-resolution)
2025-10-31 19:53:26,863 | VERDICT: INCONCLUSIVE
2025-10-31 19:53:26,863 | ======================================================================
