2025-10-31 20:52:21,400 | ======================================================================
2025-10-31 20:52:21,400 | T6-D3: MHD Stability Metric - Critical Scaling
2025-10-31 20:52:21,400 | ======================================================================
2025-10-31 20:52:21,400 | Log file: ../../Data/Experiments/Tier6/T6D3/T6D3_log_20251031_205221.log
2025-10-31 20:52:21,400 | 
2025-10-31 20:52:21,400 | Starting MHD critical scaling experiment...
2025-10-31 20:52:21,400 | β values: [0.1  0.2  0.3  0.35 0.4  0.42 0.44 0.46 0.48 0.49]
2025-10-31 20:52:21,400 | β_critical: 0.5
2025-10-31 20:52:21,400 | Trials: 40
2025-10-31 20:52:21,400 | 
2025-10-31 20:52:21,400 | VRA parameters: N=2003, r=360 (ρ=0.1797)
2025-10-31 20:52:21,400 | Sequence: L=16384, M=20
2025-10-31 20:52:21,400 | 
Testing β = 0.100 (Δβ = 0.400)...
2025-10-31 20:52:21,418 | Only found 6/20 bases for r=360
2025-10-31 20:52:21,563 | Only found 5/20 bases for r=360
2025-10-31 20:52:21,689 | Only found 2/20 bases for r=360
2025-10-31 20:52:21,750 | Only found 5/20 bases for r=360
2025-10-31 20:52:21,875 | Only found 3/20 bases for r=360
2025-10-31 20:52:21,958 | Only found 4/20 bases for r=360
2025-10-31 20:52:22,062 | Only found 8/20 bases for r=360
2025-10-31 20:52:22,252 | Only found 3/20 bases for r=360
2025-10-31 20:52:22,335 | Only found 6/20 bases for r=360
2025-10-31 20:52:22,482 | Only found 4/20 bases for r=360
2025-10-31 20:52:22,586 | Only found 6/20 bases for r=360
2025-10-31 20:52:22,733 | Only found 6/20 bases for r=360
2025-10-31 20:52:22,880 | Only found 9/20 bases for r=360
2025-10-31 20:52:23,091 | Only found 7/20 bases for r=360
2025-10-31 20:52:23,259 | Only found 7/20 bases for r=360
2025-10-31 20:52:23,428 | Only found 6/20 bases for r=360
2025-10-31 20:52:23,575 | Only found 6/20 bases for r=360
2025-10-31 20:52:23,722 | Only found 7/20 bases for r=360
2025-10-31 20:52:23,893 | Only found 1/20 bases for r=360
2025-10-31 20:52:23,933 | Only found 10/20 bases for r=360
2025-10-31 20:52:24,172 | Only found 5/20 bases for r=360
2025-10-31 20:52:24,298 | Only found 3/20 bases for r=360
2025-10-31 20:52:24,381 | Only found 1/20 bases for r=360
2025-10-31 20:52:24,421 | Only found 2/20 bases for r=360
2025-10-31 20:52:24,482 | Only found 7/20 bases for r=360
2025-10-31 20:52:24,653 | Only found 3/20 bases for r=360
2025-10-31 20:52:24,737 | Only found 3/20 bases for r=360
2025-10-31 20:52:24,820 | Only found 3/20 bases for r=360
2025-10-31 20:52:24,904 | Only found 5/20 bases for r=360
2025-10-31 20:52:25,031 | Only found 4/20 bases for r=360
2025-10-31 20:52:25,136 | Only found 3/20 bases for r=360
2025-10-31 20:52:25,219 | Only found 2/20 bases for r=360
2025-10-31 20:52:25,280 | Only found 10/20 bases for r=360
2025-10-31 20:52:25,515 | Only found 7/20 bases for r=360
2025-10-31 20:52:25,684 | Only found 6/20 bases for r=360
2025-10-31 20:52:25,831 | Only found 7/20 bases for r=360
2025-10-31 20:52:26,000 | Only found 3/20 bases for r=360
2025-10-31 20:52:26,084 | Only found 6/20 bases for r=360
2025-10-31 20:52:26,232 | Only found 5/20 bases for r=360
2025-10-31 20:52:26,360 | Only found 2/20 bases for r=360
2025-10-31 20:52:26,404 |   β=0.100: Ψ = 0.0519 ± 0.2176 | ETA: 0.0m
2025-10-31 20:52:26,404 | 
Testing β = 0.200 (Δβ = 0.300)...
2025-10-31 20:52:26,422 | Only found 6/20 bases for r=360
2025-10-31 20:52:26,568 | Only found 5/20 bases for r=360
2025-10-31 20:52:26,695 | Only found 2/20 bases for r=360
2025-10-31 20:52:26,756 | Only found 5/20 bases for r=360
2025-10-31 20:52:26,883 | Only found 3/20 bases for r=360
2025-10-31 20:52:26,965 | Only found 4/20 bases for r=360
2025-10-31 20:52:27,070 | Only found 8/20 bases for r=360
2025-10-31 20:52:27,263 | Only found 3/20 bases for r=360
2025-10-31 20:52:27,346 | Only found 6/20 bases for r=360
2025-10-31 20:52:27,493 | Only found 4/20 bases for r=360
2025-10-31 20:52:27,597 | Only found 6/20 bases for r=360
2025-10-31 20:52:27,744 | Only found 6/20 bases for r=360
2025-10-31 20:52:27,891 | Only found 9/20 bases for r=360
2025-10-31 20:52:28,103 | Only found 7/20 bases for r=360
2025-10-31 20:52:28,275 | Only found 7/20 bases for r=360
2025-10-31 20:52:28,443 | Only found 6/20 bases for r=360
2025-10-31 20:52:28,590 | Only found 6/20 bases for r=360
2025-10-31 20:52:28,739 | Only found 7/20 bases for r=360
2025-10-31 20:52:28,910 | Only found 1/20 bases for r=360
2025-10-31 20:52:28,950 | Only found 10/20 bases for r=360
2025-10-31 20:52:29,185 | Only found 5/20 bases for r=360
2025-10-31 20:52:29,312 | Only found 3/20 bases for r=360
2025-10-31 20:52:29,395 | Only found 1/20 bases for r=360
2025-10-31 20:52:29,435 | Only found 2/20 bases for r=360
2025-10-31 20:52:29,497 | Only found 7/20 bases for r=360
2025-10-31 20:52:29,667 | Only found 3/20 bases for r=360
2025-10-31 20:52:29,751 | Only found 3/20 bases for r=360
2025-10-31 20:52:29,834 | Only found 3/20 bases for r=360
2025-10-31 20:52:29,917 | Only found 5/20 bases for r=360
2025-10-31 20:52:30,043 | Only found 4/20 bases for r=360
2025-10-31 20:52:30,148 | Only found 3/20 bases for r=360
2025-10-31 20:52:30,231 | Only found 2/20 bases for r=360
2025-10-31 20:52:30,293 | Only found 10/20 bases for r=360
2025-10-31 20:52:30,526 | Only found 7/20 bases for r=360
2025-10-31 20:52:30,694 | Only found 6/20 bases for r=360
2025-10-31 20:52:30,841 | Only found 7/20 bases for r=360
2025-10-31 20:52:31,009 | Only found 3/20 bases for r=360
2025-10-31 20:52:31,093 | Only found 6/20 bases for r=360
2025-10-31 20:52:31,240 | Only found 5/20 bases for r=360
2025-10-31 20:52:31,367 | Only found 2/20 bases for r=360
2025-10-31 20:52:31,411 |   β=0.200: Ψ = 0.0514 ± 0.2176 | ETA: 16.6m
2025-10-31 20:52:31,411 | 
Testing β = 0.300 (Δβ = 0.200)...
2025-10-31 20:52:31,429 | Only found 6/20 bases for r=360
2025-10-31 20:52:31,576 | Only found 5/20 bases for r=360
2025-10-31 20:52:31,702 | Only found 2/20 bases for r=360
2025-10-31 20:52:31,763 | Only found 5/20 bases for r=360
2025-10-31 20:52:31,890 | Only found 3/20 bases for r=360
2025-10-31 20:52:31,973 | Only found 4/20 bases for r=360
2025-10-31 20:52:32,077 | Only found 8/20 bases for r=360
2025-10-31 20:52:32,269 | Only found 3/20 bases for r=360
2025-10-31 20:52:32,351 | Only found 6/20 bases for r=360
2025-10-31 20:52:32,497 | Only found 4/20 bases for r=360
2025-10-31 20:52:32,601 | Only found 6/20 bases for r=360
2025-10-31 20:52:32,747 | Only found 6/20 bases for r=360
2025-10-31 20:52:32,892 | Only found 9/20 bases for r=360
2025-10-31 20:52:33,102 | Only found 7/20 bases for r=360
2025-10-31 20:52:33,272 | Only found 7/20 bases for r=360
2025-10-31 20:52:33,440 | Only found 6/20 bases for r=360
2025-10-31 20:52:33,587 | Only found 6/20 bases for r=360
2025-10-31 20:52:33,735 | Only found 7/20 bases for r=360
2025-10-31 20:52:33,906 | Only found 1/20 bases for r=360
2025-10-31 20:52:33,946 | Only found 10/20 bases for r=360
2025-10-31 20:52:34,179 | Only found 5/20 bases for r=360
2025-10-31 20:52:34,305 | Only found 3/20 bases for r=360
2025-10-31 20:52:34,387 | Only found 1/20 bases for r=360
2025-10-31 20:52:34,427 | Only found 2/20 bases for r=360
2025-10-31 20:52:34,488 | Only found 7/20 bases for r=360
2025-10-31 20:52:34,657 | Only found 3/20 bases for r=360
2025-10-31 20:52:34,740 | Only found 3/20 bases for r=360
2025-10-31 20:52:34,822 | Only found 3/20 bases for r=360
2025-10-31 20:52:34,904 | Only found 5/20 bases for r=360
2025-10-31 20:52:35,030 | Only found 4/20 bases for r=360
2025-10-31 20:52:35,135 | Only found 3/20 bases for r=360
2025-10-31 20:52:35,218 | Only found 2/20 bases for r=360
2025-10-31 20:52:35,279 | Only found 10/20 bases for r=360
2025-10-31 20:52:35,511 | Only found 7/20 bases for r=360
2025-10-31 20:52:35,679 | Only found 6/20 bases for r=360
2025-10-31 20:52:35,826 | Only found 7/20 bases for r=360
2025-10-31 20:52:35,994 | Only found 3/20 bases for r=360
2025-10-31 20:52:36,076 | Only found 6/20 bases for r=360
2025-10-31 20:52:36,223 | Only found 5/20 bases for r=360
2025-10-31 20:52:36,349 | Only found 2/20 bases for r=360
2025-10-31 20:52:36,394 |   β=0.300: Ψ = 0.0511 ± 0.2177 | ETA: 22.1m
2025-10-31 20:52:36,394 | 
Testing β = 0.350 (Δβ = 0.150)...
2025-10-31 20:52:36,412 | Only found 6/20 bases for r=360
2025-10-31 20:52:36,559 | Only found 5/20 bases for r=360
2025-10-31 20:52:36,684 | Only found 2/20 bases for r=360
2025-10-31 20:52:36,744 | Only found 5/20 bases for r=360
2025-10-31 20:52:36,869 | Only found 3/20 bases for r=360
2025-10-31 20:52:36,950 | Only found 4/20 bases for r=360
2025-10-31 20:52:37,054 | Only found 8/20 bases for r=360
2025-10-31 20:52:37,245 | Only found 3/20 bases for r=360
2025-10-31 20:52:37,327 | Only found 6/20 bases for r=360
2025-10-31 20:52:37,472 | Only found 4/20 bases for r=360
2025-10-31 20:52:37,576 | Only found 6/20 bases for r=360
2025-10-31 20:52:37,722 | Only found 6/20 bases for r=360
2025-10-31 20:52:37,868 | Only found 9/20 bases for r=360
2025-10-31 20:52:38,080 | Only found 7/20 bases for r=360
2025-10-31 20:52:38,248 | Only found 7/20 bases for r=360
2025-10-31 20:52:38,416 | Only found 6/20 bases for r=360
2025-10-31 20:52:38,562 | Only found 6/20 bases for r=360
2025-10-31 20:52:38,710 | Only found 7/20 bases for r=360
2025-10-31 20:52:38,878 | Only found 1/20 bases for r=360
2025-10-31 20:52:38,918 | Only found 10/20 bases for r=360
2025-10-31 20:52:39,152 | Only found 5/20 bases for r=360
2025-10-31 20:52:39,279 | Only found 3/20 bases for r=360
2025-10-31 20:52:39,361 | Only found 1/20 bases for r=360
2025-10-31 20:52:39,400 | Only found 2/20 bases for r=360
2025-10-31 20:52:39,462 | Only found 7/20 bases for r=360
2025-10-31 20:52:39,630 | Only found 3/20 bases for r=360
2025-10-31 20:52:39,713 | Only found 3/20 bases for r=360
2025-10-31 20:52:39,795 | Only found 3/20 bases for r=360
2025-10-31 20:52:39,878 | Only found 5/20 bases for r=360
2025-10-31 20:52:40,004 | Only found 4/20 bases for r=360
2025-10-31 20:52:40,108 | Only found 3/20 bases for r=360
2025-10-31 20:52:40,190 | Only found 2/20 bases for r=360
2025-10-31 20:52:40,250 | Only found 10/20 bases for r=360
2025-10-31 20:52:40,483 | Only found 7/20 bases for r=360
2025-10-31 20:52:40,651 | Only found 6/20 bases for r=360
2025-10-31 20:52:40,797 | Only found 7/20 bases for r=360
2025-10-31 20:52:40,965 | Only found 3/20 bases for r=360
2025-10-31 20:52:41,047 | Only found 6/20 bases for r=360
2025-10-31 20:52:41,195 | Only found 5/20 bases for r=360
2025-10-31 20:52:41,321 | Only found 2/20 bases for r=360
2025-10-31 20:52:41,365 |   β=0.350: Ψ = 0.0512 ± 0.2177 | ETA: 24.7m
2025-10-31 20:52:41,365 | 
Testing β = 0.400 (Δβ = 0.100)...
2025-10-31 20:52:41,383 | Only found 6/20 bases for r=360
2025-10-31 20:52:41,530 | Only found 5/20 bases for r=360
2025-10-31 20:52:41,654 | Only found 2/20 bases for r=360
2025-10-31 20:52:41,715 | Only found 5/20 bases for r=360
2025-10-31 20:52:41,840 | Only found 3/20 bases for r=360
2025-10-31 20:52:41,922 | Only found 4/20 bases for r=360
2025-10-31 20:52:42,026 | Only found 8/20 bases for r=360
2025-10-31 20:52:42,215 | Only found 3/20 bases for r=360
2025-10-31 20:52:42,297 | Only found 6/20 bases for r=360
2025-10-31 20:52:42,443 | Only found 4/20 bases for r=360
2025-10-31 20:52:42,547 | Only found 6/20 bases for r=360
2025-10-31 20:52:42,693 | Only found 6/20 bases for r=360
2025-10-31 20:52:42,839 | Only found 9/20 bases for r=360
2025-10-31 20:52:43,049 | Only found 7/20 bases for r=360
2025-10-31 20:52:43,217 | Only found 7/20 bases for r=360
2025-10-31 20:52:43,385 | Only found 6/20 bases for r=360
2025-10-31 20:52:43,532 | Only found 6/20 bases for r=360
2025-10-31 20:52:43,679 | Only found 7/20 bases for r=360
2025-10-31 20:52:43,847 | Only found 1/20 bases for r=360
2025-10-31 20:52:43,886 | Only found 10/20 bases for r=360
2025-10-31 20:52:44,119 | Only found 5/20 bases for r=360
2025-10-31 20:52:44,245 | Only found 3/20 bases for r=360
2025-10-31 20:52:44,327 | Only found 1/20 bases for r=360
2025-10-31 20:52:44,366 | Only found 2/20 bases for r=360
2025-10-31 20:52:44,427 | Only found 7/20 bases for r=360
2025-10-31 20:52:44,596 | Only found 3/20 bases for r=360
2025-10-31 20:52:44,678 | Only found 3/20 bases for r=360
2025-10-31 20:52:44,759 | Only found 3/20 bases for r=360
2025-10-31 20:52:44,841 | Only found 5/20 bases for r=360
2025-10-31 20:52:44,967 | Only found 4/20 bases for r=360
2025-10-31 20:52:45,070 | Only found 3/20 bases for r=360
2025-10-31 20:52:45,152 | Only found 2/20 bases for r=360
2025-10-31 20:52:45,212 | Only found 10/20 bases for r=360
2025-10-31 20:52:45,443 | Only found 7/20 bases for r=360
2025-10-31 20:52:45,610 | Only found 6/20 bases for r=360
2025-10-31 20:52:45,756 | Only found 7/20 bases for r=360
2025-10-31 20:52:45,924 | Only found 3/20 bases for r=360
2025-10-31 20:52:46,006 | Only found 6/20 bases for r=360
2025-10-31 20:52:46,152 | Only found 5/20 bases for r=360
2025-10-31 20:52:46,278 | Only found 2/20 bases for r=360
2025-10-31 20:52:46,323 |   β=0.400: Ψ = 0.0581 ± 0.2212 | ETA: 26.3m
2025-10-31 20:52:46,323 | 
Testing β = 0.420 (Δβ = 0.080)...
2025-10-31 20:52:46,340 | Only found 6/20 bases for r=360
2025-10-31 20:52:46,487 | Only found 5/20 bases for r=360
2025-10-31 20:52:46,612 | Only found 2/20 bases for r=360
2025-10-31 20:52:46,672 | Only found 5/20 bases for r=360
2025-10-31 20:52:46,797 | Only found 3/20 bases for r=360
2025-10-31 20:52:46,879 | Only found 4/20 bases for r=360
2025-10-31 20:52:46,983 | Only found 8/20 bases for r=360
2025-10-31 20:52:47,174 | Only found 3/20 bases for r=360
2025-10-31 20:52:47,256 | Only found 6/20 bases for r=360
2025-10-31 20:52:47,402 | Only found 4/20 bases for r=360
2025-10-31 20:52:47,506 | Only found 6/20 bases for r=360
2025-10-31 20:52:47,652 | Only found 6/20 bases for r=360
2025-10-31 20:52:47,798 | Only found 9/20 bases for r=360
2025-10-31 20:52:48,009 | Only found 7/20 bases for r=360
2025-10-31 20:52:48,178 | Only found 7/20 bases for r=360
2025-10-31 20:52:48,345 | Only found 6/20 bases for r=360
2025-10-31 20:52:48,492 | Only found 6/20 bases for r=360
2025-10-31 20:52:48,638 | Only found 7/20 bases for r=360
2025-10-31 20:52:48,806 | Only found 1/20 bases for r=360
2025-10-31 20:52:48,846 | Only found 10/20 bases for r=360
2025-10-31 20:52:49,081 | Only found 5/20 bases for r=360
2025-10-31 20:52:49,207 | Only found 3/20 bases for r=360
2025-10-31 20:52:49,289 | Only found 1/20 bases for r=360
2025-10-31 20:52:49,328 | Only found 2/20 bases for r=360
2025-10-31 20:52:49,389 | Only found 7/20 bases for r=360
2025-10-31 20:52:49,558 | Only found 3/20 bases for r=360
2025-10-31 20:52:49,640 | Only found 3/20 bases for r=360
2025-10-31 20:52:49,721 | Only found 3/20 bases for r=360
2025-10-31 20:52:49,803 | Only found 5/20 bases for r=360
2025-10-31 20:52:49,929 | Only found 4/20 bases for r=360
2025-10-31 20:52:50,032 | Only found 3/20 bases for r=360
2025-10-31 20:52:50,114 | Only found 2/20 bases for r=360
2025-10-31 20:52:50,174 | Only found 10/20 bases for r=360
2025-10-31 20:52:50,405 | Only found 7/20 bases for r=360
2025-10-31 20:52:50,572 | Only found 6/20 bases for r=360
2025-10-31 20:52:50,718 | Only found 7/20 bases for r=360
2025-10-31 20:52:50,885 | Only found 3/20 bases for r=360
2025-10-31 20:52:50,968 | Only found 6/20 bases for r=360
2025-10-31 20:52:51,113 | Only found 5/20 bases for r=360
2025-10-31 20:52:51,240 | Only found 2/20 bases for r=360
2025-10-31 20:52:51,284 |   β=0.420: Ψ = 0.0520 ± 0.2177 | ETA: 27.3m
2025-10-31 20:52:51,284 | 
Testing β = 0.440 (Δβ = 0.060)...
2025-10-31 20:52:51,301 | Only found 6/20 bases for r=360
2025-10-31 20:52:51,447 | Only found 5/20 bases for r=360
2025-10-31 20:52:51,572 | Only found 2/20 bases for r=360
2025-10-31 20:52:51,632 | Only found 5/20 bases for r=360
2025-10-31 20:52:51,758 | Only found 3/20 bases for r=360
2025-10-31 20:52:51,839 | Only found 4/20 bases for r=360
2025-10-31 20:52:51,943 | Only found 8/20 bases for r=360
2025-10-31 20:52:52,132 | Only found 3/20 bases for r=360
2025-10-31 20:52:52,215 | Only found 6/20 bases for r=360
2025-10-31 20:52:52,360 | Only found 4/20 bases for r=360
2025-10-31 20:52:52,464 | Only found 6/20 bases for r=360
2025-10-31 20:52:52,610 | Only found 6/20 bases for r=360
2025-10-31 20:52:52,756 | Only found 9/20 bases for r=360
2025-10-31 20:52:52,965 | Only found 7/20 bases for r=360
2025-10-31 20:52:53,132 | Only found 7/20 bases for r=360
2025-10-31 20:52:53,300 | Only found 6/20 bases for r=360
2025-10-31 20:52:53,446 | Only found 6/20 bases for r=360
2025-10-31 20:52:53,593 | Only found 7/20 bases for r=360
2025-10-31 20:52:53,760 | Only found 1/20 bases for r=360
2025-10-31 20:52:53,800 | Only found 10/20 bases for r=360
2025-10-31 20:52:54,033 | Only found 5/20 bases for r=360
2025-10-31 20:52:54,157 | Only found 3/20 bases for r=360
2025-10-31 20:52:54,239 | Only found 1/20 bases for r=360
2025-10-31 20:52:54,278 | Only found 2/20 bases for r=360
2025-10-31 20:52:54,339 | Only found 7/20 bases for r=360
2025-10-31 20:52:54,507 | Only found 3/20 bases for r=360
2025-10-31 20:52:54,588 | Only found 3/20 bases for r=360
2025-10-31 20:52:54,670 | Only found 3/20 bases for r=360
2025-10-31 20:52:54,751 | Only found 5/20 bases for r=360
2025-10-31 20:52:54,876 | Only found 4/20 bases for r=360
2025-10-31 20:52:54,979 | Only found 3/20 bases for r=360
2025-10-31 20:52:55,060 | Only found 2/20 bases for r=360
2025-10-31 20:52:55,121 | Only found 10/20 bases for r=360
2025-10-31 20:52:55,353 | Only found 7/20 bases for r=360
2025-10-31 20:52:55,520 | Only found 6/20 bases for r=360
2025-10-31 20:52:55,667 | Only found 7/20 bases for r=360
2025-10-31 20:52:55,834 | Only found 3/20 bases for r=360
2025-10-31 20:52:55,916 | Only found 6/20 bases for r=360
2025-10-31 20:52:56,061 | Only found 5/20 bases for r=360
2025-10-31 20:52:56,185 | Only found 2/20 bases for r=360
2025-10-31 20:52:56,229 |   β=0.440: Ψ = 0.0505 ± 0.2178 | ETA: 28.0m
2025-10-31 20:52:56,229 | 
Testing β = 0.460 (Δβ = 0.040)...
2025-10-31 20:52:56,247 | Only found 6/20 bases for r=360
2025-10-31 20:52:56,393 | Only found 5/20 bases for r=360
2025-10-31 20:52:56,517 | Only found 2/20 bases for r=360
2025-10-31 20:52:56,578 | Only found 5/20 bases for r=360
2025-10-31 20:52:56,702 | Only found 3/20 bases for r=360
2025-10-31 20:52:56,784 | Only found 4/20 bases for r=360
2025-10-31 20:52:56,888 | Only found 8/20 bases for r=360
2025-10-31 20:52:57,078 | Only found 3/20 bases for r=360
2025-10-31 20:52:57,160 | Only found 6/20 bases for r=360
2025-10-31 20:52:57,306 | Only found 4/20 bases for r=360
2025-10-31 20:52:57,410 | Only found 6/20 bases for r=360
2025-10-31 20:52:57,556 | Only found 6/20 bases for r=360
2025-10-31 20:52:57,702 | Only found 9/20 bases for r=360
2025-10-31 20:52:57,913 | Only found 7/20 bases for r=360
2025-10-31 20:52:58,081 | Only found 7/20 bases for r=360
2025-10-31 20:52:58,248 | Only found 6/20 bases for r=360
2025-10-31 20:52:58,394 | Only found 6/20 bases for r=360
2025-10-31 20:52:58,540 | Only found 7/20 bases for r=360
2025-10-31 20:52:58,708 | Only found 1/20 bases for r=360
2025-10-31 20:52:58,748 | Only found 10/20 bases for r=360
2025-10-31 20:52:58,982 | Only found 5/20 bases for r=360
2025-10-31 20:52:59,108 | Only found 3/20 bases for r=360
2025-10-31 20:52:59,190 | Only found 1/20 bases for r=360
2025-10-31 20:52:59,229 | Only found 2/20 bases for r=360
2025-10-31 20:52:59,291 | Only found 7/20 bases for r=360
2025-10-31 20:52:59,460 | Only found 3/20 bases for r=360
2025-10-31 20:52:59,542 | Only found 3/20 bases for r=360
2025-10-31 20:52:59,625 | Only found 3/20 bases for r=360
2025-10-31 20:52:59,707 | Only found 5/20 bases for r=360
2025-10-31 20:52:59,832 | Only found 4/20 bases for r=360
2025-10-31 20:52:59,936 | Only found 3/20 bases for r=360
2025-10-31 20:53:00,018 | Only found 2/20 bases for r=360
2025-10-31 20:53:00,078 | Only found 10/20 bases for r=360
2025-10-31 20:53:00,311 | Only found 7/20 bases for r=360
2025-10-31 20:53:00,479 | Only found 6/20 bases for r=360
2025-10-31 20:53:00,625 | Only found 7/20 bases for r=360
2025-10-31 20:53:00,793 | Only found 3/20 bases for r=360
2025-10-31 20:53:00,875 | Only found 6/20 bases for r=360
2025-10-31 20:53:01,022 | Only found 5/20 bases for r=360
2025-10-31 20:53:01,148 | Only found 2/20 bases for r=360
2025-10-31 20:53:01,192 |   β=0.460: Ψ = 0.0506 ± 0.2178 | ETA: 28.4m
2025-10-31 20:53:01,192 | 
Testing β = 0.480 (Δβ = 0.020)...
2025-10-31 20:53:01,209 | Only found 6/20 bases for r=360
2025-10-31 20:53:01,356 | Only found 5/20 bases for r=360
2025-10-31 20:53:01,481 | Only found 2/20 bases for r=360
2025-10-31 20:53:01,541 | Only found 5/20 bases for r=360
2025-10-31 20:53:01,667 | Only found 3/20 bases for r=360
2025-10-31 20:53:01,749 | Only found 4/20 bases for r=360
2025-10-31 20:53:01,852 | Only found 8/20 bases for r=360
2025-10-31 20:53:02,041 | Only found 3/20 bases for r=360
2025-10-31 20:53:02,122 | Only found 6/20 bases for r=360
2025-10-31 20:53:02,269 | Only found 4/20 bases for r=360
2025-10-31 20:53:02,373 | Only found 6/20 bases for r=360
2025-10-31 20:53:02,519 | Only found 6/20 bases for r=360
2025-10-31 20:53:02,666 | Only found 9/20 bases for r=360
2025-10-31 20:53:02,875 | Only found 7/20 bases for r=360
2025-10-31 20:53:03,043 | Only found 7/20 bases for r=360
2025-10-31 20:53:03,212 | Only found 6/20 bases for r=360
2025-10-31 20:53:03,358 | Only found 6/20 bases for r=360
2025-10-31 20:53:03,505 | Only found 7/20 bases for r=360
2025-10-31 20:53:03,673 | Only found 1/20 bases for r=360
2025-10-31 20:53:03,713 | Only found 10/20 bases for r=360
2025-10-31 20:53:03,947 | Only found 5/20 bases for r=360
2025-10-31 20:53:04,072 | Only found 3/20 bases for r=360
2025-10-31 20:53:04,154 | Only found 1/20 bases for r=360
2025-10-31 20:53:04,193 | Only found 2/20 bases for r=360
2025-10-31 20:53:04,254 | Only found 7/20 bases for r=360
2025-10-31 20:53:04,423 | Only found 3/20 bases for r=360
2025-10-31 20:53:04,505 | Only found 3/20 bases for r=360
2025-10-31 20:53:04,586 | Only found 3/20 bases for r=360
2025-10-31 20:53:04,668 | Only found 5/20 bases for r=360
2025-10-31 20:53:04,793 | Only found 4/20 bases for r=360
2025-10-31 20:53:04,896 | Only found 3/20 bases for r=360
2025-10-31 20:53:04,978 | Only found 2/20 bases for r=360
2025-10-31 20:53:05,039 | Only found 10/20 bases for r=360
2025-10-31 20:53:05,270 | Only found 7/20 bases for r=360
2025-10-31 20:53:05,437 | Only found 6/20 bases for r=360
2025-10-31 20:53:05,583 | Only found 7/20 bases for r=360
2025-10-31 20:53:05,751 | Only found 3/20 bases for r=360
2025-10-31 20:53:05,834 | Only found 6/20 bases for r=360
2025-10-31 20:53:05,980 | Only found 5/20 bases for r=360
2025-10-31 20:53:06,105 | Only found 2/20 bases for r=360
2025-10-31 20:53:06,148 |   β=0.480: Ψ = 0.0528 ± 0.2175 | ETA: 28.8m
2025-10-31 20:53:06,148 | 
Testing β = 0.490 (Δβ = 0.010)...
2025-10-31 20:53:06,166 | Only found 6/20 bases for r=360
2025-10-31 20:53:06,313 | Only found 5/20 bases for r=360
2025-10-31 20:53:06,438 | Only found 2/20 bases for r=360
2025-10-31 20:53:06,498 | Only found 5/20 bases for r=360
2025-10-31 20:53:06,623 | Only found 3/20 bases for r=360
2025-10-31 20:53:06,705 | Only found 4/20 bases for r=360
2025-10-31 20:53:06,808 | Only found 8/20 bases for r=360
2025-10-31 20:53:06,999 | Only found 3/20 bases for r=360
2025-10-31 20:53:07,081 | Only found 6/20 bases for r=360
2025-10-31 20:53:07,227 | Only found 4/20 bases for r=360
2025-10-31 20:53:07,330 | Only found 6/20 bases for r=360
2025-10-31 20:53:07,476 | Only found 6/20 bases for r=360
2025-10-31 20:53:07,621 | Only found 9/20 bases for r=360
2025-10-31 20:53:07,832 | Only found 7/20 bases for r=360
2025-10-31 20:53:08,001 | Only found 7/20 bases for r=360
2025-10-31 20:53:08,169 | Only found 6/20 bases for r=360
2025-10-31 20:53:08,315 | Only found 6/20 bases for r=360
2025-10-31 20:53:08,461 | Only found 7/20 bases for r=360
2025-10-31 20:53:08,629 | Only found 1/20 bases for r=360
2025-10-31 20:53:08,669 | Only found 10/20 bases for r=360
2025-10-31 20:53:08,903 | Only found 5/20 bases for r=360
2025-10-31 20:53:09,027 | Only found 3/20 bases for r=360
2025-10-31 20:53:09,109 | Only found 1/20 bases for r=360
2025-10-31 20:53:09,148 | Only found 2/20 bases for r=360
2025-10-31 20:53:09,209 | Only found 7/20 bases for r=360
2025-10-31 20:53:09,376 | Only found 3/20 bases for r=360
2025-10-31 20:53:09,458 | Only found 3/20 bases for r=360
2025-10-31 20:53:09,540 | Only found 3/20 bases for r=360
2025-10-31 20:53:09,622 | Only found 5/20 bases for r=360
2025-10-31 20:53:09,746 | Only found 4/20 bases for r=360
2025-10-31 20:53:09,849 | Only found 3/20 bases for r=360
2025-10-31 20:53:09,931 | Only found 2/20 bases for r=360
2025-10-31 20:53:09,991 | Only found 10/20 bases for r=360
2025-10-31 20:53:10,224 | Only found 7/20 bases for r=360
2025-10-31 20:53:10,391 | Only found 6/20 bases for r=360
2025-10-31 20:53:10,536 | Only found 7/20 bases for r=360
2025-10-31 20:53:10,703 | Only found 3/20 bases for r=360
2025-10-31 20:53:10,785 | Only found 6/20 bases for r=360
2025-10-31 20:53:10,932 | Only found 5/20 bases for r=360
2025-10-31 20:53:11,057 | Only found 2/20 bases for r=360
2025-10-31 20:53:11,100 |   β=0.490: Ψ = 0.0514 ± 0.2177 | ETA: 29.1m
2025-10-31 20:53:11,100 | 
Experiment complete: 49.7s (0.8m)
2025-10-31 20:53:11,100 | 
Data saved: ../../Data/Experiments/Tier6/T6D3/T6D3_results.json
2025-10-31 20:53:11,100 | 
2025-10-31 20:53:11,100 | ======================================================================
2025-10-31 20:53:11,100 | CRITICAL SCALING ANALYSIS: Ψ(β) ∝ (β_c - β)^γ
2025-10-31 20:53:11,100 | ======================================================================
2025-10-31 20:53:11,101 | 
Power-law fit: Ψ = 0.0522 · (β_c - β)^0.001
2025-10-31 20:53:11,101 |   Critical exponent γ = 0.001
2025-10-31 20:53:11,101 |   R² = 0.0005, p = 9.52e-01
2025-10-31 20:53:11,101 |   Expected γ ≈ 0.5 (mean-field theory)
2025-10-31 20:53:11,101 | 
VERDICT: FAIL — No critical scaling observed
2025-10-31 20:53:11,101 | 
2025-10-31 20:53:11,101 | Generating figures...
2025-10-31 20:53:11,408 | Figure saved: ../../Figures/experiments/Tier6/T6D3/T6D3_mhd_stability.png
2025-10-31 20:53:11,408 | 
2025-10-31 20:53:11,408 | ======================================================================
2025-10-31 20:53:11,408 | T6-D3 COMPLETE
2025-10-31 20:53:11,408 | ======================================================================
2025-10-31 20:53:11,408 | Total runtime: 49.7s (0.8m)
2025-10-31 20:53:11,408 | Configurations tested: 10
2025-10-31 20:53:11,408 | Hypothesis: Ψ(β) ∝ (β_c - β)^γ with γ ≈ 0.5
2025-10-31 20:53:11,408 | Observed exponent: γ = 0.001
2025-10-31 20:53:11,408 | Fit quality: R² = 0.0005
2025-10-31 20:53:11,408 | VERDICT: FAIL — No critical scaling
2025-10-31 20:53:11,408 | ======================================================================
