2025-10-31 21:49:24,873 | ======================================================================
2025-10-31 21:49:24,873 | T6-D3: MHD Stability Metric - Critical Scaling
2025-10-31 21:49:24,873 | ======================================================================
2025-10-31 21:49:24,873 | Log file: ../../Data/Experiments/Tier6/T6D3/T6D3_log_20251031_214924.log
2025-10-31 21:49:24,873 | 
2025-10-31 21:49:24,873 | Starting MHD critical scaling experiment...
2025-10-31 21:49:24,873 | β values: [0.1   0.2   0.3   0.35  0.4   0.42  0.44  0.46  0.48  0.49  0.495 0.497
 0.499]
2025-10-31 21:49:24,873 | β_critical: 0.5
2025-10-31 21:49:24,873 | Trials: 40
2025-10-31 21:49:24,873 | 
2025-10-31 21:49:24,873 | Using r=286 (valid divisor of N-1=2002)
2025-10-31 21:49:24,873 | VRA parameters: N=2003, r=286 (ρ=0.1428)
2025-10-31 21:49:24,873 | Sequence: L=16384, M=20
2025-10-31 21:49:24,873 | 
Testing β = 0.100 (Δβ = 0.400)...
2025-10-31 21:49:42,096 |   β=0.100: Ψ = 0.1913 ± 0.0975 | ETA: 0.0m
2025-10-31 21:49:42,097 | 
Testing β = 0.200 (Δβ = 0.300)...
2025-10-31 21:49:59,484 |   β=0.200: Ψ = 0.1908 ± 0.0982 | ETA: 74.3m
2025-10-31 21:49:59,484 | 
Testing β = 0.300 (Δβ = 0.200)...
2025-10-31 21:50:16,829 |   β=0.300: Ψ = 0.1901 ± 0.0980 | ETA: 99.4m
2025-10-31 21:50:16,829 | 
Testing β = 0.350 (Δβ = 0.150)...
2025-10-31 21:50:34,169 |   β=0.350: Ψ = 0.1887 ± 0.0984 | ETA: 111.7m
2025-10-31 21:50:34,169 | 
Testing β = 0.400 (Δβ = 0.100)...
2025-10-31 21:50:51,516 |   β=0.400: Ψ = 0.1871 ± 0.0991 | ETA: 119.0m
2025-10-31 21:50:51,516 | 
Testing β = 0.420 (Δβ = 0.080)...
2025-10-31 21:51:08,939 |   β=0.420: Ψ = 0.1868 ± 0.0990 | ETA: 123.7m
2025-10-31 21:51:08,940 | 
Testing β = 0.440 (Δβ = 0.060)...
2025-10-31 21:51:26,440 |   β=0.440: Ψ = 0.1860 ± 0.0985 | ETA: 127.1m
2025-10-31 21:51:26,440 | 
Testing β = 0.460 (Δβ = 0.040)...
2025-10-31 21:51:43,921 |   β=0.460: Ψ = 0.1871 ± 0.0983 | ETA: 129.7m
2025-10-31 21:51:43,921 | 
Testing β = 0.480 (Δβ = 0.020)...
2025-10-31 21:52:01,405 |   β=0.480: Ψ = 0.1893 ± 0.1011 | ETA: 131.6m
2025-10-31 21:52:01,405 | 
Testing β = 0.490 (Δβ = 0.010)...
2025-10-31 21:52:18,887 |   β=0.490: Ψ = 0.1896 ± 0.1008 | ETA: 133.1m
2025-10-31 21:52:18,887 | 
Testing β = 0.495 (Δβ = 0.005)...
2025-10-31 21:52:36,276 |   β=0.495: Ψ = 0.1844 ± 0.0952 | ETA: 134.2m
2025-10-31 21:52:36,276 | 
Testing β = 0.497 (Δβ = 0.003)...
2025-10-31 21:52:53,797 |   β=0.497: Ψ = 0.1813 ± 0.0988 | ETA: 135.0m
2025-10-31 21:52:53,797 | 
Testing β = 0.499 (Δβ = 0.001)...
2025-10-31 21:53:11,168 |   β=0.499: Ψ = 0.2229 ± 0.1042 | ETA: 135.8m
2025-10-31 21:53:11,168 | 
Experiment complete: 226.3s (3.8m)
2025-10-31 21:53:11,170 | 
Data saved: ../../Data/Experiments/Tier6/T6D3/T6D3_results.json
2025-10-31 21:53:11,170 | 
2025-10-31 21:53:11,170 | ======================================================================
2025-10-31 21:53:11,170 | CRITICAL SCALING ANALYSIS: Ψ(β) ∝ (β_c - β)^γ
2025-10-31 21:53:11,170 | ======================================================================
2025-10-31 21:53:11,171 | 
Power-law fit: Φ = 1-Ψ = 0.8099 · (β_c - β)^-0.001
2025-10-31 21:53:11,171 |   Critical exponent γ = -0.001
2025-10-31 21:53:11,171 |   R² = 0.1306, p = 3.05e-01
2025-10-31 21:53:11,171 |   Expected γ ≈ 0.5 (mean-field theory)
2025-10-31 21:53:11,171 |   Note: Fitting Φ = 1-Ψ to expand dynamic range near β_c
2025-10-31 21:53:11,171 | 
VERDICT: FAIL — No critical scaling observed
2025-10-31 21:53:11,171 | 
2025-10-31 21:53:11,171 | Generating figures...
2025-10-31 21:53:11,481 | Figure saved: ../../Figures/experiments/Tier6/T6D3/T6D3_mhd_stability.png
2025-10-31 21:53:11,481 | 
2025-10-31 21:53:11,481 | ======================================================================
2025-10-31 21:53:11,481 | T6-D3 COMPLETE
2025-10-31 21:53:11,481 | ======================================================================
2025-10-31 21:53:11,481 | Total runtime: 226.3s (3.8m)
2025-10-31 21:53:11,481 | Configurations tested: 13
2025-10-31 21:53:11,481 | Hypothesis: Ψ(β) ∝ (β_c - β)^γ with γ ≈ 0.5
2025-10-31 21:53:11,481 | Observed exponent: γ = -0.001
2025-10-31 21:53:11,481 | Fit quality: R² = 0.1306
2025-10-31 21:53:11,481 | VERDICT: FAIL — No critical scaling
2025-10-31 21:53:11,481 | ======================================================================
