2025-10-31 22:21:32,346 | ======================================================================
2025-10-31 22:21:32,346 | T6-D3: MHD Stability Metric - Critical Scaling
2025-10-31 22:21:32,346 | ======================================================================
2025-10-31 22:21:32,346 | Log file: ../../Data/Experiments/Tier6/T6D3/T6D3_log_20251031_222132.log
2025-10-31 22:21:32,346 | 
2025-10-31 22:21:32,346 | Starting MHD critical scaling experiment...
2025-10-31 22:21:32,346 | β values: [0.1   0.2   0.3   0.35  0.4   0.42  0.44  0.46  0.48  0.49  0.495 0.497
 0.499]
2025-10-31 22:21:32,346 | β_critical: 0.5
2025-10-31 22:21:32,346 | Trials: 40
2025-10-31 22:21:32,346 | 
2025-10-31 22:21:32,346 | Using r=286 (valid divisor of N-1=2002)
2025-10-31 22:21:32,346 | VRA parameters: N=2003, r=286 (ρ=0.1428)
2025-10-31 22:21:32,346 | Sequence: L=16384, M=20
2025-10-31 22:21:32,346 | 
Testing β = 0.100 (Δβ = 0.400)...
2025-10-31 22:21:51,259 |   β=0.100: Ψ = 0.9173 ± 0.0002 | ETA: 0.0m
2025-10-31 22:21:51,259 | 
Testing β = 0.200 (Δβ = 0.300)...
2025-10-31 22:22:10,359 |   β=0.200: Ψ = 0.8927 ± 0.0002 | ETA: 81.6m
2025-10-31 22:22:10,359 | 
Testing β = 0.300 (Δβ = 0.200)...
2025-10-31 22:22:29,551 |   β=0.300: Ψ = 0.8456 ± 0.0003 | ETA: 109.2m
2025-10-31 22:22:29,552 | 
Testing β = 0.350 (Δβ = 0.150)...
2025-10-31 22:22:48,739 |   β=0.350: Ψ = 0.8013 ± 0.0004 | ETA: 123.0m
2025-10-31 22:22:48,739 | 
Testing β = 0.400 (Δβ = 0.100)...
2025-10-31 22:23:07,872 |   β=0.400: Ψ = 0.7199 ± 0.0005 | ETA: 131.1m
2025-10-31 22:23:07,872 | 
Testing β = 0.420 (Δβ = 0.080)...
2025-10-31 22:23:27,052 |   β=0.420: Ψ = 0.6645 ± 0.0006 | ETA: 136.4m
2025-10-31 22:23:27,052 | 
Testing β = 0.440 (Δβ = 0.060)...
2025-10-31 22:23:46,230 |   β=0.440: Ψ = 0.5818 ± 0.0007 | ETA: 140.1m
2025-10-31 22:23:46,230 | 
Testing β = 0.460 (Δβ = 0.040)...
2025-10-31 22:24:05,388 |   β=0.460: Ψ = 0.4463 ± 0.0009 | ETA: 142.8m
2025-10-31 22:24:05,388 | 
Testing β = 0.480 (Δβ = 0.020)...
2025-10-31 22:24:24,558 |   β=0.480: Ψ = 0.3246 ± 0.0011 | ETA: 144.8m
2025-10-31 22:24:24,558 | 
Testing β = 0.490 (Δβ = 0.010)...
2025-10-31 22:24:43,725 |   β=0.490: Ψ = 0.3246 ± 0.0011 | ETA: 146.4m
2025-10-31 22:24:43,725 | 
Testing β = 0.495 (Δβ = 0.005)...
2025-10-31 22:25:02,923 |   β=0.495: Ψ = 0.3246 ± 0.0011 | ETA: 147.6m
2025-10-31 22:25:02,924 | 
Testing β = 0.497 (Δβ = 0.003)...
2025-10-31 22:25:22,153 |   β=0.497: Ψ = 0.3246 ± 0.0011 | ETA: 148.6m
2025-10-31 22:25:22,153 | 
Testing β = 0.499 (Δβ = 0.001)...
2025-10-31 22:25:41,410 |   β=0.499: Ψ = 0.3246 ± 0.0011 | ETA: 149.4m
2025-10-31 22:25:41,410 | 
Experiment complete: 249.1s (4.2m)
2025-10-31 22:25:41,412 | 
Data saved: ../../Data/Experiments/Tier6/T6D3/T6D3_results.json
2025-10-31 22:25:41,412 | 
2025-10-31 22:25:41,412 | ======================================================================
2025-10-31 22:25:41,412 | CRITICAL SCALING ANALYSIS: Ψ(β) ∝ (β_c - β)^γ
2025-10-31 22:25:41,412 | ======================================================================
2025-10-31 22:25:41,412 | 
Power-law fit: Φ = 1-Ψ = 0.0598 · (β_c - β)^-0.614
2025-10-31 22:25:41,412 |   Critical exponent (Φ) γ = -0.614
2025-10-31 22:25:41,412 |   R² = 0.9207, p = 1.12e-05
2025-10-31 22:25:41,412 |   Expected γ ≈ -0.5 for Φ (since Ψ ∝ (Δβ)^+0.5)
2025-10-31 22:25:41,412 | 
VERDICT: PASS — Critical scaling confirmed
2025-10-31 22:25:41,412 | 
2025-10-31 22:25:41,412 | Generating figures...
2025-10-31 22:25:41,741 | Figure saved: ../../Figures/experiments/Tier6/T6D3/T6D3_mhd_stability.png
2025-10-31 22:25:41,741 | 
2025-10-31 22:25:41,741 | ======================================================================
2025-10-31 22:25:41,741 | T6-D3 COMPLETE
2025-10-31 22:25:41,742 | ======================================================================
2025-10-31 22:25:41,742 | Total runtime: 249.1s (4.2m)
2025-10-31 22:25:41,742 | Configurations tested: 13
2025-10-31 22:25:41,742 | Hypothesis: Ψ(β) ∝ (β_c - β)^γ with γ ≈ 0.5
2025-10-31 22:25:41,742 | Observed exponent (Φ): γ = -0.614
2025-10-31 22:25:41,742 | Fit quality: R² = 0.9207
2025-10-31 22:25:41,742 | VERDICT: PASS — Critical scaling confirmed
2025-10-31 22:25:41,742 | ======================================================================
