2025-10-31 22:01:04,761 | ======================================================================
2025-10-31 22:01:04,762 | T6-D3: MHD Stability Metric - Critical Scaling
2025-10-31 22:01:04,762 | ======================================================================
2025-10-31 22:01:04,762 | Log file: ../../Data/Experiments/Tier6/T6D3/T6D3_log_20251031_220104.log
2025-10-31 22:01:04,762 | 
2025-10-31 22:01:04,762 | Starting MHD critical scaling experiment...
2025-10-31 22:01:04,762 | β values: [0.1   0.2   0.3   0.35  0.4   0.42  0.44  0.46  0.48  0.49  0.495 0.497
 0.499]
2025-10-31 22:01:04,762 | β_critical: 0.5
2025-10-31 22:01:04,762 | Trials: 40
2025-10-31 22:01:04,762 | 
2025-10-31 22:01:04,762 | Using r=286 (valid divisor of N-1=2002)
2025-10-31 22:01:04,762 | VRA parameters: N=2003, r=286 (ρ=0.1428)
2025-10-31 22:01:04,762 | Sequence: L=16384, M=20
2025-10-31 22:01:04,762 | 
Testing β = 0.100 (Δβ = 0.400)...
2025-10-31 22:01:23,487 |   β=0.100: Ψ = 0.9173 ± 0.0002 | ETA: 0.0m
2025-10-31 22:01:23,487 | 
Testing β = 0.200 (Δβ = 0.300)...
2025-10-31 22:01:42,486 |   β=0.200: Ψ = 0.8927 ± 0.0002 | ETA: 80.8m
2025-10-31 22:01:42,486 | 
Testing β = 0.300 (Δβ = 0.200)...
2025-10-31 22:02:01,525 |   β=0.300: Ψ = 0.8456 ± 0.0003 | ETA: 108.4m
2025-10-31 22:02:01,525 | 
Testing β = 0.350 (Δβ = 0.150)...
2025-10-31 22:02:20,564 |   β=0.350: Ψ = 0.8013 ± 0.0004 | ETA: 122.0m
2025-10-31 22:02:20,564 | 
Testing β = 0.400 (Δβ = 0.100)...
2025-10-31 22:02:39,644 |   β=0.400: Ψ = 0.7199 ± 0.0005 | ETA: 130.1m
2025-10-31 22:02:39,644 | 
Testing β = 0.420 (Δβ = 0.080)...
2025-10-31 22:02:58,726 |   β=0.420: Ψ = 0.6645 ± 0.0006 | ETA: 135.5m
2025-10-31 22:02:58,726 | 
Testing β = 0.440 (Δβ = 0.060)...
2025-10-31 22:03:17,818 |   β=0.440: Ψ = 0.5818 ± 0.0007 | ETA: 139.2m
2025-10-31 22:03:17,818 | 
Testing β = 0.460 (Δβ = 0.040)...
2025-10-31 22:03:36,884 |   β=0.460: Ψ = 0.4463 ± 0.0009 | ETA: 141.9m
2025-10-31 22:03:36,884 | 
Testing β = 0.480 (Δβ = 0.020)...
2025-10-31 22:03:55,918 |   β=0.480: Ψ = 0.3246 ± 0.0011 | ETA: 144.0m
2025-10-31 22:03:55,919 | 
Testing β = 0.490 (Δβ = 0.010)...
2025-10-31 22:04:15,009 |   β=0.490: Ψ = 0.3246 ± 0.0011 | ETA: 145.5m
2025-10-31 22:04:15,009 | 
Testing β = 0.495 (Δβ = 0.005)...
2025-10-31 22:04:34,115 |   β=0.495: Ψ = 0.3246 ± 0.0011 | ETA: 146.7m
2025-10-31 22:04:34,115 | 
Testing β = 0.497 (Δβ = 0.003)...
2025-10-31 22:04:53,274 |   β=0.497: Ψ = 0.3246 ± 0.0011 | ETA: 147.7m
2025-10-31 22:04:53,274 | 
Testing β = 0.499 (Δβ = 0.001)...
2025-10-31 22:05:12,390 |   β=0.499: Ψ = 0.3246 ± 0.0011 | ETA: 148.5m
2025-10-31 22:05:12,390 | 
Experiment complete: 247.6s (4.1m)
2025-10-31 22:05:12,392 | 
Data saved: ../../Data/Experiments/Tier6/T6D3/T6D3_results.json
2025-10-31 22:05:12,392 | 
2025-10-31 22:05:12,392 | ======================================================================
2025-10-31 22:05:12,392 | CRITICAL SCALING ANALYSIS: Ψ(β) ∝ (β_c - β)^γ
2025-10-31 22:05:12,392 | ======================================================================
2025-10-31 22:05:12,392 | 
Power-law fit: Φ = 1-Ψ = 0.0598 · (β_c - β)^-0.614
2025-10-31 22:05:12,392 |   Critical exponent γ = -0.614
2025-10-31 22:05:12,392 |   R² = 0.9207, p = 1.12e-05
2025-10-31 22:05:12,392 |   Expected γ ≈ 0.5 (mean-field theory)
2025-10-31 22:05:12,392 |   Note: Fitting Φ = 1-Ψ to expand dynamic range near β_c
2025-10-31 22:05:12,392 | 
VERDICT: FAIL — No critical scaling observed
2025-10-31 22:05:12,392 | 
2025-10-31 22:05:12,392 | Generating figures...
2025-10-31 22:05:12,742 | Figure saved: ../../Figures/experiments/Tier6/T6D3/T6D3_mhd_stability.png
2025-10-31 22:05:12,742 | 
2025-10-31 22:05:12,742 | ======================================================================
2025-10-31 22:05:12,742 | T6-D3 COMPLETE
2025-10-31 22:05:12,742 | ======================================================================
2025-10-31 22:05:12,742 | Total runtime: 247.6s (4.1m)
2025-10-31 22:05:12,742 | Configurations tested: 13
2025-10-31 22:05:12,742 | Hypothesis: Ψ(β) ∝ (β_c - β)^γ with γ ≈ 0.5
2025-10-31 22:05:12,742 | Observed exponent: γ = -0.614
2025-10-31 22:05:12,742 | Fit quality: R² = 0.9207
2025-10-31 22:05:12,742 | VERDICT: FAIL — No critical scaling
2025-10-31 22:05:12,742 | ======================================================================
