2025-10-31 22:11:48,828 | ======================================================================
2025-10-31 22:11:48,829 | T6-D3: MHD Stability Metric - Critical Scaling
2025-10-31 22:11:48,829 | ======================================================================
2025-10-31 22:11:48,829 | Log file: ../../Data/Experiments/Tier6/T6D3/T6D3_log_20251031_221148.log
2025-10-31 22:11:48,829 | 
2025-10-31 22:11:48,829 | Starting MHD critical scaling experiment...
2025-10-31 22:11:48,829 | β values: [0.1   0.2   0.3   0.35  0.4   0.42  0.44  0.46  0.48  0.49  0.495 0.497
 0.499]
2025-10-31 22:11:48,829 | β_critical: 0.5
2025-10-31 22:11:48,829 | Trials: 40
2025-10-31 22:11:48,829 | 
2025-10-31 22:11:48,829 | Using r=286 (valid divisor of N-1=2002)
2025-10-31 22:11:48,829 | VRA parameters: N=2003, r=286 (ρ=0.1428)
2025-10-31 22:11:48,829 | Sequence: L=16384, M=20
2025-10-31 22:11:48,829 | 
Testing β = 0.100 (Δβ = 0.400)...
2025-10-31 22:12:07,397 |   β=0.100: Ψ = 0.9173 ± 0.0002 | ETA: 0.0m
2025-10-31 22:12:07,397 | 
Testing β = 0.200 (Δβ = 0.300)...
2025-10-31 22:12:26,187 |   β=0.200: Ψ = 0.8927 ± 0.0002 | ETA: 80.2m
2025-10-31 22:12:26,187 | 
Testing β = 0.300 (Δβ = 0.200)...
2025-10-31 22:12:44,935 |   β=0.300: Ψ = 0.8456 ± 0.0003 | ETA: 107.3m
2025-10-31 22:12:44,935 | 
Testing β = 0.350 (Δβ = 0.150)...
2025-10-31 22:13:03,642 |   β=0.350: Ψ = 0.8013 ± 0.0004 | ETA: 120.6m
2025-10-31 22:13:03,642 | 
Testing β = 0.400 (Δβ = 0.100)...
2025-10-31 22:13:22,370 |   β=0.400: Ψ = 0.7199 ± 0.0005 | ETA: 128.4m
2025-10-31 22:13:22,370 | 
Testing β = 0.420 (Δβ = 0.080)...
2025-10-31 22:13:41,195 |   β=0.420: Ψ = 0.6645 ± 0.0006 | ETA: 133.6m
2025-10-31 22:13:41,195 | 
Testing β = 0.440 (Δβ = 0.060)...
2025-10-31 22:13:59,992 |   β=0.440: Ψ = 0.5818 ± 0.0007 | ETA: 137.2m
2025-10-31 22:13:59,992 | 
Testing β = 0.460 (Δβ = 0.040)...
2025-10-31 22:14:18,796 |   β=0.460: Ψ = 0.4463 ± 0.0009 | ETA: 139.9m
2025-10-31 22:14:18,797 | 
Testing β = 0.480 (Δβ = 0.020)...
2025-10-31 22:14:37,648 |   β=0.480: Ψ = 0.3246 ± 0.0011 | ETA: 141.9m
2025-10-31 22:14:37,648 | 
Testing β = 0.490 (Δβ = 0.010)...
2025-10-31 22:14:56,532 |   β=0.490: Ψ = 0.3246 ± 0.0011 | ETA: 143.5m
2025-10-31 22:14:56,532 | 
Testing β = 0.495 (Δβ = 0.005)...
2025-10-31 22:15:15,427 |   β=0.495: Ψ = 0.3246 ± 0.0011 | ETA: 144.8m
2025-10-31 22:15:15,427 | 
Testing β = 0.497 (Δβ = 0.003)...
2025-10-31 22:15:34,343 |   β=0.497: Ψ = 0.3246 ± 0.0011 | ETA: 145.8m
2025-10-31 22:15:34,343 | 
Testing β = 0.499 (Δβ = 0.001)...
2025-10-31 22:15:53,236 |   β=0.499: Ψ = 0.3246 ± 0.0011 | ETA: 146.6m
2025-10-31 22:15:53,236 | 
Experiment complete: 244.4s (4.1m)
2025-10-31 22:15:53,238 | 
Data saved: ../../Data/Experiments/Tier6/T6D3/T6D3_results.json
2025-10-31 22:15:53,238 | 
2025-10-31 22:15:53,238 | ======================================================================
2025-10-31 22:15:53,238 | CRITICAL SCALING ANALYSIS: Ψ(β) ∝ (β_c - β)^γ
2025-10-31 22:15:53,238 | ======================================================================
2025-10-31 22:15:53,238 | 
Power-law fit: Φ = 1-Ψ = 0.0598 · (β_c - β)^-0.614
2025-10-31 22:15:53,238 |   Critical exponent (Φ) γ = -0.614
2025-10-31 22:15:53,238 |   R² = 0.9207, p = 1.12e-05
