2025-10-31 21:36:32,879 | ======================================================================
2025-10-31 21:36:32,879 | T6-D3: MHD Stability Metric - Critical Scaling
2025-10-31 21:36:32,879 | ======================================================================
2025-10-31 21:36:32,879 | Log file: ../../Data/Experiments/Tier6/T6D3/T6D3_log_20251031_213632.log
2025-10-31 21:36:32,879 | 
2025-10-31 21:36:32,879 | Starting MHD critical scaling experiment...
2025-10-31 21:36:32,879 | β values: [0.1  0.2  0.3  0.35 0.4  0.42 0.44 0.46 0.48 0.49]
2025-10-31 21:36:32,879 | β_critical: 0.5
2025-10-31 21:36:32,879 | Trials: 40
2025-10-31 21:36:32,879 | 
2025-10-31 21:36:32,879 | Using r=286 (valid divisor of N-1=2002)
2025-10-31 21:36:32,879 | VRA parameters: N=2003, r=286 (ρ=0.1428)
2025-10-31 21:36:32,879 | Sequence: L=16384, M=20
2025-10-31 21:36:32,879 | 
Testing β = 0.100 (Δβ = 0.400)...
2025-10-31 21:36:49,953 |   β=0.100: Ψ = 0.9814 ± 0.0000 | ETA: 0.0m
2025-10-31 21:36:49,953 | 
Testing β = 0.200 (Δβ = 0.300)...
2025-10-31 21:37:07,219 |   β=0.200: Ψ = 0.9752 ± 0.0001 | ETA: 56.6m
2025-10-31 21:37:07,219 | 
Testing β = 0.300 (Δβ = 0.200)...
2025-10-31 21:37:24,477 |   β=0.300: Ψ = 0.9634 ± 0.0001 | ETA: 75.7m
2025-10-31 21:37:24,477 | 
Testing β = 0.350 (Δβ = 0.150)...
2025-10-31 21:37:41,777 |   β=0.350: Ψ = 0.9521 ± 0.0001 | ETA: 85.1m
2025-10-31 21:37:41,777 | 
Testing β = 0.400 (Δβ = 0.100)...
2025-10-31 21:37:59,066 |   β=0.400: Ψ = 0.9306 ± 0.0002 | ETA: 90.7m
2025-10-31 21:37:59,066 | 
Testing β = 0.420 (Δβ = 0.080)...
2025-10-31 21:38:16,320 |   β=0.420: Ψ = 0.9150 ± 0.0002 | ETA: 94.3m
2025-10-31 21:38:16,320 | 
Testing β = 0.440 (Δβ = 0.060)...
2025-10-31 21:38:33,610 |   β=0.440: Ψ = 0.8899 ± 0.0003 | ETA: 96.8m
2025-10-31 21:38:33,610 | 
Testing β = 0.460 (Δβ = 0.040)...
2025-10-31 21:38:50,827 |   β=0.460: Ψ = 0.8814 ± 0.0003 | ETA: 98.6m
2025-10-31 21:38:50,827 | 
Testing β = 0.480 (Δβ = 0.020)...
2025-10-31 21:39:08,089 |   β=0.480: Ψ = 0.8812 ± 0.0003 | ETA: 99.9m
2025-10-31 21:39:08,089 | 
Testing β = 0.490 (Δβ = 0.010)...
2025-10-31 21:39:25,373 |   β=0.490: Ψ = 0.8810 ± 0.0003 | ETA: 100.9m
2025-10-31 21:39:25,373 | 
Experiment complete: 172.5s (2.9m)
2025-10-31 21:39:25,375 | 
Data saved: ../../Data/Experiments/Tier6/T6D3/T6D3_results.json
2025-10-31 21:39:25,375 | 
2025-10-31 21:39:25,375 | ======================================================================
2025-10-31 21:39:25,375 | CRITICAL SCALING ANALYSIS: Ψ(β) ∝ (β_c - β)^γ
2025-10-31 21:39:25,375 | ======================================================================
2025-10-31 21:39:25,375 | 
Power-law fit: Ψ = 1.0089 · (β_c - β)^0.035
2025-10-31 21:39:25,375 |   Critical exponent γ = 0.035
2025-10-31 21:39:25,375 |   R² = 0.8717, p = 7.81e-05
2025-10-31 21:39:25,375 |   Expected γ ≈ 0.5 (mean-field theory)
2025-10-31 21:39:25,375 | 
VERDICT: FAIL — No critical scaling observed
2025-10-31 21:39:25,375 | 
2025-10-31 21:39:25,375 | Generating figures...
2025-10-31 21:39:25,698 | Figure saved: ../../Figures/experiments/Tier6/T6D3/T6D3_mhd_stability.png
2025-10-31 21:39:25,698 | 
2025-10-31 21:39:25,698 | ======================================================================
2025-10-31 21:39:25,698 | T6-D3 COMPLETE
2025-10-31 21:39:25,698 | ======================================================================
2025-10-31 21:39:25,698 | Total runtime: 172.5s (2.9m)
2025-10-31 21:39:25,698 | Configurations tested: 10
2025-10-31 21:39:25,698 | Hypothesis: Ψ(β) ∝ (β_c - β)^γ with γ ≈ 0.5
2025-10-31 21:39:25,698 | Observed exponent: γ = 0.035
2025-10-31 21:39:25,698 | Fit quality: R² = 0.8717
2025-10-31 21:39:25,698 | VERDICT: FAIL — No critical scaling
2025-10-31 21:39:25,698 | ======================================================================
