2025-10-31 21:12:49,887 | ======================================================================
2025-10-31 21:12:49,887 | T6-D3: MHD Stability Metric - Critical Scaling
2025-10-31 21:12:49,887 | ======================================================================
2025-10-31 21:12:49,887 | Log file: ../../Data/Experiments/Tier6/T6D3/T6D3_log_20251031_211249.log
2025-10-31 21:12:49,887 | 
2025-10-31 21:12:49,887 | Starting MHD critical scaling experiment...
2025-10-31 21:12:49,887 | β values: [0.1  0.2  0.3  0.35 0.4  0.42 0.44 0.46 0.48 0.49]
2025-10-31 21:12:49,887 | β_critical: 0.5
2025-10-31 21:12:49,887 | Trials: 40
2025-10-31 21:12:49,887 | 
2025-10-31 21:12:49,887 | Using r=286 (valid divisor of N-1=2002)
2025-10-31 21:12:49,887 | VRA parameters: N=2003, r=286 (ρ=0.1428)
2025-10-31 21:12:49,887 | Sequence: L=16384, M=20
2025-10-31 21:12:49,887 | 
Testing β = 0.100 (Δβ = 0.400)...
2025-10-31 21:13:07,397 |   β=0.100: Ψ = 0.0000 ± 0.0000 | ETA: 0.0m
2025-10-31 21:13:07,398 | 
Testing β = 0.200 (Δβ = 0.300)...
2025-10-31 21:13:24,798 |   β=0.200: Ψ = 0.0000 ± 0.0000 | ETA: 58.1m
2025-10-31 21:13:24,798 | 
Testing β = 0.300 (Δβ = 0.200)...
2025-10-31 21:13:42,239 |   β=0.300: Ψ = 0.0000 ± 0.0000 | ETA: 77.0m
2025-10-31 21:13:42,239 | 
Testing β = 0.350 (Δβ = 0.150)...
2025-10-31 21:13:59,701 |   β=0.350: Ψ = 0.0000 ± 0.0000 | ETA: 86.4m
2025-10-31 21:13:59,701 | 
Testing β = 0.400 (Δβ = 0.100)...
2025-10-31 21:14:17,131 |   β=0.400: Ψ = 0.0000 ± 0.0000 | ETA: 91.9m
2025-10-31 21:14:17,131 | 
Testing β = 0.420 (Δβ = 0.080)...
2025-10-31 21:14:34,514 |   β=0.420: Ψ = 0.0000 ± 0.0000 | ETA: 95.5m
2025-10-31 21:14:34,514 | 
Testing β = 0.440 (Δβ = 0.060)...
2025-10-31 21:14:51,928 |   β=0.440: Ψ = 0.0000 ± 0.0000 | ETA: 97.9m
2025-10-31 21:14:51,928 | 
Testing β = 0.460 (Δβ = 0.040)...
2025-10-31 21:15:09,294 |   β=0.460: Ψ = 0.0000 ± 0.0000 | ETA: 99.7m
2025-10-31 21:15:09,294 | 
Testing β = 0.480 (Δβ = 0.020)...
2025-10-31 21:15:26,720 |   β=0.480: Ψ = 0.0000 ± 0.0000 | ETA: 100.9m
2025-10-31 21:15:26,720 | 
Testing β = 0.490 (Δβ = 0.010)...
2025-10-31 21:15:44,169 |   β=0.490: Ψ = 0.0000 ± 0.0000 | ETA: 101.9m
2025-10-31 21:15:44,169 | 
Experiment complete: 174.3s (2.9m)
2025-10-31 21:15:44,171 | 
Data saved: ../../Data/Experiments/Tier6/T6D3/T6D3_results.json
2025-10-31 21:15:44,171 | 
2025-10-31 21:15:44,171 | ======================================================================
2025-10-31 21:15:44,171 | CRITICAL SCALING ANALYSIS: Ψ(β) ∝ (β_c - β)^γ
2025-10-31 21:15:44,171 | ======================================================================
2025-10-31 21:15:44,171 | 
Power-law fit: Ψ = 0.0000 · (β_c - β)^-0.095
2025-10-31 21:15:44,171 |   Critical exponent γ = -0.095
2025-10-31 21:15:44,171 |   R² = 0.8262, p = 2.69e-04
2025-10-31 21:15:44,171 |   Expected γ ≈ 0.5 (mean-field theory)
2025-10-31 21:15:44,171 | 
VERDICT: FAIL — No critical scaling observed
2025-10-31 21:15:44,171 | 
2025-10-31 21:15:44,171 | Generating figures...
2025-10-31 21:15:44,491 | Figure saved: ../../Figures/experiments/Tier6/T6D3/T6D3_mhd_stability.png
2025-10-31 21:15:44,491 | 
2025-10-31 21:15:44,491 | ======================================================================
2025-10-31 21:15:44,491 | T6-D3 COMPLETE
2025-10-31 21:15:44,491 | ======================================================================
2025-10-31 21:15:44,491 | Total runtime: 174.3s (2.9m)
2025-10-31 21:15:44,491 | Configurations tested: 10
2025-10-31 21:15:44,491 | Hypothesis: Ψ(β) ∝ (β_c - β)^γ with γ ≈ 0.5
2025-10-31 21:15:44,491 | Observed exponent: γ = -0.095
2025-10-31 21:15:44,491 | Fit quality: R² = 0.8262
2025-10-31 21:15:44,491 | VERDICT: FAIL — No critical scaling
2025-10-31 21:15:44,491 | ======================================================================
