2025-10-31 21:26:47,530 | ======================================================================
2025-10-31 21:26:47,530 | T6-D3: MHD Stability Metric - Critical Scaling
2025-10-31 21:26:47,530 | ======================================================================
2025-10-31 21:26:47,530 | Log file: ../../Data/Experiments/Tier6/T6D3/T6D3_log_20251031_212647.log
2025-10-31 21:26:47,531 | 
2025-10-31 21:26:47,531 | Starting MHD critical scaling experiment...
2025-10-31 21:26:47,531 | β values: [0.1  0.2  0.3  0.35 0.4  0.42 0.44 0.46 0.48 0.49]
2025-10-31 21:26:47,531 | β_critical: 0.5
2025-10-31 21:26:47,531 | Trials: 40
2025-10-31 21:26:47,531 | 
2025-10-31 21:26:47,531 | Using r=286 (valid divisor of N-1=2002)
2025-10-31 21:26:47,531 | VRA parameters: N=2003, r=286 (ρ=0.1428)
2025-10-31 21:26:47,531 | Sequence: L=16384, M=20
2025-10-31 21:26:47,531 | 
Testing β = 0.100 (Δβ = 0.400)...
2025-10-31 21:27:05,151 |   β=0.100: Ψ = 0.0000 ± 0.0000 | ETA: 0.0m
2025-10-31 21:27:05,151 | 
Testing β = 0.200 (Δβ = 0.300)...
2025-10-31 21:27:22,559 |   β=0.200: Ψ = 0.0000 ± 0.0000 | ETA: 58.4m
2025-10-31 21:27:22,559 | 
Testing β = 0.300 (Δβ = 0.200)...
2025-10-31 21:27:39,950 |   β=0.300: Ψ = 0.0000 ± 0.0000 | ETA: 77.3m
2025-10-31 21:27:39,950 | 
Testing β = 0.350 (Δβ = 0.150)...
2025-10-31 21:27:57,417 |   β=0.350: Ψ = 0.0000 ± 0.0000 | ETA: 86.5m
2025-10-31 21:27:57,417 | 
Testing β = 0.400 (Δβ = 0.100)...
2025-10-31 21:28:14,888 |   β=0.400: Ψ = 0.0000 ± 0.0000 | ETA: 92.0m
2025-10-31 21:28:14,888 | 
Testing β = 0.420 (Δβ = 0.080)...
2025-10-31 21:28:32,350 |   β=0.420: Ψ = 0.0000 ± 0.0000 | ETA: 95.6m
2025-10-31 21:28:32,350 | 
Testing β = 0.440 (Δβ = 0.060)...
2025-10-31 21:28:49,780 |   β=0.440: Ψ = 0.0000 ± 0.0000 | ETA: 98.1m
2025-10-31 21:28:49,780 | 
Testing β = 0.460 (Δβ = 0.040)...
2025-10-31 21:29:07,219 |   β=0.460: Ψ = 0.0000 ± 0.0000 | ETA: 99.8m
2025-10-31 21:29:07,219 | 
Testing β = 0.480 (Δβ = 0.020)...
2025-10-31 21:29:24,678 |   β=0.480: Ψ = 0.0000 ± 0.0000 | ETA: 101.1m
2025-10-31 21:29:24,678 | 
Testing β = 0.490 (Δβ = 0.010)...
2025-10-31 21:29:42,204 |   β=0.490: Ψ = 0.0000 ± 0.0000 | ETA: 102.1m
2025-10-31 21:29:42,205 | 
Experiment complete: 174.7s (2.9m)
2025-10-31 21:29:42,206 | 
Data saved: ../../Data/Experiments/Tier6/T6D3/T6D3_results.json
2025-10-31 21:29:42,206 | 
2025-10-31 21:29:42,206 | ======================================================================
2025-10-31 21:29:42,206 | CRITICAL SCALING ANALYSIS: Ψ(β) ∝ (β_c - β)^γ
2025-10-31 21:29:42,206 | ======================================================================
2025-10-31 21:29:42,206 | 
Power-law fit: Ψ = 0.0000 · (β_c - β)^-0.095
2025-10-31 21:29:42,206 |   Critical exponent γ = -0.095
2025-10-31 21:29:42,206 |   R² = 0.8262, p = 2.69e-04
2025-10-31 21:29:42,206 |   Expected γ ≈ 0.5 (mean-field theory)
2025-10-31 21:29:42,206 | 
VERDICT: FAIL — No critical scaling observed
2025-10-31 21:29:42,206 | 
2025-10-31 21:29:42,206 | Generating figures...
2025-10-31 21:29:42,520 | Figure saved: ../../Figures/experiments/Tier6/T6D3/T6D3_mhd_stability.png
2025-10-31 21:29:42,520 | 
2025-10-31 21:29:42,520 | ======================================================================
2025-10-31 21:29:42,520 | T6-D3 COMPLETE
2025-10-31 21:29:42,520 | ======================================================================
2025-10-31 21:29:42,520 | Total runtime: 174.7s (2.9m)
2025-10-31 21:29:42,520 | Configurations tested: 10
2025-10-31 21:29:42,520 | Hypothesis: Ψ(β) ∝ (β_c - β)^γ with γ ≈ 0.5
2025-10-31 21:29:42,520 | Observed exponent: γ = -0.095
2025-10-31 21:29:42,520 | Fit quality: R² = 0.8262
2025-10-31 21:29:42,520 | VERDICT: FAIL — No critical scaling
2025-10-31 21:29:42,520 | ======================================================================
