2025-10-31 23:11:01,579 | ======================================================================
2025-10-31 23:11:01,579 | T6-D4: Fast FFT-GLRT (carrier-cancel + AR(1) prewhitening)
2025-10-31 23:11:01,579 | ======================================================================
2025-10-31 23:11:01,579 | Log file: ../../Data/Experiments/Tier6/T6D4/T6D4_log_20251031_231101.log
2025-10-31 23:11:01,579 | 
Starting sample complexity experiment (Fast FFT-GLRT)…
2025-10-31 23:11:01,579 | L values: (256, 1024, 4096, 16384, 32768)
2025-10-31 23:11:01,579 | ε values: [0.001 0.002 0.005 0.01 ]
2025-10-31 23:11:01,579 | Trials: 50
2025-10-31 23:11:01,579 | VRA params: N=1009, r=252
2025-10-31 23:11:01,579 | Signal: ω=0.053, PM=0.2, σ=0.5, M=6, φ=0.992
2025-10-31 23:11:01,579 | Detector: FFT-GLRT with AR(1) prewhitening; overall α=0.050; band ±0.03
2025-10-31 23:11:01,579 | 
============================================================
Testing L=256
============================================================
2025-10-31 23:11:01,763 |   ε=0.001: Success=74.00% | Err=0.0008±0.0006 | p_adj=0.02±0.14
2025-10-31 23:11:01,947 |   ε=0.002: Success=98.00% | Err=0.0008±0.0004 | p_adj=0.00178±0.0124
2025-10-31 23:11:02,130 |   ε=0.005: Success=100.00% | Err=0.0009±0.0006 | p_adj=3.1e-05±0.000141
2025-10-31 23:11:02,314 |   ε=0.010: Success=100.00% | Err=0.0009±0.0006 | p_adj=2.88e-05±0.000167
2025-10-31 23:11:02,314 | 
============================================================
Testing L=1024
============================================================
2025-10-31 23:11:02,999 |   ε=0.001: Success=100.00% | Err=0.0002±0.0001 | p_adj=1.46e-19±9.83e-19
2025-10-31 23:11:03,684 |   ε=0.002: Success=100.00% | Err=0.0002±0.0001 | p_adj=1.37e-27±9.51e-27
2025-10-31 23:11:04,368 |   ε=0.005: Success=100.00% | Err=0.0002±0.0001 | p_adj=1.95e-29±1.36e-28
2025-10-31 23:11:05,051 |   ε=0.010: Success=100.00% | Err=0.0002±0.0001 | p_adj=3.56e-26±1.86e-25
2025-10-31 23:11:05,051 | 
============================================================
Testing L=4096
============================================================
2025-10-31 23:11:08,145 |   ε=0.001: Success=100.00% | Err=0.0001±0.0000 | p_adj=1.74e-101±1.22e-100
2025-10-31 23:11:11,230 |   ε=0.002: Success=100.00% | Err=0.0000±0.0000 | p_adj=2.12e-121±1.49e-120
2025-10-31 23:11:14,335 |   ε=0.005: Success=100.00% | Err=0.0001±0.0000 | p_adj=1.48e-106±1.04e-105
2025-10-31 23:11:17,366 |   ε=0.010: Success=100.00% | Err=0.0001±0.0000 | p_adj=1.68e-99±1.18e-98
2025-10-31 23:11:17,366 | 
============================================================
Testing L=16384
============================================================
2025-10-31 23:11:33,675 |   ε=0.001: Success=100.00% | Err=0.0000±0.0000 | p_adj=0±0
2025-10-31 23:11:50,164 |   ε=0.002: Success=100.00% | Err=0.0000±0.0000 | p_adj=0±0
2025-10-31 23:12:06,461 |   ε=0.005: Success=100.00% | Err=0.0000±0.0000 | p_adj=0±0
2025-10-31 23:12:22,790 |   ε=0.010: Success=100.00% | Err=0.0000±0.0000 | p_adj=0±0
2025-10-31 23:12:22,790 | 
============================================================
Testing L=32768
============================================================
2025-10-31 23:12:50,164 |   ε=0.001: Success=100.00% | Err=0.0000±0.0000 | p_adj=0±0
2025-10-31 23:13:17,495 |   ε=0.002: Success=100.00% | Err=0.0000±0.0000 | p_adj=0±0
2025-10-31 23:13:44,893 |   ε=0.005: Success=100.00% | Err=0.0000±0.0000 | p_adj=0±0
2025-10-31 23:14:12,214 |   ε=0.010: Success=100.00% | Err=0.0000±0.0000 | p_adj=0±0
2025-10-31 23:14:12,227 | 
Experiment complete: 190.6s
2025-10-31 23:14:12,229 | 
======================================================================
2025-10-31 23:14:12,229 | SAMPLE COMPLEXITY ANALYSIS: L ≳ C · (σ²/ε²) · log(1/δ)
2025-10-31 23:14:12,229 | ε=0.001: Minimum L ≈ 1024 for 95% success
2025-10-31 23:14:12,229 | ε=0.002: Minimum L ≈ 256 for 95% success
2025-10-31 23:14:12,229 | ε=0.005: Minimum L ≈ 256 for 95% success
2025-10-31 23:14:12,229 | ε=0.010: Minimum L ≈ 256 for 95% success
2025-10-31 23:14:12,230 | Fit: log(L) = -0.520·log(ε) + 2.900  (R²=0.576)
2025-10-31 23:14:12,230 | FAIL — inconsistent scaling
2025-10-31 23:14:12,230 | 
Generating figures...
2025-10-31 23:14:12,609 | Figure saved: ../../Figures/experiments/Tier6/T6D4/T6D4_protein_modes.png
2025-10-31 23:14:12,610 | 
======================================================================
T6-D4 COMPLETE
======================================================================
2025-10-31 23:14:12,610 | Slope=-0.520, R²=0.576
2025-10-31 23:14:12,610 | ======================================================================
