2025-10-31 21:43:17,177 | ======================================================================
2025-10-31 21:43:17,177 | T6-D4: Protein Normal Mode Detection - Sample Complexity
2025-10-31 21:43:17,177 | ======================================================================
2025-10-31 21:43:17,177 | Log file: ../../Data/Experiments/Tier6/T6D4/T6D4_log_20251031_214317.log
2025-10-31 21:43:17,177 | 
2025-10-31 21:43:17,177 | Starting sample complexity experiment...
2025-10-31 21:43:17,177 | L values: [256, 1024, 4096, 16384, 32768]
2025-10-31 21:43:17,178 | ε values: [0.02 0.05 0.1  0.2 ]
2025-10-31 21:43:17,178 | Confidence: 95.0%
2025-10-31 21:43:17,178 | Trials: 50
2025-10-31 21:43:17,178 | 
2025-10-31 21:43:17,178 | VRA parameters: N=1009, r=252 (ρ=0.2498)
2025-10-31 21:43:17,178 | Signal: ω=0.05 (normalized), A=1.2, σ=0.15
2025-10-31 21:43:17,178 | Modulation: AM (amplitude modulation)
2025-10-31 21:43:17,178 | 
============================================================
2025-10-31 21:43:17,178 | Testing L = 256
2025-10-31 21:43:17,178 | ============================================================
2025-10-31 21:43:17,603 |   ε=0.020: Success = 100.00% | Error = 0.0004 ± 0.0000 | ETA: 0.1m
2025-10-31 21:43:18,026 |   ε=0.050: Success = 100.00% | Error = 0.0004 ± 0.0000 | ETA: 0.1m
2025-10-31 21:43:18,449 |   ε=0.100: Success = 100.00% | Error = 0.0004 ± 0.0000 | ETA: 0.1m
2025-10-31 21:43:18,873 |   ε=0.200: Success = 100.00% | Error = 0.0004 ± 0.0000 | ETA: 0.1m
2025-10-31 21:43:18,873 | 
============================================================
2025-10-31 21:43:18,873 | Testing L = 1024
2025-10-31 21:43:18,873 | ============================================================
2025-10-31 21:43:20,458 |   ε=0.020: Success = 100.00% | Error = 0.0001 ± 0.0000 | ETA: 0.2m
2025-10-31 21:43:22,044 |   ε=0.050: Success = 100.00% | Error = 0.0001 ± 0.0000 | ETA: 0.2m
2025-10-31 21:43:23,629 |   ε=0.100: Success = 100.00% | Error = 0.0001 ± 0.0000 | ETA: 0.2m
2025-10-31 21:43:25,213 |   ε=0.200: Success = 100.00% | Error = 0.0001 ± 0.0000 | ETA: 0.2m
2025-10-31 21:43:25,213 | 
============================================================
2025-10-31 21:43:25,213 | Testing L = 4096
2025-10-31 21:43:25,213 | ============================================================
2025-10-31 21:43:31,444 |   ε=0.020: Success = 100.00% | Error = 0.0000 ± 0.0000 | ETA: 0.3m
2025-10-31 21:43:37,699 |   ε=0.050: Success = 100.00% | Error = 0.0000 ± 0.0000 | ETA: 0.3m
2025-10-31 21:43:43,951 |   ε=0.100: Success = 100.00% | Error = 0.0000 ± 0.0000 | ETA: 0.4m
2025-10-31 21:43:50,170 |   ε=0.200: Success = 100.00% | Error = 0.0000 ± 0.0000 | ETA: 0.4m
2025-10-31 21:43:50,170 | 
============================================================
2025-10-31 21:43:50,170 | Testing L = 16384
2025-10-31 21:43:50,170 | ============================================================
2025-10-31 21:44:14,984 |   ε=0.020: Success = 100.00% | Error = 0.0000 ± 0.0000 | ETA: 0.5m
2025-10-31 21:44:39,782 |   ε=0.050: Success = 100.00% | Error = 0.0000 ± 0.0000 | ETA: 0.6m
2025-10-31 21:45:04,600 |   ε=0.100: Success = 100.00% | Error = 0.0000 ± 0.0000 | ETA: 0.6m
2025-10-31 21:45:29,436 |   ε=0.200: Success = 100.00% | Error = 0.0000 ± 0.0000 | ETA: 0.5m
2025-10-31 21:45:29,436 | 
============================================================
2025-10-31 21:45:29,436 | Testing L = 32768
2025-10-31 21:45:29,436 | ============================================================
2025-10-31 21:46:19,165 |   ε=0.020: Success = 100.00% | Error = 0.0000 ± 0.0000 | ETA: 0.5m
2025-10-31 21:47:08,837 |   ε=0.050: Success = 100.00% | Error = 0.0000 ± 0.0000 | ETA: 0.4m
2025-10-31 21:47:58,469 |   ε=0.100: Success = 100.00% | Error = 0.0000 ± 0.0000 | ETA: 0.2m
2025-10-31 21:48:48,245 |   ε=0.200: Success = 100.00% | Error = 0.0000 ± 0.0000 | ETA: 0.0m
2025-10-31 21:48:48,245 | 
Experiment complete: 331.1s (5.5m)
2025-10-31 21:48:48,249 | 
Data saved: ../../Data/Experiments/Tier6/T6D4/T6D4_results.json
2025-10-31 21:48:48,249 | 
2025-10-31 21:48:48,249 | ======================================================================
2025-10-31 21:48:48,249 | SAMPLE COMPLEXITY ANALYSIS: L ≳ C · (σ²/ε²) · log(1/δ)
2025-10-31 21:48:48,249 | ======================================================================
2025-10-31 21:48:48,249 | ε=0.020: Minimum L ≈ 256 for 95% success
2025-10-31 21:48:48,249 | ε=0.050: Minimum L ≈ 256 for 95% success
2025-10-31 21:48:48,249 | ε=0.100: Minimum L ≈ 256 for 95% success
2025-10-31 21:48:48,249 | ε=0.200: Minimum L ≈ 256 for 95% success
2025-10-31 21:48:48,250 | 
2025-10-31 21:48:48,250 | Fit: log(L) = 0.000·log(ε) + 5.545
2025-10-31 21:48:48,250 |   R² = nan, p = nan
2025-10-31 21:48:48,250 |   Expected slope: -2.0 (from 1/ε² scaling)
2025-10-31 21:48:48,250 | 
VERDICT: FAIL — No consistent scaling
2025-10-31 21:48:48,250 | 
2025-10-31 21:48:48,250 | Generating figures...
2025-10-31 21:48:48,614 | Figure saved: ../../Figures/experiments/Tier6/T6D4/T6D4_protein_modes.png
2025-10-31 21:48:48,614 | 
2025-10-31 21:48:48,614 | ======================================================================
2025-10-31 21:48:48,614 | T6-D4 COMPLETE
2025-10-31 21:48:48,614 | ======================================================================
2025-10-31 21:48:48,614 | Total runtime: 331.1s (5.5m)
2025-10-31 21:48:48,614 | Configurations tested: 20
2025-10-31 21:48:48,614 | Hypothesis: L ≳ C · (σ²/ε²) · log(1/δ)
2025-10-31 21:48:48,614 | Observed scaling: L ∝ ε^0.000
2025-10-31 21:48:48,614 | Fit quality: R² = nan
2025-10-31 21:48:48,614 | VERDICT: FAIL — No consistent scaling
2025-10-31 21:48:48,614 | ======================================================================
