2025-10-31 22:05:29,466 | ======================================================================
2025-10-31 22:05:29,466 | T6-D4: Protein Normal Mode Detection - Sample Complexity (Fixed)
2025-10-31 22:05:29,466 | ======================================================================
2025-10-31 22:05:29,466 | Log file: ../../Data/Experiments/Tier6/T6D4/T6D4_log_20251031_220529.log
2025-10-31 22:05:29,466 | 
2025-10-31 22:05:29,466 | Starting sample complexity experiment...
2025-10-31 22:05:29,466 | L values: [256, 1024, 4096, 16384, 32768]
2025-10-31 22:05:29,466 | ε values: [0.001 0.002 0.005 0.01 ]
2025-10-31 22:05:29,466 | Confidence: 95.0%
2025-10-31 22:05:29,466 | Trials: 50
2025-10-31 22:05:29,466 | 
2025-10-31 22:05:29,466 | VRA parameters: N=1009, r≈252
2025-10-31 22:05:29,466 | Signal: ω=0.053 (norm), PM=0.5, AM=0.3, σ=0.2
2025-10-31 22:05:29,466 | Modulation: AM + PM + AR(1) drift on modular carrier
2025-10-31 22:05:29,466 | 
============================================================
2025-10-31 22:05:29,466 | Testing L = 256
2025-10-31 22:05:29,466 | ============================================================
2025-10-31 22:05:29,963 |   ε=0.001: Success = 0.00% | Error = inf ± nan | SNR = 0.7±0.4 dB | ETA: 0.2m
2025-10-31 22:05:30,456 |   ε=0.002: Success = 0.00% | Error = inf ± nan | SNR = 0.7±0.4 dB | ETA: 0.1m
2025-10-31 22:05:30,948 |   ε=0.005: Success = 0.00% | Error = inf ± nan | SNR = 0.7±0.4 dB | ETA: 0.1m
2025-10-31 22:05:31,442 |   ε=0.010: Success = 0.00% | Error = inf ± nan | SNR = 0.7±0.4 dB | ETA: 0.1m
2025-10-31 22:05:31,442 | 
============================================================
2025-10-31 22:05:31,442 | Testing L = 1024
2025-10-31 22:05:31,442 | ============================================================
2025-10-31 22:05:33,189 |   ε=0.001: Success = 0.00% | Error = inf ± nan | SNR = 2.2±0.9 dB | ETA: 0.2m
2025-10-31 22:05:34,936 |   ε=0.002: Success = 0.00% | Error = inf ± nan | SNR = 2.2±0.9 dB | ETA: 0.2m
2025-10-31 22:05:36,686 |   ε=0.005: Success = 0.00% | Error = inf ± nan | SNR = 2.2±0.9 dB | ETA: 0.2m
2025-10-31 22:05:38,433 |   ε=0.010: Success = 0.00% | Error = inf ± nan | SNR = 2.2±0.9 dB | ETA: 0.2m
2025-10-31 22:05:38,433 | 
============================================================
2025-10-31 22:05:38,433 | Testing L = 4096
2025-10-31 22:05:38,433 | ============================================================
