2025-10-31 22:17:23,973 | ======================================================================
2025-10-31 22:17:23,973 | T6-D4: Protein Normal Mode Detection - Sample Complexity (PM-only, hard)
2025-10-31 22:17:23,973 | ======================================================================
2025-10-31 22:17:23,973 | Log file: ../../Data/Experiments/Tier6/T6D4/T6D4_log_20251031_221723.log
2025-10-31 22:17:23,973 | 
Starting sample complexity experiment...
2025-10-31 22:17:23,973 | L values: [256, 1024, 4096, 16384, 32768]
2025-10-31 22:17:23,973 | ε values: [0.001 0.002 0.005 0.01 ]
2025-10-31 22:17:23,973 | Trials: 50
2025-10-31 22:17:23,973 | VRA params: N=1009, r=252
2025-10-31 22:17:23,973 | Signal: ω=0.053, PM=0.2, σ=0.45, M=8
2025-10-31 22:17:23,973 | Detector: PM phase-diff, Hann periodogram, SNR gate=5.0 dB
2025-10-31 22:17:23,973 | 
============================================================
Testing L=256
============================================================
2025-10-31 22:17:24,201 |   ε=0.001: Success=0.00% | Err=inf±nan | SNR=-0.7±2.5 dB
2025-10-31 22:17:24,429 |   ε=0.002: Success=0.00% | Err=inf±nan | SNR=-0.5±2.3 dB
2025-10-31 22:17:24,656 |   ε=0.005: Success=0.00% | Err=inf±nan | SNR=-1.0±2.3 dB
2025-10-31 22:17:24,882 |   ε=0.010: Success=0.00% | Err=inf±nan | SNR=-0.9±3.2 dB
2025-10-31 22:17:24,882 | 
============================================================
Testing L=1024
============================================================
2025-10-31 22:17:25,735 |   ε=0.001: Success=0.00% | Err=0.0037±0.0028 | SNR=6.2±1.3 dB
2025-10-31 22:17:26,588 |   ε=0.002: Success=42.00% | Err=0.0044±0.0032 | SNR=6.4±1.2 dB
2025-10-31 22:17:27,442 |   ε=0.005: Success=20.00% | Err=0.0057±0.0027 | SNR=6.2±1.3 dB
2025-10-31 22:17:28,298 |   ε=0.010: Success=80.00% | Err=0.0049±0.0027 | SNR=6.2±1.1 dB
2025-10-31 22:17:28,298 | 
============================================================
Testing L=4096
============================================================
2025-10-31 22:17:31,670 |   ε=0.001: Success=0.00% | Err=0.0049±0.0031 | SNR=13.1±1.0 dB
2025-10-31 22:17:35,039 |   ε=0.002: Success=24.00% | Err=0.0055±0.0024 | SNR=12.6±1.1 dB
2025-10-31 22:17:38,407 |   ε=0.005: Success=42.00% | Err=0.0048±0.0031 | SNR=12.8±0.8 dB
2025-10-31 22:17:41,775 |   ε=0.010: Success=100.00% | Err=0.0046±0.0030 | SNR=12.8±1.0 dB
2025-10-31 22:17:41,775 | 
============================================================
Testing L=16384
============================================================
2025-10-31 22:17:55,253 |   ε=0.001: Success=0.00% | Err=0.0048±0.0031 | SNR=19.1±0.8 dB
2025-10-31 22:18:08,737 |   ε=0.002: Success=40.00% | Err=0.0048±0.0029 | SNR=19.3±0.9 dB
2025-10-31 22:18:22,195 |   ε=0.005: Success=30.00% | Err=0.0054±0.0028 | SNR=18.9±1.1 dB
2025-10-31 22:18:35,607 |   ε=0.010: Success=100.00% | Err=0.0045±0.0028 | SNR=19.0±0.8 dB
2025-10-31 22:18:35,608 | 
============================================================
Testing L=32768
============================================================
2025-10-31 22:19:02,544 |   ε=0.001: Success=0.00% | Err=0.0052±0.0032 | SNR=21.5±0.8 dB
2025-10-31 22:19:29,411 |   ε=0.002: Success=46.00% | Err=0.0046±0.0030 | SNR=21.4±0.9 dB
2025-10-31 22:19:56,344 |   ε=0.005: Success=52.00% | Err=0.0046±0.0035 | SNR=21.5±0.9 dB
2025-10-31 22:20:23,252 |   ε=0.010: Success=100.00% | Err=0.0041±0.0032 | SNR=21.6±0.9 dB
2025-10-31 22:20:23,252 | 
Experiment complete: 179.3s
2025-10-31 22:20:23,254 | 
======================================================================
2025-10-31 22:20:23,254 | SAMPLE COMPLEXITY ANALYSIS: L ≳ C · (σ²/ε²) · log(1/δ)
2025-10-31 22:20:23,254 | ε=0.001: Target success not achieved
2025-10-31 22:20:23,254 | ε=0.002: Target success not achieved
2025-10-31 22:20:23,254 | ε=0.005: Target success not achieved
2025-10-31 22:20:23,254 | ε=0.010: Minimum L ≈ 4096 for 95% success
2025-10-31 22:20:23,254 | VERDICT: Inconclusive — not enough thresholds.
2025-10-31 22:20:23,254 | 
Generating figures...
2025-10-31 22:20:23,504 | Figure saved: ../../Figures/experiments/Tier6/T6D4/T6D4_protein_modes.png
2025-10-31 22:20:23,504 | 
======================================================================
T6-D4 COMPLETE
======================================================================
2025-10-31 22:20:23,504 | ======================================================================
