2025-10-31 20:52:24,187 | ======================================================================
2025-10-31 20:52:24,187 | T6-D4: Protein Normal Mode Detection - Sample Complexity
2025-10-31 20:52:24,187 | ======================================================================
2025-10-31 20:52:24,187 | Log file: ../../Data/Experiments/Tier6/T6D4/T6D4_log_20251031_205224.log
2025-10-31 20:52:24,187 | 
2025-10-31 20:52:24,187 | Starting sample complexity experiment...
2025-10-31 20:52:24,187 | L values: [256, 1024, 4096, 16384]
2025-10-31 20:52:24,187 | ε values: [0.05 0.1  0.2  0.3 ]
2025-10-31 20:52:24,187 | Confidence: 95.0%
2025-10-31 20:52:24,187 | Trials: 50
2025-10-31 20:52:24,187 | 
2025-10-31 20:52:24,187 | VRA parameters: N=1009, r=252 (ρ=0.2498)
2025-10-31 20:52:24,187 | Signal: ω=1.0, σ=0.3
2025-10-31 20:52:24,187 | 
============================================================
2025-10-31 20:52:24,187 | Testing L = 256
2025-10-31 20:52:24,187 | ============================================================
2025-10-31 20:52:24,380 |   ε=0.050: Success = 0.00% | Error = 0.7393 ± 0.1075 | ETA: 0.0m
2025-10-31 20:52:24,573 |   ε=0.100: Success = 0.00% | Error = 0.7393 ± 0.1075 | ETA: 0.0m
2025-10-31 20:52:24,766 |   ε=0.200: Success = 0.00% | Error = 0.7393 ± 0.1075 | ETA: 0.0m
2025-10-31 20:52:24,959 |   ε=0.300: Success = 0.00% | Error = 0.7393 ± 0.1075 | ETA: 0.0m
2025-10-31 20:52:24,959 | 
============================================================
2025-10-31 20:52:24,959 | Testing L = 1024
2025-10-31 20:52:24,959 | ============================================================
2025-10-31 20:52:25,714 |   ε=0.050: Success = 0.00% | Error = 0.7324 ± 0.1415 | ETA: 0.1m
2025-10-31 20:52:26,470 |   ε=0.100: Success = 0.00% | Error = 0.7324 ± 0.1415 | ETA: 0.1m
2025-10-31 20:52:27,223 |   ε=0.200: Success = 0.00% | Error = 0.7324 ± 0.1415 | ETA: 0.1m
2025-10-31 20:52:27,975 |   ε=0.300: Success = 0.00% | Error = 0.7324 ± 0.1415 | ETA: 0.1m
2025-10-31 20:52:27,975 | 
============================================================
2025-10-31 20:52:27,975 | Testing L = 4096
2025-10-31 20:52:27,976 | ============================================================
2025-10-31 20:52:30,970 |   ε=0.050: Success = 0.00% | Error = 0.8084 ± 0.0960 | ETA: 0.1m
2025-10-31 20:52:33,972 |   ε=0.100: Success = 0.00% | Error = 0.8084 ± 0.0960 | ETA: 0.1m
2025-10-31 20:52:36,970 |   ε=0.200: Success = 0.00% | Error = 0.8084 ± 0.0960 | ETA: 0.1m
2025-10-31 20:52:39,957 |   ε=0.300: Success = 0.00% | Error = 0.8084 ± 0.0960 | ETA: 0.1m
2025-10-31 20:52:39,957 | 
============================================================
2025-10-31 20:52:39,957 | Testing L = 16384
2025-10-31 20:52:39,957 | ============================================================
2025-10-31 20:52:51,936 |   ε=0.050: Success = 0.00% | Error = 0.7352 ± 0.1100 | ETA: 0.1m
2025-10-31 20:53:03,935 |   ε=0.100: Success = 0.00% | Error = 0.7352 ± 0.1100 | ETA: 0.1m
2025-10-31 20:53:15,943 |   ε=0.200: Success = 0.00% | Error = 0.7352 ± 0.1100 | ETA: 0.1m
2025-10-31 20:53:27,957 |   ε=0.300: Success = 0.00% | Error = 0.7352 ± 0.1100 | ETA: 0.0m
2025-10-31 20:53:27,957 | 
Experiment complete: 63.8s (1.1m)
2025-10-31 20:53:27,959 | 
Data saved: ../../Data/Experiments/Tier6/T6D4/T6D4_results.json
2025-10-31 20:53:27,959 | 
2025-10-31 20:53:27,959 | ======================================================================
2025-10-31 20:53:27,959 | SAMPLE COMPLEXITY ANALYSIS: L ≳ C · (σ²/ε²) · log(1/δ)
2025-10-31 20:53:27,959 | ======================================================================
2025-10-31 20:53:27,959 | ε=0.050: Target success rate not achieved
2025-10-31 20:53:27,959 | ε=0.100: Target success rate not achieved
2025-10-31 20:53:27,959 | ε=0.200: Target success rate not achieved
2025-10-31 20:53:27,959 | ε=0.300: Target success rate not achieved
2025-10-31 20:53:27,959 | 
VERDICT: INCONCLUSIVE — Insufficient threshold data
2025-10-31 20:53:27,959 | 
2025-10-31 20:53:27,959 | Generating figures...
2025-10-31 20:53:28,253 | Figure saved: ../../Figures/experiments/Tier6/T6D4/T6D4_protein_modes.png
2025-10-31 20:53:28,253 | 
2025-10-31 20:53:28,253 | ======================================================================
2025-10-31 20:53:28,253 | T6-D4 COMPLETE
2025-10-31 20:53:28,253 | ======================================================================
2025-10-31 20:53:28,253 | Total runtime: 63.8s (1.1m)
2025-10-31 20:53:28,253 | Configurations tested: 16
2025-10-31 20:53:28,253 | Hypothesis: L ≳ C · (σ²/ε²) · log(1/δ)
2025-10-31 20:53:28,253 | VERDICT: INCONCLUSIVE
2025-10-31 20:53:28,253 | ======================================================================
