2025-10-31 22:15:06,919 | ======================================================================
2025-10-31 22:15:06,919 | T6-D4: Protein Normal Mode Detection - Sample Complexity (Balanced)
2025-10-31 22:15:06,919 | ======================================================================
2025-10-31 22:15:06,919 | Log file: ../../Data/Experiments/Tier6/T6D4/T6D4_log_20251031_221506.log
2025-10-31 22:15:06,919 | 
Starting sample complexity experiment...
2025-10-31 22:15:06,919 | L values: [256, 1024, 4096, 16384, 32768]
2025-10-31 22:15:06,919 | ε values: [0.001 0.002 0.005 0.01 ]
2025-10-31 22:15:06,919 | Trials: 50
2025-10-31 22:15:06,919 | VRA params: N=1009, r=252
2025-10-31 22:15:06,919 | Signal: ω=0.053, PM=0.4, AM=0.15, σ=0.3, amp_noise=0.05
2025-10-31 22:15:06,919 | 
============================================================
Testing L=256
============================================================
2025-10-31 22:15:07,193 |   ε=0.001: Success=100.00% | Err=0.0003±0.0001 | SNR=24.9±1.2 dB
2025-10-31 22:15:07,465 |   ε=0.002: Success=100.00% | Err=0.0003±0.0001 | SNR=24.9±1.0 dB
2025-10-31 22:15:07,737 |   ε=0.005: Success=100.00% | Err=0.0003±0.0001 | SNR=24.6±1.0 dB
2025-10-31 22:15:08,008 |   ε=0.010: Success=100.00% | Err=0.0003±0.0001 | SNR=24.8±0.9 dB
2025-10-31 22:15:08,008 | 
============================================================
Testing L=1024
============================================================
2025-10-31 22:15:09,042 |   ε=0.001: Success=100.00% | Err=0.0001±0.0000 | SNR=31.7±0.6 dB
2025-10-31 22:15:10,073 |   ε=0.002: Success=100.00% | Err=0.0001±0.0000 | SNR=31.4±0.7 dB
2025-10-31 22:15:11,103 |   ε=0.005: Success=100.00% | Err=0.0001±0.0000 | SNR=31.6±0.7 dB
2025-10-31 22:15:12,132 |   ε=0.010: Success=100.00% | Err=0.0001±0.0000 | SNR=31.4±0.6 dB
2025-10-31 22:15:12,132 | 
============================================================
Testing L=4096
============================================================
2025-10-31 22:15:16,188 |   ε=0.001: Success=100.00% | Err=0.0000±0.0000 | SNR=38.0±0.3 dB
2025-10-31 22:15:20,242 |   ε=0.002: Success=100.00% | Err=0.0000±0.0000 | SNR=38.1±0.3 dB
2025-10-31 22:15:24,301 |   ε=0.005: Success=100.00% | Err=0.0000±0.0000 | SNR=38.0±0.2 dB
2025-10-31 22:15:28,371 |   ε=0.010: Success=100.00% | Err=0.0000±0.0000 | SNR=37.9±0.3 dB
2025-10-31 22:15:28,371 | 
============================================================
Testing L=16384
============================================================
2025-10-31 22:15:44,583 |   ε=0.001: Success=100.00% | Err=0.0000±0.0000 | SNR=43.4±0.2 dB
2025-10-31 22:16:00,765 |   ε=0.002: Success=100.00% | Err=0.0000±0.0000 | SNR=43.3±0.1 dB
2025-10-31 22:16:16,944 |   ε=0.005: Success=100.00% | Err=0.0000±0.0000 | SNR=43.3±0.1 dB
2025-10-31 22:16:33,254 |   ε=0.010: Success=100.00% | Err=0.0000±0.0000 | SNR=43.3±0.1 dB
2025-10-31 22:16:33,254 | 
============================================================
Testing L=32768
============================================================
2025-10-31 22:17:05,853 |   ε=0.001: Success=100.00% | Err=0.0000±0.0000 | SNR=46.6±0.1 dB
