2025-11-01 09:41:54,311 | ======================================================================
2025-11-01 09:41:54,311 | T6-D4: Fast FFT-GLRT (carrier-cancel + AR(1) prewhitening, averaged PSD)
2025-11-01 09:41:54,311 | ======================================================================
2025-11-01 09:41:54,311 | Log file: ../../Data/Experiments/Tier6/T6D4/T6D4_log_20251101_094154.log
2025-11-01 09:41:54,311 | 
Starting sample complexity experiment (Fast FFT-GLRT, averaged PSD)…
2025-11-01 09:41:54,311 | L values: (256, 1024, 4096, 16384, 32768)
2025-11-01 09:41:54,311 | ε values: [0.001 0.002 0.005 0.01 ]
2025-11-01 09:41:54,311 | Trials: 50
2025-11-01 09:41:54,311 | VRA params: N=1009, r=252
2025-11-01 09:41:54,311 | Signal: ω=0.053, PM=0.2, σ=0.5, M=6, φ=0.992
2025-11-01 09:41:54,311 | Detector: FFT-GLRT (averaged PSD); α=0.050; band=full
2025-11-01 09:41:54,311 | 
============================================================
Testing L=256
============================================================
2025-11-01 09:41:54,497 |   ε=0.001: Success=88.00% | Err=0.0005±0.0003 | p_adj=3.29e-05±0.000178
2025-11-01 09:41:54,682 |   ε=0.002: Success=96.00% | Err=0.0071±0.0457 | p_adj=0.00275±0.0192
2025-11-01 09:41:54,866 |   ε=0.005: Success=100.00% | Err=0.0006±0.0004 | p_adj=0.000191±0.000945
2025-11-01 09:41:55,050 |   ε=0.010: Success=100.00% | Err=0.0005±0.0004 | p_adj=0.000107±0.000538
2025-11-01 09:41:55,050 | 
============================================================
Testing L=1024
============================================================
2025-11-01 09:41:55,728 |   ε=0.001: Success=100.00% | Err=0.0001±0.0000 | p_adj=2.25e-35±1.57e-34
2025-11-01 09:41:56,407 |   ε=0.002: Success=100.00% | Err=0.0001±0.0000 | p_adj=1.22e-32±8.52e-32
2025-11-01 09:41:57,083 |   ε=0.005: Success=100.00% | Err=0.0001±0.0000 | p_adj=9.66e-36±6.76e-35
2025-11-01 09:41:57,762 |   ε=0.010: Success=100.00% | Err=0.0001±0.0000 | p_adj=3.48e-33±2.44e-32
2025-11-01 09:41:57,762 | 
============================================================
Testing L=4096
============================================================
2025-11-01 09:42:00,407 |   ε=0.001: Success=100.00% | Err=0.0000±0.0000 | p_adj=1.76e-171±0
2025-11-01 09:42:03,048 |   ε=0.002: Success=100.00% | Err=0.0000±0.0000 | p_adj=3.96e-151±2.77e-150
2025-11-01 09:42:05,694 |   ε=0.005: Success=100.00% | Err=0.0000±0.0000 | p_adj=7.75e-200±0
2025-11-01 09:42:08,342 |   ε=0.010: Success=100.00% | Err=0.0000±0.0000 | p_adj=1.29e-171±0
2025-11-01 09:42:08,342 | 
============================================================
Testing L=16384
============================================================
2025-11-01 09:42:19,022 |   ε=0.001: Success=100.00% | Err=0.0000±0.0000 | p_adj=0±0
2025-11-01 09:42:29,631 |   ε=0.002: Success=100.00% | Err=0.0000±0.0000 | p_adj=0±0
2025-11-01 09:42:40,246 |   ε=0.005: Success=100.00% | Err=0.0000±0.0000 | p_adj=0±0
