2025-10-31 21:17:44,110 | ======================================================================
2025-10-31 21:17:44,110 | T6-D4: Protein Normal Mode Detection - Sample Complexity
2025-10-31 21:17:44,110 | ======================================================================
2025-10-31 21:17:44,110 | Log file: ../../Data/Experiments/Tier6/T6D4/T6D4_log_20251031_211744.log
2025-10-31 21:17:44,110 | 
2025-10-31 21:17:44,110 | Starting sample complexity experiment...
2025-10-31 21:17:44,110 | L values: [256, 1024, 4096, 16384, 32768]
2025-10-31 21:17:44,110 | ε values: [0.02 0.05 0.1  0.2 ]
2025-10-31 21:17:44,110 | Confidence: 95.0%
2025-10-31 21:17:44,110 | Trials: 50
2025-10-31 21:17:44,110 | 
2025-10-31 21:17:44,110 | VRA parameters: N=1009, r=252 (ρ=0.2498)
2025-10-31 21:17:44,110 | Signal: ω=0.05 (normalized), A=1.0, σ=0.2
2025-10-31 21:17:44,110 | 
============================================================
2025-10-31 21:17:44,110 | Testing L = 256
2025-10-31 21:17:44,110 | ============================================================
2025-10-31 21:17:44,382 |   ε=0.020: Success = 0.00% | Error = 0.3611 ± 0.1491 | ETA: 0.1m
2025-10-31 21:17:44,652 |   ε=0.050: Success = 2.00% | Error = 0.3611 ± 0.1491 | ETA: 0.1m
2025-10-31 21:17:44,922 |   ε=0.100: Success = 2.00% | Error = 0.3611 ± 0.1491 | ETA: 0.1m
2025-10-31 21:17:45,193 |   ε=0.200: Success = 26.00% | Error = 0.3611 ± 0.1491 | ETA: 0.1m
2025-10-31 21:17:45,193 | 
============================================================
2025-10-31 21:17:45,193 | Testing L = 1024
2025-10-31 21:17:45,193 | ============================================================
2025-10-31 21:17:46,198 |   ε=0.020: Success = 0.00% | Error = 0.4500 ± 0.0000 | ETA: 0.1m
2025-10-31 21:17:47,201 |   ε=0.050: Success = 0.00% | Error = 0.4500 ± 0.0000 | ETA: 0.1m
2025-10-31 21:17:48,203 |   ε=0.100: Success = 0.00% | Error = 0.4500 ± 0.0000 | ETA: 0.1m
2025-10-31 21:17:49,207 |   ε=0.200: Success = 0.00% | Error = 0.4500 ± 0.0000 | ETA: 0.1m
2025-10-31 21:17:49,207 | 
============================================================
2025-10-31 21:17:49,207 | Testing L = 4096
2025-10-31 21:17:49,207 | ============================================================
2025-10-31 21:17:53,153 |   ε=0.020: Success = 0.00% | Error = 0.4500 ± 0.0000 | ETA: 0.2m
2025-10-31 21:17:57,102 |   ε=0.050: Success = 0.00% | Error = 0.4500 ± 0.0000 | ETA: 0.2m
2025-10-31 21:18:01,061 |   ε=0.100: Success = 0.00% | Error = 0.4500 ± 0.0000 | ETA: 0.2m
2025-10-31 21:18:05,008 |   ε=0.200: Success = 0.00% | Error = 0.4500 ± 0.0000 | ETA: 0.2m
2025-10-31 21:18:05,008 | 
============================================================
2025-10-31 21:18:05,008 | Testing L = 16384
2025-10-31 21:18:05,008 | ============================================================
2025-10-31 21:18:20,719 |   ε=0.020: Success = 0.00% | Error = 0.4500 ± 0.0000 | ETA: 0.3m
2025-10-31 21:18:36,464 |   ε=0.050: Success = 0.00% | Error = 0.4500 ± 0.0000 | ETA: 0.4m
2025-10-31 21:18:52,226 |   ε=0.100: Success = 0.00% | Error = 0.4500 ± 0.0000 | ETA: 0.4m
2025-10-31 21:19:08,010 |   ε=0.200: Success = 0.00% | Error = 0.4500 ± 0.0000 | ETA: 0.3m
2025-10-31 21:19:08,010 | 
============================================================
2025-10-31 21:19:08,010 | Testing L = 32768
2025-10-31 21:19:08,010 | ============================================================
2025-10-31 21:19:39,508 |   ε=0.020: Success = 0.00% | Error = 0.4500 ± 0.0000 | ETA: 0.3m
2025-10-31 21:20:11,001 |   ε=0.050: Success = 0.00% | Error = 0.4500 ± 0.0000 | ETA: 0.3m
2025-10-31 21:20:42,558 |   ε=0.100: Success = 0.00% | Error = 0.4500 ± 0.0000 | ETA: 0.2m
2025-10-31 21:21:14,170 |   ε=0.200: Success = 0.00% | Error = 0.4500 ± 0.0000 | ETA: 0.0m
2025-10-31 21:21:14,170 | 
Experiment complete: 210.1s (3.5m)
2025-10-31 21:21:14,173 | 
Data saved: ../../Data/Experiments/Tier6/T6D4/T6D4_results.json
2025-10-31 21:21:14,173 | 
2025-10-31 21:21:14,173 | ======================================================================
2025-10-31 21:21:14,173 | SAMPLE COMPLEXITY ANALYSIS: L ≳ C · (σ²/ε²) · log(1/δ)
2025-10-31 21:21:14,173 | ======================================================================
2025-10-31 21:21:14,173 | ε=0.020: Target success rate not achieved
2025-10-31 21:21:14,173 | ε=0.050: Target success rate not achieved
2025-10-31 21:21:14,173 | ε=0.100: Target success rate not achieved
2025-10-31 21:21:14,173 | ε=0.200: Target success rate not achieved
2025-10-31 21:21:14,173 | 
VERDICT: INCONCLUSIVE — Insufficient threshold data
2025-10-31 21:21:14,173 | 
2025-10-31 21:21:14,173 | Generating figures...
2025-10-31 21:21:14,428 | Figure saved: ../../Figures/experiments/Tier6/T6D4/T6D4_protein_modes.png
2025-10-31 21:21:14,428 | 
2025-10-31 21:21:14,428 | ======================================================================
2025-10-31 21:21:14,428 | T6-D4 COMPLETE
2025-10-31 21:21:14,428 | ======================================================================
2025-10-31 21:21:14,428 | Total runtime: 210.1s (3.5m)
2025-10-31 21:21:14,428 | Configurations tested: 20
2025-10-31 21:21:14,428 | Hypothesis: L ≳ C · (σ²/ε²) · log(1/δ)
2025-10-31 21:21:14,428 | VERDICT: INCONCLUSIVE
2025-10-31 21:21:14,428 | ======================================================================
