2025-10-31 22:28:48,705 | ======================================================================
2025-10-31 22:28:48,705 | T6-D4: Protein Normal Mode Detection - Sample Complexity (PM-only, carrier-cancel, hard)
2025-10-31 22:28:48,705 | ======================================================================
2025-10-31 22:28:48,705 | Log file: ../../Data/Experiments/Tier6/T6D4/T6D4_log_20251031_222848.log
2025-10-31 22:28:48,705 | 
Starting sample complexity experiment...
2025-10-31 22:28:48,705 | L values: [256, 1024, 4096, 16384, 32768]
2025-10-31 22:28:48,706 | ε values: [0.001 0.002 0.005 0.01 ]
2025-10-31 22:28:48,706 | Trials: 50
2025-10-31 22:28:48,706 | VRA params: N=1009, r=252
2025-10-31 22:28:48,706 | Signal: ω=0.053, PM=0.2, σ=0.45, M=8
2025-10-31 22:28:48,706 | Detector: carrier-cancel → residual phase PSD, SNR gate=5.0 dB
2025-10-31 22:28:48,706 | 
============================================================
Testing L=256
============================================================
2025-10-31 22:28:48,957 |   ε=0.001: Success=98.00% | Err=0.0004±0.0003 | SNR=10.5±1.6 dB
2025-10-31 22:28:49,207 |   ε=0.002: Success=100.00% | Err=0.0005±0.0003 | SNR=10.6±1.6 dB
2025-10-31 22:28:49,457 |   ε=0.005: Success=100.00% | Err=0.0004±0.0003 | SNR=9.8±1.3 dB
2025-10-31 22:28:49,707 |   ε=0.010: Success=100.00% | Err=0.0005±0.0003 | SNR=10.4±1.7 dB
2025-10-31 22:28:49,707 | 
============================================================
Testing L=1024
============================================================
2025-10-31 22:28:50,630 |   ε=0.001: Success=100.00% | Err=0.0001±0.0000 | SNR=15.4±0.8 dB
2025-10-31 22:28:51,553 |   ε=0.002: Success=100.00% | Err=0.0001±0.0000 | SNR=15.3±0.8 dB
2025-10-31 22:28:52,476 |   ε=0.005: Success=100.00% | Err=0.0001±0.0000 | SNR=15.3±0.7 dB
2025-10-31 22:28:53,399 |   ε=0.010: Success=100.00% | Err=0.0001±0.0000 | SNR=15.5±0.7 dB
2025-10-31 22:28:53,400 | 
============================================================
Testing L=4096
============================================================
2025-10-31 22:28:57,014 |   ε=0.001: Success=100.00% | Err=0.0000±0.0000 | SNR=21.6±0.4 dB
2025-10-31 22:29:00,617 |   ε=0.002: Success=100.00% | Err=0.0000±0.0000 | SNR=21.6±0.4 dB
2025-10-31 22:29:04,224 |   ε=0.005: Success=100.00% | Err=0.0000±0.0000 | SNR=21.6±0.3 dB
2025-10-31 22:29:07,828 |   ε=0.010: Success=100.00% | Err=0.0000±0.0000 | SNR=21.6±0.3 dB
2025-10-31 22:29:07,828 | 
============================================================
Testing L=16384
============================================================
2025-10-31 22:29:29,049 |   ε=0.001: Success=100.00% | Err=0.0000±0.0000 | SNR=27.0±0.2 dB
2025-10-31 22:29:50,208 |   ε=0.002: Success=100.00% | Err=0.0000±0.0000 | SNR=27.1±0.2 dB
2025-10-31 22:30:11,532 |   ε=0.005: Success=100.00% | Err=0.0000±0.0000 | SNR=27.1±0.1 dB
2025-10-31 22:30:32,828 |   ε=0.010: Success=100.00% | Err=0.0000±0.0000 | SNR=27.1±0.2 dB
2025-10-31 22:30:32,828 | 
============================================================
Testing L=32768
============================================================
2025-10-31 22:31:09,048 |   ε=0.001: Success=100.00% | Err=0.0000±0.0000 | SNR=29.9±0.1 dB
2025-10-31 22:31:45,018 |   ε=0.002: Success=100.00% | Err=0.0000±0.0000 | SNR=29.9±0.1 dB
2025-10-31 22:32:21,182 |   ε=0.005: Success=100.00% | Err=0.0000±0.0000 | SNR=29.9±0.1 dB
2025-10-31 22:32:57,144 |   ε=0.010: Success=100.00% | Err=0.0000±0.0000 | SNR=29.9±0.1 dB
2025-10-31 22:32:57,144 | 
Experiment complete: 248.4s
2025-10-31 22:32:57,146 | 
======================================================================
2025-10-31 22:32:57,146 | SAMPLE COMPLEXITY ANALYSIS: L ≳ C · (σ²/ε²) · log(1/δ)
2025-10-31 22:32:57,146 | ε=0.001: Minimum L ≈ 256 for 95% success
2025-10-31 22:32:57,146 | ε=0.002: Minimum L ≈ 256 for 95% success
2025-10-31 22:32:57,146 | ε=0.005: Minimum L ≈ 256 for 95% success
2025-10-31 22:32:57,146 | ε=0.010: Minimum L ≈ 256 for 95% success
2025-10-31 22:32:57,146 | Fit: log(L) = 0.000·log(ε) + 5.545  (R²=nan)
2025-10-31 22:32:57,146 | FAIL — inconsistent scaling
2025-10-31 22:32:57,146 | 
Generating figures...
2025-10-31 22:32:57,523 | Figure saved: ../../Figures/experiments/Tier6/T6D4/T6D4_protein_modes.png
2025-10-31 22:32:57,523 | 
======================================================================
T6-D4 COMPLETE
======================================================================
2025-10-31 22:32:57,523 | Slope=0.000, R²=nan
2025-10-31 22:32:57,523 | ======================================================================
