2025-10-31 23:15:41,704 | ======================================================================
2025-10-31 23:15:41,704 | T6-D4: Fast FFT-GLRT (carrier-cancel + AR(1) prewhitening)
2025-10-31 23:15:41,704 | ======================================================================
2025-10-31 23:15:41,704 | Log file: ../../Data/Experiments/Tier6/T6D4/T6D4_log_20251031_231541.log
2025-10-31 23:15:41,704 | 
Starting sample complexity experiment (Fast FFT-GLRT)…
2025-10-31 23:15:41,704 | L values: (256, 1024, 4096, 16384, 32768)
2025-10-31 23:15:41,704 | ε values: [0.001 0.002 0.005 0.01 ]
2025-10-31 23:15:41,704 | Trials: 50
2025-10-31 23:15:41,704 | VRA params: N=1009, r=252
2025-10-31 23:15:41,704 | Signal: ω=0.053, PM=0.2, σ=0.5, M=6, φ=0.992
2025-10-31 23:15:41,704 | Detector: FFT-GLRT with AR(1) prewhitening; α=0.050; band=full
2025-10-31 23:15:41,704 | 
============================================================
Testing L=256
============================================================
2025-10-31 23:15:41,885 |   ε=0.001: Success=72.00% | Err=0.0171±0.0714 | p_adj=1.58e-06±8.24e-06
2025-10-31 23:15:42,068 |   ε=0.002: Success=96.00% | Err=0.0026±0.0089 | p_adj=1.73e-05±9.58e-05
2025-10-31 23:15:42,250 |   ε=0.005: Success=100.00% | Err=0.0009±0.0006 | p_adj=9.78e-06±5.19e-05
2025-10-31 23:15:42,433 |   ε=0.010: Success=100.00% | Err=0.0009±0.0006 | p_adj=3.07e-06±1.41e-05
2025-10-31 23:15:42,433 | 
============================================================
Testing L=1024
============================================================
2025-10-31 23:15:43,112 |   ε=0.001: Success=94.00% | Err=0.0033±0.0123 | p_adj=2.21e-24±1.55e-23
2025-10-31 23:15:43,792 |   ε=0.002: Success=92.00% | Err=0.0097±0.0459 | p_adj=1.28e-17±8.67e-17
2025-10-31 23:15:44,472 |   ε=0.005: Success=96.00% | Err=0.0081±0.0485 | p_adj=2.49e-17±1.74e-16
2025-10-31 23:15:45,151 |   ε=0.010: Success=90.00% | Err=0.0131±0.0621 | p_adj=2.4e-15±1.68e-14
2025-10-31 23:15:45,151 | 
============================================================
Testing L=4096
============================================================
2025-10-31 23:15:48,140 |   ε=0.001: Success=88.00% | Err=0.0064±0.0171 | p_adj=1.09e-91±7.61e-91
2025-10-31 23:15:51,078 |   ε=0.002: Success=92.00% | Err=0.0086±0.0394 | p_adj=1.38e-22±9.66e-22
2025-10-31 23:15:54,146 |   ε=0.005: Success=98.00% | Err=0.0011±0.0073 | p_adj=3.1e-28±2.17e-27
2025-10-31 23:15:57,179 |   ε=0.010: Success=84.00% | Err=0.0085±0.0193 | p_adj=1.74e-23±1.22e-22
2025-10-31 23:15:57,179 | 
============================================================
Testing L=16384
============================================================
2025-10-31 23:16:13,428 |   ε=0.001: Success=58.00% | Err=0.0222±0.0261 | p_adj=2.91e-116±1.98e-115
2025-10-31 23:16:29,772 |   ε=0.002: Success=68.00% | Err=0.0169±0.0247 | p_adj=7.94e-122±5.56e-121
2025-10-31 23:16:46,082 |   ε=0.005: Success=64.00% | Err=0.0190±0.0254 | p_adj=4.44e-88±3.11e-87
2025-10-31 23:17:02,333 |   ε=0.010: Success=66.00% | Err=0.0180±0.0250 | p_adj=3.69e-139±2.58e-138
2025-10-31 23:17:02,333 | 
============================================================
Testing L=32768
============================================================
2025-10-31 23:17:29,730 |   ε=0.001: Success=58.00% | Err=0.0222±0.0261 | p_adj=7.88e-157±5.51e-156
2025-10-31 23:17:57,197 |   ε=0.002: Success=68.00% | Err=0.0169±0.0247 | p_adj=7.78e-144±5.44e-143
2025-10-31 23:18:24,671 |   ε=0.005: Success=76.00% | Err=0.0127±0.0226 | p_adj=6.37e-129±4.46e-128
2025-10-31 23:18:51,903 |   ε=0.010: Success=62.00% | Err=0.0201±0.0257 | p_adj=2e-184±0
2025-10-31 23:18:51,903 | 
Experiment complete: 190.2s
2025-10-31 23:18:51,906 | 
======================================================================
2025-10-31 23:18:51,906 | SAMPLE COMPLEXITY ANALYSIS: L ≳ C · (σ²/ε²) · log(1/δ)
2025-10-31 23:18:51,906 | ε=0.001: Target success not achieved
2025-10-31 23:18:51,906 | ε=0.002: Minimum L ≈ 256 for 95% success
2025-10-31 23:18:51,906 | ε=0.005: Minimum L ≈ 256 for 95% success
2025-10-31 23:18:51,906 | ε=0.010: Minimum L ≈ 256 for 95% success
2025-10-31 23:18:51,906 | Fit: log(L) = 0.000·log(ε) + 5.545  (R²=nan)
2025-10-31 23:18:51,906 | FAIL — inconsistent scaling
2025-10-31 23:18:51,906 | 
Generating figures...
2025-10-31 23:18:52,306 | Figure saved: ../../Figures/experiments/Tier6/T6D4/T6D4_protein_modes.png
2025-10-31 23:18:52,306 | 
======================================================================
T6-D4 COMPLETE
======================================================================
2025-10-31 23:18:52,306 | Slope=0.000, R²=nan
2025-10-31 23:18:52,306 | ======================================================================
