2025-10-31 23:30:40,523 | ======================================================================
2025-10-31 23:30:40,523 | T6-D4 FIXED: Reduced drift + polynomial detrend + complex processing
2025-10-31 23:30:40,523 | ======================================================================
2025-10-31 23:30:40,523 | Log file: ../../Data/Experiments/Tier6/T6D4/T6D4_fixed_log_20251031_233040.log
2025-10-31 23:30:40,523 | FIXES APPLIED:
2025-10-31 23:30:40,523 |   #1: phi_drift = 0.95 (was 0.992)
2025-10-31 23:30:40,523 |   #2: detrend_degree = 3 (was linear)
2025-10-31 23:30:40,523 |   #3: Complex-domain processing (no unwrap)
2025-10-31 23:30:40,523 |   #4: L_values = (256, 1024, 4096, 8192) (removed 16384, 32768)
2025-10-31 23:30:40,523 |   #5: mode_amplitude = 0.12 (was 0.20)
2025-10-31 23:30:40,523 | 
Starting sample complexity experiment (FIXED detector)…
2025-10-31 23:30:40,523 | L values: (256, 1024, 4096, 8192)
2025-10-31 23:30:40,523 | ε values: [0.001 0.002 0.005 0.01 ]
2025-10-31 23:30:40,523 | Trials: 50
2025-10-31 23:30:40,523 | VRA params: N=1009, r=252
2025-10-31 23:30:40,523 | Signal: ω=0.053, PM=0.12, σ=0.5, M=6, φ=0.95
2025-10-31 23:30:40,523 | Detector: FFT-GLRT (FIXED: poly detrend deg=3, complex domain); α=0.050
2025-10-31 23:30:40,524 | 
============================================================
Testing L=256
============================================================
2025-10-31 23:30:40,718 |   ε=0.001: Success=32.00% | Err=0.0391±0.1035 | p_adj=0.057±0.135
2025-10-31 23:30:40,912 |   ε=0.002: Success=62.00% | Err=0.0352±0.0955 | p_adj=0.077±0.183
2025-10-31 23:30:41,105 |   ε=0.005: Success=72.00% | Err=0.0306±0.0769 | p_adj=0.0561±0.144
2025-10-31 23:30:41,298 |   ε=0.010: Success=58.00% | Err=0.0419±0.0939 | p_adj=0.0603±0.0992
2025-10-31 23:30:41,298 | 
============================================================
Testing L=1024
============================================================
2025-10-31 23:30:41,998 |   ε=0.001: Success=94.00% | Err=0.0032±0.0122 | p_adj=2.2e-08±1.49e-07
2025-10-31 23:30:42,699 |   ε=0.002: Success=90.00% | Err=0.0052±0.0153 | p_adj=4.98e-08±3.48e-07
2025-10-31 23:30:43,400 |   ε=0.005: Success=96.00% | Err=0.0021±0.0100 | p_adj=4.62e-14±2.83e-13
2025-10-31 23:30:44,101 |   ε=0.010: Success=90.00% | Err=0.0052±0.0153 | p_adj=5.22e-13±3.22e-12
2025-10-31 23:30:44,101 | 
============================================================
Testing L=4096
============================================================
2025-10-31 23:30:46,824 |   ε=0.001: Success=86.00% | Err=0.0074±0.0182 | p_adj=3.21e-85±2.23e-84
2025-10-31 23:30:49,542 |   ε=0.002: Success=90.00% | Err=0.0053±0.0157 | p_adj=1.01e-87±7.05e-87
2025-10-31 23:30:52,267 |   ε=0.005: Success=88.00% | Err=0.0063±0.0171 | p_adj=7.09e-79±4.95e-78
2025-10-31 23:30:54,997 |   ε=0.010: Success=86.00% | Err=0.0074±0.0182 | p_adj=2.26e-86±1.51e-85
2025-10-31 23:30:54,997 | 
============================================================
Testing L=8192
============================================================
2025-10-31 23:31:00,431 |   ε=0.001: Success=60.00% | Err=0.0211±0.0258 | p_adj=4.65e-172±0
2025-10-31 23:31:05,860 |   ε=0.002: Success=80.00% | Err=0.0106±0.0211 | p_adj=1.74e-166±0
2025-10-31 23:31:11,284 |   ε=0.005: Success=78.00% | Err=0.0116±0.0219 | p_adj=3.32e-163±2.22e-162
2025-10-31 23:31:16,722 |   ε=0.010: Success=64.00% | Err=0.0190±0.0253 | p_adj=1.87e-179±0
2025-10-31 23:31:16,722 | 
Experiment complete: 36.2s
2025-10-31 23:31:16,722 | 
======================================================================
2025-10-31 23:31:16,722 | SAMPLE COMPLEXITY ANALYSIS: L ≳ C · (σ²/ε²) · log(1/δ)
2025-10-31 23:31:16,722 | ε=0.001: Target success not achieved
2025-10-31 23:31:16,722 | ε=0.002: Target success not achieved
2025-10-31 23:31:16,722 | ε=0.005: Minimum L ≈ 1024 for 95% success
2025-10-31 23:31:16,722 | ε=0.010: Target success not achieved
2025-10-31 23:31:16,722 | VERDICT: Inconclusive — not enough thresholds.
2025-10-31 23:31:16,722 | 
Generating figures...
2025-10-31 23:31:16,972 | Figure saved: ../../Figures/experiments/Tier6/T6D4/T6D4_protein_modes_FIXED.png
2025-10-31 23:31:16,972 | 
======================================================================
T6-D4 FIXED COMPLETE
======================================================================
2025-10-31 23:31:16,972 | ======================================================================
