2025-10-31 23:36:17,427 | ======================================================================
2025-10-31 23:36:17,427 | T6-D4 V3 FINAL: Hard task in operational L range
2025-10-31 23:36:17,427 | ======================================================================
2025-10-31 23:36:17,427 | Log file: ../../Data/Experiments/Tier6/T6D4/T6D4_v3_final_log_20251031_233617.log
2025-10-31 23:36:17,427 | V3 FINAL CONFIG:
2025-10-31 23:36:17,427 |   • L_values = (128, 256, 512, 1024) (operational range ≤1024)
2025-10-31 23:36:17,427 |   • mode_amplitude = 0.1 (HARD)
2025-10-31 23:36:17,427 |   • epsilon_values = [0.0005, 0.001, 0.002, 0.005, 0.01] (5 points)
2025-10-31 23:36:17,427 |   • phi_drift = 0.95, detrend_degree = 3
2025-10-31 23:36:17,427 |   • M_bases = 8, trials = 50
2025-10-31 23:36:17,427 | 
Starting experiment (V3 FINAL)…
2025-10-31 23:36:17,427 | L values: (128, 256, 512, 1024)
2025-10-31 23:36:17,427 | ε values: [0.0005 0.001  0.002  0.005  0.01  ]
2025-10-31 23:36:17,427 | VRA params: N=1009, r=252
2025-10-31 23:36:17,427 | Signal: ω=0.053, PM=0.1, σ=0.5, M=8, φ=0.95

2025-10-31 23:36:17,427 | ============================================================
Testing L=128
============================================================
2025-10-31 23:36:17,570 |   ε=0.0005: Success=4.00% | Err=0.0758±0.1111
2025-10-31 23:36:17,712 |   ε=0.0010: Success=10.00% | Err=0.1038±0.1435
2025-10-31 23:36:17,854 |   ε=0.0020: Success=10.00% | Err=0.1057±0.1306
2025-10-31 23:36:17,997 |   ε=0.0050: Success=22.00% | Err=0.0965±0.1254
2025-10-31 23:36:18,138 |   ε=0.0100: Success=24.00% | Err=0.0708±0.0902
2025-10-31 23:36:18,139 | ============================================================
Testing L=256
============================================================
2025-10-31 23:36:18,393 |   ε=0.0005: Success=24.00% | Err=0.0213±0.0661
2025-10-31 23:36:18,650 |   ε=0.0010: Success=26.00% | Err=0.0612±0.1074
2025-10-31 23:36:18,905 |   ε=0.0020: Success=60.00% | Err=0.0171±0.0454
2025-10-31 23:36:19,161 |   ε=0.0050: Success=38.00% | Err=0.0768±0.1232
2025-10-31 23:36:19,416 |   ε=0.0100: Success=52.00% | Err=0.0276±0.0753
2025-10-31 23:36:19,416 | ============================================================
Testing L=512
============================================================
2025-10-31 23:36:19,895 |   ε=0.0005: Success=92.00% | Err=0.0040±0.0131
2025-10-31 23:36:20,378 |   ε=0.0010: Success=90.00% | Err=0.0132±0.0556
2025-10-31 23:36:20,858 |   ε=0.0020: Success=100.00% | Err=0.0002±0.0001
2025-10-31 23:36:21,339 |   ε=0.0050: Success=84.00% | Err=0.0113±0.0380
2025-10-31 23:36:21,819 |   ε=0.0100: Success=94.00% | Err=0.0031±0.0116
2025-10-31 23:36:21,819 | ============================================================
Testing L=1024
============================================================
2025-10-31 23:36:22,739 |   ε=0.0005: Success=98.00% | Err=0.0011±0.0071
2025-10-31 23:36:23,667 |   ε=0.0010: Success=98.00% | Err=0.0011±0.0072
2025-10-31 23:36:24,589 |   ε=0.0020: Success=94.00% | Err=0.0032±0.0121
2025-10-31 23:36:25,516 |   ε=0.0050: Success=94.00% | Err=0.0032±0.0122
2025-10-31 23:36:26,439 |   ε=0.0100: Success=94.00% | Err=0.0032±0.0122
2025-10-31 23:36:26,439 | 
Experiment complete: 9.0s
2025-10-31 23:36:26,440 | 
======================================================================
2025-10-31 23:36:26,440 | SAMPLE COMPLEXITY ANALYSIS
2025-10-31 23:36:26,440 | ε=0.0005: L_min ≈ 1024 for 95% success
2025-10-31 23:36:26,440 | ε=0.0010: L_min ≈ 1024 for 95% success
2025-10-31 23:36:26,440 | ε=0.0020: L_min ≈ 512 for 95% success
2025-10-31 23:36:26,440 | ε=0.0050: Target not achieved
2025-10-31 23:36:26,440 | ε=0.0100: Target not achieved
2025-10-31 23:36:26,440 | 
Fit: log(L) = -0.500·log(ε) + 3.247
2025-10-31 23:36:26,440 | R² = 0.750, p-value = 0.333
2025-10-31 23:36:26,440 | ❌ FAIL — scaling inconsistent
2025-10-31 23:36:26,440 | 
Generating figures...
2025-10-31 23:36:26,835 | Figure saved: ../../Figures/experiments/Tier6/T6D4/T6D4_protein_modes_V3_FINAL.png
2025-10-31 23:36:26,835 | 
======================================================================
T6-D4 V3 FINAL COMPLETE
======================================================================
2025-10-31 23:36:26,835 | Slope = -0.500, R² = 0.750
2025-10-31 23:36:26,835 | Target: slope ≈ -2.0 ± 0.5, R² > 0.80
2025-10-31 23:36:26,835 | ❌ FINAL VERDICT: FAIL
2025-10-31 23:36:26,835 | ======================================================================
