2025-10-31 23:33:53,898 | ======================================================================
2025-10-31 23:33:53,899 | T6-D4 V2: OPTIMAL PARAMETERS FOR SAMPLE COMPLEXITY
2025-10-31 23:33:53,899 | ======================================================================
2025-10-31 23:33:53,899 | Log file: ../../Data/Experiments/Tier6/T6D4/T6D4_v2_log_20251031_233353.log
2025-10-31 23:33:53,899 | V2 OPTIMIZATIONS:
2025-10-31 23:33:53,899 |   • phi_drift = 0.95 (τ ≈ 20 samples)
2025-10-31 23:33:53,899 |   • detrend_degree = 3 (polynomial)
2025-10-31 23:33:53,899 |   • Complex-domain processing (no unwrap)
2025-10-31 23:33:53,899 |   • L_values = (256, 512, 1024, 4096) (removed L≥8192)
2025-10-31 23:33:53,899 |   • mode_amplitude = 0.16 (moderate)
2025-10-31 23:33:53,899 |   • M_bases = 8 (increased averaging)
2025-10-31 23:33:53,899 | 
Starting sample complexity experiment (V2 OPTIMAL)…
2025-10-31 23:33:53,899 | L values: (256, 512, 1024, 4096)
2025-10-31 23:33:53,899 | ε values: [0.001 0.002 0.005 0.01 ]
2025-10-31 23:33:53,899 | Trials: 50
2025-10-31 23:33:53,899 | VRA params: N=1009, r=252
2025-10-31 23:33:53,899 | Signal: ω=0.053, PM=0.16, σ=0.5, M=8, φ=0.95
2025-10-31 23:33:53,899 | Detector: FFT-GLRT (V2: poly deg=3, complex); α=0.050
2025-10-31 23:33:53,899 | 
============================================================
Testing L=256
============================================================
2025-10-31 23:33:54,158 |   ε=0.001: Success=88.00% | Err=0.0006±0.0003 | p_adj=0.00016±0.000529
2025-10-31 23:33:54,424 |   ε=0.002: Success=100.00% | Err=0.0006±0.0003 | p_adj=0.000826±0.00536
2025-10-31 23:33:54,682 |   ε=0.005: Success=100.00% | Err=0.0005±0.0003 | p_adj=0.000355±0.00118
2025-10-31 23:33:54,940 |   ε=0.010: Success=98.00% | Err=0.0015±0.0062 | p_adj=0.000109±0.000413
2025-10-31 23:33:54,941 | 
============================================================
Testing L=512
============================================================
2025-10-31 23:33:55,428 |   ε=0.001: Success=100.00% | Err=0.0001±0.0001 | p_adj=2e-15±1.31e-14
2025-10-31 23:33:55,915 |   ε=0.002: Success=100.00% | Err=0.0001±0.0001 | p_adj=1.02e-15±6.79e-15
2025-10-31 23:33:56,399 |   ε=0.005: Success=94.00% | Err=0.0031±0.0116 | p_adj=2.57e-14±1.6e-13
2025-10-31 23:33:56,883 |   ε=0.010: Success=96.00% | Err=0.0021±0.0096 | p_adj=1.64e-14±1.13e-13
2025-10-31 23:33:56,883 | 
============================================================
Testing L=1024
============================================================
2025-10-31 23:33:57,818 |   ε=0.001: Success=98.00% | Err=0.0011±0.0071 | p_adj=1.82e-34±1.27e-33
2025-10-31 23:33:58,755 |   ε=0.002: Success=98.00% | Err=0.0011±0.0071 | p_adj=1.44e-31±1.01e-30
2025-10-31 23:33:59,690 |   ε=0.005: Success=100.00% | Err=0.0001±0.0000 | p_adj=6.35e-37±3.95e-36
2025-10-31 23:34:00,624 |   ε=0.010: Success=100.00% | Err=0.0001±0.0000 | p_adj=5.36e-31±3.75e-30
2025-10-31 23:34:00,624 | 
============================================================
Testing L=4096
============================================================
2025-10-31 23:34:04,261 |   ε=0.001: Success=84.00% | Err=0.0084±0.0192 | p_adj=4.49e-192±0
2025-10-31 23:34:07,900 |   ε=0.002: Success=90.00% | Err=0.0053±0.0157 | p_adj=3.81e-190±0
2025-10-31 23:34:11,538 |   ε=0.005: Success=82.00% | Err=0.0094±0.0201 | p_adj=1.33e-186±0
2025-10-31 23:34:15,171 |   ε=0.010: Success=86.00% | Err=0.0074±0.0182 | p_adj=1.59e-176±0
2025-10-31 23:34:15,171 | 
Experiment complete: 21.3s
2025-10-31 23:34:15,171 | 
======================================================================
2025-10-31 23:34:15,171 | SAMPLE COMPLEXITY ANALYSIS: L ≳ C · (σ²/ε²) · log(1/δ)
2025-10-31 23:34:15,171 | ε=0.001: Minimum L ≈ 512 for 95% success
2025-10-31 23:34:15,171 | ε=0.002: Minimum L ≈ 256 for 95% success
2025-10-31 23:34:15,171 | ε=0.005: Minimum L ≈ 256 for 95% success
2025-10-31 23:34:15,171 | ε=0.010: Minimum L ≈ 256 for 95% success
2025-10-31 23:34:15,172 | Fit: log(L) = -0.260·log(ε) + 4.222  (R²=0.576, p=0.241)
2025-10-31 23:34:15,172 | ❌ FAIL — scaling inconsistent with theory
2025-10-31 23:34:15,172 | 
Generating figures...
2025-10-31 23:34:15,548 | Figure saved: ../../Figures/experiments/Tier6/T6D4/T6D4_protein_modes_V2_OPTIMAL.png
2025-10-31 23:34:15,548 | 
======================================================================
T6-D4 V2 COMPLETE
======================================================================
2025-10-31 23:34:15,548 | Slope=-0.260, R²=0.576, p=0.24136426280656256
2025-10-31 23:34:15,548 | Target: slope ≈ -2.0 ± 0.5, R² > 0.80 for PASS
2025-10-31 23:34:15,548 | ⚠️ VERDICT: See analysis above
2025-10-31 23:34:15,548 | ======================================================================
