2025-10-31 21:56:50,356 | ======================================================================
2025-10-31 21:56:50,356 | T6-D4: Protein Normal Mode Detection - Sample Complexity
2025-10-31 21:56:50,356 | ======================================================================
2025-10-31 21:56:50,356 | Log file: ../../Data/Experiments/Tier6/T6D4/T6D4_log_20251031_215650.log
2025-10-31 21:56:50,356 | 
2025-10-31 21:56:50,356 | Starting sample complexity experiment...
2025-10-31 21:56:50,356 | L values: [256, 1024, 4096, 16384, 32768]
2025-10-31 21:56:50,356 | ε values: [0.001 0.002 0.005 0.01 ]
2025-10-31 21:56:50,356 | Confidence: 95.0%
2025-10-31 21:56:50,356 | Trials: 50
2025-10-31 21:56:50,356 | 
2025-10-31 21:56:50,356 | VRA parameters: N=1009, r=252 (ρ=0.2498)
2025-10-31 21:56:50,356 | Signal: ω=0.053 (normalized), A=0.15, σ=0.45
2025-10-31 21:56:50,356 | Modulation: PM (phase modulation) + AR(1) drift
2025-10-31 21:56:50,356 | 
============================================================
2025-10-31 21:56:50,356 | Testing L = 256
2025-10-31 21:56:50,356 | ============================================================
2025-10-31 21:56:50,446 |   ε=0.001: Success = 4.00% | Error = 0.0091 ± 0.0039 | ETA: 0.0m
2025-10-31 21:56:50,536 |   ε=0.002: Success = 10.00% | Error = 0.0091 ± 0.0039 | ETA: 0.0m
2025-10-31 21:56:50,626 |   ε=0.005: Success = 18.00% | Error = 0.0091 ± 0.0039 | ETA: 0.0m
2025-10-31 21:56:50,715 |   ε=0.010: Success = 48.00% | Error = 0.0091 ± 0.0039 | ETA: 0.0m
2025-10-31 21:56:50,715 | 
============================================================
2025-10-31 21:56:50,715 | Testing L = 1024
2025-10-31 21:56:50,715 | ============================================================
2025-10-31 21:56:51,052 |   ε=0.001: Success = 0.00% | Error = 0.0017 ± 0.0006 | ETA: 0.0m
2025-10-31 21:56:51,389 |   ε=0.002: Success = 72.00% | Error = 0.0017 ± 0.0006 | ETA: 0.0m
2025-10-31 21:56:51,726 |   ε=0.005: Success = 100.00% | Error = 0.0017 ± 0.0006 | ETA: 0.0m
2025-10-31 21:56:52,063 |   ε=0.010: Success = 100.00% | Error = 0.0017 ± 0.0006 | ETA: 0.0m
2025-10-31 21:56:52,063 | 
============================================================
2025-10-31 21:56:52,063 | Testing L = 4096
2025-10-31 21:56:52,063 | ============================================================
2025-10-31 21:56:53,392 |   ε=0.001: Success = 100.00% | Error = 0.0004 ± 0.0003 | ETA: 0.1m
2025-10-31 21:56:54,719 |   ε=0.002: Success = 100.00% | Error = 0.0004 ± 0.0003 | ETA: 0.1m
2025-10-31 21:56:56,052 |   ε=0.005: Success = 100.00% | Error = 0.0004 ± 0.0003 | ETA: 0.1m
2025-10-31 21:56:57,383 |   ε=0.010: Success = 100.00% | Error = 0.0004 ± 0.0003 | ETA: 0.1m
2025-10-31 21:56:57,383 | 
============================================================
2025-10-31 21:56:57,383 | Testing L = 16384
2025-10-31 21:56:57,383 | ============================================================
2025-10-31 21:57:02,697 |   ε=0.001: Success = 100.00% | Error = 0.0001 ± 0.0001 | ETA: 0.1m
2025-10-31 21:57:07,993 |   ε=0.002: Success = 100.00% | Error = 0.0001 ± 0.0001 | ETA: 0.1m
2025-10-31 21:57:13,304 |   ε=0.005: Success = 100.00% | Error = 0.0001 ± 0.0001 | ETA: 0.1m
2025-10-31 21:57:18,629 |   ε=0.010: Success = 100.00% | Error = 0.0001 ± 0.0001 | ETA: 0.1m
2025-10-31 21:57:18,629 | 
============================================================
2025-10-31 21:57:18,629 | Testing L = 32768
2025-10-31 21:57:18,629 | ============================================================
2025-10-31 21:57:29,231 |   ε=0.001: Success = 100.00% | Error = 0.0000 ± 0.0000 | ETA: 0.1m
2025-10-31 21:57:39,830 |   ε=0.002: Success = 100.00% | Error = 0.0000 ± 0.0000 | ETA: 0.1m
2025-10-31 21:57:50,430 |   ε=0.005: Success = 100.00% | Error = 0.0000 ± 0.0000 | ETA: 0.1m
2025-10-31 21:58:01,092 |   ε=0.010: Success = 100.00% | Error = 0.0000 ± 0.0000 | ETA: 0.0m
2025-10-31 21:58:01,092 | 
Experiment complete: 70.7s (1.2m)
2025-10-31 21:58:01,093 | 
Data saved: ../../Data/Experiments/Tier6/T6D4/T6D4_results.json
2025-10-31 21:58:01,093 | 
2025-10-31 21:58:01,093 | ======================================================================
2025-10-31 21:58:01,093 | SAMPLE COMPLEXITY ANALYSIS: L ≳ C · (σ²/ε²) · log(1/δ)
2025-10-31 21:58:01,093 | ======================================================================
2025-10-31 21:58:01,093 | ε=0.001: Minimum L ≈ 4096 for 95% success
2025-10-31 21:58:01,093 | ε=0.002: Minimum L ≈ 4096 for 95% success
2025-10-31 21:58:01,093 | ε=0.005: Minimum L ≈ 1024 for 95% success
2025-10-31 21:58:01,093 | ε=0.010: Minimum L ≈ 1024 for 95% success
2025-10-31 21:58:01,093 | 
2025-10-31 21:58:01,093 | Fit: log(L) = -0.727·log(ε) + 3.442
2025-10-31 21:58:01,093 |   R² = 0.8435, p = 8.16e-02
2025-10-31 21:58:01,093 |   Expected slope: -2.0 (from 1/ε² scaling)
2025-10-31 21:58:01,093 | 
VERDICT: FAIL — No consistent scaling
2025-10-31 21:58:01,093 | 
2025-10-31 21:58:01,093 | Generating figures...
2025-10-31 21:58:01,505 | Figure saved: ../../Figures/experiments/Tier6/T6D4/T6D4_protein_modes.png
2025-10-31 21:58:01,505 | 
2025-10-31 21:58:01,505 | ======================================================================
2025-10-31 21:58:01,505 | T6-D4 COMPLETE
2025-10-31 21:58:01,505 | ======================================================================
2025-10-31 21:58:01,505 | Total runtime: 70.7s (1.2m)
2025-10-31 21:58:01,505 | Configurations tested: 20
2025-10-31 21:58:01,505 | Hypothesis: L ≳ C · (σ²/ε²) · log(1/δ)
2025-10-31 21:58:01,505 | Observed scaling: L ∝ ε^-0.727
2025-10-31 21:58:01,505 | Fit quality: R² = 0.8435
2025-10-31 21:58:01,505 | VERDICT: FAIL — No consistent scaling
2025-10-31 21:58:01,505 | ======================================================================
