2025-10-31 21:30:49,764 | ======================================================================
2025-10-31 21:30:49,764 | T6-D4: Protein Normal Mode Detection - Sample Complexity
2025-10-31 21:30:49,764 | ======================================================================
2025-10-31 21:30:49,764 | Log file: ../../Data/Experiments/Tier6/T6D4/T6D4_log_20251031_213049.log
2025-10-31 21:30:49,764 | 
2025-10-31 21:30:49,764 | Starting sample complexity experiment...
2025-10-31 21:30:49,764 | L values: [256, 1024, 4096, 16384, 32768]
2025-10-31 21:30:49,764 | ε values: [0.02 0.05 0.1  0.2 ]
2025-10-31 21:30:49,765 | Confidence: 95.0%
2025-10-31 21:30:49,765 | Trials: 50
2025-10-31 21:30:49,765 | 
2025-10-31 21:30:49,765 | VRA parameters: N=1009, r=252 (ρ=0.2498)
2025-10-31 21:30:49,765 | Signal: ω=0.05 (normalized), A=1.0, σ=0.2
2025-10-31 21:30:49,765 | Modulation: PM
2025-10-31 21:30:49,765 | 
============================================================
2025-10-31 21:30:49,765 | Testing L = 256
2025-10-31 21:30:49,765 | ============================================================
2025-10-31 21:30:50,048 |   ε=0.020: Success = 8.00% | Error = 0.1861 ± 0.1407 | ETA: 0.1m
2025-10-31 21:30:50,331 |   ε=0.050: Success = 40.00% | Error = 0.1861 ± 0.1407 | ETA: 0.1m
2025-10-31 21:30:50,613 |   ε=0.100: Success = 40.00% | Error = 0.1861 ± 0.1407 | ETA: 0.1m
2025-10-31 21:30:50,896 |   ε=0.200: Success = 42.00% | Error = 0.1861 ± 0.1407 | ETA: 0.1m
2025-10-31 21:30:50,896 | 
============================================================
2025-10-31 21:30:50,896 | Testing L = 1024
2025-10-31 21:30:50,896 | ============================================================
2025-10-31 21:30:51,943 |   ε=0.020: Success = 20.00% | Error = 0.1506 ± 0.1429 | ETA: 0.1m
2025-10-31 21:30:52,987 |   ε=0.050: Success = 44.00% | Error = 0.1506 ± 0.1429 | ETA: 0.1m
2025-10-31 21:30:54,033 |   ε=0.100: Success = 50.00% | Error = 0.1506 ± 0.1429 | ETA: 0.1m
2025-10-31 21:30:55,080 |   ε=0.200: Success = 66.00% | Error = 0.1506 ± 0.1429 | ETA: 0.1m
2025-10-31 21:30:55,080 | 
============================================================
2025-10-31 21:30:55,080 | Testing L = 4096
2025-10-31 21:30:55,080 | ============================================================
2025-10-31 21:30:59,164 |   ε=0.020: Success = 12.00% | Error = 0.1419 ± 0.1247 | ETA: 0.2m
2025-10-31 21:31:03,255 |   ε=0.050: Success = 44.00% | Error = 0.1419 ± 0.1247 | ETA: 0.2m
2025-10-31 21:31:07,352 |   ε=0.100: Success = 48.00% | Error = 0.1419 ± 0.1247 | ETA: 0.2m
2025-10-31 21:31:11,445 |   ε=0.200: Success = 64.00% | Error = 0.1419 ± 0.1247 | ETA: 0.2m
2025-10-31 21:31:11,445 | 
============================================================
2025-10-31 21:31:11,445 | Testing L = 16384
2025-10-31 21:31:11,445 | ============================================================
2025-10-31 21:31:27,785 |   ε=0.020: Success = 10.00% | Error = 0.1568 ± 0.1345 | ETA: 0.3m
2025-10-31 21:31:44,121 |   ε=0.050: Success = 50.00% | Error = 0.1568 ± 0.1345 | ETA: 0.4m
2025-10-31 21:32:00,483 |   ε=0.100: Success = 50.00% | Error = 0.1568 ± 0.1345 | ETA: 0.4m
2025-10-31 21:32:16,799 |   ε=0.200: Success = 52.00% | Error = 0.1568 ± 0.1345 | ETA: 0.4m
2025-10-31 21:32:16,799 | 
============================================================
2025-10-31 21:32:16,799 | Testing L = 32768
2025-10-31 21:32:16,799 | ============================================================
2025-10-31 21:32:49,491 |   ε=0.020: Success = 2.00% | Error = 0.1857 ± 0.1237 | ETA: 0.4m
2025-10-31 21:33:22,242 |   ε=0.050: Success = 26.00% | Error = 0.1857 ± 0.1237 | ETA: 0.3m
2025-10-31 21:33:54,931 |   ε=0.100: Success = 36.00% | Error = 0.1857 ± 0.1237 | ETA: 0.2m
2025-10-31 21:34:27,778 |   ε=0.200: Success = 46.00% | Error = 0.1857 ± 0.1237 | ETA: 0.0m
2025-10-31 21:34:27,779 | 
Experiment complete: 218.0s (3.6m)
2025-10-31 21:34:27,781 | 
Data saved: ../../Data/Experiments/Tier6/T6D4/T6D4_results.json
2025-10-31 21:34:27,781 | 
2025-10-31 21:34:27,781 | ======================================================================
2025-10-31 21:34:27,781 | SAMPLE COMPLEXITY ANALYSIS: L ≳ C · (σ²/ε²) · log(1/δ)
2025-10-31 21:34:27,781 | ======================================================================
2025-10-31 21:34:27,781 | ε=0.020: Target success rate not achieved
2025-10-31 21:34:27,781 | ε=0.050: Target success rate not achieved
2025-10-31 21:34:27,781 | ε=0.100: Target success rate not achieved
2025-10-31 21:34:27,781 | ε=0.200: Target success rate not achieved
2025-10-31 21:34:27,781 | 
VERDICT: INCONCLUSIVE — Insufficient threshold data
2025-10-31 21:34:27,781 | 
2025-10-31 21:34:27,781 | Generating figures...
2025-10-31 21:34:28,045 | Figure saved: ../../Figures/experiments/Tier6/T6D4/T6D4_protein_modes.png
2025-10-31 21:34:28,045 | 
2025-10-31 21:34:28,045 | ======================================================================
2025-10-31 21:34:28,045 | T6-D4 COMPLETE
2025-10-31 21:34:28,045 | ======================================================================
2025-10-31 21:34:28,045 | Total runtime: 218.0s (3.6m)
2025-10-31 21:34:28,045 | Configurations tested: 20
2025-10-31 21:34:28,045 | Hypothesis: L ≳ C · (σ²/ε²) · log(1/δ)
2025-10-31 21:34:28,045 | VERDICT: INCONCLUSIVE
2025-10-31 21:34:28,045 | ======================================================================
