2025-10-31 22:08:49,713 | ======================================================================
2025-10-31 22:08:49,713 | T6-D4: Protein Normal Mode Detection - Sample Complexity (Stable Fix)
2025-10-31 22:08:49,713 | ======================================================================
2025-10-31 22:08:49,713 | Log file: ../../Data/Experiments/Tier6/T6D4/T6D4_log_20251031_220849.log
2025-10-31 22:08:49,713 | 
Starting sample complexity experiment...
2025-10-31 22:08:49,713 | L values: [256, 1024, 4096, 16384, 32768]
2025-10-31 22:08:49,713 | ε values: [0.001 0.002 0.005 0.01 ]
2025-10-31 22:08:49,713 | Trials: 50
2025-10-31 22:08:49,713 | VRA params: N=1009, r=252
2025-10-31 22:08:49,713 | Signal: ω=0.053, PM=0.5, AM=0.3, σ=0.2
2025-10-31 22:08:49,713 | 
============================================================
Testing L=256
============================================================
2025-10-31 22:08:50,223 |   ε=0.001: Success=0.00% | Err=0.0016±0.0000 | SNR=35.7±0.0 dB
2025-10-31 22:08:50,730 |   ε=0.002: Success=100.00% | Err=0.0016±0.0000 | SNR=35.7±0.0 dB
2025-10-31 22:08:51,239 |   ε=0.005: Success=100.00% | Err=0.0016±0.0000 | SNR=35.7±0.0 dB
2025-10-31 22:08:51,747 |   ε=0.010: Success=100.00% | Err=0.0016±0.0000 | SNR=35.7±0.0 dB
2025-10-31 22:08:51,747 | 
============================================================
Testing L=1024
============================================================
2025-10-31 22:08:53,539 |   ε=0.001: Success=100.00% | Err=0.0003±0.0000 | SNR=41.5±0.0 dB
2025-10-31 22:08:55,335 |   ε=0.002: Success=100.00% | Err=0.0003±0.0000 | SNR=41.5±0.0 dB
2025-10-31 22:08:57,128 |   ε=0.005: Success=100.00% | Err=0.0003±0.0000 | SNR=41.5±0.0 dB
2025-10-31 22:08:58,921 |   ε=0.010: Success=100.00% | Err=0.0003±0.0000 | SNR=41.5±0.0 dB
2025-10-31 22:08:58,921 | 
============================================================
Testing L=4096
============================================================
2025-10-31 22:09:05,837 |   ε=0.001: Success=100.00% | Err=0.0001±0.0000 | SNR=59.6±0.0 dB
2025-10-31 22:09:12,759 |   ε=0.002: Success=100.00% | Err=0.0001±0.0000 | SNR=59.6±0.0 dB
2025-10-31 22:09:19,673 |   ε=0.005: Success=100.00% | Err=0.0001±0.0000 | SNR=59.6±0.0 dB
2025-10-31 22:09:26,580 |   ε=0.010: Success=100.00% | Err=0.0001±0.0000 | SNR=59.6±0.0 dB
2025-10-31 22:09:26,580 | 
============================================================
Testing L=16384
============================================================
2025-10-31 22:09:54,039 |   ε=0.001: Success=100.00% | Err=0.0000±0.0000 | SNR=100.6±0.0 dB
2025-10-31 22:10:21,457 |   ε=0.002: Success=100.00% | Err=0.0000±0.0000 | SNR=100.6±0.0 dB
2025-10-31 22:10:48,895 |   ε=0.005: Success=100.00% | Err=0.0000±0.0000 | SNR=100.6±0.0 dB
2025-10-31 22:11:16,313 |   ε=0.010: Success=100.00% | Err=0.0000±0.0000 | SNR=100.6±0.0 dB
2025-10-31 22:11:16,313 | 
============================================================
Testing L=32768
============================================================
2025-10-31 22:12:11,192 |   ε=0.001: Success=100.00% | Err=0.0000±0.0000 | SNR=112.6±0.0 dB
2025-10-31 22:13:06,081 |   ε=0.002: Success=100.00% | Err=0.0000±0.0000 | SNR=112.6±0.0 dB
2025-10-31 22:14:00,953 |   ε=0.005: Success=100.00% | Err=0.0000±0.0000 | SNR=112.6±0.0 dB
2025-10-31 22:14:55,714 |   ε=0.010: Success=100.00% | Err=0.0000±0.0000 | SNR=112.6±0.0 dB
2025-10-31 22:14:55,714 | 
Experiment complete: 366.0s
2025-10-31 22:14:55,716 | 
======================================================================
2025-10-31 22:14:55,716 | SAMPLE COMPLEXITY ANALYSIS
2025-10-31 22:14:55,717 | Fit: log(L)=-0.520·log(ε)+2.900  R²=0.576
2025-10-31 22:14:55,717 | FAIL — no scaling
2025-10-31 22:14:55,717 | 
Generating figures...
2025-10-31 22:14:56,055 | Figure saved: ../../Figures/experiments/Tier6/T6D4/T6D4_protein_modes.png
2025-10-31 22:14:56,055 | 
======================================================================
T6-D4 COMPLETE
======================================================================
2025-10-31 22:14:56,055 | Slope=-0.520, R²=0.576
2025-10-31 22:14:56,055 | ======================================================================
