2025-10-31 22:39:38,331 | ======================================================================
2025-10-31 22:39:38,331 | T6-D4: GLRT (carrier-cancel + AR(1) prewhitening, no hand-tuning)
2025-10-31 22:39:38,331 | ======================================================================
2025-10-31 22:39:38,331 | Log file: ../../Data/Experiments/Tier6/T6D4/T6D4_log_20251031_223938.log
2025-10-31 22:39:38,331 | 
Starting sample complexity experiment (GLRT)…
2025-10-31 22:39:38,331 | L values: (256, 1024, 4096, 16384, 32768)
2025-10-31 22:39:38,331 | ε values: [0.001 0.002 0.005 0.01 ]
2025-10-31 22:39:38,331 | Trials: 50
2025-10-31 22:39:38,331 | VRA params: N=1009, r=252
2025-10-31 22:39:38,331 | Signal: ω=0.053, PM=0.2, σ=0.5, M=6, φ=0.992
2025-10-31 22:39:38,331 | Detector: GLRT with AR(1) prewhitening; overall α=0.050 (Bonferroni-corrected)
2025-10-31 22:39:38,331 | 
============================================================
Testing L=256
============================================================
2025-10-31 22:39:57,810 |   ε=0.001: Success=30.00% | Err=0.0059±0.0152 | p_adj=0.592±0.472
2025-10-31 22:40:17,557 |   ε=0.002: Success=24.00% | Err=0.0002±0.0003 | p_adj=0.679±0.44
2025-10-31 22:40:37,124 |   ε=0.005: Success=36.00% | Err=0.0003±0.0002 | p_adj=0.531±0.461
2025-10-31 22:40:56,502 |   ε=0.010: Success=36.00% | Err=0.0012±0.0037 | p_adj=0.573±0.471
2025-10-31 22:40:56,503 | 
============================================================
Testing L=1024
============================================================
2025-10-31 23:01:00,210 |   ε=0.001: Success=62.00% | Err=0.0060±0.0165 | p_adj=0.281±0.443
