2025-11-03 17:21:03,305 | ======================================================================
2025-11-03 17:21:03,305 | T6-C2 FIXED: Differentiable VRA Layer - Generalization Bound
2025-11-03 17:21:03,305 | ======================================================================
2025-11-03 17:21:03,305 | Log file: ../Data/T6C2_fixed_log_20251103_172103.log
2025-11-03 17:21:03,305 | 
2025-11-03 17:21:03,305 | Starting margin preservation experiment...
2025-11-03 17:21:03,305 | ε values: [0.   0.01 0.02 0.05 0.1  0.2  0.5 ]
2025-11-03 17:21:03,305 | Trials: 30
2025-11-03 17:21:03,305 | Samples: train=1000, test=500
2025-11-03 17:21:03,305 | 
2025-11-03 17:21:03,305 | VRA layer: N=257, r=64 (ρ=0.2490)
2025-11-03 17:21:03,305 | 
============================================================
2025-11-03 17:21:03,305 | Testing ε = 0.000
2025-11-03 17:21:03,305 | ============================================================
2025-11-03 17:21:03,564 |   Trial 1/30 | Margin: base=6.5204, vra=7.0926 | Acc: base=1.000, vra=1.000 | ETA: 0.0m
2025-11-03 17:21:06,161 |   Trial 11/30 | Margin: base=6.5119, vra=7.0907 | Acc: base=1.000, vra=1.000 | ETA: 0.8m
2025-11-03 17:21:08,791 |   Trial 21/30 | Margin: base=6.5101, vra=7.1042 | Acc: base=1.000, vra=1.000 | ETA: 0.8m
2025-11-03 17:21:11,210 | 
============================================================
2025-11-03 17:21:11,210 | Testing ε = 0.010
2025-11-03 17:21:11,210 | ============================================================
2025-11-03 17:21:11,490 |   Trial 1/30 | Margin: base=6.5204, vra=7.0956 | Acc: base=1.000, vra=1.000 | ETA: 0.8m
2025-11-03 17:21:14,176 |   Trial 11/30 | Margin: base=6.5119, vra=7.0922 | Acc: base=1.000, vra=1.000 | ETA: 0.7m
2025-11-03 17:21:16,840 |   Trial 21/30 | Margin: base=6.5101, vra=7.1042 | Acc: base=1.000, vra=1.000 | ETA: 0.7m
2025-11-03 17:21:19,388 | 
============================================================
2025-11-03 17:21:19,388 | Testing ε = 0.020
2025-11-03 17:21:19,388 | ============================================================
2025-11-03 17:21:19,706 |   Trial 1/30 | Margin: base=6.5204, vra=7.0961 | Acc: base=1.000, vra=1.000 | ETA: 0.7m
2025-11-03 17:21:22,783 |   Trial 11/30 | Margin: base=6.5119, vra=7.0913 | Acc: base=1.000, vra=1.000 | ETA: 0.6m
2025-11-03 17:21:26,000 |   Trial 21/30 | Margin: base=6.5101, vra=7.1020 | Acc: base=1.000, vra=1.000 | ETA: 0.6m
2025-11-03 17:21:28,506 | 
============================================================
2025-11-03 17:21:28,506 | Testing ε = 0.050
2025-11-03 17:21:28,506 | ============================================================
2025-11-03 17:21:28,773 |   Trial 1/30 | Margin: base=6.5204, vra=7.0959 | Acc: base=1.000, vra=1.000 | ETA: 0.5m
2025-11-03 17:21:31,426 |   Trial 11/30 | Margin: base=6.5119, vra=7.0941 | Acc: base=1.000, vra=1.000 | ETA: 0.5m
2025-11-03 17:21:34,128 |   Trial 21/30 | Margin: base=6.5101, vra=7.1023 | Acc: base=1.000, vra=1.000 | ETA: 0.5m
2025-11-03 17:21:36,572 | 
============================================================
2025-11-03 17:21:36,572 | Testing ε = 0.100
2025-11-03 17:21:36,572 | ============================================================
2025-11-03 17:21:36,827 |   Trial 1/30 | Margin: base=6.5204, vra=7.0952 | Acc: base=1.000, vra=1.000 | ETA: 0.4m
2025-11-03 17:21:39,483 |   Trial 11/30 | Margin: base=6.5119, vra=7.1010 | Acc: base=1.000, vra=1.000 | ETA: 0.4m
2025-11-03 17:21:42,155 |   Trial 21/30 | Margin: base=6.5101, vra=7.1004 | Acc: base=1.000, vra=1.000 | ETA: 0.3m
2025-11-03 17:21:44,573 | 
============================================================
2025-11-03 17:21:44,573 | Testing ε = 0.200
2025-11-03 17:21:44,573 | ============================================================
2025-11-03 17:21:44,840 |   Trial 1/30 | Margin: base=6.5205, vra=7.0992 | Acc: base=1.000, vra=1.000 | ETA: 0.3m
2025-11-03 17:21:47,556 |   Trial 11/30 | Margin: base=6.5119, vra=7.1044 | Acc: base=1.000, vra=1.000 | ETA: 0.2m
2025-11-03 17:21:50,232 |   Trial 21/30 | Margin: base=6.5102, vra=7.0974 | Acc: base=1.000, vra=1.000 | ETA: 0.2m
2025-11-03 17:21:52,575 | 
============================================================
2025-11-03 17:21:52,576 | Testing ε = 0.500
2025-11-03 17:21:52,576 | ============================================================
2025-11-03 17:21:52,863 |   Trial 1/30 | Margin: base=6.5205, vra=7.1158 | Acc: base=1.000, vra=1.000 | ETA: 0.1m
2025-11-03 17:21:55,526 |   Trial 11/30 | Margin: base=6.5118, vra=7.1088 | Acc: base=1.000, vra=1.000 | ETA: 0.1m
2025-11-03 17:21:58,181 |   Trial 21/30 | Margin: base=6.5103, vra=7.0991 | Acc: base=1.000, vra=1.000 | ETA: 0.0m
2025-11-03 17:22:00,574 | 
Experiment complete: 57.3s (1.0m)
2025-11-03 17:22:00,575 | 
Data saved: ../Data/T6C2_fixed_results.json
2025-11-03 17:22:00,575 | 
2025-11-03 17:22:00,575 | ======================================================================
2025-11-03 17:22:00,575 | MARGIN BOUND ANALYSIS
2025-11-03 17:22:00,575 | ======================================================================
2025-11-03 17:22:00,575 | ε=0.000: Δmargin = -0.5814 ± 0.0092
2025-11-03 17:22:00,575 | ε=0.010: Δmargin = -0.5822 ± 0.0094
2025-11-03 17:22:00,575 | ε=0.020: Δmargin = -0.5819 ± 0.0098
2025-11-03 17:22:00,575 | ε=0.050: Δmargin = -0.5830 ± 0.0112
2025-11-03 17:22:00,575 | ε=0.100: Δmargin = -0.5829 ± 0.0120
2025-11-03 17:22:00,575 | ε=0.200: Δmargin = -0.5834 ± 0.0106
2025-11-03 17:22:00,576 | ε=0.500: Δmargin = -0.5823 ± 0.0123
2025-11-03 17:22:00,576 | 
2025-11-03 17:22:00,576 | Linear fit: Δmargin = -0.0009·ε + -0.5823
2025-11-03 17:22:00,576 | R² = 0.0536, p = 6.1753e-01
2025-11-03 17:22:00,576 | Slope C = -0.0009 ± 0.0017
2025-11-03 17:22:00,576 | 
2025-11-03 17:22:00,576 | VERDICT: PASS - VRA preserves margin well under spectral shift
2025-11-03 17:22:00,576 | 
2025-11-03 17:22:00,576 | Generating figures...
2025-11-03 17:22:00,830 | 
Figure saved: ../Figures/T6C2_fixed_margin_preservation.png
2025-11-03 17:22:00,830 | 
2025-11-03 17:22:00,830 | ======================================================================
2025-11-03 17:22:00,830 | T6-C2 FIXED COMPLETE
2025-11-03 17:22:00,830 | ======================================================================
2025-11-03 17:22:00,830 | Hypothesis: Margin_VRA ≥ Margin_baseline - C·ε
2025-11-03 17:22:00,830 | VERDICT: PASS - VRA preserves margin well under spectral shift
2025-11-03 17:22:00,830 | ======================================================================
