2025-11-03 16:02:52,259 | ======================================================================
2025-11-03 16:02:52,259 | T6-C2: Differentiable VRA Layer - Generalization Bound
2025-11-03 16:02:52,259 | ======================================================================
2025-11-03 16:02:52,259 | Log file: ../Data/T6C2_log_20251103_160252.log
2025-11-03 16:02:52,259 | 
2025-11-03 16:02:52,259 | Starting margin preservation experiment...
2025-11-03 16:02:52,260 | ε values: [0.   0.01 0.02 0.05 0.1  0.2  0.5 ]
2025-11-03 16:02:52,260 | Trials: 30
2025-11-03 16:02:52,260 | Samples: train=1000, test=500
2025-11-03 16:02:52,260 | 
2025-11-03 16:02:52,260 | VRA layer: N=257, r=64 (ρ=0.2490)
2025-11-03 16:02:52,260 | 
============================================================
2025-11-03 16:02:52,260 | Testing ε = 0.000
2025-11-03 16:02:52,260 | ============================================================
2025-11-03 16:02:52,729 |   Trial 1/30 | Margin: base=8.6269, vra=0.2683 | Acc: base=1.000, vra=0.642 | ETA: 0.0m
2025-11-03 16:02:57,596 |   Trial 11/30 | Margin: base=8.6170, vra=0.1779 | Acc: base=1.000, vra=0.614 | ETA: 1.5m
2025-11-03 16:03:02,261 |   Trial 21/30 | Margin: base=8.6232, vra=0.4909 | Acc: base=1.000, vra=0.694 | ETA: 1.4m
2025-11-03 16:03:06,614 |   Trial 30/30 | Margin: base=8.6092, vra=0.2368 | Acc: base=1.000, vra=0.626 | ETA: 1.4m
2025-11-03 16:03:06,614 | 
ε=0.000 Summary:
2025-11-03 16:03:06,614 |   Margin_baseline: 8.6212 ± 0.0056
2025-11-03 16:03:06,614 |   Margin_VRA:      0.9272 ± 1.1987
2025-11-03 16:03:06,614 |   Degradation:     +7.6940
2025-11-03 16:03:06,614 |   Acc_baseline:    1.000
2025-11-03 16:03:06,614 |   Acc_VRA:         0.696
2025-11-03 16:03:06,614 | 
============================================================
2025-11-03 16:03:06,614 | Testing ε = 0.010
2025-11-03 16:03:06,614 | ============================================================
2025-11-03 16:03:07,107 |   Trial 1/30 | Margin: base=8.6269, vra=0.2683 | Acc: base=1.000, vra=0.642 | ETA: 1.4m
2025-11-03 16:03:11,951 |   Trial 11/30 | Margin: base=8.6170, vra=0.1779 | Acc: base=1.000, vra=0.614 | ETA: 1.3m
2025-11-03 16:03:16,762 |   Trial 21/30 | Margin: base=8.6232, vra=0.4909 | Acc: base=1.000, vra=0.694 | ETA: 1.2m
2025-11-03 16:03:21,173 |   Trial 30/30 | Margin: base=8.6092, vra=0.2368 | Acc: base=1.000, vra=0.626 | ETA: 1.2m
2025-11-03 16:03:21,174 | 
ε=0.010 Summary:
2025-11-03 16:03:21,174 |   Margin_baseline: 8.6212 ± 0.0056
2025-11-03 16:03:21,174 |   Margin_VRA:      0.9272 ± 1.1987
2025-11-03 16:03:21,174 |   Degradation:     +7.6940
2025-11-03 16:03:21,174 |   Acc_baseline:    1.000
2025-11-03 16:03:21,174 |   Acc_VRA:         0.696
2025-11-03 16:03:21,174 | 
============================================================
2025-11-03 16:03:21,174 | Testing ε = 0.020
2025-11-03 16:03:21,174 | ============================================================
2025-11-03 16:03:21,668 |   Trial 1/30 | Margin: base=-0.0269, vra=0.1533 | Acc: base=0.422, vra=0.618 | ETA: 1.2m
2025-11-03 16:03:26,500 |   Trial 11/30 | Margin: base=-0.0048, vra=0.0206 | Acc: base=0.610, vra=0.514 | ETA: 1.1m
2025-11-03 16:03:31,327 |   Trial 21/30 | Margin: base=0.0748, vra=0.5540 | Acc: base=0.566, vra=0.672 | ETA: 1.0m
2025-11-03 16:03:35,605 |   Trial 30/30 | Margin: base=-0.0417, vra=0.1068 | Acc: base=0.404, vra=0.528 | ETA: 1.0m
2025-11-03 16:03:35,606 | 
ε=0.020 Summary:
2025-11-03 16:03:35,606 |   Margin_baseline: -0.0025 ± 0.1000
2025-11-03 16:03:35,606 |   Margin_VRA:      0.9968 ± 1.4441
2025-11-03 16:03:35,606 |   Degradation:     -0.9992
2025-11-03 16:03:35,606 |   Acc_baseline:    0.480
2025-11-03 16:03:35,606 |   Acc_VRA:         0.646
2025-11-03 16:03:35,606 | 
============================================================
2025-11-03 16:03:35,606 | Testing ε = 0.050
2025-11-03 16:03:35,606 | ============================================================
2025-11-03 16:03:36,089 |   Trial 1/30 | Margin: base=0.0035, vra=0.2945 | Acc: base=0.520, vra=0.644 | ETA: 0.9m
2025-11-03 16:03:40,950 |   Trial 11/30 | Margin: base=-0.0088, vra=0.0431 | Acc: base=0.454, vra=0.506 | ETA: 0.9m
2025-11-03 16:03:45,731 |   Trial 21/30 | Margin: base=0.0009, vra=0.2521 | Acc: base=0.526, vra=0.632 | ETA: 0.8m
2025-11-03 16:03:49,901 |   Trial 30/30 | Margin: base=-0.0017, vra=-0.0463 | Acc: base=0.496, vra=0.476 | ETA: 0.7m
2025-11-03 16:03:49,901 | 
ε=0.050 Summary:
2025-11-03 16:03:49,901 |   Margin_baseline: -0.0013 ± 0.0058
2025-11-03 16:03:49,901 |   Margin_VRA:      0.7954 ± 1.1590
2025-11-03 16:03:49,901 |   Degradation:     -0.7967
2025-11-03 16:03:49,901 |   Acc_baseline:    0.492
2025-11-03 16:03:49,901 |   Acc_VRA:         0.633
2025-11-03 16:03:49,901 | 
============================================================
2025-11-03 16:03:49,901 | Testing ε = 0.100
2025-11-03 16:03:49,901 | ============================================================
2025-11-03 16:03:50,369 |   Trial 1/30 | Margin: base=0.0171, vra=-0.0436 | Acc: base=0.554, vra=0.486 | ETA: 0.7m
2025-11-03 16:03:55,244 |   Trial 11/30 | Margin: base=0.0100, vra=0.0856 | Acc: base=0.534, vra=0.574 | ETA: 0.6m
2025-11-03 16:04:00,054 |   Trial 21/30 | Margin: base=-0.0033, vra=0.6659 | Acc: base=0.484, vra=0.642 | ETA: 0.5m
2025-11-03 16:04:04,372 |   Trial 30/30 | Margin: base=-0.0015, vra=-0.1821 | Acc: base=0.516, vra=0.390 | ETA: 0.5m
2025-11-03 16:04:04,372 | 
ε=0.100 Summary:
2025-11-03 16:04:04,372 |   Margin_baseline: 0.0043 ± 0.0099
2025-11-03 16:04:04,372 |   Margin_VRA:      0.2481 ± 0.4726
2025-11-03 16:04:04,372 |   Degradation:     -0.2437
2025-11-03 16:04:04,372 |   Acc_baseline:    0.510
2025-11-03 16:04:04,372 |   Acc_VRA:         0.500
2025-11-03 16:04:04,372 | 
============================================================
2025-11-03 16:04:04,372 | Testing ε = 0.200
2025-11-03 16:04:04,372 | ============================================================
2025-11-03 16:04:04,856 |   Trial 1/30 | Margin: base=0.0080, vra=0.0704 | Acc: base=0.544, vra=0.552 | ETA: 0.5m
2025-11-03 16:04:09,589 |   Trial 11/30 | Margin: base=0.0002, vra=-0.0366 | Acc: base=0.496, vra=0.494 | ETA: 0.4m
2025-11-03 16:04:14,327 |   Trial 21/30 | Margin: base=0.0022, vra=0.3584 | Acc: base=0.492, vra=0.656 | ETA: 0.3m
2025-11-03 16:04:18,664 |   Trial 30/30 | Margin: base=0.0071, vra=-0.0123 | Acc: base=0.522, vra=0.438 | ETA: 0.2m
2025-11-03 16:04:18,665 | 
ε=0.200 Summary:
2025-11-03 16:04:18,665 |   Margin_baseline: 0.0006 ± 0.0043
2025-11-03 16:04:18,665 |   Margin_VRA:      0.2468 ± 0.4214
2025-11-03 16:04:18,665 |   Degradation:     -0.2462
2025-11-03 16:04:18,665 |   Acc_baseline:    0.503
2025-11-03 16:04:18,665 |   Acc_VRA:         0.543
2025-11-03 16:04:18,665 | 
============================================================
2025-11-03 16:04:18,665 | Testing ε = 0.500
2025-11-03 16:04:18,665 | ============================================================
2025-11-03 16:04:19,155 |   Trial 1/30 | Margin: base=0.0031, vra=0.0404 | Acc: base=0.526, vra=0.508 | ETA: 0.2m
2025-11-03 16:04:23,932 |   Trial 11/30 | Margin: base=-0.0010, vra=0.0377 | Acc: base=0.474, vra=0.576 | ETA: 0.2m
2025-11-03 16:04:28,709 |   Trial 21/30 | Margin: base=-0.0013, vra=0.2291 | Acc: base=0.502, vra=0.580 | ETA: 0.1m
2025-11-03 16:04:33,051 |   Trial 30/30 | Margin: base=0.0042, vra=0.0723 | Acc: base=0.512, vra=0.540 | ETA: 0.0m
2025-11-03 16:04:33,051 | 
ε=0.500 Summary:
2025-11-03 16:04:33,051 |   Margin_baseline: 0.0010 ± 0.0065
2025-11-03 16:04:33,051 |   Margin_VRA:      -0.0190 ± 0.1792
2025-11-03 16:04:33,051 |   Degradation:     +0.0199
2025-11-03 16:04:33,051 |   Acc_baseline:    0.501
2025-11-03 16:04:33,051 |   Acc_VRA:         0.507
2025-11-03 16:04:33,051 | 
Experiment complete: 100.8s (1.7m)
2025-11-03 16:04:33,052 | 
Data saved: ../Data/T6C2_results.json
2025-11-03 16:04:33,052 | 
2025-11-03 16:04:33,052 | ======================================================================
2025-11-03 16:04:33,052 | MARGIN BOUND ANALYSIS: Margin_VRA ≥ Margin_baseline - C·ε
2025-11-03 16:04:33,052 | ======================================================================
2025-11-03 16:04:33,052 | 
Linear fit: Δmargin = -8.8171·ε + 2.9830
2025-11-03 16:04:33,052 |   R² = 0.1565, p = 3.80e-01
2025-11-03 16:04:33,052 |   Degradation constant C ≈ -8.8171
2025-11-03 16:04:33,052 | 
VERDICT: FAIL — No consistent degradation pattern
2025-11-03 16:04:33,052 | 
2025-11-03 16:04:33,052 | Generating figures...
2025-11-03 16:04:33,265 | Figure saved: ../Figures/T6C2_margin_preservation.png
2025-11-03 16:04:33,265 | 
2025-11-03 16:04:33,265 | ======================================================================
2025-11-03 16:04:33,265 | T6-C2 COMPLETE
2025-11-03 16:04:33,265 | ======================================================================
2025-11-03 16:04:33,265 | Total runtime: 100.8s (1.7m)
2025-11-03 16:04:33,265 | Configurations tested: 7
2025-11-03 16:04:33,265 | Hypothesis: Margin_VRA ≥ Margin_baseline - C·ε
2025-11-03 16:04:33,265 | Degradation constant: C ≈ -8.8171
2025-11-03 16:04:33,265 | Fit quality: R² = 0.1565
2025-11-03 16:04:33,266 | VERDICT: FAIL — No consistent bound
2025-11-03 16:04:33,266 | ======================================================================
