2025-11-03 17:35:42,287 | ======================================================================
2025-11-03 17:35:42,287 | T6-C2 FIXED: Differentiable VRA Layer - Generalization Bound
2025-11-03 17:35:42,287 | ======================================================================
2025-11-03 17:35:42,287 | Log file: ../Data/T6C2_fixed_log_20251103_173542.log
2025-11-03 17:35:42,287 | 
2025-11-03 17:35:42,287 | Starting margin preservation experiment...
2025-11-03 17:35:42,287 | ε values: [0.   0.01 0.02 0.05 0.1  0.2  0.5 ]
2025-11-03 17:35:42,287 | Trials: 30
2025-11-03 17:35:42,287 | Samples: train=1000, test=500
2025-11-03 17:35:42,287 | 
2025-11-03 17:35:42,287 | VRA layer: N=257, r=64 (ρ=0.2490)
2025-11-03 17:35:42,287 | 
============================================================
2025-11-03 17:35:42,287 | Testing ε = 0.000
2025-11-03 17:35:42,287 | ============================================================
2025-11-03 17:35:42,560 |   Trial 1/30 | Margin: base=6.5204, vra=7.0926 | Acc: base=1.000, vra=1.000 | ETA: 0.0m
2025-11-03 17:35:45,195 |   Trial 11/30 | Margin: base=6.5119, vra=7.0907 | Acc: base=1.000, vra=1.000 | ETA: 0.8m
2025-11-03 17:35:47,843 |   Trial 21/30 | Margin: base=6.5101, vra=7.1042 | Acc: base=1.000, vra=1.000 | ETA: 0.8m
2025-11-03 17:35:50,247 | 
============================================================
2025-11-03 17:35:50,247 | Testing ε = 0.010
2025-11-03 17:35:50,247 | ============================================================
2025-11-03 17:35:50,520 |   Trial 1/30 | Margin: base=6.5204, vra=7.0956 | Acc: base=1.000, vra=1.000 | ETA: 0.8m
2025-11-03 17:35:53,139 |   Trial 11/30 | Margin: base=6.5119, vra=7.0922 | Acc: base=1.000, vra=1.000 | ETA: 0.7m
2025-11-03 17:35:55,785 |   Trial 21/30 | Margin: base=6.5101, vra=7.1042 | Acc: base=1.000, vra=1.000 | ETA: 0.7m
2025-11-03 17:35:58,167 | 
============================================================
2025-11-03 17:35:58,168 | Testing ε = 0.020
2025-11-03 17:35:58,168 | ============================================================
2025-11-03 17:35:58,423 |   Trial 1/30 | Margin: base=6.5204, vra=7.0961 | Acc: base=1.000, vra=1.000 | ETA: 0.6m
2025-11-03 17:36:01,106 |   Trial 11/30 | Margin: base=6.5119, vra=7.0913 | Acc: base=1.000, vra=1.000 | ETA: 0.6m
2025-11-03 17:36:03,915 |   Trial 21/30 | Margin: base=6.5101, vra=7.1020 | Acc: base=1.000, vra=1.000 | ETA: 0.6m
2025-11-03 17:36:06,511 | 
============================================================
2025-11-03 17:36:06,511 | Testing ε = 0.050
2025-11-03 17:36:06,511 | ============================================================
2025-11-03 17:36:06,818 |   Trial 1/30 | Margin: base=6.5204, vra=7.0959 | Acc: base=1.000, vra=1.000 | ETA: 0.5m
2025-11-03 17:36:09,917 |   Trial 11/30 | Margin: base=6.5119, vra=7.0941 | Acc: base=1.000, vra=1.000 | ETA: 0.5m
2025-11-03 17:36:12,878 |   Trial 21/30 | Margin: base=6.5101, vra=7.1023 | Acc: base=1.000, vra=1.000 | ETA: 0.5m
2025-11-03 17:36:15,544 | 
============================================================
2025-11-03 17:36:15,544 | Testing ε = 0.100
2025-11-03 17:36:15,544 | ============================================================
2025-11-03 17:36:15,831 |   Trial 1/30 | Margin: base=6.5204, vra=7.0952 | Acc: base=1.000, vra=1.000 | ETA: 0.4m
2025-11-03 17:36:18,845 |   Trial 11/30 | Margin: base=6.5119, vra=7.1010 | Acc: base=1.000, vra=1.000 | ETA: 0.4m
2025-11-03 17:36:21,773 |   Trial 21/30 | Margin: base=6.5101, vra=7.1004 | Acc: base=1.000, vra=1.000 | ETA: 0.3m
2025-11-03 17:36:24,446 | 
============================================================
2025-11-03 17:36:24,446 | Testing ε = 0.200
2025-11-03 17:36:24,446 | ============================================================
2025-11-03 17:36:24,735 |   Trial 1/30 | Margin: base=6.5205, vra=7.0992 | Acc: base=1.000, vra=1.000 | ETA: 0.3m
2025-11-03 17:36:27,746 |   Trial 11/30 | Margin: base=6.5119, vra=7.1044 | Acc: base=1.000, vra=1.000 | ETA: 0.2m
2025-11-03 17:36:30,692 |   Trial 21/30 | Margin: base=6.5102, vra=7.0974 | Acc: base=1.000, vra=1.000 | ETA: 0.2m
2025-11-03 17:36:33,329 | 
============================================================
2025-11-03 17:36:33,329 | Testing ε = 0.500
2025-11-03 17:36:33,329 | ============================================================
2025-11-03 17:36:33,623 |   Trial 1/30 | Margin: base=6.5205, vra=7.1158 | Acc: base=1.000, vra=1.000 | ETA: 0.1m
2025-11-03 17:36:36,564 |   Trial 11/30 | Margin: base=6.5118, vra=7.1088 | Acc: base=1.000, vra=1.000 | ETA: 0.1m
2025-11-03 17:36:39,479 |   Trial 21/30 | Margin: base=6.5103, vra=7.0991 | Acc: base=1.000, vra=1.000 | ETA: 0.0m
2025-11-03 17:36:42,167 | 
Experiment complete: 59.9s (1.0m)
2025-11-03 17:36:42,169 | 
Data saved: ../Data/T6C2_fixed_results.json
2025-11-03 17:36:42,169 | 
2025-11-03 17:36:42,169 | ======================================================================
2025-11-03 17:36:42,169 | MARGIN BOUND ANALYSIS
2025-11-03 17:36:42,169 | ======================================================================
2025-11-03 17:36:42,169 | ε=0.000: Δmargin = -0.5814 ± 0.0092
2025-11-03 17:36:42,169 | ε=0.010: Δmargin = -0.5822 ± 0.0094
2025-11-03 17:36:42,169 | ε=0.020: Δmargin = -0.5819 ± 0.0098
2025-11-03 17:36:42,169 | ε=0.050: Δmargin = -0.5830 ± 0.0112
2025-11-03 17:36:42,169 | ε=0.100: Δmargin = -0.5829 ± 0.0120
2025-11-03 17:36:42,169 | ε=0.200: Δmargin = -0.5834 ± 0.0106
2025-11-03 17:36:42,169 | ε=0.500: Δmargin = -0.5823 ± 0.0123
2025-11-03 17:36:42,169 | 
2025-11-03 17:36:42,169 | Linear fit: Δmargin = -0.0009·ε + -0.5823
2025-11-03 17:36:42,169 | R² = 0.0536, p = 6.1753e-01
2025-11-03 17:36:42,169 | Slope C = -0.0009 ± 0.0017
2025-11-03 17:36:42,169 | 
2025-11-03 17:36:42,169 | VERDICT: PASS - VRA preserves margin well under spectral shift
2025-11-03 17:36:42,170 | 
2025-11-03 17:36:42,170 | Generating figures...
2025-11-03 17:36:42,420 | 
Figure saved: ../Figures/T6C2_fixed_margin_preservation.png
2025-11-03 17:36:42,420 | 
2025-11-03 17:36:42,420 | ======================================================================
2025-11-03 17:36:42,420 | T6-C2 FIXED COMPLETE
2025-11-03 17:36:42,420 | ======================================================================
2025-11-03 17:36:42,420 | Hypothesis: Margin_VRA ≥ Margin_baseline - C·ε
2025-11-03 17:36:42,420 | VERDICT: PASS - VRA preserves margin well under spectral shift
2025-11-03 17:36:42,420 | ======================================================================
