2025-11-03 16:50:19,999 | ======================================================================
2025-11-03 16:50:19,999 | T6-C2: Differentiable VRA Layer - Generalization Bound
2025-11-03 16:50:19,999 | ======================================================================
2025-11-03 16:50:19,999 | Log file: ../Data/T6C2_log_20251103_165019.log
2025-11-03 16:50:19,999 | 
2025-11-03 16:50:19,999 | Starting margin preservation experiment...
2025-11-03 16:50:19,999 | ε values: [0.   0.01 0.02 0.05 0.1  0.2  0.5 ]
2025-11-03 16:50:19,999 | Trials: 30
2025-11-03 16:50:19,999 | Samples: train=1000, test=500
2025-11-03 16:50:19,999 | 
2025-11-03 16:50:19,999 | VRA layer: N=257, r=64 (ρ=0.2490)
2025-11-03 16:50:19,999 | 
============================================================
2025-11-03 16:50:19,999 | Testing ε = 0.000
2025-11-03 16:50:19,999 | ============================================================
2025-11-03 16:50:20,423 |   Trial 1/30 | Margin: base=8.6269, vra=0.2683 | Acc: base=1.000, vra=0.642 | ETA: 0.0m
2025-11-03 16:50:24,996 |   Trial 11/30 | Margin: base=8.6170, vra=0.1779 | Acc: base=1.000, vra=0.614 | ETA: 1.4m
2025-11-03 16:50:29,349 |   Trial 21/30 | Margin: base=8.6232, vra=0.4909 | Acc: base=1.000, vra=0.694 | ETA: 1.3m
2025-11-03 16:50:33,246 |   Trial 30/30 | Margin: base=8.6092, vra=0.2368 | Acc: base=1.000, vra=0.626 | ETA: 1.3m
2025-11-03 16:50:33,246 | 
ε=0.000 Summary:
2025-11-03 16:50:33,246 |   Margin_baseline: 8.6212 ± 0.0056
2025-11-03 16:50:33,246 |   Margin_VRA:      0.9272 ± 1.1987
2025-11-03 16:50:33,246 |   Degradation:     +7.6940
2025-11-03 16:50:33,246 |   Acc_baseline:    1.000
2025-11-03 16:50:33,246 |   Acc_VRA:         0.696
2025-11-03 16:50:33,246 | 
============================================================
2025-11-03 16:50:33,246 | Testing ε = 0.010
2025-11-03 16:50:33,246 | ============================================================
2025-11-03 16:50:33,706 |   Trial 1/30 | Margin: base=8.6269, vra=0.2683 | Acc: base=1.000, vra=0.642 | ETA: 1.3m
2025-11-03 16:50:38,117 |   Trial 11/30 | Margin: base=8.6170, vra=0.1779 | Acc: base=1.000, vra=0.614 | ETA: 1.2m
2025-11-03 16:50:42,635 |   Trial 21/30 | Margin: base=8.6232, vra=0.4909 | Acc: base=1.000, vra=0.694 | ETA: 1.2m
2025-11-03 16:50:46,582 |   Trial 30/30 | Margin: base=8.6092, vra=0.2368 | Acc: base=1.000, vra=0.626 | ETA: 1.1m
2025-11-03 16:50:46,582 | 
ε=0.010 Summary:
2025-11-03 16:50:46,582 |   Margin_baseline: 8.6212 ± 0.0056
2025-11-03 16:50:46,582 |   Margin_VRA:      0.9272 ± 1.1987
2025-11-03 16:50:46,582 |   Degradation:     +7.6940
2025-11-03 16:50:46,582 |   Acc_baseline:    1.000
2025-11-03 16:50:46,582 |   Acc_VRA:         0.696
2025-11-03 16:50:46,582 | 
============================================================
2025-11-03 16:50:46,582 | Testing ε = 0.020
2025-11-03 16:50:46,582 | ============================================================
2025-11-03 16:50:47,010 |   Trial 1/30 | Margin: base=-0.0269, vra=0.1533 | Acc: base=0.422, vra=0.618 | ETA: 1.1m
2025-11-03 16:50:51,550 |   Trial 11/30 | Margin: base=-0.0048, vra=0.0206 | Acc: base=0.610, vra=0.514 | ETA: 1.0m
2025-11-03 16:50:55,831 |   Trial 21/30 | Margin: base=0.0748, vra=0.5540 | Acc: base=0.566, vra=0.672 | ETA: 0.9m
2025-11-03 16:50:59,640 |   Trial 30/30 | Margin: base=-0.0417, vra=0.1068 | Acc: base=0.404, vra=0.528 | ETA: 0.9m
2025-11-03 16:50:59,641 | 
ε=0.020 Summary:
2025-11-03 16:50:59,641 |   Margin_baseline: -0.0025 ± 0.1000
2025-11-03 16:50:59,641 |   Margin_VRA:      0.9968 ± 1.4441
2025-11-03 16:50:59,641 |   Degradation:     -0.9992
2025-11-03 16:50:59,641 |   Acc_baseline:    0.480
2025-11-03 16:50:59,641 |   Acc_VRA:         0.646
2025-11-03 16:50:59,641 | 
============================================================
2025-11-03 16:50:59,641 | Testing ε = 0.050
2025-11-03 16:50:59,641 | ============================================================
2025-11-03 16:51:00,061 |   Trial 1/30 | Margin: base=0.0035, vra=0.2945 | Acc: base=0.520, vra=0.644 | ETA: 0.9m
2025-11-03 16:51:04,354 |   Trial 11/30 | Margin: base=-0.0088, vra=0.0431 | Acc: base=0.454, vra=0.506 | ETA: 0.8m
2025-11-03 16:51:08,716 |   Trial 21/30 | Margin: base=0.0009, vra=0.2521 | Acc: base=0.526, vra=0.632 | ETA: 0.7m
2025-11-03 16:51:12,540 |   Trial 30/30 | Margin: base=-0.0017, vra=-0.0463 | Acc: base=0.496, vra=0.476 | ETA: 0.7m
2025-11-03 16:51:12,540 | 
ε=0.050 Summary:
2025-11-03 16:51:12,540 |   Margin_baseline: -0.0013 ± 0.0058
2025-11-03 16:51:12,540 |   Margin_VRA:      0.7954 ± 1.1590
2025-11-03 16:51:12,540 |   Degradation:     -0.7967
2025-11-03 16:51:12,540 |   Acc_baseline:    0.492
2025-11-03 16:51:12,540 |   Acc_VRA:         0.633
2025-11-03 16:51:12,540 | 
============================================================
2025-11-03 16:51:12,540 | Testing ε = 0.100
2025-11-03 16:51:12,540 | ============================================================
2025-11-03 16:51:12,962 |   Trial 1/30 | Margin: base=0.0171, vra=-0.0436 | Acc: base=0.554, vra=0.486 | ETA: 0.6m
2025-11-03 16:51:17,320 |   Trial 11/30 | Margin: base=0.0100, vra=0.0856 | Acc: base=0.534, vra=0.574 | ETA: 0.6m
2025-11-03 16:51:21,739 |   Trial 21/30 | Margin: base=-0.0033, vra=0.6659 | Acc: base=0.484, vra=0.642 | ETA: 0.5m
2025-11-03 16:51:25,657 |   Trial 30/30 | Margin: base=-0.0015, vra=-0.1821 | Acc: base=0.516, vra=0.390 | ETA: 0.4m
2025-11-03 16:51:25,657 | 
ε=0.100 Summary:
2025-11-03 16:51:25,657 |   Margin_baseline: 0.0043 ± 0.0099
2025-11-03 16:51:25,657 |   Margin_VRA:      0.2481 ± 0.4726
2025-11-03 16:51:25,657 |   Degradation:     -0.2437
2025-11-03 16:51:25,657 |   Acc_baseline:    0.510
2025-11-03 16:51:25,657 |   Acc_VRA:         0.500
2025-11-03 16:51:25,657 | 
============================================================
2025-11-03 16:51:25,657 | Testing ε = 0.200
2025-11-03 16:51:25,657 | ============================================================
2025-11-03 16:51:26,082 |   Trial 1/30 | Margin: base=0.0080, vra=0.0704 | Acc: base=0.544, vra=0.552 | ETA: 0.4m
2025-11-03 16:51:30,465 |   Trial 11/30 | Margin: base=0.0002, vra=-0.0366 | Acc: base=0.496, vra=0.494 | ETA: 0.4m
2025-11-03 16:51:34,814 |   Trial 21/30 | Margin: base=0.0022, vra=0.3584 | Acc: base=0.492, vra=0.656 | ETA: 0.3m
2025-11-03 16:51:38,639 |   Trial 30/30 | Margin: base=0.0071, vra=-0.0123 | Acc: base=0.522, vra=0.438 | ETA: 0.2m
2025-11-03 16:51:38,639 | 
ε=0.200 Summary:
2025-11-03 16:51:38,639 |   Margin_baseline: 0.0006 ± 0.0043
2025-11-03 16:51:38,639 |   Margin_VRA:      0.2468 ± 0.4214
2025-11-03 16:51:38,639 |   Degradation:     -0.2462
2025-11-03 16:51:38,639 |   Acc_baseline:    0.503
2025-11-03 16:51:38,639 |   Acc_VRA:         0.543
2025-11-03 16:51:38,639 | 
============================================================
2025-11-03 16:51:38,639 | Testing ε = 0.500
2025-11-03 16:51:38,639 | ============================================================
2025-11-03 16:51:39,067 |   Trial 1/30 | Margin: base=0.0031, vra=0.0404 | Acc: base=0.526, vra=0.508 | ETA: 0.2m
2025-11-03 16:51:43,373 |   Trial 11/30 | Margin: base=-0.0010, vra=0.0377 | Acc: base=0.474, vra=0.576 | ETA: 0.1m
2025-11-03 16:51:47,854 |   Trial 21/30 | Margin: base=-0.0013, vra=0.2291 | Acc: base=0.502, vra=0.580 | ETA: 0.1m
2025-11-03 16:51:51,834 |   Trial 30/30 | Margin: base=0.0042, vra=0.0723 | Acc: base=0.512, vra=0.540 | ETA: 0.0m
2025-11-03 16:51:51,834 | 
ε=0.500 Summary:
2025-11-03 16:51:51,834 |   Margin_baseline: 0.0010 ± 0.0065
2025-11-03 16:51:51,834 |   Margin_VRA:      -0.0190 ± 0.1792
2025-11-03 16:51:51,834 |   Degradation:     +0.0199
2025-11-03 16:51:51,834 |   Acc_baseline:    0.501
2025-11-03 16:51:51,834 |   Acc_VRA:         0.507
2025-11-03 16:51:51,834 | 
Experiment complete: 91.8s (1.5m)
2025-11-03 16:51:51,834 | 
Data saved: ../Data/T6C2_results.json
2025-11-03 16:51:51,834 | 
2025-11-03 16:51:51,834 | ======================================================================
2025-11-03 16:51:51,834 | MARGIN BOUND ANALYSIS: Margin_VRA ≥ Margin_baseline - C·ε
2025-11-03 16:51:51,834 | ======================================================================
2025-11-03 16:51:51,835 | 
Linear fit: Δmargin = -8.8171·ε + 2.9830
2025-11-03 16:51:51,835 |   R² = 0.1565, p = 3.80e-01
2025-11-03 16:51:51,835 |   Degradation constant C ≈ -8.8171
2025-11-03 16:51:51,835 | 
VERDICT: FAIL — No consistent degradation pattern
2025-11-03 16:51:51,835 | 
2025-11-03 16:51:51,835 | Generating figures...
2025-11-03 16:51:52,047 | Figure saved: ../Figures/T6C2_margin_preservation.png
2025-11-03 16:51:52,047 | 
2025-11-03 16:51:52,047 | ======================================================================
2025-11-03 16:51:52,047 | T6-C2 COMPLETE
2025-11-03 16:51:52,047 | ======================================================================
2025-11-03 16:51:52,047 | Total runtime: 91.8s (1.5m)
2025-11-03 16:51:52,047 | Configurations tested: 7
2025-11-03 16:51:52,047 | Hypothesis: Margin_VRA ≥ Margin_baseline - C·ε
2025-11-03 16:51:52,047 | Degradation constant: C ≈ -8.8171
2025-11-03 16:51:52,047 | Fit quality: R² = 0.1565
2025-11-03 16:51:52,047 | VERDICT: FAIL — No consistent bound
2025-11-03 16:51:52,047 | ======================================================================
