2025-11-03 17:44:16,213 | ======================================================================
2025-11-03 17:44:16,213 | T6-A1: Coherence-Incoherence Transition (STANDALONE)
2025-11-03 17:44:16,213 | ======================================================================
2025-11-03 17:44:16,213 | Log: ../Data/T6A1_standalone_20251103_174416.log
2025-11-03 17:44:16,213 | Starting...
2025-11-03 17:44:16,213 | 
2025-11-03 17:44:16,213 | Configuration:
2025-11-03 17:44:16,213 |   N: [997, 2003]
2025-11-03 17:44:16,213 |   ρ targets: [0.1, 0.2, 0.3]
2025-11-03 17:44:16,213 |   M values: [8, 16]
2025-11-03 17:44:16,213 |   L: 2048, samples: 5
2025-11-03 17:44:16,213 |   Total configs: 12
2025-11-03 17:44:16,213 |   Estimated: 10-15 minutes
2025-11-03 17:44:16,213 | 
2025-11-03 17:44:16,419 | [1/12] N=997, ρ=0.083 (r=83), M=8 | Elapsed: 0.0m | ETA: 0.0m
2025-11-03 17:44:16,614 |   → R̄ = 0.3529 ± 0.0962
2025-11-03 17:44:16,614 | [2/12] N=997, ρ=0.083 (r=83), M=16 | Elapsed: 0.0m | ETA: 0.0m
2025-11-03 17:44:16,909 |   → R̄ = 0.2597 ± 0.0750
2025-11-03 17:44:17,771 | Could not find order near ρ=0.20 for N=997
2025-11-03 17:44:18,648 | Could not find order near ρ=0.30 for N=997
2025-11-03 17:44:18,915 | [3/12] N=2003, ρ=0.091 (r=182), M=8 | Elapsed: 0.0m | ETA: 0.1m
2025-11-03 17:44:19,436 |   → R̄ = 0.2303 ± 0.0513
2025-11-03 17:44:19,436 | [4/12] N=2003, ρ=0.091 (r=182), M=16 | Elapsed: 0.1m | ETA: 0.1m
2025-11-03 17:44:20,441 |   → R̄ = 0.2497 ± 0.0481
2025-11-03 17:44:21,774 | Could not find order near ρ=0.20 for N=2003
2025-11-03 17:44:23,131 | Could not find order near ρ=0.30 for N=2003
2025-11-03 17:44:23,131 | 
Elapsed: 6.9s (0.1m)
2025-11-03 17:44:23,132 | Data: ../Data/T6A1_standalone_results.json
2025-11-03 17:44:23,585 | Figure: ../Figures/T6A1_standalone_summary.png
2025-11-03 17:44:23,585 | 
2025-11-03 17:44:23,585 | ======================================================================
2025-11-03 17:44:23,585 | T6-A1 COMPLETE!
2025-11-03 17:44:23,585 | ======================================================================
2025-11-03 17:44:23,585 | Overall R̄: 0.2731 ± 0.0848
2025-11-03 17:44:23,585 | Target: 0.137
2025-11-03 17:44:23,585 | Deviation: 0.1361
2025-11-03 17:44:23,585 | Verdict: PARTIAL
2025-11-03 17:44:23,585 | ======================================================================
