2025-11-03 15:29:42,397 | ======================================================================
2025-11-03 15:29:42,397 | T6-A1: Coherence-Incoherence Transition (GPU)
2025-11-03 15:29:42,397 | ======================================================================
2025-11-03 15:29:42,397 | Log: ../Data/T6A1_gpu_20251103_152942.log
2025-11-03 15:29:42,397 | GPU: Compute Capability 121
2025-11-03 15:29:42,397 | Starting GPU-accelerated experiment...
2025-11-03 15:29:42,397 | 
2025-11-03 15:29:42,397 | Configuration:
2025-11-03 15:29:42,397 |   N: [997, 2003, 4999]
2025-11-03 15:29:42,397 |   ρ targets: [0.1, 0.15, 0.2, 0.25, 0.3]
2025-11-03 15:29:42,397 |   M values: [16, 32, 64]
2025-11-03 15:29:42,397 |   L: 4096, samples: 20
2025-11-03 15:29:42,397 |   Total configs: 45
2025-11-03 15:29:42,397 | 
2025-11-03 15:29:42,397 | Finding orders for N=997...
2025-11-03 15:29:45,380 |   Found orders: [2, 3, 4, 6, 12, 83, 166, 249, 332, 498]...
2025-11-03 15:29:45,380 | [1/45] N=997, ρ=0.083 (r=83), M=16 | Elapsed: 0.0m | ETA: 2.2m
2025-11-03 15:30:00,708 |   Sample 5/20: R̄=0.2637
2025-11-03 15:30:15,906 |   Sample 10/20: R̄=0.2601
2025-11-03 15:30:31,167 |   Sample 15/20: R̄=0.2537
2025-11-03 15:30:46,328 |   Sample 20/20: R̄=0.2357
2025-11-03 15:30:46,328 |   → R̄ = 0.2357 ± 0.0552
2025-11-03 15:30:46,328 | [2/45] N=997, ρ=0.083 (r=83), M=32 | Elapsed: 1.1m | ETA: 22.9m
2025-11-03 15:31:01,687 |   Sample 5/20: R̄=0.2561
2025-11-03 15:31:17,104 |   Sample 10/20: R̄=0.2156
2025-11-03 15:31:32,443 |   Sample 15/20: R̄=0.2211
2025-11-03 15:31:47,787 |   Sample 20/20: R̄=0.2217
2025-11-03 15:31:47,787 |   → R̄ = 0.2217 ± 0.0895
2025-11-03 15:31:47,787 | [3/45] N=997, ρ=0.083 (r=83), M=64 | Elapsed: 2.1m | ETA: 29.3m
2025-11-03 15:32:03,405 |   Sample 5/20: R̄=0.1431
2025-11-03 15:32:19,072 |   Sample 10/20: R̄=0.1406
2025-11-03 15:32:34,718 |   Sample 15/20: R̄=0.1408
2025-11-03 15:32:50,371 |   Sample 20/20: R̄=0.1357
2025-11-03 15:32:50,372 |   → R̄ = 0.1357 ± 0.0701
2025-11-03 15:32:50,372 | [4/45] N=997, ρ=0.166 (r=166), M=16 | Elapsed: 3.1m | ETA: 32.1m
2025-11-03 15:33:05,573 |   Sample 5/20: R̄=0.1922
2025-11-03 15:33:20,800 |   Sample 10/20: R̄=0.1999
2025-11-03 15:33:36,022 |   Sample 15/20: R̄=0.2271
2025-11-03 15:33:51,156 |   Sample 20/20: R̄=0.2243
2025-11-03 15:33:51,156 |   → R̄ = 0.2243 ± 0.0539
2025-11-03 15:33:51,156 | [5/45] N=997, ρ=0.166 (r=166), M=32 | Elapsed: 4.1m | ETA: 33.2m
2025-11-03 15:34:06,516 |   Sample 5/20: R̄=0.2083
2025-11-03 15:34:21,901 |   Sample 10/20: R̄=0.1959
2025-11-03 15:34:37,320 |   Sample 15/20: R̄=0.1821
2025-11-03 15:34:52,546 |   Sample 20/20: R̄=0.1706
2025-11-03 15:34:52,546 |   → R̄ = 0.1706 ± 0.0516
2025-11-03 15:34:52,546 | [6/45] N=997, ρ=0.166 (r=166), M=64 | Elapsed: 5.2m | ETA: 33.6m
2025-11-03 15:35:08,129 |   Sample 5/20: R̄=0.1507
2025-11-03 15:35:23,894 |   Sample 10/20: R̄=0.1438
2025-11-03 15:35:39,260 |   Sample 15/20: R̄=0.1489
2025-11-03 15:35:54,645 |   Sample 20/20: R̄=0.1399
2025-11-03 15:35:54,645 |   → R̄ = 0.1399 ± 0.0470
2025-11-03 15:35:54,645 | [7/45] N=997, ρ=0.166 (r=166), M=16 | Elapsed: 6.2m | ETA: 33.7m
2025-11-03 15:36:09,958 |   Sample 5/20: R̄=0.1788
2025-11-03 15:36:25,164 |   Sample 10/20: R̄=0.2178
2025-11-03 15:36:40,342 |   Sample 15/20: R̄=0.2445
2025-11-03 15:36:55,487 |   Sample 20/20: R̄=0.2397
2025-11-03 15:36:55,487 |   → R̄ = 0.2397 ± 0.0694
2025-11-03 15:36:55,487 | [8/45] N=997, ρ=0.166 (r=166), M=32 | Elapsed: 7.2m | ETA: 33.4m
2025-11-03 15:37:10,657 |   Sample 5/20: R̄=0.1707
2025-11-03 15:37:25,856 |   Sample 10/20: R̄=0.1690
2025-11-03 15:37:41,102 |   Sample 15/20: R̄=0.1715
2025-11-03 15:37:56,528 |   Sample 20/20: R̄=0.1708
2025-11-03 15:37:56,528 |   → R̄ = 0.1708 ± 0.0647
2025-11-03 15:37:56,528 | [9/45] N=997, ρ=0.166 (r=166), M=64 | Elapsed: 8.2m | ETA: 32.9m
2025-11-03 15:38:12,049 |   Sample 5/20: R̄=0.1173
2025-11-03 15:38:27,624 |   Sample 10/20: R̄=0.1420
2025-11-03 15:38:43,151 |   Sample 15/20: R̄=0.1371
2025-11-03 15:38:58,767 |   Sample 20/20: R̄=0.1362
2025-11-03 15:38:58,767 |   → R̄ = 0.1362 ± 0.0422
2025-11-03 15:38:58,767 | [10/45] N=997, ρ=0.250 (r=249), M=16 | Elapsed: 9.3m | ETA: 32.5m
2025-11-03 15:39:13,869 |   Sample 5/20: R̄=0.2709
2025-11-03 15:39:29,055 |   Sample 10/20: R̄=0.2618
