2025-11-03 16:17:10,902 | ======================================================================
2025-11-03 16:17:10,902 | T6-A1: Coherence-Incoherence Transition (GPU)
2025-11-03 16:17:10,902 | ======================================================================
2025-11-03 16:17:10,902 | Log: ../Data/T6A1_gpu_20251103_161710.log
2025-11-03 16:17:10,902 | GPU: Compute Capability 121
2025-11-03 16:17:10,902 | Starting GPU-accelerated experiment...
2025-11-03 16:17:10,902 | 
2025-11-03 16:17:10,902 | Configuration:
2025-11-03 16:17:10,902 |   N: [997, 2003, 4999]
2025-11-03 16:17:10,902 |   ρ targets: [0.1, 0.15, 0.2, 0.25, 0.3]
2025-11-03 16:17:10,902 |   M values: [16, 32, 64]
2025-11-03 16:17:10,902 |   L: 4096, samples: 20
2025-11-03 16:17:10,902 |   Total configs: 45
2025-11-03 16:17:10,902 | 
2025-11-03 16:17:10,902 | Finding orders for N=997...
2025-11-03 16:17:13,825 |   Found orders: [2, 3, 4, 6, 12, 83, 166, 249, 332, 498]...
2025-11-03 16:17:13,825 | [1/45] N=997, ρ=0.083 (r=83), M=16 | Elapsed: 0.0m | ETA: 2.1m
2025-11-03 16:17:28,747 |   Sample 5/20: R̄=0.2679
2025-11-03 16:17:43,820 |   Sample 10/20: R̄=0.2778
2025-11-03 16:17:58,697 |   Sample 15/20: R̄=0.2675
2025-11-03 16:18:13,528 |   Sample 20/20: R̄=0.2570
2025-11-03 16:18:13,528 |   → R̄ = 0.2570 ± 0.1111
2025-11-03 16:18:13,528 | [2/45] N=997, ρ=0.083 (r=83), M=32 | Elapsed: 1.0m | ETA: 22.4m
2025-11-03 16:18:28,500 |   Sample 5/20: R̄=0.2113
2025-11-03 16:18:43,548 |   Sample 10/20: R̄=0.1726
2025-11-03 16:18:58,547 |   Sample 15/20: R̄=0.1907
2025-11-03 16:19:13,584 |   Sample 20/20: R̄=0.1925
2025-11-03 16:19:13,585 |   → R̄ = 0.1925 ± 0.0817
2025-11-03 16:19:13,585 | [3/45] N=997, ρ=0.083 (r=83), M=64 | Elapsed: 2.0m | ETA: 28.6m
2025-11-03 16:19:28,916 |   Sample 5/20: R̄=0.1697
2025-11-03 16:19:44,164 |   Sample 10/20: R̄=0.1404
2025-11-03 16:19:59,525 |   Sample 15/20: R̄=0.1422
2025-11-03 16:20:14,833 |   Sample 20/20: R̄=0.1512
2025-11-03 16:20:14,833 |   → R̄ = 0.1512 ± 0.0646
2025-11-03 16:20:14,833 | [4/45] N=997, ρ=0.166 (r=166), M=16 | Elapsed: 3.1m | ETA: 31.4m
2025-11-03 16:20:29,680 |   Sample 5/20: R̄=0.2860
2025-11-03 16:20:44,564 |   Sample 10/20: R̄=0.2581
2025-11-03 16:20:59,446 |   Sample 15/20: R̄=0.2711
2025-11-03 16:21:14,269 |   Sample 20/20: R̄=0.2488
2025-11-03 16:21:14,269 |   → R̄ = 0.2488 ± 0.0980
2025-11-03 16:21:14,269 | [5/45] N=997, ρ=0.166 (r=166), M=32 | Elapsed: 4.1m | ETA: 32.4m
2025-11-03 16:21:29,143 |   Sample 5/20: R̄=0.1894
2025-11-03 16:21:44,157 |   Sample 10/20: R̄=0.1721
2025-11-03 16:21:59,196 |   Sample 15/20: R̄=0.1616
2025-11-03 16:22:14,283 |   Sample 20/20: R̄=0.1747
2025-11-03 16:22:14,283 |   → R̄ = 0.1747 ± 0.0682
2025-11-03 16:22:14,283 | [6/45] N=997, ρ=0.166 (r=166), M=64 | Elapsed: 5.1m | ETA: 32.9m
2025-11-03 16:22:29,658 |   Sample 5/20: R̄=0.1488
2025-11-03 16:22:44,960 |   Sample 10/20: R̄=0.1533
2025-11-03 16:23:00,123 |   Sample 15/20: R̄=0.1467
2025-11-03 16:23:15,399 |   Sample 20/20: R̄=0.1430
2025-11-03 16:23:15,399 |   → R̄ = 0.1430 ± 0.0406
2025-11-03 16:23:15,399 | [7/45] N=997, ρ=0.166 (r=166), M=16 | Elapsed: 6.1m | ETA: 33.0m
2025-11-03 16:23:30,271 |   Sample 5/20: R̄=0.2315
2025-11-03 16:23:45,118 |   Sample 10/20: R̄=0.2219
2025-11-03 16:23:59,991 |   Sample 15/20: R̄=0.2337
2025-11-03 16:24:14,891 |   Sample 20/20: R̄=0.2423
2025-11-03 16:24:14,891 |   → R̄ = 0.2423 ± 0.0691
2025-11-03 16:24:14,891 | [8/45] N=997, ρ=0.166 (r=166), M=32 | Elapsed: 7.1m | ETA: 32.7m
2025-11-03 16:24:30,010 |   Sample 5/20: R̄=0.1511
2025-11-03 16:24:44,973 |   Sample 10/20: R̄=0.1673
2025-11-03 16:24:59,922 |   Sample 15/20: R̄=0.1650
2025-11-03 16:25:14,847 |   Sample 20/20: R̄=0.1640
2025-11-03 16:25:14,847 |   → R̄ = 0.1640 ± 0.0521
2025-11-03 16:25:14,847 | [9/45] N=997, ρ=0.166 (r=166), M=64 | Elapsed: 8.1m | ETA: 32.3m
2025-11-03 16:25:30,125 |   Sample 5/20: R̄=0.1522
2025-11-03 16:25:45,496 |   Sample 10/20: R̄=0.1484
2025-11-03 16:26:00,804 |   Sample 15/20: R̄=0.1483
2025-11-03 16:26:16,200 |   Sample 20/20: R̄=0.1399
2025-11-03 16:26:16,201 |   → R̄ = 0.1399 ± 0.0365
2025-11-03 16:26:16,201 | [10/45] N=997, ρ=0.250 (r=249), M=16 | Elapsed: 9.1m | ETA: 31.8m
2025-11-03 16:26:31,031 |   Sample 5/20: R̄=0.2061
2025-11-03 16:26:45,917 |   Sample 10/20: R̄=0.2068
2025-11-03 16:27:00,809 |   Sample 15/20: R̄=0.2077
