2025-11-03 17:04:40,168 | ======================================================================
2025-11-03 17:04:40,168 | T6-D4: Fast FFT-GLRT (carrier-cancel + AR(1) prewhitening, averaged PSD)
2025-11-03 17:04:40,168 | ======================================================================
2025-11-03 17:04:40,168 | Log file: ../Data/T6D4_log_20251103_170440.log
2025-11-03 17:04:40,168 | 
Starting sample complexity experiment (Fast FFT-GLRT, averaged PSD)…
2025-11-03 17:04:40,169 | L values: (256, 1024, 4096, 16384, 32768)
2025-11-03 17:04:40,169 | ε values: [0.001 0.002 0.005 0.01 ]
2025-11-03 17:04:40,169 | Trials: 50
2025-11-03 17:04:40,169 | VRA params: N=1009, r=252
2025-11-03 17:04:40,169 | Signal: ω=0.053, PM=0.2, σ=0.5, M=6, φ=0.992
2025-11-03 17:04:40,169 | Detector: FFT-GLRT (averaged PSD); α=0.050; band=full
2025-11-03 17:04:40,169 | 
============================================================
Testing L=256
============================================================
2025-11-03 17:04:40,356 |   ε=0.001: Success=88.00% | Err=0.0005±0.0003 | p_adj=3.29e-05±0.000178
2025-11-03 17:04:40,544 |   ε=0.002: Success=96.00% | Err=0.0071±0.0457 | p_adj=0.00275±0.0192
2025-11-03 17:04:40,730 |   ε=0.005: Success=100.00% | Err=0.0006±0.0004 | p_adj=0.000191±0.000945
2025-11-03 17:04:40,916 |   ε=0.010: Success=100.00% | Err=0.0005±0.0004 | p_adj=0.000107±0.000538
2025-11-03 17:04:40,916 | 
============================================================
Testing L=1024
============================================================
2025-11-03 17:04:41,602 |   ε=0.001: Success=100.00% | Err=0.0001±0.0000 | p_adj=2.25e-35±1.57e-34
2025-11-03 17:04:42,287 |   ε=0.002: Success=100.00% | Err=0.0001±0.0000 | p_adj=1.22e-32±8.52e-32
2025-11-03 17:04:42,973 |   ε=0.005: Success=100.00% | Err=0.0001±0.0000 | p_adj=9.66e-36±6.76e-35
2025-11-03 17:04:43,658 |   ε=0.010: Success=100.00% | Err=0.0001±0.0000 | p_adj=3.48e-33±2.44e-32
2025-11-03 17:04:43,659 | 
============================================================
Testing L=4096
============================================================
2025-11-03 17:04:46,323 |   ε=0.001: Success=100.00% | Err=0.0000±0.0000 | p_adj=1.76e-171±0
2025-11-03 17:04:48,996 |   ε=0.002: Success=100.00% | Err=0.0000±0.0000 | p_adj=3.96e-151±2.77e-150
2025-11-03 17:04:51,670 |   ε=0.005: Success=100.00% | Err=0.0000±0.0000 | p_adj=7.75e-200±0
2025-11-03 17:04:54,343 |   ε=0.010: Success=100.00% | Err=0.0000±0.0000 | p_adj=1.29e-171±0
2025-11-03 17:04:54,343 | 
============================================================
Testing L=16384
============================================================
2025-11-03 17:05:05,104 |   ε=0.001: Success=100.00% | Err=0.0000±0.0000 | p_adj=0±0
2025-11-03 17:05:15,823 |   ε=0.002: Success=100.00% | Err=0.0000±0.0000 | p_adj=0±0
2025-11-03 17:05:26,589 |   ε=0.005: Success=100.00% | Err=0.0000±0.0000 | p_adj=0±0
2025-11-03 17:05:37,301 |   ε=0.010: Success=100.00% | Err=0.0000±0.0000 | p_adj=0±0
2025-11-03 17:05:37,301 | 
============================================================
Testing L=32768
============================================================
2025-11-03 17:05:58,707 |   ε=0.001: Success=100.00% | Err=0.0000±0.0000 | p_adj=0±0
2025-11-03 17:06:20,099 |   ε=0.002: Success=100.00% | Err=0.0000±0.0000 | p_adj=0±0
2025-11-03 17:06:41,547 |   ε=0.005: Success=100.00% | Err=0.0000±0.0000 | p_adj=0±0
2025-11-03 17:07:03,096 |   ε=0.010: Success=100.00% | Err=0.0000±0.0000 | p_adj=0±0
2025-11-03 17:07:03,096 | 
Experiment complete: 142.9s
2025-11-03 17:07:03,097 | 
======================================================================
2025-11-03 17:07:03,097 | SAMPLE COMPLEXITY ANALYSIS: L ≳ C · (σ²/ε²) · log(1/δ)
2025-11-03 17:07:03,097 | ε=0.001: Minimum L ≈ 1024 for 95% success
2025-11-03 17:07:03,097 | ε=0.002: Minimum L ≈ 256 for 95% success
2025-11-03 17:07:03,097 | ε=0.005: Minimum L ≈ 256 for 95% success
2025-11-03 17:07:03,097 | ε=0.010: Minimum L ≈ 256 for 95% success
2025-11-03 17:07:03,098 | Fit: log(L) = -0.520·log(ε) + 2.900  (R²=0.576)
2025-11-03 17:07:03,098 | FAIL — inconsistent scaling
2025-11-03 17:07:03,098 | 
Generating figures...
2025-11-03 17:07:03,464 | Figure saved: ../Figures/T6D4_protein_modes.png
2025-11-03 17:07:03,464 | 
======================================================================
T6-D4 COMPLETE
======================================================================
2025-11-03 17:07:03,464 | Slope=-0.520, R²=0.576
2025-11-03 17:07:03,464 | ======================================================================
