2025-11-03 17:29:16,803 | ======================================================================
2025-11-03 17:29:16,803 | T6-D4 V3 FINAL: Hard task in operational L range
2025-11-03 17:29:16,803 | ======================================================================
2025-11-03 17:29:16,803 | Log file: ../Data/T6D4_v3_final_log_20251103_172916.log
2025-11-03 17:29:16,803 | V3 FINAL CONFIG:
2025-11-03 17:29:16,803 |   • L_values = (128, 256, 512, 1024) (operational range ≤1024)
2025-11-03 17:29:16,803 |   • mode_amplitude = 0.1 (HARD)
2025-11-03 17:29:16,803 |   • epsilon_values = [0.0005, 0.001, 0.002, 0.005, 0.01] (5 points)
2025-11-03 17:29:16,803 |   • phi_drift = 0.95, detrend_degree = 3
2025-11-03 17:29:16,803 |   • M_bases = 8, trials = 50
2025-11-03 17:29:16,803 | 
Starting experiment (V3 FINAL)…
2025-11-03 17:29:16,803 | L values: (128, 256, 512, 1024)
2025-11-03 17:29:16,803 | ε values: [0.0005 0.001  0.002  0.005  0.01  ]
2025-11-03 17:29:16,803 | VRA params: N=1009, r=252
2025-11-03 17:29:16,803 | Signal: ω=0.053, PM=0.1, σ=0.5, M=8, φ=0.95

2025-11-03 17:29:16,803 | ============================================================
Testing L=128
============================================================
2025-11-03 17:29:16,948 |   ε=0.0005: Success=4.00% | Err=0.0758±0.1111
2025-11-03 17:29:17,092 |   ε=0.0010: Success=10.00% | Err=0.1038±0.1435
2025-11-03 17:29:17,236 |   ε=0.0020: Success=10.00% | Err=0.1057±0.1306
2025-11-03 17:29:17,380 |   ε=0.0050: Success=22.00% | Err=0.0965±0.1254
2025-11-03 17:29:17,528 |   ε=0.0100: Success=24.00% | Err=0.0708±0.0902
2025-11-03 17:29:17,528 | ============================================================
Testing L=256
============================================================
2025-11-03 17:29:17,788 |   ε=0.0005: Success=24.00% | Err=0.0213±0.0661
2025-11-03 17:29:18,088 |   ε=0.0010: Success=26.00% | Err=0.0612±0.1074
2025-11-03 17:29:18,348 |   ε=0.0020: Success=60.00% | Err=0.0171±0.0454
2025-11-03 17:29:18,607 |   ε=0.0050: Success=38.00% | Err=0.0768±0.1232
2025-11-03 17:29:18,866 |   ε=0.0100: Success=52.00% | Err=0.0276±0.0753
2025-11-03 17:29:18,866 | ============================================================
Testing L=512
============================================================
2025-11-03 17:29:19,355 |   ε=0.0005: Success=92.00% | Err=0.0040±0.0131
2025-11-03 17:29:19,842 |   ε=0.0010: Success=90.00% | Err=0.0132±0.0556
2025-11-03 17:29:20,330 |   ε=0.0020: Success=100.00% | Err=0.0002±0.0001
2025-11-03 17:29:20,815 |   ε=0.0050: Success=84.00% | Err=0.0113±0.0380
2025-11-03 17:29:21,303 |   ε=0.0100: Success=94.00% | Err=0.0031±0.0116
2025-11-03 17:29:21,303 | ============================================================
Testing L=1024
============================================================
2025-11-03 17:29:22,245 |   ε=0.0005: Success=98.00% | Err=0.0011±0.0071
2025-11-03 17:29:23,181 |   ε=0.0010: Success=98.00% | Err=0.0011±0.0072
2025-11-03 17:29:24,161 |   ε=0.0020: Success=94.00% | Err=0.0032±0.0121
2025-11-03 17:29:25,096 |   ε=0.0050: Success=94.00% | Err=0.0032±0.0122
2025-11-03 17:29:26,033 |   ε=0.0100: Success=94.00% | Err=0.0032±0.0122
2025-11-03 17:29:26,033 | 
Experiment complete: 9.2s
2025-11-03 17:29:26,033 | 
======================================================================
2025-11-03 17:29:26,033 | SAMPLE COMPLEXITY ANALYSIS
2025-11-03 17:29:26,033 | ε=0.0005: L_min ≈ 1024 for 95% success
2025-11-03 17:29:26,033 | ε=0.0010: L_min ≈ 1024 for 95% success
2025-11-03 17:29:26,033 | ε=0.0020: L_min ≈ 512 for 95% success
2025-11-03 17:29:26,033 | ε=0.0050: Target not achieved
2025-11-03 17:29:26,033 | ε=0.0100: Target not achieved
2025-11-03 17:29:26,034 | 
Fit: log(L) = -0.500·log(ε) + 3.247
2025-11-03 17:29:26,034 | R² = 0.750, p-value = 0.333
2025-11-03 17:29:26,034 | ❌ FAIL — scaling inconsistent
2025-11-03 17:29:26,034 | 
Generating figures...
2025-11-03 17:29:26,517 | Figure saved: ../Figures/T6D4_protein_modes_V3_FINAL.png
2025-11-03 17:29:26,517 | 
======================================================================
T6-D4 V3 FINAL COMPLETE
======================================================================
2025-11-03 17:29:26,517 | Slope = -0.500, R² = 0.750
2025-11-03 17:29:26,517 | Target: slope ≈ -2.0 ± 0.5, R² > 0.80
2025-11-03 17:29:26,517 | ❌ FINAL VERDICT: FAIL
2025-11-03 17:29:26,517 | ======================================================================
